mkdir: cannot create directory ‘log/DeepSAD’: File exists
INFO:root:Log file is ../log/DeepSAD/fmnist-Balanced-2048/log.txt
INFO:root:Data path is ../data
INFO:root:Export path is ../log/DeepSAD/fmnist-Balanced-2048
INFO:root:Dataset: fmnist
INFO:root:Normal class: [0, 1, 2, 3, 4, 5, 6, 7]
INFO:root:Ratio of labeled normal train samples: 0.00
INFO:root:Ratio of labeled anomalous samples: 0.01
INFO:root:Pollution ratio of unlabeled train data: 0.10
INFO:root:Known anomaly class: 1
INFO:root:Network: mnist_LeNet
INFO:root:Eta-parameter: 1.00
INFO:root:Set seed to 999.
INFO:root:Computation device: cuda
INFO:root:Number of threads: 0
INFO:root:Number of dataloader workers: 0
INFO:root:Pretraining: True
INFO:root:Pretraining optimizer: adam
INFO:root:Pretraining learning rate: 0.001
INFO:root:Pretraining epochs: 100
INFO:root:Pretraining learning rate scheduler milestones: (0,)
INFO:root:Pretraining batch size: 128
INFO:root:Pretraining weight decay: 1e-06
INFO:root:Starting pretraining...
/home/xysong/.conda/envs/OoD/lib/python3.9/site-packages/torch/optim/lr_scheduler.py:131: UserWarning: Detected call of `lr_scheduler.step()` before `optimizer.step()`. In PyTorch 1.1.0 and later, you should call them in the opposite order: `optimizer.step()` before `lr_scheduler.step()`.  Failure to do this will result in PyTorch skipping the first value of the learning rate schedule. See more details at https://pytorch.org/docs/stable/optim.html#how-to-adjust-learning-rate
  warnings.warn("Detected call of `lr_scheduler.step()` before `optimizer.step()`. "
/home/xysong/.conda/envs/OoD/lib/python3.9/site-packages/torch/optim/lr_scheduler.py:418: UserWarning: To get the last learning rate computed by the scheduler, please use `get_last_lr()`.
  warnings.warn("To get the last learning rate computed by the scheduler, "
INFO:root:  LR scheduler: new learning rate is 0.0001
INFO:root:| Epoch: 001/100 | Train Time: 6.801s | Train Loss: 0.064780 |
INFO:root:| Epoch: 002/100 | Train Time: 6.451s | Train Loss: 0.024796 |
INFO:root:| Epoch: 003/100 | Train Time: 6.527s | Train Loss: 0.020735 |
INFO:root:| Epoch: 004/100 | Train Time: 6.428s | Train Loss: 0.018112 |
INFO:root:| Epoch: 005/100 | Train Time: 6.461s | Train Loss: 0.015857 |
INFO:root:| Epoch: 006/100 | Train Time: 6.537s | Train Loss: 0.014587 |
INFO:root:| Epoch: 007/100 | Train Time: 6.428s | Train Loss: 0.013810 |
INFO:root:| Epoch: 008/100 | Train Time: 6.437s | Train Loss: 0.013174 |
INFO:root:| Epoch: 009/100 | Train Time: 6.501s | Train Loss: 0.012681 |
INFO:root:| Epoch: 010/100 | Train Time: 6.489s | Train Loss: 0.012307 |
INFO:root:| Epoch: 011/100 | Train Time: 6.421s | Train Loss: 0.011997 |
INFO:root:| Epoch: 012/100 | Train Time: 6.435s | Train Loss: 0.011725 |
INFO:root:| Epoch: 013/100 | Train Time: 6.433s | Train Loss: 0.011485 |
INFO:root:| Epoch: 014/100 | Train Time: 6.520s | Train Loss: 0.011266 |
INFO:root:| Epoch: 015/100 | Train Time: 6.487s | Train Loss: 0.011061 |
INFO:root:| Epoch: 016/100 | Train Time: 6.433s | Train Loss: 0.010891 |
INFO:root:| Epoch: 017/100 | Train Time: 6.445s | Train Loss: 0.010736 |
INFO:root:| Epoch: 018/100 | Train Time: 6.447s | Train Loss: 0.010611 |
INFO:root:| Epoch: 019/100 | Train Time: 6.452s | Train Loss: 0.010491 |
INFO:root:| Epoch: 020/100 | Train Time: 6.558s | Train Loss: 0.010373 |
INFO:root:| Epoch: 021/100 | Train Time: 6.542s | Train Loss: 0.010250 |
INFO:root:| Epoch: 022/100 | Train Time: 6.445s | Train Loss: 0.010156 |
INFO:root:| Epoch: 023/100 | Train Time: 6.444s | Train Loss: 0.010044 |
INFO:root:| Epoch: 024/100 | Train Time: 6.445s | Train Loss: 0.009965 |
INFO:root:| Epoch: 025/100 | Train Time: 6.446s | Train Loss: 0.009874 |
INFO:root:| Epoch: 026/100 | Train Time: 6.444s | Train Loss: 0.009797 |
INFO:root:| Epoch: 027/100 | Train Time: 6.440s | Train Loss: 0.009740 |
INFO:root:| Epoch: 028/100 | Train Time: 6.458s | Train Loss: 0.009680 |
INFO:root:| Epoch: 029/100 | Train Time: 6.557s | Train Loss: 0.009614 |
INFO:root:| Epoch: 030/100 | Train Time: 6.441s | Train Loss: 0.009548 |
INFO:root:| Epoch: 031/100 | Train Time: 6.445s | Train Loss: 0.009504 |
INFO:root:| Epoch: 032/100 | Train Time: 6.447s | Train Loss: 0.009441 |
INFO:root:| Epoch: 033/100 | Train Time: 6.442s | Train Loss: 0.009402 |
INFO:root:| Epoch: 034/100 | Train Time: 6.439s | Train Loss: 0.009352 |
INFO:root:| Epoch: 035/100 | Train Time: 6.442s | Train Loss: 0.009308 |
INFO:root:| Epoch: 036/100 | Train Time: 6.458s | Train Loss: 0.009272 |
INFO:root:| Epoch: 037/100 | Train Time: 6.450s | Train Loss: 0.009241 |
INFO:root:| Epoch: 038/100 | Train Time: 6.450s | Train Loss: 0.009198 |
INFO:root:| Epoch: 039/100 | Train Time: 6.545s | Train Loss: 0.009168 |
INFO:root:| Epoch: 040/100 | Train Time: 6.488s | Train Loss: 0.009130 |
INFO:root:| Epoch: 041/100 | Train Time: 6.448s | Train Loss: 0.009103 |
INFO:root:| Epoch: 042/100 | Train Time: 6.446s | Train Loss: 0.009062 |
INFO:root:| Epoch: 043/100 | Train Time: 6.446s | Train Loss: 0.009044 |
INFO:root:| Epoch: 044/100 | Train Time: 6.448s | Train Loss: 0.009023 |
INFO:root:| Epoch: 045/100 | Train Time: 6.445s | Train Loss: 0.008994 |
INFO:root:| Epoch: 046/100 | Train Time: 6.453s | Train Loss: 0.008965 |
INFO:root:| Epoch: 047/100 | Train Time: 6.454s | Train Loss: 0.008942 |
INFO:root:| Epoch: 048/100 | Train Time: 6.460s | Train Loss: 0.008923 |
INFO:root:| Epoch: 049/100 | Train Time: 6.461s | Train Loss: 0.008898 |
INFO:root:| Epoch: 050/100 | Train Time: 6.575s | Train Loss: 0.008874 |
INFO:root:| Epoch: 051/100 | Train Time: 6.468s | Train Loss: 0.008852 |
INFO:root:| Epoch: 052/100 | Train Time: 6.457s | Train Loss: 0.008841 |
INFO:root:| Epoch: 053/100 | Train Time: 6.463s | Train Loss: 0.008818 |
INFO:root:| Epoch: 054/100 | Train Time: 6.465s | Train Loss: 0.008793 |
INFO:root:| Epoch: 055/100 | Train Time: 6.454s | Train Loss: 0.008776 |
INFO:root:| Epoch: 056/100 | Train Time: 6.455s | Train Loss: 0.008758 |
INFO:root:| Epoch: 057/100 | Train Time: 6.449s | Train Loss: 0.008734 |
INFO:root:| Epoch: 058/100 | Train Time: 6.454s | Train Loss: 0.008712 |
INFO:root:| Epoch: 059/100 | Train Time: 6.455s | Train Loss: 0.008690 |
INFO:root:| Epoch: 060/100 | Train Time: 6.479s | Train Loss: 0.008668 |
INFO:root:| Epoch: 061/100 | Train Time: 6.563s | Train Loss: 0.008661 |
INFO:root:| Epoch: 062/100 | Train Time: 6.455s | Train Loss: 0.008636 |
INFO:root:| Epoch: 063/100 | Train Time: 6.461s | Train Loss: 0.008632 |
INFO:root:| Epoch: 064/100 | Train Time: 6.455s | Train Loss: 0.008616 |
INFO:root:| Epoch: 065/100 | Train Time: 6.478s | Train Loss: 0.008585 |
INFO:root:| Epoch: 066/100 | Train Time: 6.460s | Train Loss: 0.008593 |
INFO:root:| Epoch: 067/100 | Train Time: 6.458s | Train Loss: 0.008566 |
INFO:root:| Epoch: 068/100 | Train Time: 6.462s | Train Loss: 0.008555 |
INFO:root:| Epoch: 069/100 | Train Time: 6.461s | Train Loss: 0.008544 |
INFO:root:| Epoch: 070/100 | Train Time: 6.465s | Train Loss: 0.008529 |
INFO:root:| Epoch: 071/100 | Train Time: 6.516s | Train Loss: 0.008513 |
INFO:root:| Epoch: 072/100 | Train Time: 6.533s | Train Loss: 0.008512 |
INFO:root:| Epoch: 073/100 | Train Time: 6.457s | Train Loss: 0.008479 |
INFO:root:| Epoch: 074/100 | Train Time: 6.456s | Train Loss: 0.008482 |
INFO:root:| Epoch: 075/100 | Train Time: 6.455s | Train Loss: 0.008466 |
INFO:root:| Epoch: 076/100 | Train Time: 6.459s | Train Loss: 0.008455 |
INFO:root:| Epoch: 077/100 | Train Time: 6.464s | Train Loss: 0.008451 |
slurmstepd: error: *** JOB 26936457 ON gl1019 CANCELLED AT 2025-06-16T15:39:33 ***
