mkdir: cannot create directory ‘log/DeepSAD’: File exists
INFO:root:Log file is ../log/DeepSAD/fmnist-Balanced-64/log.txt
INFO:root:Data path is ../data
INFO:root:Export path is ../log/DeepSAD/fmnist-Balanced-64
INFO:root:Dataset: fmnist
INFO:root:Normal class: [0, 1, 2, 3, 4, 5, 6, 7]
INFO:root:Ratio of labeled normal train samples: 0.00
INFO:root:Ratio of labeled anomalous samples: 0.01
INFO:root:Pollution ratio of unlabeled train data: 0.10
INFO:root:Known anomaly class: 1
INFO:root:Network: mnist_LeNet
INFO:root:Eta-parameter: 1.00
INFO:root:Set seed to 999.
INFO:root:Computation device: cuda
INFO:root:Number of threads: 0
INFO:root:Number of dataloader workers: 0
INFO:root:Pretraining: True
INFO:root:Pretraining optimizer: adam
INFO:root:Pretraining learning rate: 0.001
INFO:root:Pretraining epochs: 100
INFO:root:Pretraining learning rate scheduler milestones: (0,)
INFO:root:Pretraining batch size: 128
INFO:root:Pretraining weight decay: 1e-06
INFO:root:Starting pretraining...
/home/xysong/.conda/envs/OoD/lib/python3.9/site-packages/torch/optim/lr_scheduler.py:131: UserWarning: Detected call of `lr_scheduler.step()` before `optimizer.step()`. In PyTorch 1.1.0 and later, you should call them in the opposite order: `optimizer.step()` before `lr_scheduler.step()`.  Failure to do this will result in PyTorch skipping the first value of the learning rate schedule. See more details at https://pytorch.org/docs/stable/optim.html#how-to-adjust-learning-rate
  warnings.warn("Detected call of `lr_scheduler.step()` before `optimizer.step()`. "
/home/xysong/.conda/envs/OoD/lib/python3.9/site-packages/torch/optim/lr_scheduler.py:418: UserWarning: To get the last learning rate computed by the scheduler, please use `get_last_lr()`.
  warnings.warn("To get the last learning rate computed by the scheduler, "
INFO:root:  LR scheduler: new learning rate is 0.0001
INFO:root:| Epoch: 001/100 | Train Time: 7.029s | Train Loss: 0.066076 |
INFO:root:| Epoch: 002/100 | Train Time: 5.968s | Train Loss: 0.022947 |
INFO:root:| Epoch: 003/100 | Train Time: 6.041s | Train Loss: 0.018513 |
INFO:root:| Epoch: 004/100 | Train Time: 5.940s | Train Loss: 0.015219 |
INFO:root:| Epoch: 005/100 | Train Time: 5.940s | Train Loss: 0.013317 |
INFO:root:| Epoch: 006/100 | Train Time: 6.056s | Train Loss: 0.012208 |
INFO:root:| Epoch: 007/100 | Train Time: 5.944s | Train Loss: 0.011474 |
INFO:root:| Epoch: 008/100 | Train Time: 5.950s | Train Loss: 0.010954 |
INFO:root:| Epoch: 009/100 | Train Time: 5.955s | Train Loss: 0.010546 |
INFO:root:| Epoch: 010/100 | Train Time: 6.066s | Train Loss: 0.010204 |
INFO:root:| Epoch: 011/100 | Train Time: 5.964s | Train Loss: 0.009898 |
INFO:root:| Epoch: 012/100 | Train Time: 5.961s | Train Loss: 0.009647 |
INFO:root:| Epoch: 013/100 | Train Time: 5.953s | Train Loss: 0.009418 |
INFO:root:| Epoch: 014/100 | Train Time: 5.954s | Train Loss: 0.009233 |
INFO:root:| Epoch: 015/100 | Train Time: 6.058s | Train Loss: 0.009075 |
INFO:root:| Epoch: 016/100 | Train Time: 5.992s | Train Loss: 0.008911 |
INFO:root:| Epoch: 017/100 | Train Time: 5.966s | Train Loss: 0.008775 |
INFO:root:| Epoch: 018/100 | Train Time: 5.962s | Train Loss: 0.008653 |
INFO:root:| Epoch: 019/100 | Train Time: 5.968s | Train Loss: 0.008545 |
INFO:root:| Epoch: 020/100 | Train Time: 5.960s | Train Loss: 0.008417 |
INFO:root:| Epoch: 021/100 | Train Time: 5.958s | Train Loss: 0.008324 |
INFO:root:| Epoch: 022/100 | Train Time: 6.077s | Train Loss: 0.008254 |
INFO:root:| Epoch: 023/100 | Train Time: 5.969s | Train Loss: 0.008164 |
INFO:root:| Epoch: 024/100 | Train Time: 5.967s | Train Loss: 0.008109 |
INFO:root:| Epoch: 025/100 | Train Time: 5.966s | Train Loss: 0.008049 |
INFO:root:| Epoch: 026/100 | Train Time: 5.965s | Train Loss: 0.007984 |
INFO:root:| Epoch: 027/100 | Train Time: 5.970s | Train Loss: 0.007946 |
INFO:root:| Epoch: 028/100 | Train Time: 5.964s | Train Loss: 0.007887 |
INFO:root:| Epoch: 029/100 | Train Time: 5.985s | Train Loss: 0.007845 |
INFO:root:| Epoch: 030/100 | Train Time: 5.990s | Train Loss: 0.007806 |
INFO:root:| Epoch: 031/100 | Train Time: 6.105s | Train Loss: 0.007760 |
INFO:root:| Epoch: 032/100 | Train Time: 6.042s | Train Loss: 0.007719 |
INFO:root:| Epoch: 033/100 | Train Time: 5.992s | Train Loss: 0.007676 |
INFO:root:| Epoch: 034/100 | Train Time: 5.988s | Train Loss: 0.007657 |
INFO:root:| Epoch: 035/100 | Train Time: 5.982s | Train Loss: 0.007600 |
INFO:root:| Epoch: 036/100 | Train Time: 5.972s | Train Loss: 0.007567 |
INFO:root:| Epoch: 037/100 | Train Time: 5.970s | Train Loss: 0.007534 |
INFO:root:| Epoch: 038/100 | Train Time: 5.969s | Train Loss: 0.007500 |
INFO:root:| Epoch: 039/100 | Train Time: 5.965s | Train Loss: 0.007470 |
INFO:root:| Epoch: 040/100 | Train Time: 5.969s | Train Loss: 0.007437 |
INFO:root:| Epoch: 041/100 | Train Time: 5.977s | Train Loss: 0.007409 |
INFO:root:| Epoch: 042/100 | Train Time: 6.074s | Train Loss: 0.007381 |
INFO:root:| Epoch: 043/100 | Train Time: 5.978s | Train Loss: 0.007349 |
INFO:root:| Epoch: 044/100 | Train Time: 5.962s | Train Loss: 0.007326 |
INFO:root:| Epoch: 045/100 | Train Time: 5.969s | Train Loss: 0.007302 |
INFO:root:| Epoch: 046/100 | Train Time: 5.967s | Train Loss: 0.007270 |
INFO:root:| Epoch: 047/100 | Train Time: 5.970s | Train Loss: 0.007242 |
INFO:root:| Epoch: 048/100 | Train Time: 5.978s | Train Loss: 0.007229 |
INFO:root:| Epoch: 049/100 | Train Time: 5.975s | Train Loss: 0.007195 |
INFO:root:| Epoch: 050/100 | Train Time: 5.971s | Train Loss: 0.007174 |
INFO:root:| Epoch: 051/100 | Train Time: 5.975s | Train Loss: 0.007173 |
INFO:root:| Epoch: 052/100 | Train Time: 5.983s | Train Loss: 0.007148 |
INFO:root:| Epoch: 053/100 | Train Time: 6.012s | Train Loss: 0.007122 |
INFO:root:| Epoch: 054/100 | Train Time: 6.063s | Train Loss: 0.007109 |
INFO:root:| Epoch: 055/100 | Train Time: 5.974s | Train Loss: 0.007096 |
INFO:root:| Epoch: 056/100 | Train Time: 5.963s | Train Loss: 0.007069 |
INFO:root:| Epoch: 057/100 | Train Time: 5.970s | Train Loss: 0.007053 |
INFO:root:| Epoch: 058/100 | Train Time: 5.970s | Train Loss: 0.007029 |
INFO:root:| Epoch: 059/100 | Train Time: 5.968s | Train Loss: 0.007009 |
INFO:root:| Epoch: 060/100 | Train Time: 5.969s | Train Loss: 0.006992 |
INFO:root:| Epoch: 061/100 | Train Time: 5.968s | Train Loss: 0.006983 |
INFO:root:| Epoch: 062/100 | Train Time: 5.975s | Train Loss: 0.006966 |
INFO:root:| Epoch: 063/100 | Train Time: 5.971s | Train Loss: 0.006942 |
INFO:root:| Epoch: 064/100 | Train Time: 5.987s | Train Loss: 0.006941 |
INFO:root:| Epoch: 065/100 | Train Time: 6.048s | Train Loss: 0.006920 |
INFO:root:| Epoch: 066/100 | Train Time: 6.016s | Train Loss: 0.006911 |
INFO:root:| Epoch: 067/100 | Train Time: 5.977s | Train Loss: 0.006890 |
INFO:root:| Epoch: 068/100 | Train Time: 5.970s | Train Loss: 0.006888 |
INFO:root:| Epoch: 069/100 | Train Time: 5.978s | Train Loss: 0.006876 |
INFO:root:| Epoch: 070/100 | Train Time: 5.975s | Train Loss: 0.006861 |
INFO:root:| Epoch: 071/100 | Train Time: 5.988s | Train Loss: 0.006859 |
INFO:root:| Epoch: 072/100 | Train Time: 5.983s | Train Loss: 0.006842 |
INFO:root:| Epoch: 073/100 | Train Time: 5.977s | Train Loss: 0.006830 |
INFO:root:| Epoch: 074/100 | Train Time: 5.982s | Train Loss: 0.006822 |
INFO:root:| Epoch: 075/100 | Train Time: 5.971s | Train Loss: 0.006810 |
INFO:root:| Epoch: 076/100 | Train Time: 5.979s | Train Loss: 0.006790 |
INFO:root:| Epoch: 077/100 | Train Time: 6.096s | Train Loss: 0.006783 |
INFO:root:| Epoch: 078/100 | Train Time: 5.976s | Train Loss: 0.006793 |
INFO:root:| Epoch: 079/100 | Train Time: 5.984s | Train Loss: 0.006765 |
INFO:root:| Epoch: 080/100 | Train Time: 5.972s | Train Loss: 0.006751 |
INFO:root:| Epoch: 081/100 | Train Time: 5.972s | Train Loss: 0.006741 |
INFO:root:| Epoch: 082/100 | Train Time: 5.976s | Train Loss: 0.006745 |
INFO:root:| Epoch: 083/100 | Train Time: 5.975s | Train Loss: 0.006738 |
INFO:root:| Epoch: 084/100 | Train Time: 5.974s | Train Loss: 0.006721 |
INFO:root:| Epoch: 085/100 | Train Time: 5.978s | Train Loss: 0.006708 |
INFO:root:| Epoch: 086/100 | Train Time: 5.985s | Train Loss: 0.006705 |
INFO:root:| Epoch: 087/100 | Train Time: 5.998s | Train Loss: 0.006692 |
INFO:root:| Epoch: 088/100 | Train Time: 6.039s | Train Loss: 0.006688 |
INFO:root:| Epoch: 089/100 | Train Time: 6.049s | Train Loss: 0.006685 |
INFO:root:| Epoch: 090/100 | Train Time: 5.976s | Train Loss: 0.006678 |
INFO:root:| Epoch: 091/100 | Train Time: 5.984s | Train Loss: 0.006663 |
INFO:root:| Epoch: 092/100 | Train Time: 5.976s | Train Loss: 0.006650 |
INFO:root:| Epoch: 093/100 | Train Time: 5.974s | Train Loss: 0.006659 |
INFO:root:| Epoch: 094/100 | Train Time: 5.979s | Train Loss: 0.006641 |
INFO:root:| Epoch: 095/100 | Train Time: 5.975s | Train Loss: 0.006642 |
INFO:root:| Epoch: 096/100 | Train Time: 5.969s | Train Loss: 0.006634 |
INFO:root:| Epoch: 097/100 | Train Time: 5.980s | Train Loss: 0.006624 |
INFO:root:| Epoch: 098/100 | Train Time: 5.983s | Train Loss: 0.006609 |
INFO:root:| Epoch: 099/100 | Train Time: 5.987s | Train Loss: 0.006604 |
INFO:root:| Epoch: 100/100 | Train Time: 6.080s | Train Loss: 0.006608 |
INFO:root:Pretraining Time: 599.677s
INFO:root:Finished pretraining.
INFO:root:Testing autoencoder...
INFO:root:Test Loss: 0.195818
INFO:root:Test AUC: 62.67%
INFO:root:Test Time: 1.038s
INFO:root:Finished testing autoencoder.
INFO:root:Training optimizer: adam
INFO:root:Training learning rate: 0.0001
INFO:root:Training epochs: 150
INFO:root:Training learning rate scheduler milestones: (50,)
INFO:root:Training batch size: 128
INFO:root:Training weight decay: 5e-07
INFO:root:Initializing center c...
INFO:root:Center c initialized.
INFO:root:Starting training...
/home/xysong/.conda/envs/OoD/lib/python3.9/site-packages/torch/optim/lr_scheduler.py:131: UserWarning: Detected call of `lr_scheduler.step()` before `optimizer.step()`. In PyTorch 1.1.0 and later, you should call them in the opposite order: `optimizer.step()` before `lr_scheduler.step()`.  Failure to do this will result in PyTorch skipping the first value of the learning rate schedule. See more details at https://pytorch.org/docs/stable/optim.html#how-to-adjust-learning-rate
  warnings.warn("Detected call of `lr_scheduler.step()` before `optimizer.step()`. "
INFO:root:| Epoch: 001/150 | Train Time: 5.265s | Train Loss: 1.168002 |
INFO:root:| Epoch: 002/150 | Train Time: 5.255s | Train Loss: 0.245296 |
INFO:root:| Epoch: 003/150 | Train Time: 5.249s | Train Loss: 0.153555 |
INFO:root:| Epoch: 004/150 | Train Time: 5.265s | Train Loss: 0.148310 |
INFO:root:| Epoch: 005/150 | Train Time: 5.260s | Train Loss: 0.125201 |
INFO:root:| Epoch: 006/150 | Train Time: 5.262s | Train Loss: 0.083888 |
INFO:root:| Epoch: 007/150 | Train Time: 5.297s | Train Loss: 0.142019 |
INFO:root:| Epoch: 008/150 | Train Time: 5.280s | Train Loss: 0.075735 |
INFO:root:| Epoch: 009/150 | Train Time: 5.251s | Train Loss: 0.057715 |
INFO:root:| Epoch: 010/150 | Train Time: 5.249s | Train Loss: 0.059416 |
INFO:root:| Epoch: 011/150 | Train Time: 5.255s | Train Loss: 0.070621 |
INFO:root:| Epoch: 012/150 | Train Time: 5.353s | Train Loss: 0.055128 |
INFO:root:| Epoch: 013/150 | Train Time: 5.273s | Train Loss: 0.048151 |
INFO:root:| Epoch: 014/150 | Train Time: 5.251s | Train Loss: 0.040214 |
INFO:root:| Epoch: 015/150 | Train Time: 5.266s | Train Loss: 0.041351 |
INFO:root:| Epoch: 016/150 | Train Time: 5.260s | Train Loss: 0.031331 |
INFO:root:| Epoch: 017/150 | Train Time: 5.262s | Train Loss: 0.083407 |
INFO:root:| Epoch: 018/150 | Train Time: 5.259s | Train Loss: 0.029621 |
INFO:root:| Epoch: 019/150 | Train Time: 5.265s | Train Loss: 0.026959 |
INFO:root:| Epoch: 020/150 | Train Time: 5.252s | Train Loss: 0.027098 |
INFO:root:| Epoch: 021/150 | Train Time: 5.249s | Train Loss: 0.024469 |
INFO:root:| Epoch: 022/150 | Train Time: 5.248s | Train Loss: 0.057510 |
INFO:root:| Epoch: 023/150 | Train Time: 5.245s | Train Loss: 0.064943 |
INFO:root:| Epoch: 024/150 | Train Time: 5.261s | Train Loss: 0.022490 |
INFO:root:| Epoch: 025/150 | Train Time: 5.340s | Train Loss: 0.025079 |
INFO:root:| Epoch: 026/150 | Train Time: 5.284s | Train Loss: 0.024751 |
INFO:root:| Epoch: 027/150 | Train Time: 5.249s | Train Loss: 0.016996 |
INFO:root:| Epoch: 028/150 | Train Time: 5.250s | Train Loss: 0.067906 |
INFO:root:| Epoch: 029/150 | Train Time: 5.244s | Train Loss: 0.017074 |
INFO:root:| Epoch: 030/150 | Train Time: 5.249s | Train Loss: 0.018668 |
INFO:root:| Epoch: 031/150 | Train Time: 5.241s | Train Loss: 0.016918 |
INFO:root:| Epoch: 032/150 | Train Time: 5.247s | Train Loss: 0.018389 |
INFO:root:| Epoch: 033/150 | Train Time: 5.254s | Train Loss: 0.017784 |
INFO:root:| Epoch: 034/150 | Train Time: 5.243s | Train Loss: 0.015642 |
INFO:root:| Epoch: 035/150 | Train Time: 5.248s | Train Loss: 0.027833 |
INFO:root:| Epoch: 036/150 | Train Time: 5.254s | Train Loss: 0.023022 |
INFO:root:| Epoch: 037/150 | Train Time: 5.261s | Train Loss: 0.013917 |
INFO:root:| Epoch: 038/150 | Train Time: 5.332s | Train Loss: 0.049470 |
INFO:root:| Epoch: 039/150 | Train Time: 5.295s | Train Loss: 0.016729 |
INFO:root:| Epoch: 040/150 | Train Time: 5.249s | Train Loss: 0.012239 |
INFO:root:| Epoch: 041/150 | Train Time: 5.254s | Train Loss: 0.015648 |
INFO:root:| Epoch: 042/150 | Train Time: 5.255s | Train Loss: 0.013958 |
INFO:root:| Epoch: 043/150 | Train Time: 5.250s | Train Loss: 0.013380 |
INFO:root:| Epoch: 044/150 | Train Time: 5.249s | Train Loss: 0.014294 |
INFO:root:| Epoch: 045/150 | Train Time: 5.244s | Train Loss: 0.012510 |
INFO:root:| Epoch: 046/150 | Train Time: 5.252s | Train Loss: 0.033972 |
INFO:root:| Epoch: 047/150 | Train Time: 5.256s | Train Loss: 0.011314 |
INFO:root:| Epoch: 048/150 | Train Time: 5.247s | Train Loss: 0.019312 |
INFO:root:| Epoch: 049/150 | Train Time: 5.247s | Train Loss: 0.016983 |
INFO:root:| Epoch: 050/150 | Train Time: 5.265s | Train Loss: 0.011108 |
/home/xysong/.conda/envs/OoD/lib/python3.9/site-packages/torch/optim/lr_scheduler.py:418: UserWarning: To get the last learning rate computed by the scheduler, please use `get_last_lr()`.
  warnings.warn("To get the last learning rate computed by the scheduler, "
INFO:root:  LR scheduler: new learning rate is 1e-05
INFO:root:| Epoch: 051/150 | Train Time: 5.322s | Train Loss: 0.010444 |
INFO:root:| Epoch: 052/150 | Train Time: 5.306s | Train Loss: 0.010308 |
INFO:root:| Epoch: 053/150 | Train Time: 5.252s | Train Loss: 0.010464 |
INFO:root:| Epoch: 054/150 | Train Time: 5.249s | Train Loss: 0.010378 |
INFO:root:| Epoch: 055/150 | Train Time: 5.247s | Train Loss: 0.010029 |
INFO:root:| Epoch: 056/150 | Train Time: 5.251s | Train Loss: 0.010370 |
INFO:root:| Epoch: 057/150 | Train Time: 5.247s | Train Loss: 0.010107 |
INFO:root:| Epoch: 058/150 | Train Time: 5.248s | Train Loss: 0.010754 |
INFO:root:| Epoch: 059/150 | Train Time: 5.255s | Train Loss: 0.009935 |
INFO:root:| Epoch: 060/150 | Train Time: 5.256s | Train Loss: 0.009889 |
INFO:root:| Epoch: 061/150 | Train Time: 5.256s | Train Loss: 0.010706 |
INFO:root:| Epoch: 062/150 | Train Time: 5.253s | Train Loss: 0.010153 |
INFO:root:| Epoch: 063/150 | Train Time: 5.267s | Train Loss: 0.010066 |
INFO:root:| Epoch: 064/150 | Train Time: 5.319s | Train Loss: 0.010612 |
INFO:root:| Epoch: 065/150 | Train Time: 5.322s | Train Loss: 0.009908 |
INFO:root:| Epoch: 066/150 | Train Time: 5.261s | Train Loss: 0.010431 |
INFO:root:| Epoch: 067/150 | Train Time: 5.261s | Train Loss: 0.010650 |
INFO:root:| Epoch: 068/150 | Train Time: 5.255s | Train Loss: 0.010310 |
INFO:root:| Epoch: 069/150 | Train Time: 5.263s | Train Loss: 0.010378 |
INFO:root:| Epoch: 070/150 | Train Time: 5.269s | Train Loss: 0.009989 |
INFO:root:| Epoch: 071/150 | Train Time: 5.250s | Train Loss: 0.010059 |
INFO:root:| Epoch: 072/150 | Train Time: 5.258s | Train Loss: 0.010286 |
INFO:root:| Epoch: 073/150 | Train Time: 5.254s | Train Loss: 0.010084 |
INFO:root:| Epoch: 074/150 | Train Time: 5.250s | Train Loss: 0.009634 |
INFO:root:| Epoch: 075/150 | Train Time: 5.247s | Train Loss: 0.010032 |
INFO:root:| Epoch: 076/150 | Train Time: 5.269s | Train Loss: 0.010247 |
INFO:root:| Epoch: 077/150 | Train Time: 5.293s | Train Loss: 0.009797 |
INFO:root:| Epoch: 078/150 | Train Time: 5.344s | Train Loss: 0.009830 |
INFO:root:| Epoch: 079/150 | Train Time: 5.259s | Train Loss: 0.010023 |
INFO:root:| Epoch: 080/150 | Train Time: 5.247s | Train Loss: 0.009835 |
INFO:root:| Epoch: 081/150 | Train Time: 5.260s | Train Loss: 0.010002 |
INFO:root:| Epoch: 082/150 | Train Time: 5.253s | Train Loss: 0.009846 |
INFO:root:| Epoch: 083/150 | Train Time: 5.263s | Train Loss: 0.009719 |
INFO:root:| Epoch: 084/150 | Train Time: 5.274s | Train Loss: 0.010802 |
INFO:root:| Epoch: 085/150 | Train Time: 5.256s | Train Loss: 0.010019 |
INFO:root:| Epoch: 086/150 | Train Time: 5.259s | Train Loss: 0.009538 |
INFO:root:| Epoch: 087/150 | Train Time: 5.257s | Train Loss: 0.009919 |
INFO:root:| Epoch: 088/150 | Train Time: 5.251s | Train Loss: 0.009513 |
INFO:root:| Epoch: 089/150 | Train Time: 5.281s | Train Loss: 0.010286 |
INFO:root:| Epoch: 090/150 | Train Time: 5.304s | Train Loss: 0.009525 |
INFO:root:| Epoch: 091/150 | Train Time: 5.367s | Train Loss: 0.009617 |
INFO:root:| Epoch: 092/150 | Train Time: 5.313s | Train Loss: 0.009956 |
INFO:root:| Epoch: 093/150 | Train Time: 5.319s | Train Loss: 0.009553 |
INFO:root:| Epoch: 094/150 | Train Time: 5.268s | Train Loss: 0.010034 |
INFO:root:| Epoch: 095/150 | Train Time: 5.259s | Train Loss: 0.009780 |
INFO:root:| Epoch: 096/150 | Train Time: 5.258s | Train Loss: 0.009507 |
INFO:root:| Epoch: 097/150 | Train Time: 5.258s | Train Loss: 0.009392 |
INFO:root:| Epoch: 098/150 | Train Time: 5.267s | Train Loss: 0.010683 |
INFO:root:| Epoch: 099/150 | Train Time: 5.267s | Train Loss: 0.009961 |
INFO:root:| Epoch: 100/150 | Train Time: 5.266s | Train Loss: 0.009092 |
INFO:root:| Epoch: 101/150 | Train Time: 5.256s | Train Loss: 0.009524 |
INFO:root:| Epoch: 102/150 | Train Time: 5.270s | Train Loss: 0.008959 |
INFO:root:| Epoch: 103/150 | Train Time: 5.281s | Train Loss: 0.009792 |
INFO:root:| Epoch: 104/150 | Train Time: 5.362s | Train Loss: 0.009533 |
INFO:root:| Epoch: 105/150 | Train Time: 5.254s | Train Loss: 0.009109 |
INFO:root:| Epoch: 106/150 | Train Time: 5.261s | Train Loss: 0.009822 |
INFO:root:| Epoch: 107/150 | Train Time: 5.270s | Train Loss: 0.008992 |
INFO:root:| Epoch: 108/150 | Train Time: 5.256s | Train Loss: 0.009463 |
INFO:root:| Epoch: 109/150 | Train Time: 5.263s | Train Loss: 0.009347 |
INFO:root:| Epoch: 110/150 | Train Time: 5.268s | Train Loss: 0.010671 |
INFO:root:| Epoch: 111/150 | Train Time: 5.257s | Train Loss: 0.008953 |
INFO:root:| Epoch: 112/150 | Train Time: 5.260s | Train Loss: 0.009592 |
INFO:root:| Epoch: 113/150 | Train Time: 5.258s | Train Loss: 0.009241 |
INFO:root:| Epoch: 114/150 | Train Time: 5.261s | Train Loss: 0.009060 |
INFO:root:| Epoch: 115/150 | Train Time: 5.255s | Train Loss: 0.009508 |
INFO:root:| Epoch: 116/150 | Train Time: 5.281s | Train Loss: 0.009044 |
INFO:root:| Epoch: 117/150 | Train Time: 5.380s | Train Loss: 0.009568 |
INFO:root:| Epoch: 118/150 | Train Time: 5.265s | Train Loss: 0.009703 |
INFO:root:| Epoch: 119/150 | Train Time: 5.283s | Train Loss: 0.009009 |
INFO:root:| Epoch: 120/150 | Train Time: 5.262s | Train Loss: 0.009309 |
INFO:root:| Epoch: 121/150 | Train Time: 5.273s | Train Loss: 0.009628 |
INFO:root:| Epoch: 122/150 | Train Time: 5.268s | Train Loss: 0.009278 |
INFO:root:| Epoch: 123/150 | Train Time: 5.253s | Train Loss: 0.009184 |
INFO:root:| Epoch: 124/150 | Train Time: 5.253s | Train Loss: 0.009031 |
INFO:root:| Epoch: 125/150 | Train Time: 5.248s | Train Loss: 0.009229 |
INFO:root:| Epoch: 126/150 | Train Time: 5.254s | Train Loss: 0.009254 |
INFO:root:| Epoch: 127/150 | Train Time: 5.253s | Train Loss: 0.009227 |
INFO:root:| Epoch: 128/150 | Train Time: 5.256s | Train Loss: 0.009126 |
INFO:root:| Epoch: 129/150 | Train Time: 5.279s | Train Loss: 0.009449 |
