mkdir: cannot create directory ‘log/DeepSAD’: File exists
mkdir: cannot create directory ‘log/DeepSAD/mnist-Balanced-128’: File exists
INFO:root:Log file is ../log/DeepSAD/mnist-Balanced-128/log.txt
INFO:root:Data path is ../data
INFO:root:Export path is ../log/DeepSAD/mnist-Balanced-128
INFO:root:Dataset: mnist
INFO:root:Normal class: [0, 1, 2, 3, 4, 5, 6, 7]
INFO:root:Ratio of labeled normal train samples: 0.00
INFO:root:Ratio of labeled anomalous samples: 0.01
INFO:root:Pollution ratio of unlabeled train data: 0.10
INFO:root:Known anomaly class: 1
INFO:root:Network: mnist_LeNet
INFO:root:Eta-parameter: 1.00
INFO:root:Set seed to 999.
INFO:root:Computation device: cuda
INFO:root:Number of threads: 0
INFO:root:Number of dataloader workers: 0
INFO:root:Pretraining: True
INFO:root:Pretraining optimizer: adam
INFO:root:Pretraining learning rate: 0.001
INFO:root:Pretraining epochs: 100
INFO:root:Pretraining learning rate scheduler milestones: (0,)
INFO:root:Pretraining batch size: 128
INFO:root:Pretraining weight decay: 1e-06
INFO:root:Starting pretraining...
/home/xysong/.conda/envs/OoD/lib/python3.9/site-packages/torch/optim/lr_scheduler.py:131: UserWarning: Detected call of `lr_scheduler.step()` before `optimizer.step()`. In PyTorch 1.1.0 and later, you should call them in the opposite order: `optimizer.step()` before `lr_scheduler.step()`.  Failure to do this will result in PyTorch skipping the first value of the learning rate schedule. See more details at https://pytorch.org/docs/stable/optim.html#how-to-adjust-learning-rate
  warnings.warn("Detected call of `lr_scheduler.step()` before `optimizer.step()`. "
/home/xysong/.conda/envs/OoD/lib/python3.9/site-packages/torch/optim/lr_scheduler.py:418: UserWarning: To get the last learning rate computed by the scheduler, please use `get_last_lr()`.
  warnings.warn("To get the last learning rate computed by the scheduler, "
INFO:root:  LR scheduler: new learning rate is 0.0001
INFO:root:| Epoch: 001/100 | Train Time: 5.583s | Train Loss: 0.069656 |
INFO:root:| Epoch: 002/100 | Train Time: 5.194s | Train Loss: 0.012669 |
INFO:root:| Epoch: 003/100 | Train Time: 5.301s | Train Loss: 0.008142 |
INFO:root:| Epoch: 004/100 | Train Time: 5.216s | Train Loss: 0.006866 |
INFO:root:| Epoch: 005/100 | Train Time: 5.186s | Train Loss: 0.006236 |
INFO:root:| Epoch: 006/100 | Train Time: 5.212s | Train Loss: 0.005730 |
INFO:root:| Epoch: 007/100 | Train Time: 5.308s | Train Loss: 0.005219 |
INFO:root:| Epoch: 008/100 | Train Time: 5.194s | Train Loss: 0.004809 |
INFO:root:| Epoch: 009/100 | Train Time: 5.194s | Train Loss: 0.004457 |
INFO:root:| Epoch: 010/100 | Train Time: 5.196s | Train Loss: 0.004160 |
INFO:root:| Epoch: 011/100 | Train Time: 5.265s | Train Loss: 0.003914 |
INFO:root:| Epoch: 012/100 | Train Time: 5.251s | Train Loss: 0.003707 |
INFO:root:| Epoch: 013/100 | Train Time: 5.192s | Train Loss: 0.003524 |
INFO:root:| Epoch: 014/100 | Train Time: 5.208s | Train Loss: 0.003321 |
INFO:root:| Epoch: 015/100 | Train Time: 5.208s | Train Loss: 0.003071 |
INFO:root:| Epoch: 016/100 | Train Time: 5.219s | Train Loss: 0.002880 |
INFO:root:| Epoch: 017/100 | Train Time: 5.282s | Train Loss: 0.002730 |
INFO:root:| Epoch: 018/100 | Train Time: 5.264s | Train Loss: 0.002593 |
INFO:root:| Epoch: 019/100 | Train Time: 5.199s | Train Loss: 0.002471 |
INFO:root:| Epoch: 020/100 | Train Time: 5.200s | Train Loss: 0.002372 |
INFO:root:| Epoch: 021/100 | Train Time: 5.194s | Train Loss: 0.002283 |
INFO:root:| Epoch: 022/100 | Train Time: 5.194s | Train Loss: 0.002206 |
INFO:root:| Epoch: 023/100 | Train Time: 5.194s | Train Loss: 0.002136 |
INFO:root:| Epoch: 024/100 | Train Time: 5.196s | Train Loss: 0.002074 |
INFO:root:| Epoch: 025/100 | Train Time: 5.294s | Train Loss: 0.002015 |
INFO:root:| Epoch: 026/100 | Train Time: 5.232s | Train Loss: 0.001966 |
INFO:root:| Epoch: 027/100 | Train Time: 5.202s | Train Loss: 0.001921 |
INFO:root:| Epoch: 028/100 | Train Time: 5.197s | Train Loss: 0.001876 |
INFO:root:| Epoch: 029/100 | Train Time: 5.198s | Train Loss: 0.001834 |
INFO:root:| Epoch: 030/100 | Train Time: 5.211s | Train Loss: 0.001799 |
INFO:root:| Epoch: 031/100 | Train Time: 5.211s | Train Loss: 0.001766 |
INFO:root:| Epoch: 032/100 | Train Time: 5.214s | Train Loss: 0.001735 |
INFO:root:| Epoch: 033/100 | Train Time: 5.220s | Train Loss: 0.001705 |
INFO:root:| Epoch: 034/100 | Train Time: 5.220s | Train Loss: 0.001679 |
INFO:root:| Epoch: 035/100 | Train Time: 5.302s | Train Loss: 0.001656 |
INFO:root:| Epoch: 036/100 | Train Time: 5.252s | Train Loss: 0.001632 |
INFO:root:| Epoch: 037/100 | Train Time: 5.203s | Train Loss: 0.001613 |
INFO:root:| Epoch: 038/100 | Train Time: 5.205s | Train Loss: 0.001592 |
INFO:root:| Epoch: 039/100 | Train Time: 5.209s | Train Loss: 0.001573 |
INFO:root:| Epoch: 040/100 | Train Time: 5.202s | Train Loss: 0.001558 |
INFO:root:| Epoch: 041/100 | Train Time: 5.204s | Train Loss: 0.001539 |
INFO:root:| Epoch: 042/100 | Train Time: 5.204s | Train Loss: 0.001527 |
INFO:root:| Epoch: 043/100 | Train Time: 5.210s | Train Loss: 0.001515 |
INFO:root:| Epoch: 044/100 | Train Time: 5.211s | Train Loss: 0.001502 |
INFO:root:| Epoch: 045/100 | Train Time: 5.229s | Train Loss: 0.001487 |
INFO:root:| Epoch: 046/100 | Train Time: 5.219s | Train Loss: 0.001475 |
INFO:root:| Epoch: 047/100 | Train Time: 5.218s | Train Loss: 0.001461 |
INFO:root:| Epoch: 048/100 | Train Time: 5.326s | Train Loss: 0.001452 |
INFO:root:| Epoch: 049/100 | Train Time: 5.249s | Train Loss: 0.001444 |
INFO:root:| Epoch: 050/100 | Train Time: 5.228s | Train Loss: 0.001434 |
INFO:root:| Epoch: 051/100 | Train Time: 5.232s | Train Loss: 0.001425 |
INFO:root:| Epoch: 052/100 | Train Time: 5.229s | Train Loss: 0.001417 |
INFO:root:| Epoch: 053/100 | Train Time: 5.223s | Train Loss: 0.001406 |
INFO:root:| Epoch: 054/100 | Train Time: 5.218s | Train Loss: 0.001399 |
INFO:root:| Epoch: 055/100 | Train Time: 5.217s | Train Loss: 0.001391 |
INFO:root:| Epoch: 056/100 | Train Time: 5.216s | Train Loss: 0.001384 |
INFO:root:| Epoch: 057/100 | Train Time: 5.215s | Train Loss: 0.001377 |
INFO:root:| Epoch: 058/100 | Train Time: 5.215s | Train Loss: 0.001369 |
INFO:root:| Epoch: 059/100 | Train Time: 5.212s | Train Loss: 0.001362 |
INFO:root:| Epoch: 060/100 | Train Time: 5.220s | Train Loss: 0.001351 |
INFO:root:| Epoch: 061/100 | Train Time: 5.293s | Train Loss: 0.001347 |
INFO:root:| Epoch: 062/100 | Train Time: 5.266s | Train Loss: 0.001339 |
INFO:root:| Epoch: 063/100 | Train Time: 5.222s | Train Loss: 0.001333 |
INFO:root:| Epoch: 064/100 | Train Time: 5.225s | Train Loss: 0.001328 |
INFO:root:| Epoch: 065/100 | Train Time: 5.225s | Train Loss: 0.001321 |
INFO:root:| Epoch: 066/100 | Train Time: 5.231s | Train Loss: 0.001314 |
INFO:root:| Epoch: 067/100 | Train Time: 5.228s | Train Loss: 0.001308 |
INFO:root:| Epoch: 068/100 | Train Time: 5.235s | Train Loss: 0.001304 |
INFO:root:| Epoch: 069/100 | Train Time: 5.232s | Train Loss: 0.001298 |
INFO:root:| Epoch: 070/100 | Train Time: 5.234s | Train Loss: 0.001292 |
INFO:root:| Epoch: 071/100 | Train Time: 5.220s | Train Loss: 0.001283 |
INFO:root:| Epoch: 072/100 | Train Time: 5.222s | Train Loss: 0.001279 |
INFO:root:| Epoch: 073/100 | Train Time: 5.228s | Train Loss: 0.001276 |
INFO:root:| Epoch: 074/100 | Train Time: 5.264s | Train Loss: 0.001272 |
INFO:root:| Epoch: 075/100 | Train Time: 5.286s | Train Loss: 0.001265 |
INFO:root:| Epoch: 076/100 | Train Time: 5.217s | Train Loss: 0.001260 |
INFO:root:| Epoch: 077/100 | Train Time: 5.217s | Train Loss: 0.001257 |
INFO:root:| Epoch: 078/100 | Train Time: 5.220s | Train Loss: 0.001251 |
INFO:root:| Epoch: 079/100 | Train Time: 5.219s | Train Loss: 0.001249 |
INFO:root:| Epoch: 080/100 | Train Time: 5.218s | Train Loss: 0.001242 |
INFO:root:| Epoch: 081/100 | Train Time: 5.226s | Train Loss: 0.001241 |
INFO:root:| Epoch: 082/100 | Train Time: 5.224s | Train Loss: 0.001231 |
INFO:root:| Epoch: 083/100 | Train Time: 5.234s | Train Loss: 0.001228 |
INFO:root:| Epoch: 084/100 | Train Time: 5.231s | Train Loss: 0.001225 |
INFO:root:| Epoch: 085/100 | Train Time: 5.235s | Train Loss: 0.001225 |
INFO:root:| Epoch: 086/100 | Train Time: 5.238s | Train Loss: 0.001216 |
INFO:root:| Epoch: 087/100 | Train Time: 5.251s | Train Loss: 0.001213 |
INFO:root:| Epoch: 088/100 | Train Time: 5.338s | Train Loss: 0.001210 |
INFO:root:| Epoch: 089/100 | Train Time: 5.232s | Train Loss: 0.001206 |
INFO:root:| Epoch: 090/100 | Train Time: 5.223s | Train Loss: 0.001202 |
INFO:root:| Epoch: 091/100 | Train Time: 5.225s | Train Loss: 0.001196 |
INFO:root:| Epoch: 092/100 | Train Time: 5.221s | Train Loss: 0.001195 |
INFO:root:| Epoch: 093/100 | Train Time: 5.216s | Train Loss: 0.001192 |
INFO:root:| Epoch: 094/100 | Train Time: 5.222s | Train Loss: 0.001188 |
INFO:root:| Epoch: 095/100 | Train Time: 5.216s | Train Loss: 0.001184 |
INFO:root:| Epoch: 096/100 | Train Time: 5.218s | Train Loss: 0.001182 |
INFO:root:| Epoch: 097/100 | Train Time: 5.216s | Train Loss: 0.001176 |
INFO:root:| Epoch: 098/100 | Train Time: 5.226s | Train Loss: 0.001175 |
INFO:root:| Epoch: 099/100 | Train Time: 5.234s | Train Loss: 0.001168 |
INFO:root:| Epoch: 100/100 | Train Time: 5.241s | Train Loss: 0.001170 |
INFO:root:Pretraining Time: 523.128s
INFO:root:Finished pretraining.
INFO:root:Testing autoencoder...
INFO:root:Test Loss: 0.106656
INFO:root:Test AUC: 53.20%
INFO:root:Test Time: 0.856s
INFO:root:Finished testing autoencoder.
INFO:root:Training optimizer: adam
INFO:root:Training learning rate: 0.0001
INFO:root:Training epochs: 150
INFO:root:Training learning rate scheduler milestones: (50,)
INFO:root:Training batch size: 128
INFO:root:Training weight decay: 5e-07
INFO:root:Initializing center c...
INFO:root:Center c initialized.
INFO:root:Starting training...
/home/xysong/.conda/envs/OoD/lib/python3.9/site-packages/torch/optim/lr_scheduler.py:131: UserWarning: Detected call of `lr_scheduler.step()` before `optimizer.step()`. In PyTorch 1.1.0 and later, you should call them in the opposite order: `optimizer.step()` before `lr_scheduler.step()`.  Failure to do this will result in PyTorch skipping the first value of the learning rate schedule. See more details at https://pytorch.org/docs/stable/optim.html#how-to-adjust-learning-rate
  warnings.warn("Detected call of `lr_scheduler.step()` before `optimizer.step()`. "
INFO:root:| Epoch: 001/150 | Train Time: 4.465s | Train Loss: 1.072898 |
INFO:root:| Epoch: 002/150 | Train Time: 4.456s | Train Loss: 0.183419 |
INFO:root:| Epoch: 003/150 | Train Time: 4.456s | Train Loss: 0.115588 |
INFO:root:| Epoch: 004/150 | Train Time: 4.457s | Train Loss: 0.092747 |
INFO:root:| Epoch: 005/150 | Train Time: 4.459s | Train Loss: 0.073490 |
INFO:root:| Epoch: 006/150 | Train Time: 4.465s | Train Loss: 0.070680 |
INFO:root:| Epoch: 007/150 | Train Time: 4.462s | Train Loss: 0.057738 |
INFO:root:| Epoch: 008/150 | Train Time: 4.473s | Train Loss: 0.053693 |
INFO:root:| Epoch: 009/150 | Train Time: 4.462s | Train Loss: 0.047808 |
INFO:root:| Epoch: 010/150 | Train Time: 4.464s | Train Loss: 0.046088 |
INFO:root:| Epoch: 011/150 | Train Time: 4.470s | Train Loss: 0.045353 |
INFO:root:| Epoch: 012/150 | Train Time: 4.463s | Train Loss: 0.042223 |
INFO:root:| Epoch: 013/150 | Train Time: 4.470s | Train Loss: 0.038619 |
INFO:root:| Epoch: 014/150 | Train Time: 4.483s | Train Loss: 0.037891 |
INFO:root:| Epoch: 015/150 | Train Time: 4.554s | Train Loss: 0.035971 |
INFO:root:| Epoch: 016/150 | Train Time: 4.513s | Train Loss: 0.036086 |
INFO:root:| Epoch: 017/150 | Train Time: 4.460s | Train Loss: 0.035451 |
INFO:root:| Epoch: 018/150 | Train Time: 4.461s | Train Loss: 0.031466 |
INFO:root:| Epoch: 019/150 | Train Time: 4.457s | Train Loss: 0.032230 |
INFO:root:| Epoch: 020/150 | Train Time: 4.456s | Train Loss: 0.030609 |
INFO:root:| Epoch: 021/150 | Train Time: 4.462s | Train Loss: 0.026138 |
INFO:root:| Epoch: 022/150 | Train Time: 4.457s | Train Loss: 0.026713 |
INFO:root:| Epoch: 023/150 | Train Time: 4.463s | Train Loss: 0.027245 |
INFO:root:| Epoch: 024/150 | Train Time: 4.465s | Train Loss: 0.024610 |
INFO:root:| Epoch: 025/150 | Train Time: 4.458s | Train Loss: 0.025062 |
INFO:root:| Epoch: 026/150 | Train Time: 4.474s | Train Loss: 0.023696 |
INFO:root:| Epoch: 027/150 | Train Time: 4.465s | Train Loss: 0.021367 |
INFO:root:| Epoch: 028/150 | Train Time: 4.478s | Train Loss: 0.022709 |
INFO:root:| Epoch: 029/150 | Train Time: 4.484s | Train Loss: 0.022970 |
INFO:root:| Epoch: 030/150 | Train Time: 4.500s | Train Loss: 0.019499 |
INFO:root:| Epoch: 031/150 | Train Time: 4.575s | Train Loss: 0.019113 |
INFO:root:| Epoch: 032/150 | Train Time: 4.473s | Train Loss: 0.018803 |
INFO:root:| Epoch: 033/150 | Train Time: 4.461s | Train Loss: 0.018984 |
INFO:root:| Epoch: 034/150 | Train Time: 4.457s | Train Loss: 0.017299 |
INFO:root:| Epoch: 035/150 | Train Time: 4.464s | Train Loss: 0.019579 |
INFO:root:| Epoch: 036/150 | Train Time: 4.459s | Train Loss: 0.017646 |
INFO:root:| Epoch: 037/150 | Train Time: 4.456s | Train Loss: 0.017975 |
INFO:root:| Epoch: 038/150 | Train Time: 4.459s | Train Loss: 0.016965 |
INFO:root:| Epoch: 039/150 | Train Time: 4.454s | Train Loss: 0.018905 |
INFO:root:| Epoch: 040/150 | Train Time: 4.455s | Train Loss: 0.017040 |
INFO:root:| Epoch: 041/150 | Train Time: 4.461s | Train Loss: 0.017089 |
INFO:root:| Epoch: 042/150 | Train Time: 4.465s | Train Loss: 0.016432 |
INFO:root:| Epoch: 043/150 | Train Time: 4.458s | Train Loss: 0.016858 |
INFO:root:| Epoch: 044/150 | Train Time: 4.465s | Train Loss: 0.016651 |
INFO:root:| Epoch: 045/150 | Train Time: 4.473s | Train Loss: 0.016399 |
INFO:root:| Epoch: 046/150 | Train Time: 4.565s | Train Loss: 0.017191 |
INFO:root:| Epoch: 047/150 | Train Time: 4.486s | Train Loss: 0.016797 |
INFO:root:| Epoch: 048/150 | Train Time: 4.463s | Train Loss: 0.015813 |
INFO:root:| Epoch: 049/150 | Train Time: 4.460s | Train Loss: 0.016328 |
INFO:root:| Epoch: 050/150 | Train Time: 4.457s | Train Loss: 0.014678 |
/home/xysong/.conda/envs/OoD/lib/python3.9/site-packages/torch/optim/lr_scheduler.py:418: UserWarning: To get the last learning rate computed by the scheduler, please use `get_last_lr()`.
  warnings.warn("To get the last learning rate computed by the scheduler, "
INFO:root:  LR scheduler: new learning rate is 1e-05
INFO:root:| Epoch: 051/150 | Train Time: 4.460s | Train Loss: 0.014656 |
INFO:root:| Epoch: 052/150 | Train Time: 4.455s | Train Loss: 0.014881 |
INFO:root:| Epoch: 053/150 | Train Time: 4.463s | Train Loss: 0.014757 |
INFO:root:| Epoch: 054/150 | Train Time: 4.465s | Train Loss: 0.013895 |
INFO:root:| Epoch: 055/150 | Train Time: 4.469s | Train Loss: 0.014649 |
INFO:root:| Epoch: 056/150 | Train Time: 4.472s | Train Loss: 0.014422 |
INFO:root:| Epoch: 057/150 | Train Time: 4.472s | Train Loss: 0.014488 |
INFO:root:| Epoch: 058/150 | Train Time: 4.469s | Train Loss: 0.014480 |
INFO:root:| Epoch: 059/150 | Train Time: 4.468s | Train Loss: 0.014640 |
INFO:root:| Epoch: 060/150 | Train Time: 4.485s | Train Loss: 0.014675 |
INFO:root:| Epoch: 061/150 | Train Time: 4.539s | Train Loss: 0.014437 |
INFO:root:| Epoch: 062/150 | Train Time: 4.546s | Train Loss: 0.014464 |
INFO:root:| Epoch: 063/150 | Train Time: 4.474s | Train Loss: 0.014458 |
INFO:root:| Epoch: 064/150 | Train Time: 4.475s | Train Loss: 0.014807 |
INFO:root:| Epoch: 065/150 | Train Time: 4.474s | Train Loss: 0.014352 |
INFO:root:| Epoch: 066/150 | Train Time: 4.470s | Train Loss: 0.014419 |
INFO:root:| Epoch: 067/150 | Train Time: 4.462s | Train Loss: 0.013810 |
INFO:root:| Epoch: 068/150 | Train Time: 4.466s | Train Loss: 0.014494 |
INFO:root:| Epoch: 069/150 | Train Time: 4.464s | Train Loss: 0.014554 |
INFO:root:| Epoch: 070/150 | Train Time: 4.466s | Train Loss: 0.014405 |
INFO:root:| Epoch: 071/150 | Train Time: 4.458s | Train Loss: 0.014380 |
INFO:root:| Epoch: 072/150 | Train Time: 4.464s | Train Loss: 0.014304 |
INFO:root:| Epoch: 073/150 | Train Time: 4.471s | Train Loss: 0.014541 |
INFO:root:| Epoch: 074/150 | Train Time: 4.477s | Train Loss: 0.014424 |
INFO:root:| Epoch: 075/150 | Train Time: 4.491s | Train Loss: 0.014341 |
INFO:root:| Epoch: 076/150 | Train Time: 4.494s | Train Loss: 0.014517 |
INFO:root:| Epoch: 077/150 | Train Time: 4.584s | Train Loss: 0.014512 |
INFO:root:| Epoch: 078/150 | Train Time: 4.469s | Train Loss: 0.013833 |
INFO:root:| Epoch: 079/150 | Train Time: 4.459s | Train Loss: 0.014107 |
INFO:root:| Epoch: 080/150 | Train Time: 4.457s | Train Loss: 0.014359 |
INFO:root:| Epoch: 081/150 | Train Time: 4.465s | Train Loss: 0.013996 |
INFO:root:| Epoch: 082/150 | Train Time: 4.463s | Train Loss: 0.014243 |
INFO:root:| Epoch: 083/150 | Train Time: 4.459s | Train Loss: 0.013924 |
INFO:root:| Epoch: 084/150 | Train Time: 4.458s | Train Loss: 0.014309 |
INFO:root:| Epoch: 085/150 | Train Time: 4.460s | Train Loss: 0.014457 |
INFO:root:| Epoch: 086/150 | Train Time: 4.470s | Train Loss: 0.014335 |
INFO:root:| Epoch: 087/150 | Train Time: 4.457s | Train Loss: 0.014321 |
INFO:root:| Epoch: 088/150 | Train Time: 4.460s | Train Loss: 0.014392 |
INFO:root:| Epoch: 089/150 | Train Time: 4.461s | Train Loss: 0.014335 |
INFO:root:| Epoch: 090/150 | Train Time: 4.460s | Train Loss: 0.014193 |
INFO:root:| Epoch: 091/150 | Train Time: 4.476s | Train Loss: 0.014411 |
INFO:root:| Epoch: 092/150 | Train Time: 4.553s | Train Loss: 0.014487 |
INFO:root:| Epoch: 093/150 | Train Time: 4.496s | Train Loss: 0.014140 |
INFO:root:| Epoch: 094/150 | Train Time: 4.458s | Train Loss: 0.014414 |
INFO:root:| Epoch: 095/150 | Train Time: 4.458s | Train Loss: 0.014277 |
INFO:root:| Epoch: 096/150 | Train Time: 4.459s | Train Loss: 0.014414 |
INFO:root:| Epoch: 097/150 | Train Time: 4.459s | Train Loss: 0.014332 |
INFO:root:| Epoch: 098/150 | Train Time: 4.466s | Train Loss: 0.014571 |
INFO:root:| Epoch: 099/150 | Train Time: 4.473s | Train Loss: 0.014072 |
INFO:root:| Epoch: 100/150 | Train Time: 4.476s | Train Loss: 0.014429 |
INFO:root:| Epoch: 101/150 | Train Time: 4.476s | Train Loss: 0.014164 |
INFO:root:| Epoch: 102/150 | Train Time: 4.484s | Train Loss: 0.014266 |
INFO:root:| Epoch: 103/150 | Train Time: 4.472s | Train Loss: 0.014297 |
INFO:root:| Epoch: 104/150 | Train Time: 4.467s | Train Loss: 0.014290 |
INFO:root:| Epoch: 105/150 | Train Time: 4.470s | Train Loss: 0.014240 |
INFO:root:| Epoch: 106/150 | Train Time: 4.491s | Train Loss: 0.014038 |
INFO:root:| Epoch: 107/150 | Train Time: 4.530s | Train Loss: 0.014528 |
INFO:root:| Epoch: 108/150 | Train Time: 4.554s | Train Loss: 0.014247 |
INFO:root:| Epoch: 109/150 | Train Time: 4.493s | Train Loss: 0.014430 |
INFO:root:| Epoch: 110/150 | Train Time: 4.464s | Train Loss: 0.014202 |
INFO:root:| Epoch: 111/150 | Train Time: 4.454s | Train Loss: 0.014022 |
INFO:root:| Epoch: 112/150 | Train Time: 4.457s | Train Loss: 0.013960 |
INFO:root:| Epoch: 113/150 | Train Time: 4.458s | Train Loss: 0.014008 |
INFO:root:| Epoch: 114/150 | Train Time: 4.459s | Train Loss: 0.013848 |
INFO:root:| Epoch: 115/150 | Train Time: 4.462s | Train Loss: 0.014357 |
INFO:root:| Epoch: 116/150 | Train Time: 4.471s | Train Loss: 0.014286 |
INFO:root:| Epoch: 117/150 | Train Time: 4.457s | Train Loss: 0.014133 |
INFO:root:| Epoch: 118/150 | Train Time: 4.466s | Train Loss: 0.014108 |
INFO:root:| Epoch: 119/150 | Train Time: 4.462s | Train Loss: 0.014150 |
INFO:root:| Epoch: 120/150 | Train Time: 4.460s | Train Loss: 0.013330 |
INFO:root:| Epoch: 121/150 | Train Time: 4.477s | Train Loss: 0.013979 |
INFO:root:| Epoch: 122/150 | Train Time: 4.464s | Train Loss: 0.013895 |
INFO:root:| Epoch: 123/150 | Train Time: 4.582s | Train Loss: 0.014060 |
INFO:root:| Epoch: 124/150 | Train Time: 4.474s | Train Loss: 0.013989 |
INFO:root:| Epoch: 125/150 | Train Time: 4.461s | Train Loss: 0.014140 |
INFO:root:| Epoch: 126/150 | Train Time: 4.458s | Train Loss: 0.014198 |
INFO:root:| Epoch: 127/150 | Train Time: 4.457s | Train Loss: 0.014073 |
INFO:root:| Epoch: 128/150 | Train Time: 4.464s | Train Loss: 0.014258 |
INFO:root:| Epoch: 129/150 | Train Time: 4.472s | Train Loss: 0.013969 |
INFO:root:| Epoch: 130/150 | Train Time: 4.471s | Train Loss: 0.014452 |
INFO:root:| Epoch: 131/150 | Train Time: 4.471s | Train Loss: 0.014122 |
INFO:root:| Epoch: 132/150 | Train Time: 4.469s | Train Loss: 0.013891 |
INFO:root:| Epoch: 133/150 | Train Time: 4.477s | Train Loss: 0.013683 |
INFO:root:| Epoch: 134/150 | Train Time: 4.475s | Train Loss: 0.013960 |
INFO:root:| Epoch: 135/150 | Train Time: 4.473s | Train Loss: 0.013713 |
INFO:root:| Epoch: 136/150 | Train Time: 4.466s | Train Loss: 0.014303 |
INFO:root:| Epoch: 137/150 | Train Time: 4.485s | Train Loss: 0.013665 |
INFO:root:| Epoch: 138/150 | Train Time: 4.555s | Train Loss: 0.013922 |
INFO:root:| Epoch: 139/150 | Train Time: 4.502s | Train Loss: 0.013992 |
INFO:root:| Epoch: 140/150 | Train Time: 4.463s | Train Loss: 0.013799 |
INFO:root:| Epoch: 141/150 | Train Time: 4.465s | Train Loss: 0.013935 |
INFO:root:| Epoch: 142/150 | Train Time: 4.474s | Train Loss: 0.013934 |
INFO:root:| Epoch: 143/150 | Train Time: 4.483s | Train Loss: 0.013644 |
INFO:root:| Epoch: 144/150 | Train Time: 4.471s | Train Loss: 0.014032 |
INFO:root:| Epoch: 145/150 | Train Time: 4.474s | Train Loss: 0.013982 |
INFO:root:| Epoch: 146/150 | Train Time: 4.480s | Train Loss: 0.013712 |
INFO:root:| Epoch: 147/150 | Train Time: 4.476s | Train Loss: 0.014019 |
INFO:root:| Epoch: 148/150 | Train Time: 4.480s | Train Loss: 0.013719 |
INFO:root:| Epoch: 149/150 | Train Time: 4.482s | Train Loss: 0.014168 |
INFO:root:| Epoch: 150/150 | Train Time: 4.479s | Train Loss: 0.014060 |
INFO:root:Training Time: 671.231s
INFO:root:Finished training.
INFO:root:Starting testing...
INFO:root:Testing TPR95: 0.0504
INFO:root:Testing TPR99: 0.0146
INFO:root:Test Loss: 27.255842
INFO:root:Test AUC: 52.94%
INFO:root:Test Time: 0.817s
INFO:root:Finished testing.
Outlier classes: [8, 9]
Original training data size:  60000 torch.Size([60000, 28, 28])
Using number-pre-sampled sampler
Train set shape: torch.Size([48200, 28, 28])
Train set size: 48456
Train targets size: 48456
Train semi-targets size: 48456
Counter({1: 6742, 7: 6265, 3: 6131, 2: 5958, 0: 5923, 6: 5918, 4: 5842, 5: 5421, 8: 128, 9: 128})
InD Test Size: 8017, OoD Test Size: 1983, TPR95: 0.0504
InD Test Size: 8017, OoD Test Size: 1983, TPR99: 0.0146
