mkdir: cannot create directory ‘log/DeepSAD’: File exists
INFO:root:Log file is ../log/DeepSAD/mnist-Balanced-16/log.txt
INFO:root:Data path is ../data
INFO:root:Export path is ../log/DeepSAD/mnist-Balanced-16
INFO:root:Dataset: mnist
INFO:root:Normal class: [0, 1, 2, 3, 4, 5, 6, 7]
INFO:root:Ratio of labeled normal train samples: 0.00
INFO:root:Ratio of labeled anomalous samples: 0.01
INFO:root:Pollution ratio of unlabeled train data: 0.10
INFO:root:Known anomaly class: 1
INFO:root:Network: mnist_LeNet
INFO:root:Eta-parameter: 1.00
INFO:root:Set seed to 999.
INFO:root:Computation device: cuda
INFO:root:Number of threads: 0
INFO:root:Number of dataloader workers: 0
INFO:root:Pretraining: True
INFO:root:Pretraining optimizer: adam
INFO:root:Pretraining learning rate: 0.001
INFO:root:Pretraining epochs: 100
INFO:root:Pretraining learning rate scheduler milestones: (0,)
INFO:root:Pretraining batch size: 128
INFO:root:Pretraining weight decay: 1e-06
INFO:root:Starting pretraining...
/home/xysong/.conda/envs/OoD/lib/python3.9/site-packages/torch/optim/lr_scheduler.py:131: UserWarning: Detected call of `lr_scheduler.step()` before `optimizer.step()`. In PyTorch 1.1.0 and later, you should call them in the opposite order: `optimizer.step()` before `lr_scheduler.step()`.  Failure to do this will result in PyTorch skipping the first value of the learning rate schedule. See more details at https://pytorch.org/docs/stable/optim.html#how-to-adjust-learning-rate
  warnings.warn("Detected call of `lr_scheduler.step()` before `optimizer.step()`. "
/home/xysong/.conda/envs/OoD/lib/python3.9/site-packages/torch/optim/lr_scheduler.py:418: UserWarning: To get the last learning rate computed by the scheduler, please use `get_last_lr()`.
  warnings.warn("To get the last learning rate computed by the scheduler, "
INFO:root:  LR scheduler: new learning rate is 0.0001
INFO:root:| Epoch: 001/100 | Train Time: 6.298s | Train Loss: 0.069250 |
INFO:root:| Epoch: 002/100 | Train Time: 5.917s | Train Loss: 0.012377 |
INFO:root:| Epoch: 003/100 | Train Time: 6.037s | Train Loss: 0.007968 |
INFO:root:| Epoch: 004/100 | Train Time: 5.928s | Train Loss: 0.006660 |
INFO:root:| Epoch: 005/100 | Train Time: 5.917s | Train Loss: 0.006018 |
INFO:root:| Epoch: 006/100 | Train Time: 6.006s | Train Loss: 0.005594 |
INFO:root:| Epoch: 007/100 | Train Time: 5.972s | Train Loss: 0.005206 |
INFO:root:| Epoch: 008/100 | Train Time: 5.931s | Train Loss: 0.004734 |
INFO:root:| Epoch: 009/100 | Train Time: 5.952s | Train Loss: 0.004289 |
INFO:root:| Epoch: 010/100 | Train Time: 6.025s | Train Loss: 0.003947 |
INFO:root:| Epoch: 011/100 | Train Time: 5.994s | Train Loss: 0.003697 |
INFO:root:| Epoch: 012/100 | Train Time: 5.936s | Train Loss: 0.003490 |
INFO:root:| Epoch: 013/100 | Train Time: 5.927s | Train Loss: 0.003284 |
INFO:root:| Epoch: 014/100 | Train Time: 5.931s | Train Loss: 0.003077 |
INFO:root:| Epoch: 015/100 | Train Time: 5.977s | Train Loss: 0.002898 |
INFO:root:| Epoch: 016/100 | Train Time: 6.020s | Train Loss: 0.002736 |
INFO:root:| Epoch: 017/100 | Train Time: 5.927s | Train Loss: 0.002590 |
INFO:root:| Epoch: 018/100 | Train Time: 5.933s | Train Loss: 0.002447 |
INFO:root:| Epoch: 019/100 | Train Time: 5.934s | Train Loss: 0.002319 |
INFO:root:| Epoch: 020/100 | Train Time: 5.941s | Train Loss: 0.002214 |
INFO:root:| Epoch: 021/100 | Train Time: 5.951s | Train Loss: 0.002125 |
INFO:root:| Epoch: 022/100 | Train Time: 6.023s | Train Loss: 0.002038 |
INFO:root:| Epoch: 023/100 | Train Time: 6.076s | Train Loss: 0.001967 |
INFO:root:| Epoch: 024/100 | Train Time: 5.982s | Train Loss: 0.001902 |
INFO:root:| Epoch: 025/100 | Train Time: 5.959s | Train Loss: 0.001843 |
INFO:root:| Epoch: 026/100 | Train Time: 5.955s | Train Loss: 0.001789 |
INFO:root:| Epoch: 027/100 | Train Time: 5.961s | Train Loss: 0.001737 |
INFO:root:| Epoch: 028/100 | Train Time: 5.969s | Train Loss: 0.001687 |
INFO:root:| Epoch: 029/100 | Train Time: 5.952s | Train Loss: 0.001640 |
INFO:root:| Epoch: 030/100 | Train Time: 5.955s | Train Loss: 0.001599 |
INFO:root:| Epoch: 031/100 | Train Time: 6.030s | Train Loss: 0.001567 |
INFO:root:| Epoch: 032/100 | Train Time: 5.994s | Train Loss: 0.001534 |
INFO:root:| Epoch: 033/100 | Train Time: 5.946s | Train Loss: 0.001505 |
INFO:root:| Epoch: 034/100 | Train Time: 5.947s | Train Loss: 0.001480 |
INFO:root:| Epoch: 035/100 | Train Time: 5.953s | Train Loss: 0.001455 |
INFO:root:| Epoch: 036/100 | Train Time: 5.947s | Train Loss: 0.001431 |
INFO:root:| Epoch: 037/100 | Train Time: 5.952s | Train Loss: 0.001409 |
INFO:root:| Epoch: 038/100 | Train Time: 5.947s | Train Loss: 0.001388 |
INFO:root:| Epoch: 039/100 | Train Time: 5.959s | Train Loss: 0.001367 |
INFO:root:| Epoch: 040/100 | Train Time: 5.952s | Train Loss: 0.001349 |
INFO:root:| Epoch: 041/100 | Train Time: 5.957s | Train Loss: 0.001332 |
INFO:root:| Epoch: 042/100 | Train Time: 5.992s | Train Loss: 0.001318 |
INFO:root:| Epoch: 043/100 | Train Time: 6.041s | Train Loss: 0.001297 |
INFO:root:| Epoch: 044/100 | Train Time: 5.952s | Train Loss: 0.001282 |
INFO:root:| Epoch: 045/100 | Train Time: 5.964s | Train Loss: 0.001267 |
INFO:root:| Epoch: 046/100 | Train Time: 5.953s | Train Loss: 0.001254 |
INFO:root:| Epoch: 047/100 | Train Time: 5.956s | Train Loss: 0.001239 |
INFO:root:| Epoch: 048/100 | Train Time: 5.970s | Train Loss: 0.001224 |
INFO:root:| Epoch: 049/100 | Train Time: 5.968s | Train Loss: 0.001215 |
INFO:root:| Epoch: 050/100 | Train Time: 5.968s | Train Loss: 0.001203 |
INFO:root:| Epoch: 051/100 | Train Time: 5.964s | Train Loss: 0.001190 |
INFO:root:| Epoch: 052/100 | Train Time: 5.953s | Train Loss: 0.001180 |
INFO:root:| Epoch: 053/100 | Train Time: 5.968s | Train Loss: 0.001170 |
INFO:root:| Epoch: 054/100 | Train Time: 6.037s | Train Loss: 0.001160 |
INFO:root:| Epoch: 055/100 | Train Time: 5.998s | Train Loss: 0.001150 |
INFO:root:| Epoch: 056/100 | Train Time: 5.954s | Train Loss: 0.001145 |
INFO:root:| Epoch: 057/100 | Train Time: 5.946s | Train Loss: 0.001131 |
INFO:root:| Epoch: 058/100 | Train Time: 5.953s | Train Loss: 0.001126 |
INFO:root:| Epoch: 059/100 | Train Time: 5.960s | Train Loss: 0.001118 |
INFO:root:| Epoch: 060/100 | Train Time: 5.956s | Train Loss: 0.001110 |
INFO:root:| Epoch: 061/100 | Train Time: 5.960s | Train Loss: 0.001104 |
INFO:root:| Epoch: 062/100 | Train Time: 5.978s | Train Loss: 0.001099 |
INFO:root:| Epoch: 063/100 | Train Time: 5.969s | Train Loss: 0.001091 |
INFO:root:| Epoch: 064/100 | Train Time: 5.964s | Train Loss: 0.001083 |
INFO:root:| Epoch: 065/100 | Train Time: 5.980s | Train Loss: 0.001078 |
INFO:root:| Epoch: 066/100 | Train Time: 6.081s | Train Loss: 0.001076 |
INFO:root:| Epoch: 067/100 | Train Time: 5.965s | Train Loss: 0.001066 |
INFO:root:| Epoch: 068/100 | Train Time: 5.953s | Train Loss: 0.001062 |
INFO:root:| Epoch: 069/100 | Train Time: 5.965s | Train Loss: 0.001057 |
INFO:root:| Epoch: 070/100 | Train Time: 5.965s | Train Loss: 0.001051 |
INFO:root:| Epoch: 071/100 | Train Time: 5.960s | Train Loss: 0.001046 |
INFO:root:| Epoch: 072/100 | Train Time: 5.963s | Train Loss: 0.001038 |
INFO:root:| Epoch: 073/100 | Train Time: 5.961s | Train Loss: 0.001037 |
INFO:root:| Epoch: 074/100 | Train Time: 5.955s | Train Loss: 0.001030 |
INFO:root:| Epoch: 075/100 | Train Time: 5.960s | Train Loss: 0.001025 |
INFO:root:| Epoch: 076/100 | Train Time: 5.968s | Train Loss: 0.001021 |
INFO:root:| Epoch: 077/100 | Train Time: 6.028s | Train Loss: 0.001016 |
INFO:root:| Epoch: 078/100 | Train Time: 6.052s | Train Loss: 0.001011 |
INFO:root:| Epoch: 079/100 | Train Time: 5.970s | Train Loss: 0.001006 |
INFO:root:| Epoch: 080/100 | Train Time: 5.973s | Train Loss: 0.001000 |
INFO:root:| Epoch: 081/100 | Train Time: 5.965s | Train Loss: 0.000993 |
INFO:root:| Epoch: 082/100 | Train Time: 5.960s | Train Loss: 0.000994 |
INFO:root:| Epoch: 083/100 | Train Time: 5.967s | Train Loss: 0.000987 |
INFO:root:| Epoch: 084/100 | Train Time: 5.962s | Train Loss: 0.000985 |
INFO:root:| Epoch: 085/100 | Train Time: 5.964s | Train Loss: 0.000980 |
INFO:root:| Epoch: 086/100 | Train Time: 5.962s | Train Loss: 0.000977 |
INFO:root:| Epoch: 087/100 | Train Time: 5.957s | Train Loss: 0.000974 |
INFO:root:| Epoch: 088/100 | Train Time: 5.970s | Train Loss: 0.000970 |
INFO:root:| Epoch: 089/100 | Train Time: 6.056s | Train Loss: 0.000965 |
INFO:root:| Epoch: 090/100 | Train Time: 5.996s | Train Loss: 0.000964 |
INFO:root:| Epoch: 091/100 | Train Time: 5.958s | Train Loss: 0.000958 |
INFO:root:| Epoch: 092/100 | Train Time: 5.955s | Train Loss: 0.000954 |
INFO:root:| Epoch: 093/100 | Train Time: 5.957s | Train Loss: 0.000952 |
INFO:root:| Epoch: 094/100 | Train Time: 5.969s | Train Loss: 0.000950 |
INFO:root:| Epoch: 095/100 | Train Time: 5.964s | Train Loss: 0.000948 |
INFO:root:| Epoch: 096/100 | Train Time: 5.975s | Train Loss: 0.000944 |
INFO:root:| Epoch: 097/100 | Train Time: 5.990s | Train Loss: 0.000943 |
INFO:root:| Epoch: 098/100 | Train Time: 6.011s | Train Loss: 0.000939 |
INFO:root:| Epoch: 099/100 | Train Time: 6.026s | Train Loss: 0.000934 |
INFO:root:| Epoch: 100/100 | Train Time: 6.003s | Train Loss: 0.000931 |
INFO:root:Pretraining Time: 597.510s
INFO:root:Finished pretraining.
INFO:root:Testing autoencoder...
INFO:root:Test Loss: 0.112469
INFO:root:Test AUC: 54.84%
INFO:root:Test Time: 1.044s
INFO:root:Finished testing autoencoder.
INFO:root:Training optimizer: adam
INFO:root:Training learning rate: 0.0001
INFO:root:Training epochs: 150
INFO:root:Training learning rate scheduler milestones: (50,)
INFO:root:Training batch size: 128
INFO:root:Training weight decay: 5e-07
INFO:root:Initializing center c...
INFO:root:Center c initialized.
INFO:root:Starting training...
/home/xysong/.conda/envs/OoD/lib/python3.9/site-packages/torch/optim/lr_scheduler.py:131: UserWarning: Detected call of `lr_scheduler.step()` before `optimizer.step()`. In PyTorch 1.1.0 and later, you should call them in the opposite order: `optimizer.step()` before `lr_scheduler.step()`.  Failure to do this will result in PyTorch skipping the first value of the learning rate schedule. See more details at https://pytorch.org/docs/stable/optim.html#how-to-adjust-learning-rate
  warnings.warn("Detected call of `lr_scheduler.step()` before `optimizer.step()`. "
INFO:root:| Epoch: 001/150 | Train Time: 5.249s | Train Loss: 1.110631 |
INFO:root:| Epoch: 002/150 | Train Time: 5.227s | Train Loss: 0.179780 |
INFO:root:| Epoch: 003/150 | Train Time: 5.229s | Train Loss: 0.108423 |
INFO:root:| Epoch: 004/150 | Train Time: 5.226s | Train Loss: 0.083643 |
INFO:root:| Epoch: 005/150 | Train Time: 5.236s | Train Loss: 0.070871 |
INFO:root:| Epoch: 006/150 | Train Time: 5.229s | Train Loss: 0.053312 |
INFO:root:| Epoch: 007/150 | Train Time: 5.232s | Train Loss: 0.051516 |
INFO:root:| Epoch: 008/150 | Train Time: 5.236s | Train Loss: 0.041122 |
INFO:root:| Epoch: 009/150 | Train Time: 5.249s | Train Loss: 0.034924 |
INFO:root:| Epoch: 010/150 | Train Time: 5.243s | Train Loss: 0.035647 |
INFO:root:| Epoch: 011/150 | Train Time: 5.245s | Train Loss: 0.030817 |
INFO:root:| Epoch: 012/150 | Train Time: 5.250s | Train Loss: 0.029712 |
INFO:root:| Epoch: 013/150 | Train Time: 5.352s | Train Loss: 0.034706 |
INFO:root:| Epoch: 014/150 | Train Time: 5.251s | Train Loss: 0.022645 |
INFO:root:| Epoch: 015/150 | Train Time: 5.243s | Train Loss: 0.039100 |
INFO:root:| Epoch: 016/150 | Train Time: 5.228s | Train Loss: 0.021545 |
INFO:root:| Epoch: 017/150 | Train Time: 5.229s | Train Loss: 0.022539 |
INFO:root:| Epoch: 018/150 | Train Time: 5.232s | Train Loss: 0.020419 |
INFO:root:| Epoch: 019/150 | Train Time: 5.228s | Train Loss: 0.019038 |
INFO:root:| Epoch: 020/150 | Train Time: 5.236s | Train Loss: 0.019122 |
INFO:root:| Epoch: 021/150 | Train Time: 5.234s | Train Loss: 0.020300 |
INFO:root:| Epoch: 022/150 | Train Time: 5.231s | Train Loss: 0.018404 |
INFO:root:| Epoch: 023/150 | Train Time: 5.230s | Train Loss: 0.017582 |
INFO:root:| Epoch: 024/150 | Train Time: 5.231s | Train Loss: 0.018867 |
INFO:root:| Epoch: 025/150 | Train Time: 5.252s | Train Loss: 0.018439 |
INFO:root:| Epoch: 026/150 | Train Time: 5.347s | Train Loss: 0.017311 |
INFO:root:| Epoch: 027/150 | Train Time: 5.259s | Train Loss: 0.015161 |
INFO:root:| Epoch: 028/150 | Train Time: 5.240s | Train Loss: 0.018216 |
INFO:root:| Epoch: 029/150 | Train Time: 5.241s | Train Loss: 0.017390 |
INFO:root:| Epoch: 030/150 | Train Time: 5.245s | Train Loss: 0.018058 |
INFO:root:| Epoch: 031/150 | Train Time: 5.252s | Train Loss: 0.013490 |
INFO:root:| Epoch: 032/150 | Train Time: 5.242s | Train Loss: 0.021053 |
INFO:root:| Epoch: 033/150 | Train Time: 5.241s | Train Loss: 0.012921 |
INFO:root:| Epoch: 034/150 | Train Time: 5.243s | Train Loss: 0.011369 |
INFO:root:| Epoch: 035/150 | Train Time: 5.242s | Train Loss: 0.014869 |
INFO:root:| Epoch: 036/150 | Train Time: 5.243s | Train Loss: 0.013132 |
INFO:root:| Epoch: 037/150 | Train Time: 5.255s | Train Loss: 0.011557 |
INFO:root:| Epoch: 038/150 | Train Time: 5.261s | Train Loss: 0.019193 |
INFO:root:| Epoch: 039/150 | Train Time: 5.346s | Train Loss: 0.014662 |
INFO:root:| Epoch: 040/150 | Train Time: 5.274s | Train Loss: 0.012532 |
INFO:root:| Epoch: 041/150 | Train Time: 5.249s | Train Loss: 0.025569 |
INFO:root:| Epoch: 042/150 | Train Time: 5.242s | Train Loss: 0.016024 |
INFO:root:| Epoch: 043/150 | Train Time: 5.236s | Train Loss: 0.010729 |
INFO:root:| Epoch: 044/150 | Train Time: 5.244s | Train Loss: 0.011951 |
INFO:root:| Epoch: 045/150 | Train Time: 5.236s | Train Loss: 0.013432 |
INFO:root:| Epoch: 046/150 | Train Time: 5.241s | Train Loss: 0.011232 |
INFO:root:| Epoch: 047/150 | Train Time: 5.241s | Train Loss: 0.011214 |
INFO:root:| Epoch: 048/150 | Train Time: 5.240s | Train Loss: 0.010942 |
INFO:root:| Epoch: 049/150 | Train Time: 5.249s | Train Loss: 0.024298 |
INFO:root:| Epoch: 050/150 | Train Time: 5.234s | Train Loss: 0.009768 |
/home/xysong/.conda/envs/OoD/lib/python3.9/site-packages/torch/optim/lr_scheduler.py:418: UserWarning: To get the last learning rate computed by the scheduler, please use `get_last_lr()`.
  warnings.warn("To get the last learning rate computed by the scheduler, "
INFO:root:  LR scheduler: new learning rate is 1e-05
INFO:root:| Epoch: 051/150 | Train Time: 5.246s | Train Loss: 0.009608 |
INFO:root:| Epoch: 052/150 | Train Time: 5.318s | Train Loss: 0.009776 |
INFO:root:| Epoch: 053/150 | Train Time: 5.278s | Train Loss: 0.009467 |
INFO:root:| Epoch: 054/150 | Train Time: 5.239s | Train Loss: 0.009349 |
INFO:root:| Epoch: 055/150 | Train Time: 5.231s | Train Loss: 0.009662 |
INFO:root:| Epoch: 056/150 | Train Time: 5.245s | Train Loss: 0.009308 |
INFO:root:| Epoch: 057/150 | Train Time: 5.243s | Train Loss: 0.009499 |
INFO:root:| Epoch: 058/150 | Train Time: 5.240s | Train Loss: 0.009090 |
INFO:root:| Epoch: 059/150 | Train Time: 5.238s | Train Loss: 0.008979 |
INFO:root:| Epoch: 060/150 | Train Time: 5.242s | Train Loss: 0.009734 |
INFO:root:| Epoch: 061/150 | Train Time: 5.237s | Train Loss: 0.009570 |
INFO:root:| Epoch: 062/150 | Train Time: 5.240s | Train Loss: 0.009275 |
INFO:root:| Epoch: 063/150 | Train Time: 5.242s | Train Loss: 0.009391 |
INFO:root:| Epoch: 064/150 | Train Time: 5.261s | Train Loss: 0.009570 |
INFO:root:| Epoch: 065/150 | Train Time: 5.312s | Train Loss: 0.009097 |
INFO:root:| Epoch: 066/150 | Train Time: 5.322s | Train Loss: 0.009404 |
INFO:root:| Epoch: 067/150 | Train Time: 5.257s | Train Loss: 0.009288 |
INFO:root:| Epoch: 068/150 | Train Time: 5.249s | Train Loss: 0.009071 |
INFO:root:| Epoch: 069/150 | Train Time: 5.237s | Train Loss: 0.008910 |
INFO:root:| Epoch: 070/150 | Train Time: 5.242s | Train Loss: 0.009238 |
INFO:root:| Epoch: 071/150 | Train Time: 5.239s | Train Loss: 0.009338 |
INFO:root:| Epoch: 072/150 | Train Time: 5.246s | Train Loss: 0.008996 |
INFO:root:| Epoch: 073/150 | Train Time: 5.239s | Train Loss: 0.009389 |
INFO:root:| Epoch: 074/150 | Train Time: 5.238s | Train Loss: 0.008908 |
INFO:root:| Epoch: 075/150 | Train Time: 5.238s | Train Loss: 0.008931 |
INFO:root:| Epoch: 076/150 | Train Time: 5.238s | Train Loss: 0.009152 |
INFO:root:| Epoch: 077/150 | Train Time: 5.259s | Train Loss: 0.009170 |
INFO:root:| Epoch: 078/150 | Train Time: 5.298s | Train Loss: 0.009383 |
INFO:root:| Epoch: 079/150 | Train Time: 5.335s | Train Loss: 0.008930 |
INFO:root:| Epoch: 080/150 | Train Time: 5.259s | Train Loss: 0.009101 |
INFO:root:| Epoch: 081/150 | Train Time: 5.252s | Train Loss: 0.009096 |
INFO:root:| Epoch: 082/150 | Train Time: 5.261s | Train Loss: 0.009211 |
INFO:root:| Epoch: 083/150 | Train Time: 5.322s | Train Loss: 0.008940 |
INFO:root:| Epoch: 084/150 | Train Time: 5.288s | Train Loss: 0.009418 |
INFO:root:| Epoch: 085/150 | Train Time: 5.270s | Train Loss: 0.009075 |
INFO:root:| Epoch: 086/150 | Train Time: 5.256s | Train Loss: 0.009219 |
INFO:root:| Epoch: 087/150 | Train Time: 5.241s | Train Loss: 0.009123 |
INFO:root:| Epoch: 088/150 | Train Time: 5.239s | Train Loss: 0.008761 |
INFO:root:| Epoch: 089/150 | Train Time: 5.242s | Train Loss: 0.009276 |
INFO:root:| Epoch: 090/150 | Train Time: 5.258s | Train Loss: 0.009154 |
INFO:root:| Epoch: 091/150 | Train Time: 5.278s | Train Loss: 0.009060 |
INFO:root:| Epoch: 092/150 | Train Time: 5.345s | Train Loss: 0.009065 |
INFO:root:| Epoch: 093/150 | Train Time: 5.239s | Train Loss: 0.009187 |
INFO:root:| Epoch: 094/150 | Train Time: 5.241s | Train Loss: 0.009368 |
INFO:root:| Epoch: 095/150 | Train Time: 5.238s | Train Loss: 0.008785 |
INFO:root:| Epoch: 096/150 | Train Time: 5.236s | Train Loss: 0.009341 |
INFO:root:| Epoch: 097/150 | Train Time: 5.233s | Train Loss: 0.009244 |
INFO:root:| Epoch: 098/150 | Train Time: 5.241s | Train Loss: 0.008943 |
INFO:root:| Epoch: 099/150 | Train Time: 5.234s | Train Loss: 0.009168 |
INFO:root:| Epoch: 100/150 | Train Time: 5.240s | Train Loss: 0.009208 |
INFO:root:| Epoch: 101/150 | Train Time: 5.235s | Train Loss: 0.008868 |
INFO:root:| Epoch: 102/150 | Train Time: 5.242s | Train Loss: 0.009014 |
INFO:root:| Epoch: 103/150 | Train Time: 5.246s | Train Loss: 0.009196 |
INFO:root:| Epoch: 104/150 | Train Time: 5.258s | Train Loss: 0.009548 |
INFO:root:| Epoch: 105/150 | Train Time: 5.353s | Train Loss: 0.008967 |
INFO:root:| Epoch: 106/150 | Train Time: 5.254s | Train Loss: 0.009058 |
INFO:root:| Epoch: 107/150 | Train Time: 5.240s | Train Loss: 0.008572 |
INFO:root:| Epoch: 108/150 | Train Time: 5.246s | Train Loss: 0.008974 |
INFO:root:| Epoch: 109/150 | Train Time: 5.238s | Train Loss: 0.009419 |
INFO:root:| Epoch: 110/150 | Train Time: 5.245s | Train Loss: 0.008982 |
INFO:root:| Epoch: 111/150 | Train Time: 5.238s | Train Loss: 0.008987 |
INFO:root:| Epoch: 112/150 | Train Time: 5.239s | Train Loss: 0.009186 |
INFO:root:| Epoch: 113/150 | Train Time: 5.237s | Train Loss: 0.009199 |
INFO:root:| Epoch: 114/150 | Train Time: 5.241s | Train Loss: 0.009037 |
INFO:root:| Epoch: 115/150 | Train Time: 5.239s | Train Loss: 0.008914 |
INFO:root:| Epoch: 116/150 | Train Time: 5.244s | Train Loss: 0.008736 |
INFO:root:| Epoch: 117/150 | Train Time: 5.274s | Train Loss: 0.008542 |
INFO:root:| Epoch: 118/150 | Train Time: 5.370s | Train Loss: 0.009212 |
INFO:root:| Epoch: 119/150 | Train Time: 5.265s | Train Loss: 0.008681 |
INFO:root:| Epoch: 120/150 | Train Time: 5.246s | Train Loss: 0.009012 |
INFO:root:| Epoch: 121/150 | Train Time: 5.246s | Train Loss: 0.009163 |
INFO:root:| Epoch: 122/150 | Train Time: 5.240s | Train Loss: 0.008945 |
INFO:root:| Epoch: 123/150 | Train Time: 5.253s | Train Loss: 0.009064 |
INFO:root:| Epoch: 124/150 | Train Time: 5.241s | Train Loss: 0.008889 |
INFO:root:| Epoch: 125/150 | Train Time: 5.240s | Train Loss: 0.008798 |
INFO:root:| Epoch: 126/150 | Train Time: 5.239s | Train Loss: 0.008583 |
INFO:root:| Epoch: 127/150 | Train Time: 5.233s | Train Loss: 0.008708 |
INFO:root:| Epoch: 128/150 | Train Time: 5.241s | Train Loss: 0.009067 |
INFO:root:| Epoch: 129/150 | Train Time: 5.240s | Train Loss: 0.008749 |
INFO:root:| Epoch: 130/150 | Train Time: 5.262s | Train Loss: 0.008247 |
INFO:root:| Epoch: 131/150 | Train Time: 5.236s | Train Loss: 0.009093 |
INFO:root:| Epoch: 132/150 | Train Time: 5.361s | Train Loss: 0.008748 |
INFO:root:| Epoch: 133/150 | Train Time: 5.244s | Train Loss: 0.009000 |
INFO:root:| Epoch: 134/150 | Train Time: 5.247s | Train Loss: 0.009128 |
INFO:root:| Epoch: 135/150 | Train Time: 5.244s | Train Loss: 0.008915 |
INFO:root:| Epoch: 136/150 | Train Time: 5.248s | Train Loss: 0.009030 |
INFO:root:| Epoch: 137/150 | Train Time: 5.245s | Train Loss: 0.009140 |
INFO:root:| Epoch: 138/150 | Train Time: 5.247s | Train Loss: 0.008679 |
INFO:root:| Epoch: 139/150 | Train Time: 5.240s | Train Loss: 0.009073 |
INFO:root:| Epoch: 140/150 | Train Time: 5.248s | Train Loss: 0.008746 |
INFO:root:| Epoch: 141/150 | Train Time: 5.244s | Train Loss: 0.008888 |
INFO:root:| Epoch: 142/150 | Train Time: 5.248s | Train Loss: 0.008816 |
INFO:root:| Epoch: 143/150 | Train Time: 5.267s | Train Loss: 0.008922 |
INFO:root:| Epoch: 144/150 | Train Time: 5.352s | Train Loss: 0.008411 |
INFO:root:| Epoch: 145/150 | Train Time: 5.278s | Train Loss: 0.008592 |
INFO:root:| Epoch: 146/150 | Train Time: 5.247s | Train Loss: 0.009210 |
INFO:root:| Epoch: 147/150 | Train Time: 5.244s | Train Loss: 0.008543 |
INFO:root:| Epoch: 148/150 | Train Time: 5.252s | Train Loss: 0.009001 |
INFO:root:| Epoch: 149/150 | Train Time: 5.249s | Train Loss: 0.008686 |
INFO:root:| Epoch: 150/150 | Train Time: 5.246s | Train Loss: 0.008883 |
INFO:root:Training Time: 788.064s
INFO:root:Finished training.
INFO:root:Starting testing...
INFO:root:Testing TPR95: 0.0086
INFO:root:Testing TPR99: 0.0010
INFO:root:Test Loss: 3.216726
INFO:root:Test AUC: 46.98%
INFO:root:Test Time: 1.006s
INFO:root:Finished testing.
Outlier classes: [8, 9]
Original training data size:  60000 torch.Size([60000, 28, 28])
Using number-pre-sampled sampler
Train set shape: torch.Size([48200, 28, 28])
Train set size: 48232
Train targets size: 48232
Train semi-targets size: 48232
Counter({1: 6742, 7: 6265, 3: 6131, 2: 5958, 0: 5923, 6: 5918, 4: 5842, 5: 5421, 8: 16, 9: 16})
InD Test Size: 8017, OoD Test Size: 1983, TPR95: 0.0086
InD Test Size: 8017, OoD Test Size: 1983, TPR99: 0.0010
