mkdir: cannot create directory ‘log/DeepSAD’: File exists
mkdir: cannot create directory ‘log/DeepSAD/mnist-Balanced-2048’: File exists
INFO:root:Log file is ../log/DeepSAD/mnist-Balanced-2048/log.txt
INFO:root:Data path is ../data
INFO:root:Export path is ../log/DeepSAD/mnist-Balanced-2048
INFO:root:Dataset: mnist
INFO:root:Normal class: [0, 1, 2, 3, 4, 5, 6, 7]
INFO:root:Ratio of labeled normal train samples: 0.00
INFO:root:Ratio of labeled anomalous samples: 0.01
INFO:root:Pollution ratio of unlabeled train data: 0.10
INFO:root:Known anomaly class: 1
INFO:root:Network: mnist_LeNet
INFO:root:Eta-parameter: 1.00
INFO:root:Set seed to 999.
INFO:root:Computation device: cuda
INFO:root:Number of threads: 0
INFO:root:Number of dataloader workers: 0
INFO:root:Pretraining: True
INFO:root:Pretraining optimizer: adam
INFO:root:Pretraining learning rate: 0.001
INFO:root:Pretraining epochs: 100
INFO:root:Pretraining learning rate scheduler milestones: (0,)
INFO:root:Pretraining batch size: 128
INFO:root:Pretraining weight decay: 1e-06
INFO:root:Starting pretraining...
/home/xysong/.conda/envs/OoD/lib/python3.9/site-packages/torch/optim/lr_scheduler.py:131: UserWarning: Detected call of `lr_scheduler.step()` before `optimizer.step()`. In PyTorch 1.1.0 and later, you should call them in the opposite order: `optimizer.step()` before `lr_scheduler.step()`.  Failure to do this will result in PyTorch skipping the first value of the learning rate schedule. See more details at https://pytorch.org/docs/stable/optim.html#how-to-adjust-learning-rate
  warnings.warn("Detected call of `lr_scheduler.step()` before `optimizer.step()`. "
/home/xysong/.conda/envs/OoD/lib/python3.9/site-packages/torch/optim/lr_scheduler.py:418: UserWarning: To get the last learning rate computed by the scheduler, please use `get_last_lr()`.
  warnings.warn("To get the last learning rate computed by the scheduler, "
INFO:root:  LR scheduler: new learning rate is 0.0001
INFO:root:| Epoch: 001/100 | Train Time: 6.012s | Train Loss: 0.067092 |
INFO:root:| Epoch: 002/100 | Train Time: 5.618s | Train Loss: 0.014087 |
INFO:root:| Epoch: 003/100 | Train Time: 5.738s | Train Loss: 0.010856 |
INFO:root:| Epoch: 004/100 | Train Time: 5.623s | Train Loss: 0.009659 |
INFO:root:| Epoch: 005/100 | Train Time: 5.620s | Train Loss: 0.008949 |
INFO:root:| Epoch: 006/100 | Train Time: 5.697s | Train Loss: 0.008398 |
INFO:root:| Epoch: 007/100 | Train Time: 5.681s | Train Loss: 0.007925 |
INFO:root:| Epoch: 008/100 | Train Time: 5.627s | Train Loss: 0.007528 |
INFO:root:| Epoch: 009/100 | Train Time: 5.622s | Train Loss: 0.007129 |
INFO:root:| Epoch: 010/100 | Train Time: 5.662s | Train Loss: 0.006754 |
INFO:root:| Epoch: 011/100 | Train Time: 5.712s | Train Loss: 0.006406 |
INFO:root:| Epoch: 012/100 | Train Time: 5.622s | Train Loss: 0.006101 |
INFO:root:| Epoch: 013/100 | Train Time: 5.620s | Train Loss: 0.005844 |
INFO:root:| Epoch: 014/100 | Train Time: 5.627s | Train Loss: 0.005632 |
INFO:root:| Epoch: 015/100 | Train Time: 5.645s | Train Loss: 0.005447 |
INFO:root:| Epoch: 016/100 | Train Time: 5.743s | Train Loss: 0.005272 |
INFO:root:| Epoch: 017/100 | Train Time: 5.667s | Train Loss: 0.005122 |
INFO:root:| Epoch: 018/100 | Train Time: 5.639s | Train Loss: 0.004982 |
INFO:root:| Epoch: 019/100 | Train Time: 5.626s | Train Loss: 0.004854 |
INFO:root:| Epoch: 020/100 | Train Time: 5.631s | Train Loss: 0.004721 |
INFO:root:| Epoch: 021/100 | Train Time: 5.634s | Train Loss: 0.004615 |
INFO:root:| Epoch: 022/100 | Train Time: 5.636s | Train Loss: 0.004511 |
INFO:root:| Epoch: 023/100 | Train Time: 5.717s | Train Loss: 0.004415 |
INFO:root:| Epoch: 024/100 | Train Time: 5.679s | Train Loss: 0.004324 |
INFO:root:| Epoch: 025/100 | Train Time: 5.630s | Train Loss: 0.004236 |
INFO:root:| Epoch: 026/100 | Train Time: 5.639s | Train Loss: 0.004192 |
INFO:root:| Epoch: 027/100 | Train Time: 5.641s | Train Loss: 0.004118 |
INFO:root:| Epoch: 028/100 | Train Time: 5.641s | Train Loss: 0.004069 |
INFO:root:| Epoch: 029/100 | Train Time: 5.641s | Train Loss: 0.004013 |
INFO:root:| Epoch: 030/100 | Train Time: 5.635s | Train Loss: 0.003966 |
INFO:root:| Epoch: 031/100 | Train Time: 5.661s | Train Loss: 0.003927 |
INFO:root:| Epoch: 032/100 | Train Time: 5.700s | Train Loss: 0.003878 |
INFO:root:| Epoch: 033/100 | Train Time: 5.738s | Train Loss: 0.003852 |
INFO:root:| Epoch: 034/100 | Train Time: 5.659s | Train Loss: 0.003815 |
INFO:root:| Epoch: 035/100 | Train Time: 5.649s | Train Loss: 0.003792 |
INFO:root:| Epoch: 036/100 | Train Time: 5.652s | Train Loss: 0.003743 |
INFO:root:| Epoch: 037/100 | Train Time: 5.649s | Train Loss: 0.003729 |
INFO:root:| Epoch: 038/100 | Train Time: 5.646s | Train Loss: 0.003692 |
INFO:root:| Epoch: 039/100 | Train Time: 5.642s | Train Loss: 0.003665 |
INFO:root:| Epoch: 040/100 | Train Time: 5.640s | Train Loss: 0.003648 |
INFO:root:| Epoch: 041/100 | Train Time: 5.642s | Train Loss: 0.003628 |
INFO:root:| Epoch: 042/100 | Train Time: 5.640s | Train Loss: 0.003606 |
INFO:root:| Epoch: 043/100 | Train Time: 5.645s | Train Loss: 0.003586 |
INFO:root:| Epoch: 044/100 | Train Time: 5.710s | Train Loss: 0.003568 |
INFO:root:| Epoch: 045/100 | Train Time: 5.717s | Train Loss: 0.003547 |
INFO:root:| Epoch: 046/100 | Train Time: 5.643s | Train Loss: 0.003530 |
INFO:root:| Epoch: 047/100 | Train Time: 5.647s | Train Loss: 0.003517 |
INFO:root:| Epoch: 048/100 | Train Time: 5.645s | Train Loss: 0.003497 |
INFO:root:| Epoch: 049/100 | Train Time: 5.654s | Train Loss: 0.003488 |
INFO:root:| Epoch: 050/100 | Train Time: 5.653s | Train Loss: 0.003469 |
INFO:root:| Epoch: 051/100 | Train Time: 5.670s | Train Loss: 0.003450 |
INFO:root:| Epoch: 052/100 | Train Time: 5.667s | Train Loss: 0.003443 |
INFO:root:| Epoch: 053/100 | Train Time: 5.654s | Train Loss: 0.003431 |
INFO:root:| Epoch: 054/100 | Train Time: 5.646s | Train Loss: 0.003408 |
INFO:root:| Epoch: 055/100 | Train Time: 5.652s | Train Loss: 0.003401 |
INFO:root:| Epoch: 056/100 | Train Time: 5.694s | Train Loss: 0.003389 |
INFO:root:| Epoch: 057/100 | Train Time: 5.735s | Train Loss: 0.003376 |
INFO:root:| Epoch: 058/100 | Train Time: 5.644s | Train Loss: 0.003364 |
INFO:root:| Epoch: 059/100 | Train Time: 5.647s | Train Loss: 0.003352 |
INFO:root:| Epoch: 060/100 | Train Time: 5.652s | Train Loss: 0.003338 |
INFO:root:| Epoch: 061/100 | Train Time: 5.647s | Train Loss: 0.003330 |
INFO:root:| Epoch: 062/100 | Train Time: 5.649s | Train Loss: 0.003312 |
INFO:root:| Epoch: 063/100 | Train Time: 5.652s | Train Loss: 0.003303 |
INFO:root:| Epoch: 064/100 | Train Time: 5.651s | Train Loss: 0.003287 |
INFO:root:| Epoch: 065/100 | Train Time: 5.649s | Train Loss: 0.003275 |
INFO:root:| Epoch: 066/100 | Train Time: 5.647s | Train Loss: 0.003263 |
INFO:root:| Epoch: 067/100 | Train Time: 5.654s | Train Loss: 0.003257 |
INFO:root:| Epoch: 068/100 | Train Time: 5.691s | Train Loss: 0.003247 |
INFO:root:| Epoch: 069/100 | Train Time: 5.779s | Train Loss: 0.003226 |
INFO:root:| Epoch: 070/100 | Train Time: 5.663s | Train Loss: 0.003225 |
INFO:root:| Epoch: 071/100 | Train Time: 5.671s | Train Loss: 0.003214 |
INFO:root:| Epoch: 072/100 | Train Time: 5.660s | Train Loss: 0.003199 |
INFO:root:| Epoch: 073/100 | Train Time: 5.662s | Train Loss: 0.003192 |
INFO:root:| Epoch: 074/100 | Train Time: 5.658s | Train Loss: 0.003190 |
INFO:root:| Epoch: 075/100 | Train Time: 5.657s | Train Loss: 0.003173 |
INFO:root:| Epoch: 076/100 | Train Time: 5.662s | Train Loss: 0.003167 |
INFO:root:| Epoch: 077/100 | Train Time: 5.666s | Train Loss: 0.003157 |
INFO:root:| Epoch: 078/100 | Train Time: 5.661s | Train Loss: 0.003148 |
INFO:root:| Epoch: 079/100 | Train Time: 5.664s | Train Loss: 0.003138 |
INFO:root:| Epoch: 080/100 | Train Time: 5.668s | Train Loss: 0.003125 |
INFO:root:| Epoch: 081/100 | Train Time: 5.773s | Train Loss: 0.003118 |
INFO:root:| Epoch: 082/100 | Train Time: 5.671s | Train Loss: 0.003115 |
INFO:root:| Epoch: 083/100 | Train Time: 5.659s | Train Loss: 0.003101 |
INFO:root:| Epoch: 084/100 | Train Time: 5.672s | Train Loss: 0.003098 |
INFO:root:| Epoch: 085/100 | Train Time: 5.668s | Train Loss: 0.003096 |
INFO:root:| Epoch: 086/100 | Train Time: 5.665s | Train Loss: 0.003083 |
INFO:root:| Epoch: 087/100 | Train Time: 5.670s | Train Loss: 0.003077 |
INFO:root:| Epoch: 088/100 | Train Time: 5.659s | Train Loss: 0.003066 |
INFO:root:| Epoch: 089/100 | Train Time: 5.663s | Train Loss: 0.003055 |
INFO:root:| Epoch: 090/100 | Train Time: 5.652s | Train Loss: 0.003054 |
INFO:root:| Epoch: 091/100 | Train Time: 5.675s | Train Loss: 0.003041 |
INFO:root:| Epoch: 092/100 | Train Time: 5.686s | Train Loss: 0.003039 |
INFO:root:| Epoch: 093/100 | Train Time: 5.763s | Train Loss: 0.003035 |
INFO:root:| Epoch: 094/100 | Train Time: 5.688s | Train Loss: 0.003022 |
INFO:root:| Epoch: 095/100 | Train Time: 5.661s | Train Loss: 0.003029 |
INFO:root:| Epoch: 096/100 | Train Time: 5.656s | Train Loss: 0.003018 |
INFO:root:| Epoch: 097/100 | Train Time: 5.661s | Train Loss: 0.003009 |
INFO:root:| Epoch: 098/100 | Train Time: 5.660s | Train Loss: 0.003013 |
INFO:root:| Epoch: 099/100 | Train Time: 5.658s | Train Loss: 0.003005 |
INFO:root:| Epoch: 100/100 | Train Time: 5.668s | Train Loss: 0.002998 |
INFO:root:Pretraining Time: 566.689s
INFO:root:Finished pretraining.
INFO:root:Testing autoencoder...
INFO:root:Test Loss: 0.102361
INFO:root:Test AUC: 63.01%
INFO:root:Test Time: 0.859s
INFO:root:Finished testing autoencoder.
INFO:root:Training optimizer: adam
INFO:root:Training learning rate: 0.0001
INFO:root:Training epochs: 150
INFO:root:Training learning rate scheduler milestones: (50,)
INFO:root:Training batch size: 128
INFO:root:Training weight decay: 5e-07
INFO:root:Initializing center c...
INFO:root:Center c initialized.
INFO:root:Starting training...
/home/xysong/.conda/envs/OoD/lib/python3.9/site-packages/torch/optim/lr_scheduler.py:131: UserWarning: Detected call of `lr_scheduler.step()` before `optimizer.step()`. In PyTorch 1.1.0 and later, you should call them in the opposite order: `optimizer.step()` before `lr_scheduler.step()`.  Failure to do this will result in PyTorch skipping the first value of the learning rate schedule. See more details at https://pytorch.org/docs/stable/optim.html#how-to-adjust-learning-rate
  warnings.warn("Detected call of `lr_scheduler.step()` before `optimizer.step()`. "
INFO:root:| Epoch: 001/150 | Train Time: 4.834s | Train Loss: 0.698225 |
INFO:root:| Epoch: 002/150 | Train Time: 4.852s | Train Loss: 0.208473 |
INFO:root:| Epoch: 003/150 | Train Time: 4.836s | Train Loss: 0.159001 |
INFO:root:| Epoch: 004/150 | Train Time: 4.854s | Train Loss: 0.137165 |
INFO:root:| Epoch: 005/150 | Train Time: 4.953s | Train Loss: 0.124421 |
INFO:root:| Epoch: 006/150 | Train Time: 4.850s | Train Loss: 0.113533 |
INFO:root:| Epoch: 007/150 | Train Time: 4.838s | Train Loss: 0.106211 |
INFO:root:| Epoch: 008/150 | Train Time: 4.846s | Train Loss: 0.097668 |
INFO:root:| Epoch: 009/150 | Train Time: 4.839s | Train Loss: 0.090204 |
INFO:root:| Epoch: 010/150 | Train Time: 4.841s | Train Loss: 0.087062 |
INFO:root:| Epoch: 011/150 | Train Time: 4.837s | Train Loss: 0.082714 |
INFO:root:| Epoch: 012/150 | Train Time: 4.837s | Train Loss: 0.079099 |
INFO:root:| Epoch: 013/150 | Train Time: 4.841s | Train Loss: 0.075692 |
INFO:root:| Epoch: 014/150 | Train Time: 4.849s | Train Loss: 0.075095 |
INFO:root:| Epoch: 015/150 | Train Time: 4.837s | Train Loss: 0.070297 |
INFO:root:| Epoch: 016/150 | Train Time: 4.840s | Train Loss: 0.068988 |
INFO:root:| Epoch: 017/150 | Train Time: 4.848s | Train Loss: 0.066152 |
INFO:root:| Epoch: 018/150 | Train Time: 4.853s | Train Loss: 0.065750 |
INFO:root:| Epoch: 019/150 | Train Time: 4.934s | Train Loss: 0.065122 |
INFO:root:| Epoch: 020/150 | Train Time: 4.860s | Train Loss: 0.062510 |
INFO:root:| Epoch: 021/150 | Train Time: 4.839s | Train Loss: 0.062294 |
INFO:root:| Epoch: 022/150 | Train Time: 4.835s | Train Loss: 0.061798 |
INFO:root:| Epoch: 023/150 | Train Time: 4.840s | Train Loss: 0.060481 |
INFO:root:| Epoch: 024/150 | Train Time: 4.837s | Train Loss: 0.060613 |
INFO:root:| Epoch: 025/150 | Train Time: 4.839s | Train Loss: 0.059282 |
INFO:root:| Epoch: 026/150 | Train Time: 4.834s | Train Loss: 0.058966 |
INFO:root:| Epoch: 027/150 | Train Time: 4.842s | Train Loss: 0.058278 |
INFO:root:| Epoch: 028/150 | Train Time: 4.844s | Train Loss: 0.057423 |
INFO:root:| Epoch: 029/150 | Train Time: 4.846s | Train Loss: 0.056605 |
INFO:root:| Epoch: 030/150 | Train Time: 4.846s | Train Loss: 0.056603 |
INFO:root:| Epoch: 031/150 | Train Time: 4.834s | Train Loss: 0.056313 |
INFO:root:| Epoch: 032/150 | Train Time: 4.847s | Train Loss: 0.055871 |
INFO:root:| Epoch: 033/150 | Train Time: 4.927s | Train Loss: 0.055799 |
INFO:root:| Epoch: 034/150 | Train Time: 4.878s | Train Loss: 0.055392 |
INFO:root:| Epoch: 035/150 | Train Time: 4.830s | Train Loss: 0.054771 |
INFO:root:| Epoch: 036/150 | Train Time: 4.838s | Train Loss: 0.054919 |
INFO:root:| Epoch: 037/150 | Train Time: 4.835s | Train Loss: 0.054153 |
INFO:root:| Epoch: 038/150 | Train Time: 4.836s | Train Loss: 0.054051 |
INFO:root:| Epoch: 039/150 | Train Time: 4.831s | Train Loss: 0.053679 |
INFO:root:| Epoch: 040/150 | Train Time: 4.833s | Train Loss: 0.054559 |
INFO:root:| Epoch: 041/150 | Train Time: 4.832s | Train Loss: 0.053789 |
INFO:root:| Epoch: 042/150 | Train Time: 4.834s | Train Loss: 0.053671 |
INFO:root:| Epoch: 043/150 | Train Time: 4.830s | Train Loss: 0.053936 |
INFO:root:| Epoch: 044/150 | Train Time: 4.838s | Train Loss: 0.053351 |
INFO:root:| Epoch: 045/150 | Train Time: 4.831s | Train Loss: 0.053140 |
INFO:root:| Epoch: 046/150 | Train Time: 4.845s | Train Loss: 0.052321 |
INFO:root:| Epoch: 047/150 | Train Time: 4.903s | Train Loss: 0.052673 |
INFO:root:| Epoch: 048/150 | Train Time: 4.899s | Train Loss: 0.052016 |
INFO:root:| Epoch: 049/150 | Train Time: 4.842s | Train Loss: 0.052371 |
INFO:root:| Epoch: 050/150 | Train Time: 4.833s | Train Loss: 0.051241 |
/home/xysong/.conda/envs/OoD/lib/python3.9/site-packages/torch/optim/lr_scheduler.py:418: UserWarning: To get the last learning rate computed by the scheduler, please use `get_last_lr()`.
  warnings.warn("To get the last learning rate computed by the scheduler, "
INFO:root:  LR scheduler: new learning rate is 1e-05
INFO:root:| Epoch: 051/150 | Train Time: 4.835s | Train Loss: 0.050524 |
INFO:root:| Epoch: 052/150 | Train Time: 4.841s | Train Loss: 0.050730 |
INFO:root:| Epoch: 053/150 | Train Time: 4.841s | Train Loss: 0.050698 |
INFO:root:| Epoch: 054/150 | Train Time: 4.846s | Train Loss: 0.050658 |
INFO:root:| Epoch: 055/150 | Train Time: 4.849s | Train Loss: 0.051042 |
INFO:root:| Epoch: 056/150 | Train Time: 4.840s | Train Loss: 0.050680 |
INFO:root:| Epoch: 057/150 | Train Time: 4.844s | Train Loss: 0.050591 |
INFO:root:| Epoch: 058/150 | Train Time: 4.843s | Train Loss: 0.050604 |
INFO:root:| Epoch: 059/150 | Train Time: 4.849s | Train Loss: 0.051066 |
INFO:root:| Epoch: 060/150 | Train Time: 4.869s | Train Loss: 0.050918 |
INFO:root:| Epoch: 061/150 | Train Time: 4.906s | Train Loss: 0.050412 |
INFO:root:| Epoch: 062/150 | Train Time: 4.938s | Train Loss: 0.050702 |
INFO:root:| Epoch: 063/150 | Train Time: 4.837s | Train Loss: 0.050528 |
INFO:root:| Epoch: 064/150 | Train Time: 4.843s | Train Loss: 0.050699 |
INFO:root:| Epoch: 065/150 | Train Time: 4.846s | Train Loss: 0.050612 |
INFO:root:| Epoch: 066/150 | Train Time: 4.839s | Train Loss: 0.050302 |
INFO:root:| Epoch: 067/150 | Train Time: 4.845s | Train Loss: 0.050606 |
INFO:root:| Epoch: 068/150 | Train Time: 4.839s | Train Loss: 0.050653 |
INFO:root:| Epoch: 069/150 | Train Time: 4.839s | Train Loss: 0.050773 |
INFO:root:| Epoch: 070/150 | Train Time: 4.839s | Train Loss: 0.050211 |
INFO:root:| Epoch: 071/150 | Train Time: 4.839s | Train Loss: 0.050157 |
INFO:root:| Epoch: 072/150 | Train Time: 4.845s | Train Loss: 0.050652 |
INFO:root:| Epoch: 073/150 | Train Time: 4.856s | Train Loss: 0.050545 |
INFO:root:| Epoch: 074/150 | Train Time: 4.865s | Train Loss: 0.050561 |
INFO:root:| Epoch: 075/150 | Train Time: 4.884s | Train Loss: 0.050673 |
INFO:root:| Epoch: 076/150 | Train Time: 4.953s | Train Loss: 0.050021 |
INFO:root:| Epoch: 077/150 | Train Time: 4.843s | Train Loss: 0.050324 |
INFO:root:| Epoch: 078/150 | Train Time: 4.839s | Train Loss: 0.050397 |
INFO:root:| Epoch: 079/150 | Train Time: 4.845s | Train Loss: 0.050157 |
INFO:root:| Epoch: 080/150 | Train Time: 4.842s | Train Loss: 0.050093 |
INFO:root:| Epoch: 081/150 | Train Time: 4.839s | Train Loss: 0.049950 |
INFO:root:| Epoch: 082/150 | Train Time: 4.842s | Train Loss: 0.049949 |
INFO:root:| Epoch: 083/150 | Train Time: 4.840s | Train Loss: 0.050132 |
INFO:root:| Epoch: 084/150 | Train Time: 4.844s | Train Loss: 0.049986 |
INFO:root:| Epoch: 085/150 | Train Time: 4.846s | Train Loss: 0.050404 |
INFO:root:| Epoch: 086/150 | Train Time: 4.842s | Train Loss: 0.050455 |
INFO:root:| Epoch: 087/150 | Train Time: 4.839s | Train Loss: 0.049954 |
INFO:root:| Epoch: 088/150 | Train Time: 4.852s | Train Loss: 0.050130 |
INFO:root:| Epoch: 089/150 | Train Time: 4.843s | Train Loss: 0.050352 |
INFO:root:| Epoch: 090/150 | Train Time: 4.953s | Train Loss: 0.050234 |
INFO:root:| Epoch: 091/150 | Train Time: 4.841s | Train Loss: 0.049897 |
INFO:root:| Epoch: 092/150 | Train Time: 4.840s | Train Loss: 0.050150 |
INFO:root:| Epoch: 093/150 | Train Time: 4.845s | Train Loss: 0.050205 |
INFO:root:| Epoch: 094/150 | Train Time: 4.837s | Train Loss: 0.049863 |
INFO:root:| Epoch: 095/150 | Train Time: 4.840s | Train Loss: 0.050022 |
INFO:root:| Epoch: 096/150 | Train Time: 4.848s | Train Loss: 0.050013 |
INFO:root:| Epoch: 097/150 | Train Time: 4.851s | Train Loss: 0.049921 |
INFO:root:| Epoch: 098/150 | Train Time: 4.850s | Train Loss: 0.050082 |
INFO:root:| Epoch: 099/150 | Train Time: 4.856s | Train Loss: 0.049981 |
INFO:root:| Epoch: 100/150 | Train Time: 4.838s | Train Loss: 0.050147 |
INFO:root:| Epoch: 101/150 | Train Time: 4.841s | Train Loss: 0.049851 |
INFO:root:| Epoch: 102/150 | Train Time: 4.840s | Train Loss: 0.050129 |
INFO:root:| Epoch: 103/150 | Train Time: 4.863s | Train Loss: 0.049900 |
INFO:root:| Epoch: 104/150 | Train Time: 4.960s | Train Loss: 0.050012 |
INFO:root:| Epoch: 105/150 | Train Time: 4.853s | Train Loss: 0.049814 |
INFO:root:| Epoch: 106/150 | Train Time: 4.839s | Train Loss: 0.049966 |
INFO:root:| Epoch: 107/150 | Train Time: 4.844s | Train Loss: 0.049835 |
INFO:root:| Epoch: 108/150 | Train Time: 4.841s | Train Loss: 0.049758 |
INFO:root:| Epoch: 109/150 | Train Time: 4.840s | Train Loss: 0.049623 |
INFO:root:| Epoch: 110/150 | Train Time: 4.845s | Train Loss: 0.049873 |
INFO:root:| Epoch: 111/150 | Train Time: 4.843s | Train Loss: 0.049838 |
INFO:root:| Epoch: 112/150 | Train Time: 4.841s | Train Loss: 0.049880 |
INFO:root:| Epoch: 113/150 | Train Time: 4.837s | Train Loss: 0.049194 |
INFO:root:| Epoch: 114/150 | Train Time: 4.842s | Train Loss: 0.049459 |
INFO:root:| Epoch: 115/150 | Train Time: 4.846s | Train Loss: 0.049746 |
INFO:root:| Epoch: 116/150 | Train Time: 4.845s | Train Loss: 0.049258 |
INFO:root:| Epoch: 117/150 | Train Time: 4.869s | Train Loss: 0.049531 |
INFO:root:| Epoch: 118/150 | Train Time: 4.950s | Train Loss: 0.049739 |
INFO:root:| Epoch: 119/150 | Train Time: 4.875s | Train Loss: 0.049631 |
INFO:root:| Epoch: 120/150 | Train Time: 4.850s | Train Loss: 0.049784 |
INFO:root:| Epoch: 121/150 | Train Time: 4.848s | Train Loss: 0.049522 |
INFO:root:| Epoch: 122/150 | Train Time: 4.860s | Train Loss: 0.049655 |
INFO:root:| Epoch: 123/150 | Train Time: 4.859s | Train Loss: 0.049405 |
INFO:root:| Epoch: 124/150 | Train Time: 4.852s | Train Loss: 0.049731 |
INFO:root:| Epoch: 125/150 | Train Time: 4.856s | Train Loss: 0.049276 |
INFO:root:| Epoch: 126/150 | Train Time: 4.843s | Train Loss: 0.049613 |
INFO:root:| Epoch: 127/150 | Train Time: 4.854s | Train Loss: 0.049335 |
INFO:root:| Epoch: 128/150 | Train Time: 4.850s | Train Loss: 0.049489 |
INFO:root:| Epoch: 129/150 | Train Time: 4.843s | Train Loss: 0.049434 |
INFO:root:| Epoch: 130/150 | Train Time: 4.869s | Train Loss: 0.049372 |
INFO:root:| Epoch: 131/150 | Train Time: 4.955s | Train Loss: 0.049425 |
INFO:root:| Epoch: 132/150 | Train Time: 4.864s | Train Loss: 0.049196 |
INFO:root:| Epoch: 133/150 | Train Time: 4.850s | Train Loss: 0.049513 |
INFO:root:| Epoch: 134/150 | Train Time: 4.843s | Train Loss: 0.049123 |
INFO:root:| Epoch: 135/150 | Train Time: 4.854s | Train Loss: 0.049678 |
INFO:root:| Epoch: 136/150 | Train Time: 4.850s | Train Loss: 0.049740 |
INFO:root:| Epoch: 137/150 | Train Time: 4.851s | Train Loss: 0.049288 |
INFO:root:| Epoch: 138/150 | Train Time: 4.852s | Train Loss: 0.049254 |
INFO:root:| Epoch: 139/150 | Train Time: 4.857s | Train Loss: 0.049225 |
INFO:root:| Epoch: 140/150 | Train Time: 4.855s | Train Loss: 0.049570 |
INFO:root:| Epoch: 141/150 | Train Time: 4.857s | Train Loss: 0.049784 |
INFO:root:| Epoch: 142/150 | Train Time: 4.857s | Train Loss: 0.049538 |
INFO:root:| Epoch: 143/150 | Train Time: 4.879s | Train Loss: 0.049664 |
INFO:root:| Epoch: 144/150 | Train Time: 4.958s | Train Loss: 0.049720 |
INFO:root:| Epoch: 145/150 | Train Time: 4.871s | Train Loss: 0.049290 |
INFO:root:| Epoch: 146/150 | Train Time: 4.854s | Train Loss: 0.049304 |
INFO:root:| Epoch: 147/150 | Train Time: 4.854s | Train Loss: 0.049236 |
INFO:root:| Epoch: 148/150 | Train Time: 4.850s | Train Loss: 0.049272 |
INFO:root:| Epoch: 149/150 | Train Time: 4.841s | Train Loss: 0.049322 |
INFO:root:| Epoch: 150/150 | Train Time: 4.839s | Train Loss: 0.049691 |
INFO:root:Training Time: 728.101s
INFO:root:Finished training.
INFO:root:Starting testing...
INFO:root:Testing TPR95: 0.0691
INFO:root:Testing TPR99: 0.0066
INFO:root:Test Loss: 22.654065
INFO:root:Test AUC: 66.40%
INFO:root:Test Time: 0.827s
INFO:root:Finished testing.
Outlier classes: [8, 9]
Original training data size:  60000 torch.Size([60000, 28, 28])
Using number-pre-sampled sampler
Train set shape: torch.Size([48200, 28, 28])
Train set size: 52296
Train targets size: 52296
Train semi-targets size: 52296
Counter({1: 6742, 7: 6265, 3: 6131, 2: 5958, 0: 5923, 6: 5918, 4: 5842, 5: 5421, 8: 2048, 9: 2048})
InD Test Size: 8017, OoD Test Size: 1983, TPR95: 0.0691
InD Test Size: 8017, OoD Test Size: 1983, TPR99: 0.0066
