mkdir: cannot create directory ‘log/DeepSAD’: File exists
mkdir: cannot create directory ‘log/DeepSAD/mnist-Balanced-256’: File exists
INFO:root:Log file is ../log/DeepSAD/mnist-Balanced-256/log.txt
INFO:root:Data path is ../data
INFO:root:Export path is ../log/DeepSAD/mnist-Balanced-256
INFO:root:Dataset: mnist
INFO:root:Normal class: [0, 1, 2, 3, 4, 5, 6, 7]
INFO:root:Ratio of labeled normal train samples: 0.00
INFO:root:Ratio of labeled anomalous samples: 0.01
INFO:root:Pollution ratio of unlabeled train data: 0.10
INFO:root:Known anomaly class: 1
INFO:root:Network: mnist_LeNet
INFO:root:Eta-parameter: 1.00
INFO:root:Set seed to 999.
INFO:root:Computation device: cuda
INFO:root:Number of threads: 0
INFO:root:Number of dataloader workers: 0
INFO:root:Pretraining: True
INFO:root:Pretraining optimizer: adam
INFO:root:Pretraining learning rate: 0.001
INFO:root:Pretraining epochs: 100
INFO:root:Pretraining learning rate scheduler milestones: (0,)
INFO:root:Pretraining batch size: 128
INFO:root:Pretraining weight decay: 1e-06
INFO:root:Starting pretraining...
/home/xysong/.conda/envs/OoD/lib/python3.9/site-packages/torch/optim/lr_scheduler.py:131: UserWarning: Detected call of `lr_scheduler.step()` before `optimizer.step()`. In PyTorch 1.1.0 and later, you should call them in the opposite order: `optimizer.step()` before `lr_scheduler.step()`.  Failure to do this will result in PyTorch skipping the first value of the learning rate schedule. See more details at https://pytorch.org/docs/stable/optim.html#how-to-adjust-learning-rate
  warnings.warn("Detected call of `lr_scheduler.step()` before `optimizer.step()`. "
/home/xysong/.conda/envs/OoD/lib/python3.9/site-packages/torch/optim/lr_scheduler.py:418: UserWarning: To get the last learning rate computed by the scheduler, please use `get_last_lr()`.
  warnings.warn("To get the last learning rate computed by the scheduler, "
INFO:root:  LR scheduler: new learning rate is 0.0001
INFO:root:| Epoch: 001/100 | Train Time: 6.377s | Train Loss: 0.069629 |
INFO:root:| Epoch: 002/100 | Train Time: 5.982s | Train Loss: 0.012787 |
INFO:root:| Epoch: 003/100 | Train Time: 6.105s | Train Loss: 0.008305 |
INFO:root:| Epoch: 004/100 | Train Time: 6.000s | Train Loss: 0.007028 |
INFO:root:| Epoch: 005/100 | Train Time: 5.986s | Train Loss: 0.006390 |
INFO:root:| Epoch: 006/100 | Train Time: 6.078s | Train Loss: 0.005914 |
INFO:root:| Epoch: 007/100 | Train Time: 6.034s | Train Loss: 0.005470 |
INFO:root:| Epoch: 008/100 | Train Time: 5.989s | Train Loss: 0.005094 |
INFO:root:| Epoch: 009/100 | Train Time: 5.990s | Train Loss: 0.004815 |
INFO:root:| Epoch: 010/100 | Train Time: 6.074s | Train Loss: 0.004561 |
INFO:root:| Epoch: 011/100 | Train Time: 6.027s | Train Loss: 0.004332 |
INFO:root:| Epoch: 012/100 | Train Time: 5.987s | Train Loss: 0.004103 |
INFO:root:| Epoch: 013/100 | Train Time: 5.985s | Train Loss: 0.003820 |
INFO:root:| Epoch: 014/100 | Train Time: 6.004s | Train Loss: 0.003545 |
INFO:root:| Epoch: 015/100 | Train Time: 6.053s | Train Loss: 0.003324 |
INFO:root:| Epoch: 016/100 | Train Time: 6.067s | Train Loss: 0.003122 |
INFO:root:| Epoch: 017/100 | Train Time: 5.986s | Train Loss: 0.002938 |
INFO:root:| Epoch: 018/100 | Train Time: 5.989s | Train Loss: 0.002790 |
INFO:root:| Epoch: 019/100 | Train Time: 5.992s | Train Loss: 0.002649 |
INFO:root:| Epoch: 020/100 | Train Time: 5.990s | Train Loss: 0.002535 |
INFO:root:| Epoch: 021/100 | Train Time: 5.995s | Train Loss: 0.002433 |
INFO:root:| Epoch: 022/100 | Train Time: 6.082s | Train Loss: 0.002357 |
INFO:root:| Epoch: 023/100 | Train Time: 6.039s | Train Loss: 0.002282 |
INFO:root:| Epoch: 024/100 | Train Time: 5.995s | Train Loss: 0.002228 |
INFO:root:| Epoch: 025/100 | Train Time: 5.992s | Train Loss: 0.002175 |
INFO:root:| Epoch: 026/100 | Train Time: 5.987s | Train Loss: 0.002125 |
INFO:root:| Epoch: 027/100 | Train Time: 5.993s | Train Loss: 0.002085 |
INFO:root:| Epoch: 028/100 | Train Time: 5.992s | Train Loss: 0.002045 |
INFO:root:| Epoch: 029/100 | Train Time: 6.015s | Train Loss: 0.002006 |
INFO:root:| Epoch: 030/100 | Train Time: 6.012s | Train Loss: 0.001972 |
INFO:root:| Epoch: 031/100 | Train Time: 6.113s | Train Loss: 0.001952 |
INFO:root:| Epoch: 032/100 | Train Time: 6.024s | Train Loss: 0.001916 |
INFO:root:| Epoch: 033/100 | Train Time: 5.997s | Train Loss: 0.001888 |
INFO:root:| Epoch: 034/100 | Train Time: 5.994s | Train Loss: 0.001861 |
INFO:root:| Epoch: 035/100 | Train Time: 5.993s | Train Loss: 0.001839 |
INFO:root:| Epoch: 036/100 | Train Time: 5.992s | Train Loss: 0.001817 |
INFO:root:| Epoch: 037/100 | Train Time: 5.992s | Train Loss: 0.001797 |
INFO:root:| Epoch: 038/100 | Train Time: 5.996s | Train Loss: 0.001774 |
INFO:root:| Epoch: 039/100 | Train Time: 5.993s | Train Loss: 0.001756 |
INFO:root:| Epoch: 040/100 | Train Time: 5.990s | Train Loss: 0.001739 |
INFO:root:| Epoch: 041/100 | Train Time: 5.995s | Train Loss: 0.001722 |
INFO:root:| Epoch: 042/100 | Train Time: 6.079s | Train Loss: 0.001706 |
INFO:root:| Epoch: 043/100 | Train Time: 6.043s | Train Loss: 0.001688 |
INFO:root:| Epoch: 044/100 | Train Time: 6.002s | Train Loss: 0.001675 |
INFO:root:| Epoch: 045/100 | Train Time: 6.008s | Train Loss: 0.001658 |
INFO:root:| Epoch: 046/100 | Train Time: 6.004s | Train Loss: 0.001645 |
INFO:root:| Epoch: 047/100 | Train Time: 6.020s | Train Loss: 0.001630 |
INFO:root:| Epoch: 048/100 | Train Time: 6.004s | Train Loss: 0.001622 |
INFO:root:| Epoch: 049/100 | Train Time: 6.005s | Train Loss: 0.001608 |
INFO:root:| Epoch: 050/100 | Train Time: 6.000s | Train Loss: 0.001595 |
INFO:root:| Epoch: 051/100 | Train Time: 6.011s | Train Loss: 0.001588 |
INFO:root:| Epoch: 052/100 | Train Time: 6.001s | Train Loss: 0.001577 |
INFO:root:| Epoch: 053/100 | Train Time: 6.017s | Train Loss: 0.001562 |
INFO:root:| Epoch: 054/100 | Train Time: 6.137s | Train Loss: 0.001552 |
INFO:root:| Epoch: 055/100 | Train Time: 6.002s | Train Loss: 0.001547 |
INFO:root:| Epoch: 056/100 | Train Time: 5.998s | Train Loss: 0.001536 |
INFO:root:| Epoch: 057/100 | Train Time: 6.001s | Train Loss: 0.001530 |
INFO:root:| Epoch: 058/100 | Train Time: 6.016s | Train Loss: 0.001518 |
INFO:root:| Epoch: 059/100 | Train Time: 6.010s | Train Loss: 0.001513 |
INFO:root:| Epoch: 060/100 | Train Time: 6.022s | Train Loss: 0.001501 |
INFO:root:| Epoch: 061/100 | Train Time: 6.013s | Train Loss: 0.001494 |
INFO:root:| Epoch: 062/100 | Train Time: 6.035s | Train Loss: 0.001486 |
INFO:root:| Epoch: 063/100 | Train Time: 6.068s | Train Loss: 0.001481 |
INFO:root:| Epoch: 064/100 | Train Time: 6.038s | Train Loss: 0.001472 |
INFO:root:| Epoch: 065/100 | Train Time: 6.095s | Train Loss: 0.001465 |
INFO:root:| Epoch: 066/100 | Train Time: 6.076s | Train Loss: 0.001457 |
INFO:root:| Epoch: 067/100 | Train Time: 6.017s | Train Loss: 0.001455 |
INFO:root:| Epoch: 068/100 | Train Time: 6.007s | Train Loss: 0.001442 |
INFO:root:| Epoch: 069/100 | Train Time: 6.011s | Train Loss: 0.001437 |
INFO:root:| Epoch: 070/100 | Train Time: 6.006s | Train Loss: 0.001427 |
INFO:root:| Epoch: 071/100 | Train Time: 6.005s | Train Loss: 0.001424 |
INFO:root:| Epoch: 072/100 | Train Time: 6.005s | Train Loss: 0.001414 |
INFO:root:| Epoch: 073/100 | Train Time: 6.003s | Train Loss: 0.001414 |
INFO:root:| Epoch: 074/100 | Train Time: 6.005s | Train Loss: 0.001409 |
INFO:root:| Epoch: 075/100 | Train Time: 6.001s | Train Loss: 0.001403 |
INFO:root:| Epoch: 076/100 | Train Time: 6.010s | Train Loss: 0.001398 |
INFO:root:| Epoch: 077/100 | Train Time: 6.124s | Train Loss: 0.001389 |
INFO:root:| Epoch: 078/100 | Train Time: 6.013s | Train Loss: 0.001381 |
INFO:root:| Epoch: 079/100 | Train Time: 6.008s | Train Loss: 0.001383 |
INFO:root:| Epoch: 080/100 | Train Time: 6.037s | Train Loss: 0.001377 |
INFO:root:| Epoch: 081/100 | Train Time: 6.025s | Train Loss: 0.001372 |
INFO:root:| Epoch: 082/100 | Train Time: 6.014s | Train Loss: 0.001368 |
INFO:root:| Epoch: 083/100 | Train Time: 6.010s | Train Loss: 0.001364 |
INFO:root:| Epoch: 084/100 | Train Time: 6.009s | Train Loss: 0.001354 |
INFO:root:| Epoch: 085/100 | Train Time: 6.008s | Train Loss: 0.001356 |
INFO:root:| Epoch: 086/100 | Train Time: 6.015s | Train Loss: 0.001346 |
INFO:root:| Epoch: 087/100 | Train Time: 6.025s | Train Loss: 0.001343 |
INFO:root:| Epoch: 088/100 | Train Time: 6.074s | Train Loss: 0.001336 |
INFO:root:| Epoch: 089/100 | Train Time: 6.093s | Train Loss: 0.001333 |
INFO:root:| Epoch: 090/100 | Train Time: 6.011s | Train Loss: 0.001330 |
INFO:root:| Epoch: 091/100 | Train Time: 6.017s | Train Loss: 0.001324 |
INFO:root:| Epoch: 092/100 | Train Time: 6.008s | Train Loss: 0.001321 |
INFO:root:| Epoch: 093/100 | Train Time: 6.008s | Train Loss: 0.001315 |
INFO:root:| Epoch: 094/100 | Train Time: 6.013s | Train Loss: 0.001315 |
INFO:root:| Epoch: 095/100 | Train Time: 6.010s | Train Loss: 0.001305 |
INFO:root:| Epoch: 096/100 | Train Time: 6.006s | Train Loss: 0.001302 |
INFO:root:| Epoch: 097/100 | Train Time: 6.011s | Train Loss: 0.001301 |
INFO:root:| Epoch: 098/100 | Train Time: 6.027s | Train Loss: 0.001294 |
INFO:root:| Epoch: 099/100 | Train Time: 6.029s | Train Loss: 0.001291 |
INFO:root:| Epoch: 100/100 | Train Time: 6.126s | Train Loss: 0.001284 |
INFO:root:Pretraining Time: 602.399s
INFO:root:Finished pretraining.
INFO:root:Testing autoencoder...
INFO:root:Test Loss: 0.092740
INFO:root:Test AUC: 52.21%
INFO:root:Test Time: 1.033s
INFO:root:Finished testing autoencoder.
INFO:root:Training optimizer: adam
INFO:root:Training learning rate: 0.0001
INFO:root:Training epochs: 150
INFO:root:Training learning rate scheduler milestones: (50,)
INFO:root:Training batch size: 128
INFO:root:Training weight decay: 5e-07
INFO:root:Initializing center c...
INFO:root:Center c initialized.
INFO:root:Starting training...
/home/xysong/.conda/envs/OoD/lib/python3.9/site-packages/torch/optim/lr_scheduler.py:131: UserWarning: Detected call of `lr_scheduler.step()` before `optimizer.step()`. In PyTorch 1.1.0 and later, you should call them in the opposite order: `optimizer.step()` before `lr_scheduler.step()`.  Failure to do this will result in PyTorch skipping the first value of the learning rate schedule. See more details at https://pytorch.org/docs/stable/optim.html#how-to-adjust-learning-rate
  warnings.warn("Detected call of `lr_scheduler.step()` before `optimizer.step()`. "
INFO:root:| Epoch: 001/150 | Train Time: 5.279s | Train Loss: 1.022492 |
INFO:root:| Epoch: 002/150 | Train Time: 5.277s | Train Loss: 0.183265 |
INFO:root:| Epoch: 003/150 | Train Time: 5.276s | Train Loss: 0.120960 |
INFO:root:| Epoch: 004/150 | Train Time: 5.273s | Train Loss: 0.097081 |
INFO:root:| Epoch: 005/150 | Train Time: 5.276s | Train Loss: 0.081708 |
INFO:root:| Epoch: 006/150 | Train Time: 5.281s | Train Loss: 0.074330 |
INFO:root:| Epoch: 007/150 | Train Time: 5.282s | Train Loss: 0.067794 |
INFO:root:| Epoch: 008/150 | Train Time: 5.282s | Train Loss: 0.060311 |
INFO:root:| Epoch: 009/150 | Train Time: 5.292s | Train Loss: 0.056661 |
INFO:root:| Epoch: 010/150 | Train Time: 5.281s | Train Loss: 0.051768 |
INFO:root:| Epoch: 011/150 | Train Time: 5.290s | Train Loss: 0.049384 |
INFO:root:| Epoch: 012/150 | Train Time: 5.411s | Train Loss: 0.047670 |
INFO:root:| Epoch: 013/150 | Train Time: 5.287s | Train Loss: 0.046006 |
INFO:root:| Epoch: 014/150 | Train Time: 5.277s | Train Loss: 0.042834 |
INFO:root:| Epoch: 015/150 | Train Time: 5.287s | Train Loss: 0.042698 |
INFO:root:| Epoch: 016/150 | Train Time: 5.278s | Train Loss: 0.041327 |
INFO:root:| Epoch: 017/150 | Train Time: 5.275s | Train Loss: 0.038370 |
INFO:root:| Epoch: 018/150 | Train Time: 5.270s | Train Loss: 0.036384 |
INFO:root:| Epoch: 019/150 | Train Time: 5.273s | Train Loss: 0.038428 |
INFO:root:| Epoch: 020/150 | Train Time: 5.277s | Train Loss: 0.032320 |
INFO:root:| Epoch: 021/150 | Train Time: 5.280s | Train Loss: 0.031220 |
INFO:root:| Epoch: 022/150 | Train Time: 5.284s | Train Loss: 0.031174 |
INFO:root:| Epoch: 023/150 | Train Time: 5.291s | Train Loss: 0.029331 |
INFO:root:| Epoch: 024/150 | Train Time: 5.309s | Train Loss: 0.029381 |
INFO:root:| Epoch: 025/150 | Train Time: 5.418s | Train Loss: 0.029016 |
INFO:root:| Epoch: 026/150 | Train Time: 5.301s | Train Loss: 0.027763 |
INFO:root:| Epoch: 027/150 | Train Time: 5.282s | Train Loss: 0.026480 |
INFO:root:| Epoch: 028/150 | Train Time: 5.289s | Train Loss: 0.026563 |
INFO:root:| Epoch: 029/150 | Train Time: 5.277s | Train Loss: 0.026737 |
INFO:root:| Epoch: 030/150 | Train Time: 5.279s | Train Loss: 0.025246 |
INFO:root:| Epoch: 031/150 | Train Time: 5.284s | Train Loss: 0.024066 |
INFO:root:| Epoch: 032/150 | Train Time: 5.288s | Train Loss: 0.024109 |
INFO:root:| Epoch: 033/150 | Train Time: 5.279s | Train Loss: 0.023985 |
INFO:root:| Epoch: 034/150 | Train Time: 5.286s | Train Loss: 0.023387 |
INFO:root:| Epoch: 035/150 | Train Time: 5.281s | Train Loss: 0.023360 |
INFO:root:| Epoch: 036/150 | Train Time: 5.276s | Train Loss: 0.024649 |
INFO:root:| Epoch: 037/150 | Train Time: 5.300s | Train Loss: 0.022696 |
INFO:root:| Epoch: 038/150 | Train Time: 5.417s | Train Loss: 0.022813 |
INFO:root:| Epoch: 039/150 | Train Time: 5.318s | Train Loss: 0.022949 |
INFO:root:| Epoch: 040/150 | Train Time: 5.310s | Train Loss: 0.022287 |
INFO:root:| Epoch: 041/150 | Train Time: 5.347s | Train Loss: 0.022105 |
INFO:root:| Epoch: 042/150 | Train Time: 5.341s | Train Loss: 0.022841 |
INFO:root:| Epoch: 043/150 | Train Time: 5.297s | Train Loss: 0.024816 |
INFO:root:| Epoch: 044/150 | Train Time: 5.287s | Train Loss: 0.022192 |
INFO:root:| Epoch: 045/150 | Train Time: 5.281s | Train Loss: 0.023960 |
INFO:root:| Epoch: 046/150 | Train Time: 5.282s | Train Loss: 0.021441 |
INFO:root:| Epoch: 047/150 | Train Time: 5.281s | Train Loss: 0.021478 |
INFO:root:| Epoch: 048/150 | Train Time: 5.280s | Train Loss: 0.021245 |
INFO:root:| Epoch: 049/150 | Train Time: 5.283s | Train Loss: 0.021320 |
INFO:root:| Epoch: 050/150 | Train Time: 5.295s | Train Loss: 0.020332 |
/home/xysong/.conda/envs/OoD/lib/python3.9/site-packages/torch/optim/lr_scheduler.py:418: UserWarning: To get the last learning rate computed by the scheduler, please use `get_last_lr()`.
  warnings.warn("To get the last learning rate computed by the scheduler, "
INFO:root:  LR scheduler: new learning rate is 1e-05
INFO:root:| Epoch: 051/150 | Train Time: 5.397s | Train Loss: 0.019983 |
INFO:root:| Epoch: 052/150 | Train Time: 5.292s | Train Loss: 0.020384 |
INFO:root:| Epoch: 053/150 | Train Time: 5.280s | Train Loss: 0.019966 |
INFO:root:| Epoch: 054/150 | Train Time: 5.280s | Train Loss: 0.019611 |
INFO:root:| Epoch: 055/150 | Train Time: 5.275s | Train Loss: 0.019943 |
INFO:root:| Epoch: 056/150 | Train Time: 5.279s | Train Loss: 0.019927 |
INFO:root:| Epoch: 057/150 | Train Time: 5.278s | Train Loss: 0.020058 |
INFO:root:| Epoch: 058/150 | Train Time: 5.277s | Train Loss: 0.019465 |
INFO:root:| Epoch: 059/150 | Train Time: 5.276s | Train Loss: 0.019917 |
INFO:root:| Epoch: 060/150 | Train Time: 5.285s | Train Loss: 0.019996 |
INFO:root:| Epoch: 061/150 | Train Time: 5.290s | Train Loss: 0.019821 |
INFO:root:| Epoch: 062/150 | Train Time: 5.284s | Train Loss: 0.020170 |
INFO:root:| Epoch: 063/150 | Train Time: 5.300s | Train Loss: 0.019911 |
INFO:root:| Epoch: 064/150 | Train Time: 5.407s | Train Loss: 0.019876 |
INFO:root:| Epoch: 065/150 | Train Time: 5.300s | Train Loss: 0.019850 |
INFO:root:| Epoch: 066/150 | Train Time: 5.281s | Train Loss: 0.019756 |
INFO:root:| Epoch: 067/150 | Train Time: 5.279s | Train Loss: 0.019862 |
INFO:root:| Epoch: 068/150 | Train Time: 5.273s | Train Loss: 0.019696 |
INFO:root:| Epoch: 069/150 | Train Time: 5.273s | Train Loss: 0.019991 |
INFO:root:| Epoch: 070/150 | Train Time: 5.278s | Train Loss: 0.020115 |
INFO:root:| Epoch: 071/150 | Train Time: 5.277s | Train Loss: 0.019767 |
INFO:root:| Epoch: 072/150 | Train Time: 5.273s | Train Loss: 0.019926 |
INFO:root:| Epoch: 073/150 | Train Time: 5.283s | Train Loss: 0.019620 |
INFO:root:| Epoch: 074/150 | Train Time: 5.277s | Train Loss: 0.019720 |
INFO:root:| Epoch: 075/150 | Train Time: 5.279s | Train Loss: 0.019984 |
INFO:root:| Epoch: 076/150 | Train Time: 5.296s | Train Loss: 0.019797 |
INFO:root:| Epoch: 077/150 | Train Time: 5.399s | Train Loss: 0.019840 |
INFO:root:| Epoch: 078/150 | Train Time: 5.307s | Train Loss: 0.019968 |
INFO:root:| Epoch: 079/150 | Train Time: 5.288s | Train Loss: 0.019471 |
INFO:root:| Epoch: 080/150 | Train Time: 5.282s | Train Loss: 0.019640 |
INFO:root:| Epoch: 081/150 | Train Time: 5.296s | Train Loss: 0.019709 |
INFO:root:| Epoch: 082/150 | Train Time: 5.288s | Train Loss: 0.019869 |
INFO:root:| Epoch: 083/150 | Train Time: 5.279s | Train Loss: 0.019755 |
INFO:root:| Epoch: 084/150 | Train Time: 5.279s | Train Loss: 0.019557 |
INFO:root:| Epoch: 085/150 | Train Time: 5.285s | Train Loss: 0.019637 |
INFO:root:| Epoch: 086/150 | Train Time: 5.287s | Train Loss: 0.019870 |
INFO:root:| Epoch: 087/150 | Train Time: 5.285s | Train Loss: 0.019702 |
INFO:root:| Epoch: 088/150 | Train Time: 5.288s | Train Loss: 0.019592 |
INFO:root:| Epoch: 089/150 | Train Time: 5.301s | Train Loss: 0.019791 |
INFO:root:| Epoch: 090/150 | Train Time: 5.286s | Train Loss: 0.019646 |
INFO:root:| Epoch: 091/150 | Train Time: 5.400s | Train Loss: 0.019824 |
INFO:root:| Epoch: 092/150 | Train Time: 5.316s | Train Loss: 0.019586 |
INFO:root:| Epoch: 093/150 | Train Time: 5.291s | Train Loss: 0.019904 |
INFO:root:| Epoch: 094/150 | Train Time: 5.297s | Train Loss: 0.019773 |
INFO:root:| Epoch: 095/150 | Train Time: 5.282s | Train Loss: 0.019836 |
INFO:root:| Epoch: 096/150 | Train Time: 5.282s | Train Loss: 0.019772 |
INFO:root:| Epoch: 097/150 | Train Time: 5.278s | Train Loss: 0.019540 |
INFO:root:| Epoch: 098/150 | Train Time: 5.278s | Train Loss: 0.019731 |
INFO:root:| Epoch: 099/150 | Train Time: 5.284s | Train Loss: 0.019848 |
INFO:root:| Epoch: 100/150 | Train Time: 5.276s | Train Loss: 0.019468 |
INFO:root:| Epoch: 101/150 | Train Time: 5.276s | Train Loss: 0.019362 |
INFO:root:| Epoch: 102/150 | Train Time: 5.280s | Train Loss: 0.019531 |
INFO:root:| Epoch: 103/150 | Train Time: 5.288s | Train Loss: 0.019594 |
INFO:root:| Epoch: 104/150 | Train Time: 5.292s | Train Loss: 0.019678 |
INFO:root:| Epoch: 105/150 | Train Time: 5.392s | Train Loss: 0.019394 |
INFO:root:| Epoch: 106/150 | Train Time: 5.307s | Train Loss: 0.019181 |
INFO:root:| Epoch: 107/150 | Train Time: 5.284s | Train Loss: 0.019518 |
INFO:root:| Epoch: 108/150 | Train Time: 5.275s | Train Loss: 0.019775 |
INFO:root:| Epoch: 109/150 | Train Time: 5.278s | Train Loss: 0.019420 |
INFO:root:| Epoch: 110/150 | Train Time: 5.285s | Train Loss: 0.019649 |
INFO:root:| Epoch: 111/150 | Train Time: 5.288s | Train Loss: 0.019644 |
INFO:root:| Epoch: 112/150 | Train Time: 5.285s | Train Loss: 0.019721 |
INFO:root:| Epoch: 113/150 | Train Time: 5.290s | Train Loss: 0.019422 |
INFO:root:| Epoch: 114/150 | Train Time: 5.282s | Train Loss: 0.019490 |
INFO:root:| Epoch: 115/150 | Train Time: 5.291s | Train Loss: 0.019358 |
INFO:root:| Epoch: 116/150 | Train Time: 5.283s | Train Loss: 0.019371 |
INFO:root:| Epoch: 117/150 | Train Time: 5.303s | Train Loss: 0.019263 |
INFO:root:| Epoch: 118/150 | Train Time: 5.286s | Train Loss: 0.019474 |
INFO:root:| Epoch: 119/150 | Train Time: 5.391s | Train Loss: 0.019440 |
INFO:root:| Epoch: 120/150 | Train Time: 5.316s | Train Loss: 0.019399 |
INFO:root:| Epoch: 121/150 | Train Time: 5.278s | Train Loss: 0.019687 |
INFO:root:| Epoch: 122/150 | Train Time: 5.284s | Train Loss: 0.019601 |
INFO:root:| Epoch: 123/150 | Train Time: 5.285s | Train Loss: 0.019061 |
INFO:root:| Epoch: 124/150 | Train Time: 5.290s | Train Loss: 0.019252 |
INFO:root:| Epoch: 125/150 | Train Time: 5.312s | Train Loss: 0.019361 |
INFO:root:| Epoch: 126/150 | Train Time: 5.340s | Train Loss: 0.019496 |
INFO:root:| Epoch: 127/150 | Train Time: 5.329s | Train Loss: 0.019347 |
INFO:root:| Epoch: 128/150 | Train Time: 5.304s | Train Loss: 0.019535 |
INFO:root:| Epoch: 129/150 | Train Time: 5.290s | Train Loss: 0.019348 |
INFO:root:| Epoch: 130/150 | Train Time: 5.291s | Train Loss: 0.019393 |
INFO:root:| Epoch: 131/150 | Train Time: 5.299s | Train Loss: 0.019215 |
INFO:root:| Epoch: 132/150 | Train Time: 5.298s | Train Loss: 0.019541 |
INFO:root:| Epoch: 133/150 | Train Time: 5.288s | Train Loss: 0.019470 |
INFO:root:| Epoch: 134/150 | Train Time: 5.405s | Train Loss: 0.019050 |
INFO:root:| Epoch: 135/150 | Train Time: 5.300s | Train Loss: 0.019564 |
INFO:root:| Epoch: 136/150 | Train Time: 5.279s | Train Loss: 0.019210 |
INFO:root:| Epoch: 137/150 | Train Time: 5.277s | Train Loss: 0.019294 |
INFO:root:| Epoch: 138/150 | Train Time: 5.276s | Train Loss: 0.019417 |
INFO:root:| Epoch: 139/150 | Train Time: 5.293s | Train Loss: 0.019103 |
INFO:root:| Epoch: 140/150 | Train Time: 5.285s | Train Loss: 0.019333 |
INFO:root:| Epoch: 141/150 | Train Time: 5.278s | Train Loss: 0.019294 |
INFO:root:| Epoch: 142/150 | Train Time: 5.284s | Train Loss: 0.019135 |
INFO:root:| Epoch: 143/150 | Train Time: 5.279s | Train Loss: 0.019528 |
INFO:root:| Epoch: 144/150 | Train Time: 5.280s | Train Loss: 0.019171 |
INFO:root:| Epoch: 145/150 | Train Time: 5.305s | Train Loss: 0.019245 |
INFO:root:| Epoch: 146/150 | Train Time: 5.295s | Train Loss: 0.019113 |
INFO:root:| Epoch: 147/150 | Train Time: 5.409s | Train Loss: 0.019032 |
INFO:root:| Epoch: 148/150 | Train Time: 5.296s | Train Loss: 0.019109 |
INFO:root:| Epoch: 149/150 | Train Time: 5.295s | Train Loss: 0.019443 |
INFO:root:| Epoch: 150/150 | Train Time: 5.291s | Train Loss: 0.019220 |
INFO:root:Training Time: 794.474s
INFO:root:Finished training.
INFO:root:Starting testing...
INFO:root:Testing TPR95: 0.0328
INFO:root:Testing TPR99: 0.0091
INFO:root:Test Loss: 31.119173
INFO:root:Test AUC: 47.16%
INFO:root:Test Time: 1.001s
INFO:root:Finished testing.
Outlier classes: [8, 9]
Original training data size:  60000 torch.Size([60000, 28, 28])
Using number-pre-sampled sampler
Train set shape: torch.Size([48200, 28, 28])
Train set size: 48712
Train targets size: 48712
Train semi-targets size: 48712
Counter({1: 6742, 7: 6265, 3: 6131, 2: 5958, 0: 5923, 6: 5918, 4: 5842, 5: 5421, 8: 256, 9: 256})
InD Test Size: 8017, OoD Test Size: 1983, TPR95: 0.0328
InD Test Size: 8017, OoD Test Size: 1983, TPR99: 0.0091
