mkdir: cannot create directory ‘log/DeepSAD’: File exists
mkdir: cannot create directory ‘log/DeepSAD/mnist-Balanced-32’: File exists
INFO:root:Log file is ../log/DeepSAD/mnist-Balanced-32/log.txt
INFO:root:Data path is ../data
INFO:root:Export path is ../log/DeepSAD/mnist-Balanced-32
INFO:root:Dataset: mnist
INFO:root:Normal class: [0, 1, 2, 3, 4, 5, 6, 7]
INFO:root:Ratio of labeled normal train samples: 0.00
INFO:root:Ratio of labeled anomalous samples: 0.01
INFO:root:Pollution ratio of unlabeled train data: 0.10
INFO:root:Known anomaly class: 1
INFO:root:Network: mnist_LeNet
INFO:root:Eta-parameter: 1.00
INFO:root:Set seed to 999.
INFO:root:Computation device: cuda
INFO:root:Number of threads: 0
INFO:root:Number of dataloader workers: 0
INFO:root:Pretraining: True
INFO:root:Pretraining optimizer: adam
INFO:root:Pretraining learning rate: 0.001
INFO:root:Pretraining epochs: 100
INFO:root:Pretraining learning rate scheduler milestones: (0,)
INFO:root:Pretraining batch size: 128
INFO:root:Pretraining weight decay: 1e-06
INFO:root:Starting pretraining...
/home/xysong/.conda/envs/OoD/lib/python3.9/site-packages/torch/optim/lr_scheduler.py:131: UserWarning: Detected call of `lr_scheduler.step()` before `optimizer.step()`. In PyTorch 1.1.0 and later, you should call them in the opposite order: `optimizer.step()` before `lr_scheduler.step()`.  Failure to do this will result in PyTorch skipping the first value of the learning rate schedule. See more details at https://pytorch.org/docs/stable/optim.html#how-to-adjust-learning-rate
  warnings.warn("Detected call of `lr_scheduler.step()` before `optimizer.step()`. "
/home/xysong/.conda/envs/OoD/lib/python3.9/site-packages/torch/optim/lr_scheduler.py:418: UserWarning: To get the last learning rate computed by the scheduler, please use `get_last_lr()`.
  warnings.warn("To get the last learning rate computed by the scheduler, "
INFO:root:  LR scheduler: new learning rate is 0.0001
INFO:root:| Epoch: 001/100 | Train Time: 6.838s | Train Loss: 0.069170 |
INFO:root:| Epoch: 002/100 | Train Time: 6.062s | Train Loss: 0.012491 |
INFO:root:| Epoch: 003/100 | Train Time: 6.144s | Train Loss: 0.007942 |
INFO:root:| Epoch: 004/100 | Train Time: 6.037s | Train Loss: 0.006640 |
INFO:root:| Epoch: 005/100 | Train Time: 6.048s | Train Loss: 0.005995 |
INFO:root:| Epoch: 006/100 | Train Time: 6.155s | Train Loss: 0.005559 |
INFO:root:| Epoch: 007/100 | Train Time: 6.059s | Train Loss: 0.005205 |
INFO:root:| Epoch: 008/100 | Train Time: 6.072s | Train Loss: 0.004856 |
INFO:root:| Epoch: 009/100 | Train Time: 6.074s | Train Loss: 0.004498 |
INFO:root:| Epoch: 010/100 | Train Time: 6.200s | Train Loss: 0.004179 |
INFO:root:| Epoch: 011/100 | Train Time: 6.072s | Train Loss: 0.003892 |
INFO:root:| Epoch: 012/100 | Train Time: 6.059s | Train Loss: 0.003597 |
INFO:root:| Epoch: 013/100 | Train Time: 6.063s | Train Loss: 0.003253 |
INFO:root:| Epoch: 014/100 | Train Time: 6.063s | Train Loss: 0.002954 |
INFO:root:| Epoch: 015/100 | Train Time: 6.170s | Train Loss: 0.002760 |
INFO:root:| Epoch: 016/100 | Train Time: 6.091s | Train Loss: 0.002618 |
INFO:root:| Epoch: 017/100 | Train Time: 6.068s | Train Loss: 0.002501 |
INFO:root:| Epoch: 018/100 | Train Time: 6.076s | Train Loss: 0.002398 |
INFO:root:| Epoch: 019/100 | Train Time: 6.072s | Train Loss: 0.002298 |
INFO:root:| Epoch: 020/100 | Train Time: 6.073s | Train Loss: 0.002208 |
INFO:root:| Epoch: 021/100 | Train Time: 6.102s | Train Loss: 0.002123 |
INFO:root:| Epoch: 022/100 | Train Time: 6.181s | Train Loss: 0.002033 |
INFO:root:| Epoch: 023/100 | Train Time: 6.090s | Train Loss: 0.001949 |
INFO:root:| Epoch: 024/100 | Train Time: 6.093s | Train Loss: 0.001880 |
INFO:root:| Epoch: 025/100 | Train Time: 6.099s | Train Loss: 0.001816 |
INFO:root:| Epoch: 026/100 | Train Time: 6.100s | Train Loss: 0.001762 |
INFO:root:| Epoch: 027/100 | Train Time: 6.086s | Train Loss: 0.001714 |
INFO:root:| Epoch: 028/100 | Train Time: 6.096s | Train Loss: 0.001677 |
INFO:root:| Epoch: 029/100 | Train Time: 6.094s | Train Loss: 0.001637 |
INFO:root:| Epoch: 030/100 | Train Time: 6.150s | Train Loss: 0.001610 |
INFO:root:| Epoch: 031/100 | Train Time: 6.138s | Train Loss: 0.001578 |
INFO:root:| Epoch: 032/100 | Train Time: 6.083s | Train Loss: 0.001553 |
INFO:root:| Epoch: 033/100 | Train Time: 6.085s | Train Loss: 0.001529 |
INFO:root:| Epoch: 034/100 | Train Time: 6.087s | Train Loss: 0.001508 |
INFO:root:| Epoch: 035/100 | Train Time: 6.094s | Train Loss: 0.001483 |
INFO:root:| Epoch: 036/100 | Train Time: 6.093s | Train Loss: 0.001464 |
INFO:root:| Epoch: 037/100 | Train Time: 6.081s | Train Loss: 0.001446 |
INFO:root:| Epoch: 038/100 | Train Time: 6.086s | Train Loss: 0.001427 |
INFO:root:| Epoch: 039/100 | Train Time: 6.087s | Train Loss: 0.001413 |
INFO:root:| Epoch: 040/100 | Train Time: 6.086s | Train Loss: 0.001396 |
INFO:root:| Epoch: 041/100 | Train Time: 6.147s | Train Loss: 0.001375 |
INFO:root:| Epoch: 042/100 | Train Time: 6.154s | Train Loss: 0.001357 |
INFO:root:| Epoch: 043/100 | Train Time: 6.094s | Train Loss: 0.001345 |
INFO:root:| Epoch: 044/100 | Train Time: 6.093s | Train Loss: 0.001331 |
INFO:root:| Epoch: 045/100 | Train Time: 6.094s | Train Loss: 0.001317 |
INFO:root:| Epoch: 046/100 | Train Time: 6.093s | Train Loss: 0.001297 |
INFO:root:| Epoch: 047/100 | Train Time: 6.103s | Train Loss: 0.001285 |
INFO:root:| Epoch: 048/100 | Train Time: 6.106s | Train Loss: 0.001272 |
INFO:root:| Epoch: 049/100 | Train Time: 6.107s | Train Loss: 0.001256 |
INFO:root:| Epoch: 050/100 | Train Time: 6.101s | Train Loss: 0.001248 |
INFO:root:| Epoch: 051/100 | Train Time: 6.097s | Train Loss: 0.001237 |
INFO:root:| Epoch: 052/100 | Train Time: 6.106s | Train Loss: 0.001225 |
INFO:root:| Epoch: 053/100 | Train Time: 6.204s | Train Loss: 0.001213 |
INFO:root:| Epoch: 054/100 | Train Time: 6.092s | Train Loss: 0.001204 |
INFO:root:| Epoch: 055/100 | Train Time: 6.092s | Train Loss: 0.001199 |
INFO:root:| Epoch: 056/100 | Train Time: 6.092s | Train Loss: 0.001182 |
INFO:root:| Epoch: 057/100 | Train Time: 6.094s | Train Loss: 0.001174 |
INFO:root:| Epoch: 058/100 | Train Time: 6.097s | Train Loss: 0.001165 |
INFO:root:| Epoch: 059/100 | Train Time: 6.101s | Train Loss: 0.001157 |
INFO:root:| Epoch: 060/100 | Train Time: 6.108s | Train Loss: 0.001149 |
INFO:root:| Epoch: 061/100 | Train Time: 6.110s | Train Loss: 0.001141 |
INFO:root:| Epoch: 062/100 | Train Time: 6.115s | Train Loss: 0.001132 |
INFO:root:| Epoch: 063/100 | Train Time: 6.108s | Train Loss: 0.001123 |
INFO:root:| Epoch: 064/100 | Train Time: 6.201s | Train Loss: 0.001119 |
INFO:root:| Epoch: 065/100 | Train Time: 6.133s | Train Loss: 0.001113 |
INFO:root:| Epoch: 066/100 | Train Time: 6.097s | Train Loss: 0.001106 |
INFO:root:| Epoch: 067/100 | Train Time: 6.099s | Train Loss: 0.001099 |
INFO:root:| Epoch: 068/100 | Train Time: 6.100s | Train Loss: 0.001093 |
INFO:root:| Epoch: 069/100 | Train Time: 6.103s | Train Loss: 0.001086 |
INFO:root:| Epoch: 070/100 | Train Time: 6.097s | Train Loss: 0.001077 |
INFO:root:| Epoch: 071/100 | Train Time: 6.101s | Train Loss: 0.001072 |
INFO:root:| Epoch: 072/100 | Train Time: 6.105s | Train Loss: 0.001063 |
INFO:root:| Epoch: 073/100 | Train Time: 6.097s | Train Loss: 0.001062 |
INFO:root:| Epoch: 074/100 | Train Time: 6.104s | Train Loss: 0.001056 |
INFO:root:| Epoch: 075/100 | Train Time: 6.159s | Train Loss: 0.001049 |
INFO:root:| Epoch: 076/100 | Train Time: 6.193s | Train Loss: 0.001046 |
INFO:root:| Epoch: 077/100 | Train Time: 6.123s | Train Loss: 0.001040 |
INFO:root:| Epoch: 078/100 | Train Time: 6.103s | Train Loss: 0.001034 |
INFO:root:| Epoch: 079/100 | Train Time: 6.100s | Train Loss: 0.001024 |
INFO:root:| Epoch: 080/100 | Train Time: 6.101s | Train Loss: 0.001021 |
INFO:root:| Epoch: 081/100 | Train Time: 6.095s | Train Loss: 0.001016 |
INFO:root:| Epoch: 082/100 | Train Time: 6.098s | Train Loss: 0.001009 |
INFO:root:| Epoch: 083/100 | Train Time: 6.098s | Train Loss: 0.001005 |
INFO:root:| Epoch: 084/100 | Train Time: 6.102s | Train Loss: 0.001001 |
INFO:root:| Epoch: 085/100 | Train Time: 6.100s | Train Loss: 0.000995 |
INFO:root:| Epoch: 086/100 | Train Time: 6.104s | Train Loss: 0.000991 |
INFO:root:| Epoch: 087/100 | Train Time: 6.219s | Train Loss: 0.000993 |
INFO:root:| Epoch: 088/100 | Train Time: 6.108s | Train Loss: 0.000986 |
INFO:root:| Epoch: 089/100 | Train Time: 6.093s | Train Loss: 0.000983 |
INFO:root:| Epoch: 090/100 | Train Time: 6.096s | Train Loss: 0.000979 |
INFO:root:| Epoch: 091/100 | Train Time: 6.094s | Train Loss: 0.000976 |
INFO:root:| Epoch: 092/100 | Train Time: 6.099s | Train Loss: 0.000974 |
INFO:root:| Epoch: 093/100 | Train Time: 6.095s | Train Loss: 0.000969 |
INFO:root:| Epoch: 094/100 | Train Time: 6.095s | Train Loss: 0.000965 |
INFO:root:| Epoch: 095/100 | Train Time: 6.096s | Train Loss: 0.000964 |
INFO:root:| Epoch: 096/100 | Train Time: 6.109s | Train Loss: 0.000961 |
INFO:root:| Epoch: 097/100 | Train Time: 6.111s | Train Loss: 0.000957 |
INFO:root:| Epoch: 098/100 | Train Time: 6.181s | Train Loss: 0.000956 |
INFO:root:| Epoch: 099/100 | Train Time: 6.150s | Train Loss: 0.000952 |
INFO:root:| Epoch: 100/100 | Train Time: 6.113s | Train Loss: 0.000949 |
INFO:root:Pretraining Time: 611.324s
INFO:root:Finished pretraining.
INFO:root:Testing autoencoder...
INFO:root:Test Loss: 0.104244
INFO:root:Test AUC: 54.47%
INFO:root:Test Time: 1.060s
INFO:root:Finished testing autoencoder.
INFO:root:Training optimizer: adam
INFO:root:Training learning rate: 0.0001
INFO:root:Training epochs: 150
INFO:root:Training learning rate scheduler milestones: (50,)
INFO:root:Training batch size: 128
INFO:root:Training weight decay: 5e-07
INFO:root:Initializing center c...
INFO:root:Center c initialized.
INFO:root:Starting training...
/home/xysong/.conda/envs/OoD/lib/python3.9/site-packages/torch/optim/lr_scheduler.py:131: UserWarning: Detected call of `lr_scheduler.step()` before `optimizer.step()`. In PyTorch 1.1.0 and later, you should call them in the opposite order: `optimizer.step()` before `lr_scheduler.step()`.  Failure to do this will result in PyTorch skipping the first value of the learning rate schedule. See more details at https://pytorch.org/docs/stable/optim.html#how-to-adjust-learning-rate
  warnings.warn("Detected call of `lr_scheduler.step()` before `optimizer.step()`. "
INFO:root:| Epoch: 001/150 | Train Time: 5.383s | Train Loss: 1.098994 |
INFO:root:| Epoch: 002/150 | Train Time: 5.360s | Train Loss: 0.174987 |
INFO:root:| Epoch: 003/150 | Train Time: 5.357s | Train Loss: 0.108929 |
INFO:root:| Epoch: 004/150 | Train Time: 5.358s | Train Loss: 0.084793 |
INFO:root:| Epoch: 005/150 | Train Time: 5.362s | Train Loss: 0.063814 |
INFO:root:| Epoch: 006/150 | Train Time: 5.367s | Train Loss: 0.051290 |
INFO:root:| Epoch: 007/150 | Train Time: 5.363s | Train Loss: 0.050122 |
INFO:root:| Epoch: 008/150 | Train Time: 5.381s | Train Loss: 0.039736 |
INFO:root:| Epoch: 009/150 | Train Time: 5.397s | Train Loss: 0.039515 |
INFO:root:| Epoch: 010/150 | Train Time: 5.473s | Train Loss: 0.034264 |
INFO:root:| Epoch: 011/150 | Train Time: 5.371s | Train Loss: 0.030923 |
INFO:root:| Epoch: 012/150 | Train Time: 5.379s | Train Loss: 0.035552 |
INFO:root:| Epoch: 013/150 | Train Time: 5.380s | Train Loss: 0.044353 |
INFO:root:| Epoch: 014/150 | Train Time: 5.369s | Train Loss: 0.030407 |
INFO:root:| Epoch: 015/150 | Train Time: 5.366s | Train Loss: 0.023300 |
INFO:root:| Epoch: 016/150 | Train Time: 5.367s | Train Loss: 0.023697 |
INFO:root:| Epoch: 017/150 | Train Time: 5.372s | Train Loss: 0.022292 |
INFO:root:| Epoch: 018/150 | Train Time: 5.368s | Train Loss: 0.020707 |
INFO:root:| Epoch: 019/150 | Train Time: 5.363s | Train Loss: 0.022380 |
INFO:root:| Epoch: 020/150 | Train Time: 5.366s | Train Loss: 0.040865 |
INFO:root:| Epoch: 021/150 | Train Time: 5.379s | Train Loss: 0.017884 |
INFO:root:| Epoch: 022/150 | Train Time: 5.409s | Train Loss: 0.015290 |
INFO:root:| Epoch: 023/150 | Train Time: 5.442s | Train Loss: 0.030631 |
INFO:root:| Epoch: 024/150 | Train Time: 5.360s | Train Loss: 0.017107 |
INFO:root:| Epoch: 025/150 | Train Time: 5.360s | Train Loss: 0.020260 |
INFO:root:| Epoch: 026/150 | Train Time: 5.365s | Train Loss: 0.015318 |
INFO:root:| Epoch: 027/150 | Train Time: 5.368s | Train Loss: 0.018492 |
INFO:root:| Epoch: 028/150 | Train Time: 5.371s | Train Loss: 0.016364 |
INFO:root:| Epoch: 029/150 | Train Time: 5.365s | Train Loss: 0.012877 |
INFO:root:| Epoch: 030/150 | Train Time: 5.370s | Train Loss: 0.015965 |
INFO:root:| Epoch: 031/150 | Train Time: 5.376s | Train Loss: 0.027455 |
INFO:root:| Epoch: 032/150 | Train Time: 5.373s | Train Loss: 0.013062 |
INFO:root:| Epoch: 033/150 | Train Time: 5.371s | Train Loss: 0.015993 |
INFO:root:| Epoch: 034/150 | Train Time: 5.382s | Train Loss: 0.012776 |
INFO:root:| Epoch: 035/150 | Train Time: 5.445s | Train Loss: 0.012822 |
INFO:root:| Epoch: 036/150 | Train Time: 5.418s | Train Loss: 0.014425 |
INFO:root:| Epoch: 037/150 | Train Time: 5.362s | Train Loss: 0.019345 |
INFO:root:| Epoch: 038/150 | Train Time: 5.364s | Train Loss: 0.020454 |
INFO:root:| Epoch: 039/150 | Train Time: 5.370s | Train Loss: 0.011827 |
INFO:root:| Epoch: 040/150 | Train Time: 5.370s | Train Loss: 0.021365 |
INFO:root:| Epoch: 041/150 | Train Time: 5.370s | Train Loss: 0.011999 |
INFO:root:| Epoch: 042/150 | Train Time: 5.363s | Train Loss: 0.010817 |
INFO:root:| Epoch: 043/150 | Train Time: 5.363s | Train Loss: 0.010866 |
INFO:root:| Epoch: 044/150 | Train Time: 5.373s | Train Loss: 0.011203 |
INFO:root:| Epoch: 045/150 | Train Time: 5.377s | Train Loss: 0.014113 |
INFO:root:| Epoch: 046/150 | Train Time: 5.365s | Train Loss: 0.009230 |
INFO:root:| Epoch: 047/150 | Train Time: 5.379s | Train Loss: 0.011299 |
INFO:root:| Epoch: 048/150 | Train Time: 5.457s | Train Loss: 0.039318 |
INFO:root:| Epoch: 049/150 | Train Time: 5.398s | Train Loss: 0.013122 |
INFO:root:| Epoch: 050/150 | Train Time: 5.365s | Train Loss: 0.009390 |
/home/xysong/.conda/envs/OoD/lib/python3.9/site-packages/torch/optim/lr_scheduler.py:418: UserWarning: To get the last learning rate computed by the scheduler, please use `get_last_lr()`.
  warnings.warn("To get the last learning rate computed by the scheduler, "
INFO:root:  LR scheduler: new learning rate is 1e-05
INFO:root:| Epoch: 051/150 | Train Time: 5.373s | Train Loss: 0.009131 |
INFO:root:| Epoch: 052/150 | Train Time: 5.367s | Train Loss: 0.008926 |
INFO:root:| Epoch: 053/150 | Train Time: 5.374s | Train Loss: 0.008564 |
INFO:root:| Epoch: 054/150 | Train Time: 5.362s | Train Loss: 0.008498 |
INFO:root:| Epoch: 055/150 | Train Time: 5.361s | Train Loss: 0.008657 |
INFO:root:| Epoch: 056/150 | Train Time: 5.381s | Train Loss: 0.008252 |
INFO:root:| Epoch: 057/150 | Train Time: 5.367s | Train Loss: 0.008341 |
INFO:root:| Epoch: 058/150 | Train Time: 5.371s | Train Loss: 0.008153 |
INFO:root:| Epoch: 059/150 | Train Time: 5.370s | Train Loss: 0.008077 |
INFO:root:| Epoch: 060/150 | Train Time: 5.395s | Train Loss: 0.008930 |
INFO:root:| Epoch: 061/150 | Train Time: 5.491s | Train Loss: 0.008447 |
INFO:root:| Epoch: 062/150 | Train Time: 5.399s | Train Loss: 0.008413 |
INFO:root:| Epoch: 063/150 | Train Time: 5.379s | Train Loss: 0.008167 |
INFO:root:| Epoch: 064/150 | Train Time: 5.385s | Train Loss: 0.008634 |
INFO:root:| Epoch: 065/150 | Train Time: 5.370s | Train Loss: 0.008576 |
INFO:root:| Epoch: 066/150 | Train Time: 5.367s | Train Loss: 0.008591 |
INFO:root:| Epoch: 067/150 | Train Time: 5.371s | Train Loss: 0.008499 |
INFO:root:| Epoch: 068/150 | Train Time: 5.370s | Train Loss: 0.007984 |
INFO:root:| Epoch: 069/150 | Train Time: 5.362s | Train Loss: 0.008250 |
INFO:root:| Epoch: 070/150 | Train Time: 5.369s | Train Loss: 0.008874 |
INFO:root:| Epoch: 071/150 | Train Time: 5.367s | Train Loss: 0.008285 |
INFO:root:| Epoch: 072/150 | Train Time: 5.388s | Train Loss: 0.007971 |
INFO:root:| Epoch: 073/150 | Train Time: 5.406s | Train Loss: 0.008133 |
INFO:root:| Epoch: 074/150 | Train Time: 5.484s | Train Loss: 0.008201 |
INFO:root:| Epoch: 075/150 | Train Time: 5.381s | Train Loss: 0.008022 |
INFO:root:| Epoch: 076/150 | Train Time: 5.378s | Train Loss: 0.008495 |
INFO:root:| Epoch: 077/150 | Train Time: 5.382s | Train Loss: 0.008204 |
INFO:root:| Epoch: 078/150 | Train Time: 5.378s | Train Loss: 0.008496 |
INFO:root:| Epoch: 079/150 | Train Time: 5.378s | Train Loss: 0.007975 |
INFO:root:| Epoch: 080/150 | Train Time: 5.378s | Train Loss: 0.007543 |
INFO:root:| Epoch: 081/150 | Train Time: 5.373s | Train Loss: 0.008601 |
INFO:root:| Epoch: 082/150 | Train Time: 5.369s | Train Loss: 0.008155 |
INFO:root:| Epoch: 083/150 | Train Time: 5.365s | Train Loss: 0.008003 |
INFO:root:| Epoch: 084/150 | Train Time: 5.368s | Train Loss: 0.007753 |
INFO:root:| Epoch: 085/150 | Train Time: 5.382s | Train Loss: 0.007271 |
INFO:root:| Epoch: 086/150 | Train Time: 5.419s | Train Loss: 0.008182 |
INFO:root:| Epoch: 087/150 | Train Time: 5.444s | Train Loss: 0.008479 |
INFO:root:| Epoch: 088/150 | Train Time: 5.367s | Train Loss: 0.007909 |
INFO:root:| Epoch: 089/150 | Train Time: 5.365s | Train Loss: 0.007864 |
INFO:root:| Epoch: 090/150 | Train Time: 5.372s | Train Loss: 0.008054 |
INFO:root:| Epoch: 091/150 | Train Time: 5.365s | Train Loss: 0.008179 |
INFO:root:| Epoch: 092/150 | Train Time: 5.372s | Train Loss: 0.007859 |
INFO:root:| Epoch: 093/150 | Train Time: 5.369s | Train Loss: 0.007807 |
INFO:root:| Epoch: 094/150 | Train Time: 5.370s | Train Loss: 0.007742 |
INFO:root:| Epoch: 095/150 | Train Time: 5.370s | Train Loss: 0.007987 |
INFO:root:| Epoch: 096/150 | Train Time: 5.373s | Train Loss: 0.008024 |
INFO:root:| Epoch: 097/150 | Train Time: 5.366s | Train Loss: 0.007611 |
INFO:root:| Epoch: 098/150 | Train Time: 5.384s | Train Loss: 0.008054 |
INFO:root:| Epoch: 099/150 | Train Time: 5.447s | Train Loss: 0.007783 |
INFO:root:| Epoch: 100/150 | Train Time: 5.426s | Train Loss: 0.008157 |
INFO:root:| Epoch: 101/150 | Train Time: 5.374s | Train Loss: 0.008006 |
INFO:root:| Epoch: 102/150 | Train Time: 5.365s | Train Loss: 0.008216 |
INFO:root:| Epoch: 103/150 | Train Time: 5.370s | Train Loss: 0.007802 |
INFO:root:| Epoch: 104/150 | Train Time: 5.367s | Train Loss: 0.007346 |
INFO:root:| Epoch: 105/150 | Train Time: 5.365s | Train Loss: 0.008430 |
INFO:root:| Epoch: 106/150 | Train Time: 5.369s | Train Loss: 0.008074 |
INFO:root:| Epoch: 107/150 | Train Time: 5.375s | Train Loss: 0.007423 |
INFO:root:| Epoch: 108/150 | Train Time: 5.368s | Train Loss: 0.007469 |
INFO:root:| Epoch: 109/150 | Train Time: 5.368s | Train Loss: 0.007877 |
INFO:root:| Epoch: 110/150 | Train Time: 5.369s | Train Loss: 0.008333 |
INFO:root:| Epoch: 111/150 | Train Time: 5.385s | Train Loss: 0.007593 |
INFO:root:| Epoch: 112/150 | Train Time: 5.469s | Train Loss: 0.007518 |
INFO:root:| Epoch: 113/150 | Train Time: 5.409s | Train Loss: 0.007762 |
INFO:root:| Epoch: 114/150 | Train Time: 5.373s | Train Loss: 0.007645 |
INFO:root:| Epoch: 115/150 | Train Time: 5.377s | Train Loss: 0.007919 |
INFO:root:| Epoch: 116/150 | Train Time: 5.368s | Train Loss: 0.007729 |
INFO:root:| Epoch: 117/150 | Train Time: 5.370s | Train Loss: 0.008404 |
INFO:root:| Epoch: 118/150 | Train Time: 5.372s | Train Loss: 0.007916 |
INFO:root:| Epoch: 119/150 | Train Time: 5.370s | Train Loss: 0.007969 |
INFO:root:| Epoch: 120/150 | Train Time: 5.375s | Train Loss: 0.007823 |
INFO:root:| Epoch: 121/150 | Train Time: 5.372s | Train Loss: 0.007895 |
INFO:root:| Epoch: 122/150 | Train Time: 5.374s | Train Loss: 0.008234 |
INFO:root:| Epoch: 123/150 | Train Time: 5.376s | Train Loss: 0.007468 |
INFO:root:| Epoch: 124/150 | Train Time: 5.391s | Train Loss: 0.007762 |
INFO:root:| Epoch: 125/150 | Train Time: 5.489s | Train Loss: 0.007709 |
INFO:root:| Epoch: 126/150 | Train Time: 5.384s | Train Loss: 0.007637 |
INFO:root:| Epoch: 127/150 | Train Time: 5.378s | Train Loss: 0.007406 |
INFO:root:| Epoch: 128/150 | Train Time: 5.378s | Train Loss: 0.008331 |
INFO:root:| Epoch: 129/150 | Train Time: 5.388s | Train Loss: 0.007552 |
INFO:root:| Epoch: 130/150 | Train Time: 5.383s | Train Loss: 0.007571 |
INFO:root:| Epoch: 131/150 | Train Time: 5.386s | Train Loss: 0.007763 |
INFO:root:| Epoch: 132/150 | Train Time: 5.384s | Train Loss: 0.007814 |
INFO:root:| Epoch: 133/150 | Train Time: 5.382s | Train Loss: 0.007363 |
INFO:root:| Epoch: 134/150 | Train Time: 5.391s | Train Loss: 0.007447 |
INFO:root:| Epoch: 135/150 | Train Time: 5.377s | Train Loss: 0.008071 |
INFO:root:| Epoch: 136/150 | Train Time: 5.390s | Train Loss: 0.007711 |
INFO:root:| Epoch: 137/150 | Train Time: 5.375s | Train Loss: 0.007612 |
INFO:root:| Epoch: 138/150 | Train Time: 5.418s | Train Loss: 0.007768 |
INFO:root:| Epoch: 139/150 | Train Time: 5.459s | Train Loss: 0.007516 |
INFO:root:| Epoch: 140/150 | Train Time: 5.378s | Train Loss: 0.007443 |
INFO:root:| Epoch: 141/150 | Train Time: 5.373s | Train Loss: 0.007196 |
INFO:root:| Epoch: 142/150 | Train Time: 5.375s | Train Loss: 0.007422 |
INFO:root:| Epoch: 143/150 | Train Time: 5.376s | Train Loss: 0.008049 |
INFO:root:| Epoch: 144/150 | Train Time: 5.378s | Train Loss: 0.007948 |
INFO:root:| Epoch: 145/150 | Train Time: 5.382s | Train Loss: 0.007785 |
INFO:root:| Epoch: 146/150 | Train Time: 5.384s | Train Loss: 0.007409 |
INFO:root:| Epoch: 147/150 | Train Time: 5.385s | Train Loss: 0.007393 |
INFO:root:| Epoch: 148/150 | Train Time: 5.387s | Train Loss: 0.008095 |
INFO:root:| Epoch: 149/150 | Train Time: 5.416s | Train Loss: 0.007430 |
INFO:root:| Epoch: 150/150 | Train Time: 5.448s | Train Loss: 0.007506 |
INFO:root:Training Time: 807.462s
INFO:root:Finished training.
INFO:root:Starting testing...
INFO:root:Testing TPR95: 0.0116
INFO:root:Testing TPR99: 0.0020
INFO:root:Test Loss: 3.731144
INFO:root:Test AUC: 49.96%
INFO:root:Test Time: 1.024s
INFO:root:Finished testing.
Outlier classes: [8, 9]
Original training data size:  60000 torch.Size([60000, 28, 28])
Using number-pre-sampled sampler
Train set shape: torch.Size([48200, 28, 28])
Train set size: 48264
Train targets size: 48264
Train semi-targets size: 48264
Counter({1: 6742, 7: 6265, 3: 6131, 2: 5958, 0: 5923, 6: 5918, 4: 5842, 5: 5421, 8: 32, 9: 32})
InD Test Size: 8017, OoD Test Size: 1983, TPR95: 0.0116
InD Test Size: 8017, OoD Test Size: 1983, TPR99: 0.0020
