mkdir: cannot create directory ‘log/DeepSAD’: File exists
INFO:root:Log file is ../log/DeepSAD/mnist-Balanced-512/log.txt
INFO:root:Data path is ../data
INFO:root:Export path is ../log/DeepSAD/mnist-Balanced-512
INFO:root:Dataset: mnist
INFO:root:Normal class: [0, 1, 2, 3, 4, 5, 6, 7]
INFO:root:Ratio of labeled normal train samples: 0.00
INFO:root:Ratio of labeled anomalous samples: 0.01
INFO:root:Pollution ratio of unlabeled train data: 0.10
INFO:root:Known anomaly class: 1
INFO:root:Network: mnist_LeNet
INFO:root:Eta-parameter: 1.00
INFO:root:Set seed to 999.
INFO:root:Computation device: cuda
INFO:root:Number of threads: 0
INFO:root:Number of dataloader workers: 0
INFO:root:Pretraining: True
INFO:root:Pretraining optimizer: adam
INFO:root:Pretraining learning rate: 0.001
INFO:root:Pretraining epochs: 100
INFO:root:Pretraining learning rate scheduler milestones: (0,)
INFO:root:Pretraining batch size: 128
INFO:root:Pretraining weight decay: 1e-06
INFO:root:Starting pretraining...
/home/xysong/.conda/envs/OoD/lib/python3.9/site-packages/torch/optim/lr_scheduler.py:131: UserWarning: Detected call of `lr_scheduler.step()` before `optimizer.step()`. In PyTorch 1.1.0 and later, you should call them in the opposite order: `optimizer.step()` before `lr_scheduler.step()`.  Failure to do this will result in PyTorch skipping the first value of the learning rate schedule. See more details at https://pytorch.org/docs/stable/optim.html#how-to-adjust-learning-rate
  warnings.warn("Detected call of `lr_scheduler.step()` before `optimizer.step()`. "
/home/xysong/.conda/envs/OoD/lib/python3.9/site-packages/torch/optim/lr_scheduler.py:418: UserWarning: To get the last learning rate computed by the scheduler, please use `get_last_lr()`.
  warnings.warn("To get the last learning rate computed by the scheduler, "
INFO:root:  LR scheduler: new learning rate is 0.0001
INFO:root:| Epoch: 001/100 | Train Time: 6.690s | Train Loss: 0.069595 |
INFO:root:| Epoch: 002/100 | Train Time: 6.114s | Train Loss: 0.012845 |
INFO:root:| Epoch: 003/100 | Train Time: 6.189s | Train Loss: 0.008681 |
INFO:root:| Epoch: 004/100 | Train Time: 6.085s | Train Loss: 0.007453 |
INFO:root:| Epoch: 005/100 | Train Time: 6.089s | Train Loss: 0.006806 |
INFO:root:| Epoch: 006/100 | Train Time: 6.179s | Train Loss: 0.006373 |
INFO:root:| Epoch: 007/100 | Train Time: 6.079s | Train Loss: 0.006016 |
INFO:root:| Epoch: 008/100 | Train Time: 6.093s | Train Loss: 0.005664 |
INFO:root:| Epoch: 009/100 | Train Time: 6.106s | Train Loss: 0.005326 |
INFO:root:| Epoch: 010/100 | Train Time: 6.175s | Train Loss: 0.005028 |
INFO:root:| Epoch: 011/100 | Train Time: 6.075s | Train Loss: 0.004725 |
INFO:root:| Epoch: 012/100 | Train Time: 6.079s | Train Loss: 0.004416 |
INFO:root:| Epoch: 013/100 | Train Time: 6.078s | Train Loss: 0.004122 |
INFO:root:| Epoch: 014/100 | Train Time: 6.084s | Train Loss: 0.003835 |
INFO:root:| Epoch: 015/100 | Train Time: 6.201s | Train Loss: 0.003604 |
INFO:root:| Epoch: 016/100 | Train Time: 6.098s | Train Loss: 0.003428 |
INFO:root:| Epoch: 017/100 | Train Time: 6.099s | Train Loss: 0.003275 |
INFO:root:| Epoch: 018/100 | Train Time: 6.101s | Train Loss: 0.003153 |
INFO:root:| Epoch: 019/100 | Train Time: 6.108s | Train Loss: 0.003040 |
INFO:root:| Epoch: 020/100 | Train Time: 6.097s | Train Loss: 0.002945 |
INFO:root:| Epoch: 021/100 | Train Time: 6.156s | Train Loss: 0.002851 |
INFO:root:| Epoch: 022/100 | Train Time: 6.205s | Train Loss: 0.002773 |
INFO:root:| Epoch: 023/100 | Train Time: 6.157s | Train Loss: 0.002701 |
INFO:root:| Epoch: 024/100 | Train Time: 6.102s | Train Loss: 0.002645 |
INFO:root:| Epoch: 025/100 | Train Time: 6.093s | Train Loss: 0.002580 |
INFO:root:| Epoch: 026/100 | Train Time: 6.092s | Train Loss: 0.002524 |
INFO:root:| Epoch: 027/100 | Train Time: 6.097s | Train Loss: 0.002472 |
INFO:root:| Epoch: 028/100 | Train Time: 6.092s | Train Loss: 0.002435 |
INFO:root:| Epoch: 029/100 | Train Time: 6.101s | Train Loss: 0.002390 |
INFO:root:| Epoch: 030/100 | Train Time: 6.181s | Train Loss: 0.002356 |
INFO:root:| Epoch: 031/100 | Train Time: 6.131s | Train Loss: 0.002315 |
INFO:root:| Epoch: 032/100 | Train Time: 6.109s | Train Loss: 0.002283 |
INFO:root:| Epoch: 033/100 | Train Time: 6.108s | Train Loss: 0.002254 |
INFO:root:| Epoch: 034/100 | Train Time: 6.111s | Train Loss: 0.002228 |
INFO:root:| Epoch: 035/100 | Train Time: 6.109s | Train Loss: 0.002213 |
INFO:root:| Epoch: 036/100 | Train Time: 6.097s | Train Loss: 0.002182 |
INFO:root:| Epoch: 037/100 | Train Time: 6.108s | Train Loss: 0.002163 |
INFO:root:| Epoch: 038/100 | Train Time: 6.100s | Train Loss: 0.002135 |
INFO:root:| Epoch: 039/100 | Train Time: 6.100s | Train Loss: 0.002120 |
INFO:root:| Epoch: 040/100 | Train Time: 6.104s | Train Loss: 0.002101 |
INFO:root:| Epoch: 041/100 | Train Time: 6.188s | Train Loss: 0.002085 |
INFO:root:| Epoch: 042/100 | Train Time: 6.137s | Train Loss: 0.002069 |
INFO:root:| Epoch: 043/100 | Train Time: 6.102s | Train Loss: 0.002049 |
INFO:root:| Epoch: 044/100 | Train Time: 6.101s | Train Loss: 0.002029 |
INFO:root:| Epoch: 045/100 | Train Time: 6.104s | Train Loss: 0.002012 |
INFO:root:| Epoch: 046/100 | Train Time: 6.111s | Train Loss: 0.002006 |
INFO:root:| Epoch: 047/100 | Train Time: 6.119s | Train Loss: 0.001987 |
INFO:root:| Epoch: 048/100 | Train Time: 6.117s | Train Loss: 0.001972 |
INFO:root:| Epoch: 049/100 | Train Time: 6.117s | Train Loss: 0.001962 |
INFO:root:| Epoch: 050/100 | Train Time: 6.102s | Train Loss: 0.001947 |
INFO:root:| Epoch: 051/100 | Train Time: 6.106s | Train Loss: 0.001936 |
INFO:root:| Epoch: 052/100 | Train Time: 6.148s | Train Loss: 0.001919 |
INFO:root:| Epoch: 053/100 | Train Time: 6.182s | Train Loss: 0.001912 |
INFO:root:| Epoch: 054/100 | Train Time: 6.104s | Train Loss: 0.001899 |
INFO:root:| Epoch: 055/100 | Train Time: 6.102s | Train Loss: 0.001888 |
INFO:root:| Epoch: 056/100 | Train Time: 6.104s | Train Loss: 0.001879 |
INFO:root:| Epoch: 057/100 | Train Time: 6.112s | Train Loss: 0.001869 |
INFO:root:| Epoch: 058/100 | Train Time: 6.109s | Train Loss: 0.001861 |
INFO:root:| Epoch: 059/100 | Train Time: 6.105s | Train Loss: 0.001847 |
INFO:root:| Epoch: 060/100 | Train Time: 6.123s | Train Loss: 0.001838 |
INFO:root:| Epoch: 061/100 | Train Time: 6.108s | Train Loss: 0.001832 |
INFO:root:| Epoch: 062/100 | Train Time: 6.108s | Train Loss: 0.001818 |
INFO:root:| Epoch: 063/100 | Train Time: 6.127s | Train Loss: 0.001815 |
INFO:root:| Epoch: 064/100 | Train Time: 6.221s | Train Loss: 0.001804 |
INFO:root:| Epoch: 065/100 | Train Time: 6.137s | Train Loss: 0.001802 |
INFO:root:| Epoch: 066/100 | Train Time: 6.116s | Train Loss: 0.001792 |
INFO:root:| Epoch: 067/100 | Train Time: 6.119s | Train Loss: 0.001782 |
INFO:root:| Epoch: 068/100 | Train Time: 6.111s | Train Loss: 0.001777 |
INFO:root:| Epoch: 069/100 | Train Time: 6.117s | Train Loss: 0.001771 |
INFO:root:| Epoch: 070/100 | Train Time: 6.119s | Train Loss: 0.001767 |
INFO:root:| Epoch: 071/100 | Train Time: 6.114s | Train Loss: 0.001759 |
INFO:root:| Epoch: 072/100 | Train Time: 6.111s | Train Loss: 0.001752 |
INFO:root:| Epoch: 073/100 | Train Time: 6.105s | Train Loss: 0.001744 |
INFO:root:| Epoch: 074/100 | Train Time: 6.114s | Train Loss: 0.001739 |
INFO:root:| Epoch: 075/100 | Train Time: 6.177s | Train Loss: 0.001739 |
INFO:root:| Epoch: 076/100 | Train Time: 6.161s | Train Loss: 0.001728 |
INFO:root:| Epoch: 077/100 | Train Time: 6.105s | Train Loss: 0.001720 |
INFO:root:| Epoch: 078/100 | Train Time: 6.108s | Train Loss: 0.001715 |
INFO:root:| Epoch: 079/100 | Train Time: 6.110s | Train Loss: 0.001713 |
INFO:root:| Epoch: 080/100 | Train Time: 6.107s | Train Loss: 0.001706 |
INFO:root:| Epoch: 081/100 | Train Time: 6.115s | Train Loss: 0.001702 |
INFO:root:| Epoch: 082/100 | Train Time: 6.107s | Train Loss: 0.001696 |
INFO:root:| Epoch: 083/100 | Train Time: 6.125s | Train Loss: 0.001692 |
INFO:root:| Epoch: 084/100 | Train Time: 6.122s | Train Loss: 0.001685 |
INFO:root:| Epoch: 085/100 | Train Time: 6.117s | Train Loss: 0.001680 |
INFO:root:| Epoch: 086/100 | Train Time: 6.154s | Train Loss: 0.001677 |
INFO:root:| Epoch: 087/100 | Train Time: 6.205s | Train Loss: 0.001671 |
INFO:root:| Epoch: 088/100 | Train Time: 6.108s | Train Loss: 0.001667 |
INFO:root:| Epoch: 089/100 | Train Time: 6.113s | Train Loss: 0.001657 |
INFO:root:| Epoch: 090/100 | Train Time: 6.111s | Train Loss: 0.001658 |
INFO:root:| Epoch: 091/100 | Train Time: 6.123s | Train Loss: 0.001656 |
INFO:root:| Epoch: 092/100 | Train Time: 6.113s | Train Loss: 0.001650 |
INFO:root:| Epoch: 093/100 | Train Time: 6.123s | Train Loss: 0.001648 |
INFO:root:| Epoch: 094/100 | Train Time: 6.124s | Train Loss: 0.001642 |
INFO:root:| Epoch: 095/100 | Train Time: 6.138s | Train Loss: 0.001641 |
INFO:root:| Epoch: 096/100 | Train Time: 6.184s | Train Loss: 0.001633 |
INFO:root:| Epoch: 097/100 | Train Time: 6.159s | Train Loss: 0.001632 |
INFO:root:| Epoch: 098/100 | Train Time: 6.228s | Train Loss: 0.001628 |
INFO:root:| Epoch: 099/100 | Train Time: 6.154s | Train Loss: 0.001621 |
INFO:root:| Epoch: 100/100 | Train Time: 6.127s | Train Loss: 0.001619 |
INFO:root:Pretraining Time: 612.857s
INFO:root:Finished pretraining.
INFO:root:Testing autoencoder...
INFO:root:Test Loss: 0.101831
INFO:root:Test AUC: 53.89%
INFO:root:Test Time: 1.044s
INFO:root:Finished testing autoencoder.
INFO:root:Training optimizer: adam
INFO:root:Training learning rate: 0.0001
INFO:root:Training epochs: 150
INFO:root:Training learning rate scheduler milestones: (50,)
INFO:root:Training batch size: 128
INFO:root:Training weight decay: 5e-07
INFO:root:Initializing center c...
INFO:root:Center c initialized.
INFO:root:Starting training...
/home/xysong/.conda/envs/OoD/lib/python3.9/site-packages/torch/optim/lr_scheduler.py:131: UserWarning: Detected call of `lr_scheduler.step()` before `optimizer.step()`. In PyTorch 1.1.0 and later, you should call them in the opposite order: `optimizer.step()` before `lr_scheduler.step()`.  Failure to do this will result in PyTorch skipping the first value of the learning rate schedule. See more details at https://pytorch.org/docs/stable/optim.html#how-to-adjust-learning-rate
  warnings.warn("Detected call of `lr_scheduler.step()` before `optimizer.step()`. "
INFO:root:| Epoch: 001/150 | Train Time: 5.378s | Train Loss: 0.947515 |
INFO:root:| Epoch: 002/150 | Train Time: 5.365s | Train Loss: 0.187864 |
INFO:root:| Epoch: 003/150 | Train Time: 5.365s | Train Loss: 0.132121 |
INFO:root:| Epoch: 004/150 | Train Time: 5.368s | Train Loss: 0.108589 |
INFO:root:| Epoch: 005/150 | Train Time: 5.372s | Train Loss: 0.095295 |
INFO:root:| Epoch: 006/150 | Train Time: 5.380s | Train Loss: 0.085508 |
INFO:root:| Epoch: 007/150 | Train Time: 5.372s | Train Loss: 0.079879 |
INFO:root:| Epoch: 008/150 | Train Time: 5.391s | Train Loss: 0.074747 |
INFO:root:| Epoch: 009/150 | Train Time: 5.417s | Train Loss: 0.067838 |
INFO:root:| Epoch: 010/150 | Train Time: 5.432s | Train Loss: 0.065968 |
INFO:root:| Epoch: 011/150 | Train Time: 5.371s | Train Loss: 0.063199 |
INFO:root:| Epoch: 012/150 | Train Time: 5.363s | Train Loss: 0.058795 |
INFO:root:| Epoch: 013/150 | Train Time: 5.363s | Train Loss: 0.058501 |
INFO:root:| Epoch: 014/150 | Train Time: 5.367s | Train Loss: 0.053881 |
INFO:root:| Epoch: 015/150 | Train Time: 5.368s | Train Loss: 0.051311 |
INFO:root:| Epoch: 016/150 | Train Time: 5.365s | Train Loss: 0.051581 |
INFO:root:| Epoch: 017/150 | Train Time: 5.366s | Train Loss: 0.048160 |
INFO:root:| Epoch: 018/150 | Train Time: 5.365s | Train Loss: 0.046191 |
INFO:root:| Epoch: 019/150 | Train Time: 5.364s | Train Loss: 0.044021 |
INFO:root:| Epoch: 020/150 | Train Time: 5.368s | Train Loss: 0.042221 |
INFO:root:| Epoch: 021/150 | Train Time: 5.385s | Train Loss: 0.040741 |
INFO:root:| Epoch: 022/150 | Train Time: 5.452s | Train Loss: 0.040274 |
INFO:root:| Epoch: 023/150 | Train Time: 5.427s | Train Loss: 0.038115 |
INFO:root:| Epoch: 024/150 | Train Time: 5.379s | Train Loss: 0.039068 |
INFO:root:| Epoch: 025/150 | Train Time: 5.362s | Train Loss: 0.036732 |
INFO:root:| Epoch: 026/150 | Train Time: 5.368s | Train Loss: 0.035952 |
INFO:root:| Epoch: 027/150 | Train Time: 5.367s | Train Loss: 0.036445 |
INFO:root:| Epoch: 028/150 | Train Time: 5.365s | Train Loss: 0.036219 |
INFO:root:| Epoch: 029/150 | Train Time: 5.366s | Train Loss: 0.033816 |
INFO:root:| Epoch: 030/150 | Train Time: 5.363s | Train Loss: 0.033922 |
INFO:root:| Epoch: 031/150 | Train Time: 5.362s | Train Loss: 0.033774 |
INFO:root:| Epoch: 032/150 | Train Time: 5.359s | Train Loss: 0.034050 |
INFO:root:| Epoch: 033/150 | Train Time: 5.364s | Train Loss: 0.032834 |
INFO:root:| Epoch: 034/150 | Train Time: 5.375s | Train Loss: 0.032579 |
INFO:root:| Epoch: 035/150 | Train Time: 5.457s | Train Loss: 0.031569 |
INFO:root:| Epoch: 036/150 | Train Time: 5.397s | Train Loss: 0.031835 |
INFO:root:| Epoch: 037/150 | Train Time: 5.364s | Train Loss: 0.032418 |
INFO:root:| Epoch: 038/150 | Train Time: 5.365s | Train Loss: 0.031936 |
INFO:root:| Epoch: 039/150 | Train Time: 5.367s | Train Loss: 0.030612 |
INFO:root:| Epoch: 040/150 | Train Time: 5.366s | Train Loss: 0.031205 |
INFO:root:| Epoch: 041/150 | Train Time: 5.362s | Train Loss: 0.031000 |
INFO:root:| Epoch: 042/150 | Train Time: 5.362s | Train Loss: 0.030290 |
INFO:root:| Epoch: 043/150 | Train Time: 5.358s | Train Loss: 0.030891 |
INFO:root:| Epoch: 044/150 | Train Time: 5.366s | Train Loss: 0.030238 |
INFO:root:| Epoch: 045/150 | Train Time: 5.364s | Train Loss: 0.029993 |
INFO:root:| Epoch: 046/150 | Train Time: 5.371s | Train Loss: 0.030455 |
INFO:root:| Epoch: 047/150 | Train Time: 5.382s | Train Loss: 0.029860 |
INFO:root:| Epoch: 048/150 | Train Time: 5.477s | Train Loss: 0.030394 |
INFO:root:| Epoch: 049/150 | Train Time: 5.392s | Train Loss: 0.029789 |
INFO:root:| Epoch: 050/150 | Train Time: 5.369s | Train Loss: 0.028128 |
/home/xysong/.conda/envs/OoD/lib/python3.9/site-packages/torch/optim/lr_scheduler.py:418: UserWarning: To get the last learning rate computed by the scheduler, please use `get_last_lr()`.
  warnings.warn("To get the last learning rate computed by the scheduler, "
INFO:root:  LR scheduler: new learning rate is 1e-05
INFO:root:| Epoch: 051/150 | Train Time: 5.363s | Train Loss: 0.027916 |
INFO:root:| Epoch: 052/150 | Train Time: 5.365s | Train Loss: 0.028125 |
INFO:root:| Epoch: 053/150 | Train Time: 5.365s | Train Loss: 0.028115 |
INFO:root:| Epoch: 054/150 | Train Time: 5.373s | Train Loss: 0.027839 |
INFO:root:| Epoch: 055/150 | Train Time: 5.373s | Train Loss: 0.028032 |
INFO:root:| Epoch: 056/150 | Train Time: 5.372s | Train Loss: 0.028205 |
INFO:root:| Epoch: 057/150 | Train Time: 5.378s | Train Loss: 0.028373 |
INFO:root:| Epoch: 058/150 | Train Time: 5.379s | Train Loss: 0.028397 |
INFO:root:| Epoch: 059/150 | Train Time: 5.381s | Train Loss: 0.028180 |
INFO:root:| Epoch: 060/150 | Train Time: 5.381s | Train Loss: 0.027961 |
INFO:root:| Epoch: 061/150 | Train Time: 5.493s | Train Loss: 0.027860 |
INFO:root:| Epoch: 062/150 | Train Time: 5.376s | Train Loss: 0.028334 |
INFO:root:| Epoch: 063/150 | Train Time: 5.366s | Train Loss: 0.027911 |
INFO:root:| Epoch: 064/150 | Train Time: 5.375s | Train Loss: 0.027916 |
INFO:root:| Epoch: 065/150 | Train Time: 5.370s | Train Loss: 0.027999 |
INFO:root:| Epoch: 066/150 | Train Time: 5.370s | Train Loss: 0.027975 |
INFO:root:| Epoch: 067/150 | Train Time: 5.378s | Train Loss: 0.027950 |
INFO:root:| Epoch: 068/150 | Train Time: 5.375s | Train Loss: 0.027941 |
INFO:root:| Epoch: 069/150 | Train Time: 5.379s | Train Loss: 0.027846 |
INFO:root:| Epoch: 070/150 | Train Time: 5.380s | Train Loss: 0.027888 |
INFO:root:| Epoch: 071/150 | Train Time: 5.361s | Train Loss: 0.027867 |
INFO:root:| Epoch: 072/150 | Train Time: 5.384s | Train Loss: 0.028268 |
INFO:root:| Epoch: 073/150 | Train Time: 5.397s | Train Loss: 0.028109 |
INFO:root:| Epoch: 074/150 | Train Time: 5.467s | Train Loss: 0.027843 |
INFO:root:| Epoch: 075/150 | Train Time: 5.378s | Train Loss: 0.027907 |
INFO:root:| Epoch: 076/150 | Train Time: 5.374s | Train Loss: 0.028167 |
INFO:root:| Epoch: 077/150 | Train Time: 5.412s | Train Loss: 0.027906 |
INFO:root:| Epoch: 078/150 | Train Time: 5.426s | Train Loss: 0.027755 |
INFO:root:| Epoch: 079/150 | Train Time: 5.403s | Train Loss: 0.027831 |
INFO:root:| Epoch: 080/150 | Train Time: 5.372s | Train Loss: 0.028064 |
INFO:root:| Epoch: 081/150 | Train Time: 5.370s | Train Loss: 0.027687 |
INFO:root:| Epoch: 082/150 | Train Time: 5.364s | Train Loss: 0.027476 |
INFO:root:| Epoch: 083/150 | Train Time: 5.367s | Train Loss: 0.027892 |
INFO:root:| Epoch: 084/150 | Train Time: 5.371s | Train Loss: 0.027552 |
INFO:root:| Epoch: 085/150 | Train Time: 5.386s | Train Loss: 0.027818 |
INFO:root:| Epoch: 086/150 | Train Time: 5.424s | Train Loss: 0.027658 |
INFO:root:| Epoch: 087/150 | Train Time: 5.444s | Train Loss: 0.027570 |
INFO:root:| Epoch: 088/150 | Train Time: 5.370s | Train Loss: 0.027674 |
INFO:root:| Epoch: 089/150 | Train Time: 5.373s | Train Loss: 0.028106 |
INFO:root:| Epoch: 090/150 | Train Time: 5.369s | Train Loss: 0.027099 |
INFO:root:| Epoch: 091/150 | Train Time: 5.375s | Train Loss: 0.027615 |
INFO:root:| Epoch: 092/150 | Train Time: 5.377s | Train Loss: 0.028028 |
INFO:root:| Epoch: 093/150 | Train Time: 5.379s | Train Loss: 0.027888 |
INFO:root:| Epoch: 094/150 | Train Time: 5.379s | Train Loss: 0.027934 |
INFO:root:| Epoch: 095/150 | Train Time: 5.370s | Train Loss: 0.027811 |
INFO:root:| Epoch: 096/150 | Train Time: 5.372s | Train Loss: 0.027526 |
INFO:root:| Epoch: 097/150 | Train Time: 5.376s | Train Loss: 0.027688 |
INFO:root:| Epoch: 098/150 | Train Time: 5.391s | Train Loss: 0.028178 |
INFO:root:| Epoch: 099/150 | Train Time: 5.447s | Train Loss: 0.027622 |
INFO:root:| Epoch: 100/150 | Train Time: 5.431s | Train Loss: 0.027883 |
INFO:root:| Epoch: 101/150 | Train Time: 5.369s | Train Loss: 0.027802 |
INFO:root:| Epoch: 102/150 | Train Time: 5.374s | Train Loss: 0.027517 |
INFO:root:| Epoch: 103/150 | Train Time: 5.376s | Train Loss: 0.027591 |
INFO:root:| Epoch: 104/150 | Train Time: 5.368s | Train Loss: 0.027547 |
INFO:root:| Epoch: 105/150 | Train Time: 5.369s | Train Loss: 0.027809 |
INFO:root:| Epoch: 106/150 | Train Time: 5.376s | Train Loss: 0.027691 |
INFO:root:| Epoch: 107/150 | Train Time: 5.367s | Train Loss: 0.027821 |
INFO:root:| Epoch: 108/150 | Train Time: 5.369s | Train Loss: 0.027376 |
INFO:root:| Epoch: 109/150 | Train Time: 5.369s | Train Loss: 0.027650 |
INFO:root:| Epoch: 110/150 | Train Time: 5.367s | Train Loss: 0.027619 |
INFO:root:| Epoch: 111/150 | Train Time: 5.401s | Train Loss: 0.027533 |
INFO:root:| Epoch: 112/150 | Train Time: 5.458s | Train Loss: 0.027743 |
INFO:root:| Epoch: 113/150 | Train Time: 5.408s | Train Loss: 0.027491 |
INFO:root:| Epoch: 114/150 | Train Time: 5.374s | Train Loss: 0.027407 |
INFO:root:| Epoch: 115/150 | Train Time: 5.371s | Train Loss: 0.027355 |
INFO:root:| Epoch: 116/150 | Train Time: 5.366s | Train Loss: 0.027454 |
INFO:root:| Epoch: 117/150 | Train Time: 5.379s | Train Loss: 0.027508 |
INFO:root:| Epoch: 118/150 | Train Time: 5.370s | Train Loss: 0.027574 |
INFO:root:| Epoch: 119/150 | Train Time: 5.372s | Train Loss: 0.027169 |
INFO:root:| Epoch: 120/150 | Train Time: 5.373s | Train Loss: 0.027522 |
INFO:root:| Epoch: 121/150 | Train Time: 5.378s | Train Loss: 0.027207 |
INFO:root:| Epoch: 122/150 | Train Time: 5.380s | Train Loss: 0.027418 |
INFO:root:| Epoch: 123/150 | Train Time: 5.383s | Train Loss: 0.027322 |
INFO:root:| Epoch: 124/150 | Train Time: 5.401s | Train Loss: 0.027312 |
INFO:root:| Epoch: 125/150 | Train Time: 5.489s | Train Loss: 0.027716 |
INFO:root:| Epoch: 126/150 | Train Time: 5.387s | Train Loss: 0.027477 |
INFO:root:| Epoch: 127/150 | Train Time: 5.371s | Train Loss: 0.027401 |
INFO:root:| Epoch: 128/150 | Train Time: 5.373s | Train Loss: 0.027325 |
INFO:root:| Epoch: 129/150 | Train Time: 5.369s | Train Loss: 0.027448 |
INFO:root:| Epoch: 130/150 | Train Time: 5.370s | Train Loss: 0.027192 |
INFO:root:| Epoch: 131/150 | Train Time: 5.367s | Train Loss: 0.027559 |
INFO:root:| Epoch: 132/150 | Train Time: 5.373s | Train Loss: 0.027604 |
INFO:root:| Epoch: 133/150 | Train Time: 5.380s | Train Loss: 0.027094 |
INFO:root:| Epoch: 134/150 | Train Time: 5.377s | Train Loss: 0.027153 |
INFO:root:| Epoch: 135/150 | Train Time: 5.377s | Train Loss: 0.027465 |
INFO:root:| Epoch: 136/150 | Train Time: 5.386s | Train Loss: 0.027168 |
INFO:root:| Epoch: 137/150 | Train Time: 5.408s | Train Loss: 0.027165 |
INFO:root:| Epoch: 138/150 | Train Time: 5.419s | Train Loss: 0.027018 |
INFO:root:| Epoch: 139/150 | Train Time: 5.473s | Train Loss: 0.027098 |
INFO:root:| Epoch: 140/150 | Train Time: 5.372s | Train Loss: 0.027460 |
INFO:root:| Epoch: 141/150 | Train Time: 5.374s | Train Loss: 0.027112 |
INFO:root:| Epoch: 142/150 | Train Time: 5.372s | Train Loss: 0.027218 |
INFO:root:| Epoch: 143/150 | Train Time: 5.377s | Train Loss: 0.027277 |
INFO:root:| Epoch: 144/150 | Train Time: 5.371s | Train Loss: 0.027235 |
INFO:root:| Epoch: 145/150 | Train Time: 5.385s | Train Loss: 0.027147 |
INFO:root:| Epoch: 146/150 | Train Time: 5.371s | Train Loss: 0.027253 |
INFO:root:| Epoch: 147/150 | Train Time: 5.374s | Train Loss: 0.026960 |
INFO:root:| Epoch: 148/150 | Train Time: 5.376s | Train Loss: 0.027405 |
INFO:root:| Epoch: 149/150 | Train Time: 5.395s | Train Loss: 0.027174 |
INFO:root:| Epoch: 150/150 | Train Time: 5.445s | Train Loss: 0.026955 |
INFO:root:Training Time: 807.523s
INFO:root:Finished training.
INFO:root:Starting testing...
INFO:root:Testing TPR95: 0.0348
INFO:root:Testing TPR99: 0.0081
INFO:root:Test Loss: 31.485292
INFO:root:Test AUC: 45.22%
INFO:root:Test Time: 1.009s
INFO:root:Finished testing.
Outlier classes: [8, 9]
Original training data size:  60000 torch.Size([60000, 28, 28])
Using number-pre-sampled sampler
Train set shape: torch.Size([48200, 28, 28])
Train set size: 49224
Train targets size: 49224
Train semi-targets size: 49224
Counter({1: 6742, 7: 6265, 3: 6131, 2: 5958, 0: 5923, 6: 5918, 4: 5842, 5: 5421, 8: 512, 9: 512})
InD Test Size: 8017, OoD Test Size: 1983, TPR95: 0.0348
InD Test Size: 8017, OoD Test Size: 1983, TPR99: 0.0081
