mkdir: cannot create directory ‘log/DeepSAD’: File exists
INFO:root:Log file is ../log/DeepSAD/mnist-Balanced-64/log.txt
INFO:root:Data path is ../data
INFO:root:Export path is ../log/DeepSAD/mnist-Balanced-64
INFO:root:Dataset: mnist
INFO:root:Normal class: [0, 1, 2, 3, 4, 5, 6, 7]
INFO:root:Ratio of labeled normal train samples: 0.00
INFO:root:Ratio of labeled anomalous samples: 0.01
INFO:root:Pollution ratio of unlabeled train data: 0.10
INFO:root:Known anomaly class: 1
INFO:root:Network: mnist_LeNet
INFO:root:Eta-parameter: 1.00
INFO:root:Set seed to 999.
INFO:root:Computation device: cuda
INFO:root:Number of threads: 0
INFO:root:Number of dataloader workers: 0
INFO:root:Pretraining: True
INFO:root:Pretraining optimizer: adam
INFO:root:Pretraining learning rate: 0.001
INFO:root:Pretraining epochs: 100
INFO:root:Pretraining learning rate scheduler milestones: (0,)
INFO:root:Pretraining batch size: 128
INFO:root:Pretraining weight decay: 1e-06
INFO:root:Starting pretraining...
/home/xysong/.conda/envs/OoD/lib/python3.9/site-packages/torch/optim/lr_scheduler.py:131: UserWarning: Detected call of `lr_scheduler.step()` before `optimizer.step()`. In PyTorch 1.1.0 and later, you should call them in the opposite order: `optimizer.step()` before `lr_scheduler.step()`.  Failure to do this will result in PyTorch skipping the first value of the learning rate schedule. See more details at https://pytorch.org/docs/stable/optim.html#how-to-adjust-learning-rate
  warnings.warn("Detected call of `lr_scheduler.step()` before `optimizer.step()`. "
/home/xysong/.conda/envs/OoD/lib/python3.9/site-packages/torch/optim/lr_scheduler.py:418: UserWarning: To get the last learning rate computed by the scheduler, please use `get_last_lr()`.
  warnings.warn("To get the last learning rate computed by the scheduler, "
INFO:root:  LR scheduler: new learning rate is 0.0001
INFO:root:| Epoch: 001/100 | Train Time: 5.465s | Train Loss: 0.069461 |
INFO:root:| Epoch: 002/100 | Train Time: 5.097s | Train Loss: 0.012511 |
INFO:root:| Epoch: 003/100 | Train Time: 5.195s | Train Loss: 0.008074 |
INFO:root:| Epoch: 004/100 | Train Time: 5.125s | Train Loss: 0.006767 |
INFO:root:| Epoch: 005/100 | Train Time: 5.095s | Train Loss: 0.006128 |
INFO:root:| Epoch: 006/100 | Train Time: 5.093s | Train Loss: 0.005711 |
INFO:root:| Epoch: 007/100 | Train Time: 5.216s | Train Loss: 0.005347 |
INFO:root:| Epoch: 008/100 | Train Time: 5.108s | Train Loss: 0.004894 |
INFO:root:| Epoch: 009/100 | Train Time: 5.101s | Train Loss: 0.004431 |
INFO:root:| Epoch: 010/100 | Train Time: 5.104s | Train Loss: 0.004071 |
INFO:root:| Epoch: 011/100 | Train Time: 5.147s | Train Loss: 0.003818 |
INFO:root:| Epoch: 012/100 | Train Time: 5.190s | Train Loss: 0.003612 |
INFO:root:| Epoch: 013/100 | Train Time: 5.102s | Train Loss: 0.003420 |
INFO:root:| Epoch: 014/100 | Train Time: 5.104s | Train Loss: 0.003214 |
INFO:root:| Epoch: 015/100 | Train Time: 5.106s | Train Loss: 0.003023 |
INFO:root:| Epoch: 016/100 | Train Time: 5.107s | Train Loss: 0.002844 |
INFO:root:| Epoch: 017/100 | Train Time: 5.134s | Train Loss: 0.002678 |
INFO:root:| Epoch: 018/100 | Train Time: 5.196s | Train Loss: 0.002540 |
INFO:root:| Epoch: 019/100 | Train Time: 5.100s | Train Loss: 0.002424 |
INFO:root:| Epoch: 020/100 | Train Time: 5.103s | Train Loss: 0.002322 |
INFO:root:| Epoch: 021/100 | Train Time: 5.100s | Train Loss: 0.002227 |
INFO:root:| Epoch: 022/100 | Train Time: 5.110s | Train Loss: 0.002144 |
INFO:root:| Epoch: 023/100 | Train Time: 5.099s | Train Loss: 0.002070 |
INFO:root:| Epoch: 024/100 | Train Time: 5.097s | Train Loss: 0.002002 |
INFO:root:| Epoch: 025/100 | Train Time: 5.137s | Train Loss: 0.001942 |
INFO:root:| Epoch: 026/100 | Train Time: 5.183s | Train Loss: 0.001887 |
INFO:root:| Epoch: 027/100 | Train Time: 5.102s | Train Loss: 0.001838 |
INFO:root:| Epoch: 028/100 | Train Time: 5.108s | Train Loss: 0.001794 |
INFO:root:| Epoch: 029/100 | Train Time: 5.095s | Train Loss: 0.001750 |
INFO:root:| Epoch: 030/100 | Train Time: 5.106s | Train Loss: 0.001711 |
INFO:root:| Epoch: 031/100 | Train Time: 5.093s | Train Loss: 0.001675 |
INFO:root:| Epoch: 032/100 | Train Time: 5.101s | Train Loss: 0.001638 |
INFO:root:| Epoch: 033/100 | Train Time: 5.100s | Train Loss: 0.001610 |
INFO:root:| Epoch: 034/100 | Train Time: 5.113s | Train Loss: 0.001582 |
INFO:root:| Epoch: 035/100 | Train Time: 5.118s | Train Loss: 0.001553 |
INFO:root:| Epoch: 036/100 | Train Time: 5.231s | Train Loss: 0.001529 |
INFO:root:| Epoch: 037/100 | Train Time: 5.115s | Train Loss: 0.001508 |
INFO:root:| Epoch: 038/100 | Train Time: 5.106s | Train Loss: 0.001487 |
INFO:root:| Epoch: 039/100 | Train Time: 5.110s | Train Loss: 0.001468 |
INFO:root:| Epoch: 040/100 | Train Time: 5.104s | Train Loss: 0.001451 |
INFO:root:| Epoch: 041/100 | Train Time: 5.105s | Train Loss: 0.001431 |
INFO:root:| Epoch: 042/100 | Train Time: 5.107s | Train Loss: 0.001417 |
INFO:root:| Epoch: 043/100 | Train Time: 5.109s | Train Loss: 0.001401 |
INFO:root:| Epoch: 044/100 | Train Time: 5.109s | Train Loss: 0.001387 |
INFO:root:| Epoch: 045/100 | Train Time: 5.116s | Train Loss: 0.001375 |
INFO:root:| Epoch: 046/100 | Train Time: 5.112s | Train Loss: 0.001364 |
INFO:root:| Epoch: 047/100 | Train Time: 5.113s | Train Loss: 0.001352 |
INFO:root:| Epoch: 048/100 | Train Time: 5.122s | Train Loss: 0.001341 |
INFO:root:| Epoch: 049/100 | Train Time: 5.226s | Train Loss: 0.001329 |
INFO:root:| Epoch: 050/100 | Train Time: 5.144s | Train Loss: 0.001320 |
INFO:root:| Epoch: 051/100 | Train Time: 5.115s | Train Loss: 0.001309 |
INFO:root:| Epoch: 052/100 | Train Time: 5.114s | Train Loss: 0.001306 |
INFO:root:| Epoch: 053/100 | Train Time: 5.115s | Train Loss: 0.001292 |
INFO:root:| Epoch: 054/100 | Train Time: 5.122s | Train Loss: 0.001286 |
INFO:root:| Epoch: 055/100 | Train Time: 5.119s | Train Loss: 0.001278 |
INFO:root:| Epoch: 056/100 | Train Time: 5.122s | Train Loss: 0.001268 |
INFO:root:| Epoch: 057/100 | Train Time: 5.122s | Train Loss: 0.001261 |
INFO:root:| Epoch: 058/100 | Train Time: 5.113s | Train Loss: 0.001255 |
INFO:root:| Epoch: 059/100 | Train Time: 5.117s | Train Loss: 0.001250 |
INFO:root:| Epoch: 060/100 | Train Time: 5.112s | Train Loss: 0.001237 |
INFO:root:| Epoch: 061/100 | Train Time: 5.120s | Train Loss: 0.001234 |
INFO:root:| Epoch: 062/100 | Train Time: 5.179s | Train Loss: 0.001228 |
INFO:root:| Epoch: 063/100 | Train Time: 5.195s | Train Loss: 0.001220 |
INFO:root:| Epoch: 064/100 | Train Time: 5.120s | Train Loss: 0.001213 |
INFO:root:| Epoch: 065/100 | Train Time: 5.118s | Train Loss: 0.001206 |
INFO:root:| Epoch: 066/100 | Train Time: 5.118s | Train Loss: 0.001199 |
INFO:root:| Epoch: 067/100 | Train Time: 5.116s | Train Loss: 0.001199 |
INFO:root:| Epoch: 068/100 | Train Time: 5.116s | Train Loss: 0.001188 |
INFO:root:| Epoch: 069/100 | Train Time: 5.129s | Train Loss: 0.001184 |
INFO:root:| Epoch: 070/100 | Train Time: 5.127s | Train Loss: 0.001175 |
INFO:root:| Epoch: 071/100 | Train Time: 5.116s | Train Loss: 0.001172 |
INFO:root:| Epoch: 072/100 | Train Time: 5.118s | Train Loss: 0.001166 |
INFO:root:| Epoch: 073/100 | Train Time: 5.116s | Train Loss: 0.001160 |
INFO:root:| Epoch: 074/100 | Train Time: 5.116s | Train Loss: 0.001154 |
INFO:root:| Epoch: 075/100 | Train Time: 5.125s | Train Loss: 0.001151 |
INFO:root:| Epoch: 076/100 | Train Time: 5.222s | Train Loss: 0.001147 |
INFO:root:| Epoch: 077/100 | Train Time: 5.124s | Train Loss: 0.001139 |
INFO:root:| Epoch: 078/100 | Train Time: 5.107s | Train Loss: 0.001136 |
INFO:root:| Epoch: 079/100 | Train Time: 5.109s | Train Loss: 0.001133 |
INFO:root:| Epoch: 080/100 | Train Time: 5.120s | Train Loss: 0.001127 |
INFO:root:| Epoch: 081/100 | Train Time: 5.111s | Train Loss: 0.001124 |
INFO:root:| Epoch: 082/100 | Train Time: 5.113s | Train Loss: 0.001124 |
INFO:root:| Epoch: 083/100 | Train Time: 5.113s | Train Loss: 0.001118 |
INFO:root:| Epoch: 084/100 | Train Time: 5.114s | Train Loss: 0.001114 |
INFO:root:| Epoch: 085/100 | Train Time: 5.120s | Train Loss: 0.001106 |
INFO:root:| Epoch: 086/100 | Train Time: 5.126s | Train Loss: 0.001108 |
INFO:root:| Epoch: 087/100 | Train Time: 5.122s | Train Loss: 0.001102 |
INFO:root:| Epoch: 088/100 | Train Time: 5.134s | Train Loss: 0.001100 |
INFO:root:| Epoch: 089/100 | Train Time: 5.175s | Train Loss: 0.001091 |
INFO:root:| Epoch: 090/100 | Train Time: 5.182s | Train Loss: 0.001092 |
INFO:root:| Epoch: 091/100 | Train Time: 5.115s | Train Loss: 0.001088 |
INFO:root:| Epoch: 092/100 | Train Time: 5.114s | Train Loss: 0.001082 |
INFO:root:| Epoch: 093/100 | Train Time: 5.111s | Train Loss: 0.001083 |
INFO:root:| Epoch: 094/100 | Train Time: 5.110s | Train Loss: 0.001076 |
INFO:root:| Epoch: 095/100 | Train Time: 5.112s | Train Loss: 0.001076 |
INFO:root:| Epoch: 096/100 | Train Time: 5.115s | Train Loss: 0.001073 |
INFO:root:| Epoch: 097/100 | Train Time: 5.111s | Train Loss: 0.001068 |
INFO:root:| Epoch: 098/100 | Train Time: 5.131s | Train Loss: 0.001064 |
INFO:root:| Epoch: 099/100 | Train Time: 5.119s | Train Loss: 0.001067 |
INFO:root:| Epoch: 100/100 | Train Time: 5.121s | Train Loss: 0.001058 |
INFO:root:Pretraining Time: 512.810s
INFO:root:Finished pretraining.
INFO:root:Testing autoencoder...
INFO:root:Test Loss: 0.102852
INFO:root:Test AUC: 54.33%
INFO:root:Test Time: 0.834s
INFO:root:Finished testing autoencoder.
INFO:root:Training optimizer: adam
INFO:root:Training learning rate: 0.0001
INFO:root:Training epochs: 150
INFO:root:Training learning rate scheduler milestones: (50,)
INFO:root:Training batch size: 128
INFO:root:Training weight decay: 5e-07
INFO:root:Initializing center c...
INFO:root:Center c initialized.
INFO:root:Starting training...
/home/xysong/.conda/envs/OoD/lib/python3.9/site-packages/torch/optim/lr_scheduler.py:131: UserWarning: Detected call of `lr_scheduler.step()` before `optimizer.step()`. In PyTorch 1.1.0 and later, you should call them in the opposite order: `optimizer.step()` before `lr_scheduler.step()`.  Failure to do this will result in PyTorch skipping the first value of the learning rate schedule. See more details at https://pytorch.org/docs/stable/optim.html#how-to-adjust-learning-rate
  warnings.warn("Detected call of `lr_scheduler.step()` before `optimizer.step()`. "
INFO:root:| Epoch: 001/150 | Train Time: 4.384s | Train Loss: 1.083988 |
INFO:root:| Epoch: 002/150 | Train Time: 4.442s | Train Loss: 0.175620 |
INFO:root:| Epoch: 003/150 | Train Time: 4.413s | Train Loss: 0.111910 |
INFO:root:| Epoch: 004/150 | Train Time: 4.360s | Train Loss: 0.082752 |
INFO:root:| Epoch: 005/150 | Train Time: 4.365s | Train Loss: 0.070674 |
INFO:root:| Epoch: 006/150 | Train Time: 4.362s | Train Loss: 0.057943 |
INFO:root:| Epoch: 007/150 | Train Time: 4.368s | Train Loss: 0.055582 |
INFO:root:| Epoch: 008/150 | Train Time: 4.368s | Train Loss: 0.044056 |
INFO:root:| Epoch: 009/150 | Train Time: 4.366s | Train Loss: 0.040512 |
INFO:root:| Epoch: 010/150 | Train Time: 4.375s | Train Loss: 0.041966 |
INFO:root:| Epoch: 011/150 | Train Time: 4.373s | Train Loss: 0.036012 |
INFO:root:| Epoch: 012/150 | Train Time: 4.363s | Train Loss: 0.035134 |
INFO:root:| Epoch: 013/150 | Train Time: 4.360s | Train Loss: 0.035552 |
INFO:root:| Epoch: 014/150 | Train Time: 4.364s | Train Loss: 0.035638 |
INFO:root:| Epoch: 015/150 | Train Time: 4.363s | Train Loss: 0.027253 |
INFO:root:| Epoch: 016/150 | Train Time: 4.369s | Train Loss: 0.026492 |
INFO:root:| Epoch: 017/150 | Train Time: 4.365s | Train Loss: 0.031095 |
INFO:root:| Epoch: 018/150 | Train Time: 4.462s | Train Loss: 0.023643 |
INFO:root:| Epoch: 019/150 | Train Time: 4.376s | Train Loss: 0.023625 |
INFO:root:| Epoch: 020/150 | Train Time: 4.358s | Train Loss: 0.021010 |
INFO:root:| Epoch: 021/150 | Train Time: 4.363s | Train Loss: 0.022931 |
INFO:root:| Epoch: 022/150 | Train Time: 4.363s | Train Loss: 0.024923 |
INFO:root:| Epoch: 023/150 | Train Time: 4.367s | Train Loss: 0.022926 |
INFO:root:| Epoch: 024/150 | Train Time: 4.373s | Train Loss: 0.019634 |
INFO:root:| Epoch: 025/150 | Train Time: 4.367s | Train Loss: 0.021985 |
INFO:root:| Epoch: 026/150 | Train Time: 4.371s | Train Loss: 0.018646 |
INFO:root:| Epoch: 027/150 | Train Time: 4.382s | Train Loss: 0.031991 |
INFO:root:| Epoch: 028/150 | Train Time: 4.376s | Train Loss: 0.019868 |
INFO:root:| Epoch: 029/150 | Train Time: 4.362s | Train Loss: 0.014836 |
INFO:root:| Epoch: 030/150 | Train Time: 4.358s | Train Loss: 0.015010 |
INFO:root:| Epoch: 031/150 | Train Time: 4.369s | Train Loss: 0.015544 |
INFO:root:| Epoch: 032/150 | Train Time: 4.376s | Train Loss: 0.018176 |
INFO:root:| Epoch: 033/150 | Train Time: 4.385s | Train Loss: 0.013645 |
INFO:root:| Epoch: 034/150 | Train Time: 4.457s | Train Loss: 0.022881 |
INFO:root:| Epoch: 035/150 | Train Time: 4.353s | Train Loss: 0.014762 |
INFO:root:| Epoch: 036/150 | Train Time: 4.354s | Train Loss: 0.014246 |
INFO:root:| Epoch: 037/150 | Train Time: 4.354s | Train Loss: 0.016063 |
INFO:root:| Epoch: 038/150 | Train Time: 4.359s | Train Loss: 0.018699 |
INFO:root:| Epoch: 039/150 | Train Time: 4.356s | Train Loss: 0.013347 |
INFO:root:| Epoch: 040/150 | Train Time: 4.360s | Train Loss: 0.015634 |
INFO:root:| Epoch: 041/150 | Train Time: 4.356s | Train Loss: 0.013636 |
INFO:root:| Epoch: 042/150 | Train Time: 4.356s | Train Loss: 0.011233 |
INFO:root:| Epoch: 043/150 | Train Time: 4.355s | Train Loss: 0.036401 |
INFO:root:| Epoch: 044/150 | Train Time: 4.361s | Train Loss: 0.016887 |
INFO:root:| Epoch: 045/150 | Train Time: 4.371s | Train Loss: 0.011748 |
INFO:root:| Epoch: 046/150 | Train Time: 4.369s | Train Loss: 0.011009 |
INFO:root:| Epoch: 047/150 | Train Time: 4.360s | Train Loss: 0.013128 |
INFO:root:| Epoch: 048/150 | Train Time: 4.370s | Train Loss: 0.013243 |
INFO:root:| Epoch: 049/150 | Train Time: 4.416s | Train Loss: 0.011600 |
INFO:root:| Epoch: 050/150 | Train Time: 4.433s | Train Loss: 0.010436 |
/home/xysong/.conda/envs/OoD/lib/python3.9/site-packages/torch/optim/lr_scheduler.py:418: UserWarning: To get the last learning rate computed by the scheduler, please use `get_last_lr()`.
  warnings.warn("To get the last learning rate computed by the scheduler, "
INFO:root:  LR scheduler: new learning rate is 1e-05
INFO:root:| Epoch: 051/150 | Train Time: 4.362s | Train Loss: 0.010423 |
INFO:root:| Epoch: 052/150 | Train Time: 4.356s | Train Loss: 0.010260 |
INFO:root:| Epoch: 053/150 | Train Time: 4.357s | Train Loss: 0.010483 |
INFO:root:| Epoch: 054/150 | Train Time: 4.355s | Train Loss: 0.010592 |
INFO:root:| Epoch: 055/150 | Train Time: 4.357s | Train Loss: 0.010590 |
INFO:root:| Epoch: 056/150 | Train Time: 4.359s | Train Loss: 0.010465 |
INFO:root:| Epoch: 057/150 | Train Time: 4.360s | Train Loss: 0.010256 |
INFO:root:| Epoch: 058/150 | Train Time: 4.367s | Train Loss: 0.010404 |
INFO:root:| Epoch: 059/150 | Train Time: 4.374s | Train Loss: 0.010257 |
INFO:root:| Epoch: 060/150 | Train Time: 4.371s | Train Loss: 0.010283 |
INFO:root:| Epoch: 061/150 | Train Time: 4.374s | Train Loss: 0.010184 |
INFO:root:| Epoch: 062/150 | Train Time: 4.366s | Train Loss: 0.010594 |
INFO:root:| Epoch: 063/150 | Train Time: 4.356s | Train Loss: 0.009648 |
INFO:root:| Epoch: 064/150 | Train Time: 4.371s | Train Loss: 0.009853 |
INFO:root:| Epoch: 065/150 | Train Time: 4.454s | Train Loss: 0.009673 |
INFO:root:| Epoch: 066/150 | Train Time: 4.394s | Train Loss: 0.010503 |
INFO:root:| Epoch: 067/150 | Train Time: 4.364s | Train Loss: 0.010026 |
INFO:root:| Epoch: 068/150 | Train Time: 4.367s | Train Loss: 0.010670 |
INFO:root:| Epoch: 069/150 | Train Time: 4.365s | Train Loss: 0.010512 |
INFO:root:| Epoch: 070/150 | Train Time: 4.372s | Train Loss: 0.010677 |
INFO:root:| Epoch: 071/150 | Train Time: 4.367s | Train Loss: 0.010059 |
INFO:root:| Epoch: 072/150 | Train Time: 4.388s | Train Loss: 0.010420 |
INFO:root:| Epoch: 073/150 | Train Time: 4.363s | Train Loss: 0.009834 |
INFO:root:| Epoch: 074/150 | Train Time: 4.374s | Train Loss: 0.010024 |
INFO:root:| Epoch: 075/150 | Train Time: 4.368s | Train Loss: 0.009879 |
INFO:root:| Epoch: 076/150 | Train Time: 4.372s | Train Loss: 0.010137 |
INFO:root:| Epoch: 077/150 | Train Time: 4.378s | Train Loss: 0.010023 |
INFO:root:| Epoch: 078/150 | Train Time: 4.363s | Train Loss: 0.010134 |
INFO:root:| Epoch: 079/150 | Train Time: 4.372s | Train Loss: 0.010353 |
INFO:root:| Epoch: 080/150 | Train Time: 4.359s | Train Loss: 0.009831 |
INFO:root:| Epoch: 081/150 | Train Time: 4.473s | Train Loss: 0.010517 |
INFO:root:| Epoch: 082/150 | Train Time: 4.367s | Train Loss: 0.010243 |
INFO:root:| Epoch: 083/150 | Train Time: 4.359s | Train Loss: 0.009736 |
INFO:root:| Epoch: 084/150 | Train Time: 4.358s | Train Loss: 0.010469 |
INFO:root:| Epoch: 085/150 | Train Time: 4.369s | Train Loss: 0.009455 |
INFO:root:| Epoch: 086/150 | Train Time: 4.366s | Train Loss: 0.009786 |
INFO:root:| Epoch: 087/150 | Train Time: 4.361s | Train Loss: 0.009569 |
INFO:root:| Epoch: 088/150 | Train Time: 4.364s | Train Loss: 0.010556 |
INFO:root:| Epoch: 089/150 | Train Time: 4.361s | Train Loss: 0.010162 |
INFO:root:| Epoch: 090/150 | Train Time: 4.362s | Train Loss: 0.010001 |
INFO:root:| Epoch: 091/150 | Train Time: 4.359s | Train Loss: 0.009748 |
INFO:root:| Epoch: 092/150 | Train Time: 4.358s | Train Loss: 0.010216 |
INFO:root:| Epoch: 093/150 | Train Time: 4.364s | Train Loss: 0.009967 |
INFO:root:| Epoch: 094/150 | Train Time: 4.361s | Train Loss: 0.009806 |
INFO:root:| Epoch: 095/150 | Train Time: 4.379s | Train Loss: 0.010654 |
INFO:root:| Epoch: 096/150 | Train Time: 4.396s | Train Loss: 0.009323 |
INFO:root:| Epoch: 097/150 | Train Time: 4.449s | Train Loss: 0.009877 |
INFO:root:| Epoch: 098/150 | Train Time: 4.369s | Train Loss: 0.010240 |
INFO:root:| Epoch: 099/150 | Train Time: 4.366s | Train Loss: 0.009205 |
INFO:root:| Epoch: 100/150 | Train Time: 4.372s | Train Loss: 0.009850 |
INFO:root:| Epoch: 101/150 | Train Time: 4.369s | Train Loss: 0.009894 |
INFO:root:| Epoch: 102/150 | Train Time: 4.380s | Train Loss: 0.010249 |
INFO:root:| Epoch: 103/150 | Train Time: 4.376s | Train Loss: 0.010564 |
INFO:root:| Epoch: 104/150 | Train Time: 4.360s | Train Loss: 0.009728 |
INFO:root:| Epoch: 105/150 | Train Time: 4.359s | Train Loss: 0.010059 |
INFO:root:| Epoch: 106/150 | Train Time: 4.368s | Train Loss: 0.009349 |
INFO:root:| Epoch: 107/150 | Train Time: 4.358s | Train Loss: 0.009449 |
INFO:root:| Epoch: 108/150 | Train Time: 4.360s | Train Loss: 0.009639 |
INFO:root:| Epoch: 109/150 | Train Time: 4.367s | Train Loss: 0.010017 |
INFO:root:| Epoch: 110/150 | Train Time: 4.355s | Train Loss: 0.010222 |
INFO:root:| Epoch: 111/150 | Train Time: 4.379s | Train Loss: 0.009843 |
INFO:root:| Epoch: 112/150 | Train Time: 4.432s | Train Loss: 0.009810 |
INFO:root:| Epoch: 113/150 | Train Time: 4.418s | Train Loss: 0.009165 |
INFO:root:| Epoch: 114/150 | Train Time: 4.361s | Train Loss: 0.009298 |
INFO:root:| Epoch: 115/150 | Train Time: 4.363s | Train Loss: 0.009906 |
INFO:root:| Epoch: 116/150 | Train Time: 4.362s | Train Loss: 0.009695 |
INFO:root:| Epoch: 117/150 | Train Time: 4.365s | Train Loss: 0.009350 |
INFO:root:| Epoch: 118/150 | Train Time: 4.361s | Train Loss: 0.009384 |
INFO:root:| Epoch: 119/150 | Train Time: 4.369s | Train Loss: 0.009085 |
INFO:root:| Epoch: 120/150 | Train Time: 4.369s | Train Loss: 0.009224 |
INFO:root:| Epoch: 121/150 | Train Time: 4.358s | Train Loss: 0.009151 |
INFO:root:| Epoch: 122/150 | Train Time: 4.358s | Train Loss: 0.010333 |
INFO:root:| Epoch: 123/150 | Train Time: 4.357s | Train Loss: 0.009738 |
INFO:root:| Epoch: 124/150 | Train Time: 4.363s | Train Loss: 0.008834 |
INFO:root:| Epoch: 125/150 | Train Time: 4.368s | Train Loss: 0.009780 |
INFO:root:| Epoch: 126/150 | Train Time: 4.369s | Train Loss: 0.009759 |
INFO:root:| Epoch: 127/150 | Train Time: 4.402s | Train Loss: 0.009458 |
INFO:root:| Epoch: 128/150 | Train Time: 4.470s | Train Loss: 0.009612 |
INFO:root:| Epoch: 129/150 | Train Time: 4.393s | Train Loss: 0.009749 |
INFO:root:| Epoch: 130/150 | Train Time: 4.377s | Train Loss: 0.009225 |
INFO:root:| Epoch: 131/150 | Train Time: 4.370s | Train Loss: 0.009743 |
INFO:root:| Epoch: 132/150 | Train Time: 4.372s | Train Loss: 0.009971 |
INFO:root:| Epoch: 133/150 | Train Time: 4.373s | Train Loss: 0.009647 |
INFO:root:| Epoch: 134/150 | Train Time: 4.380s | Train Loss: 0.009484 |
INFO:root:| Epoch: 135/150 | Train Time: 4.376s | Train Loss: 0.009097 |
INFO:root:| Epoch: 136/150 | Train Time: 4.366s | Train Loss: 0.009881 |
INFO:root:| Epoch: 137/150 | Train Time: 4.360s | Train Loss: 0.009422 |
INFO:root:| Epoch: 138/150 | Train Time: 4.357s | Train Loss: 0.008753 |
INFO:root:| Epoch: 139/150 | Train Time: 4.359s | Train Loss: 0.009162 |
INFO:root:| Epoch: 140/150 | Train Time: 4.360s | Train Loss: 0.010134 |
INFO:root:| Epoch: 141/150 | Train Time: 4.373s | Train Loss: 0.009762 |
INFO:root:| Epoch: 142/150 | Train Time: 4.390s | Train Loss: 0.009467 |
INFO:root:| Epoch: 143/150 | Train Time: 4.390s | Train Loss: 0.009099 |
INFO:root:| Epoch: 144/150 | Train Time: 4.492s | Train Loss: 0.009377 |
INFO:root:| Epoch: 145/150 | Train Time: 4.380s | Train Loss: 0.009830 |
INFO:root:| Epoch: 146/150 | Train Time: 4.375s | Train Loss: 0.009519 |
INFO:root:| Epoch: 147/150 | Train Time: 4.371s | Train Loss: 0.009497 |
INFO:root:| Epoch: 148/150 | Train Time: 4.366s | Train Loss: 0.009375 |
INFO:root:| Epoch: 149/150 | Train Time: 4.369s | Train Loss: 0.009361 |
INFO:root:| Epoch: 150/150 | Train Time: 4.364s | Train Loss: 0.009680 |
INFO:root:Training Time: 656.161s
INFO:root:Finished training.
INFO:root:Starting testing...
INFO:root:Testing TPR95: 0.0171
INFO:root:Testing TPR99: 0.0040
INFO:root:Test Loss: 2.692661
INFO:root:Test AUC: 53.26%
INFO:root:Test Time: 0.802s
INFO:root:Finished testing.
Outlier classes: [8, 9]
Original training data size:  60000 torch.Size([60000, 28, 28])
Using number-pre-sampled sampler
Train set shape: torch.Size([48200, 28, 28])
Train set size: 48328
Train targets size: 48328
Train semi-targets size: 48328
Counter({1: 6742, 7: 6265, 3: 6131, 2: 5958, 0: 5923, 6: 5918, 4: 5842, 5: 5421, 8: 64, 9: 64})
InD Test Size: 8017, OoD Test Size: 1983, TPR95: 0.0171
InD Test Size: 8017, OoD Test Size: 1983, TPR99: 0.0040
