mkdir: cannot create directory ‘log/DeepSAD’: File exists
mkdir: cannot create directory ‘log/DeepSAD/mnist-fashionmnist-Balanced-128’: File exists
INFO:root:Log file is ../log/DeepSAD/mnist-fashionmnist-Balanced-128/log.txt
INFO:root:Data path is ../data
INFO:root:Export path is ../log/DeepSAD/mnist-fashionmnist-Balanced-128
INFO:root:Dataset: mnist-fashionmnist
INFO:root:Normal class: [0, 1, 2, 3, 4, 5, 6, 7]
INFO:root:Ratio of labeled normal train samples: 0.00
INFO:root:Ratio of labeled anomalous samples: 0.01
INFO:root:Pollution ratio of unlabeled train data: 0.10
INFO:root:Known anomaly class: 1
INFO:root:Network: mnist_LeNet
INFO:root:Eta-parameter: 1.00
INFO:root:Set seed to 999.
INFO:root:Computation device: cuda
INFO:root:Number of threads: 0
INFO:root:Number of dataloader workers: 0
/home/xysong/.conda/envs/OoD/lib/python3.9/site-packages/torchvision/datasets/mnist.py:75: UserWarning: train_data has been renamed data
  warnings.warn("train_data has been renamed data")
/home/xysong/.conda/envs/OoD/lib/python3.9/site-packages/torchvision/datasets/mnist.py:80: UserWarning: test_data has been renamed data
  warnings.warn("test_data has been renamed data")
INFO:root:Pretraining: True
INFO:root:Pretraining optimizer: adam
INFO:root:Pretraining learning rate: 0.001
INFO:root:Pretraining epochs: 100
INFO:root:Pretraining learning rate scheduler milestones: (0,)
INFO:root:Pretraining batch size: 128
INFO:root:Pretraining weight decay: 1e-06
INFO:root:Starting pretraining...
/home/xysong/.conda/envs/OoD/lib/python3.9/site-packages/torch/optim/lr_scheduler.py:131: UserWarning: Detected call of `lr_scheduler.step()` before `optimizer.step()`. In PyTorch 1.1.0 and later, you should call them in the opposite order: `optimizer.step()` before `lr_scheduler.step()`.  Failure to do this will result in PyTorch skipping the first value of the learning rate schedule. See more details at https://pytorch.org/docs/stable/optim.html#how-to-adjust-learning-rate
  warnings.warn("Detected call of `lr_scheduler.step()` before `optimizer.step()`. "
/home/xysong/.conda/envs/OoD/lib/python3.9/site-packages/torch/optim/lr_scheduler.py:418: UserWarning: To get the last learning rate computed by the scheduler, please use `get_last_lr()`.
  warnings.warn("To get the last learning rate computed by the scheduler, "
INFO:root:  LR scheduler: new learning rate is 0.0001
INFO:root:| Epoch: 001/100 | Train Time: 6.548s | Train Loss: 0.059114 |
INFO:root:| Epoch: 002/100 | Train Time: 6.108s | Train Loss: 0.010103 |
INFO:root:| Epoch: 003/100 | Train Time: 6.254s | Train Loss: 0.006958 |
INFO:root:| Epoch: 004/100 | Train Time: 6.157s | Train Loss: 0.005989 |
INFO:root:| Epoch: 005/100 | Train Time: 6.112s | Train Loss: 0.005423 |
INFO:root:| Epoch: 006/100 | Train Time: 6.113s | Train Loss: 0.004943 |
INFO:root:| Epoch: 007/100 | Train Time: 6.114s | Train Loss: 0.004470 |
INFO:root:| Epoch: 008/100 | Train Time: 6.241s | Train Loss: 0.004095 |
INFO:root:| Epoch: 009/100 | Train Time: 6.171s | Train Loss: 0.003779 |
INFO:root:| Epoch: 010/100 | Train Time: 6.124s | Train Loss: 0.003476 |
INFO:root:| Epoch: 011/100 | Train Time: 6.140s | Train Loss: 0.003172 |
INFO:root:| Epoch: 012/100 | Train Time: 6.138s | Train Loss: 0.002866 |
INFO:root:| Epoch: 013/100 | Train Time: 6.140s | Train Loss: 0.002611 |
INFO:root:| Epoch: 014/100 | Train Time: 6.148s | Train Loss: 0.002423 |
INFO:root:| Epoch: 015/100 | Train Time: 6.152s | Train Loss: 0.002276 |
INFO:root:| Epoch: 016/100 | Train Time: 6.143s | Train Loss: 0.002168 |
INFO:root:| Epoch: 017/100 | Train Time: 6.228s | Train Loss: 0.002074 |
INFO:root:| Epoch: 018/100 | Train Time: 6.204s | Train Loss: 0.001996 |
INFO:root:| Epoch: 019/100 | Train Time: 6.124s | Train Loss: 0.001922 |
INFO:root:| Epoch: 020/100 | Train Time: 6.124s | Train Loss: 0.001855 |
INFO:root:| Epoch: 021/100 | Train Time: 6.133s | Train Loss: 0.001789 |
INFO:root:| Epoch: 022/100 | Train Time: 6.131s | Train Loss: 0.001731 |
INFO:root:| Epoch: 023/100 | Train Time: 6.128s | Train Loss: 0.001676 |
INFO:root:| Epoch: 024/100 | Train Time: 6.132s | Train Loss: 0.001627 |
INFO:root:| Epoch: 025/100 | Train Time: 6.130s | Train Loss: 0.001587 |
INFO:root:| Epoch: 026/100 | Train Time: 6.137s | Train Loss: 0.001549 |
INFO:root:| Epoch: 027/100 | Train Time: 6.162s | Train Loss: 0.001511 |
INFO:root:| Epoch: 028/100 | Train Time: 6.195s | Train Loss: 0.001483 |
INFO:root:| Epoch: 029/100 | Train Time: 6.290s | Train Loss: 0.001452 |
INFO:root:| Epoch: 030/100 | Train Time: 6.157s | Train Loss: 0.001427 |
INFO:root:| Epoch: 031/100 | Train Time: 6.141s | Train Loss: 0.001401 |
INFO:root:| Epoch: 032/100 | Train Time: 6.142s | Train Loss: 0.001381 |
INFO:root:| Epoch: 033/100 | Train Time: 6.150s | Train Loss: 0.001358 |
INFO:root:| Epoch: 034/100 | Train Time: 6.140s | Train Loss: 0.001338 |
INFO:root:| Epoch: 035/100 | Train Time: 6.144s | Train Loss: 0.001320 |
INFO:root:| Epoch: 036/100 | Train Time: 6.143s | Train Loss: 0.001301 |
INFO:root:| Epoch: 037/100 | Train Time: 6.144s | Train Loss: 0.001280 |
INFO:root:| Epoch: 038/100 | Train Time: 6.145s | Train Loss: 0.001263 |
INFO:root:| Epoch: 039/100 | Train Time: 6.150s | Train Loss: 0.001247 |
INFO:root:| Epoch: 040/100 | Train Time: 6.301s | Train Loss: 0.001233 |
INFO:root:| Epoch: 041/100 | Train Time: 6.161s | Train Loss: 0.001224 |
INFO:root:| Epoch: 042/100 | Train Time: 6.143s | Train Loss: 0.001211 |
INFO:root:| Epoch: 043/100 | Train Time: 6.167s | Train Loss: 0.001200 |
INFO:root:| Epoch: 044/100 | Train Time: 6.151s | Train Loss: 0.001184 |
INFO:root:| Epoch: 045/100 | Train Time: 6.152s | Train Loss: 0.001176 |
INFO:root:| Epoch: 046/100 | Train Time: 6.165s | Train Loss: 0.001168 |
INFO:root:| Epoch: 047/100 | Train Time: 6.160s | Train Loss: 0.001158 |
INFO:root:| Epoch: 048/100 | Train Time: 6.165s | Train Loss: 0.001157 |
INFO:root:| Epoch: 049/100 | Train Time: 6.167s | Train Loss: 0.001141 |
INFO:root:| Epoch: 050/100 | Train Time: 6.173s | Train Loss: 0.001134 |
INFO:root:| Epoch: 051/100 | Train Time: 6.287s | Train Loss: 0.001127 |
INFO:root:| Epoch: 052/100 | Train Time: 6.206s | Train Loss: 0.001118 |
INFO:root:| Epoch: 053/100 | Train Time: 6.157s | Train Loss: 0.001110 |
INFO:root:| Epoch: 054/100 | Train Time: 6.154s | Train Loss: 0.001105 |
INFO:root:| Epoch: 055/100 | Train Time: 6.158s | Train Loss: 0.001097 |
INFO:root:| Epoch: 056/100 | Train Time: 6.164s | Train Loss: 0.001092 |
INFO:root:| Epoch: 057/100 | Train Time: 6.162s | Train Loss: 0.001080 |
INFO:root:| Epoch: 058/100 | Train Time: 6.164s | Train Loss: 0.001078 |
INFO:root:| Epoch: 059/100 | Train Time: 6.160s | Train Loss: 0.001073 |
INFO:root:| Epoch: 060/100 | Train Time: 6.157s | Train Loss: 0.001065 |
INFO:root:| Epoch: 061/100 | Train Time: 6.167s | Train Loss: 0.001062 |
INFO:root:| Epoch: 062/100 | Train Time: 6.244s | Train Loss: 0.001059 |
INFO:root:| Epoch: 063/100 | Train Time: 6.255s | Train Loss: 0.001052 |
INFO:root:| Epoch: 064/100 | Train Time: 6.151s | Train Loss: 0.001045 |
INFO:root:| Epoch: 065/100 | Train Time: 6.159s | Train Loss: 0.001042 |
INFO:root:| Epoch: 066/100 | Train Time: 6.174s | Train Loss: 0.001038 |
INFO:root:| Epoch: 067/100 | Train Time: 6.176s | Train Loss: 0.001034 |
INFO:root:| Epoch: 068/100 | Train Time: 6.169s | Train Loss: 0.001030 |
INFO:root:| Epoch: 069/100 | Train Time: 6.181s | Train Loss: 0.001025 |
INFO:root:| Epoch: 070/100 | Train Time: 6.181s | Train Loss: 0.001018 |
INFO:root:| Epoch: 071/100 | Train Time: 6.154s | Train Loss: 0.001016 |
INFO:root:| Epoch: 072/100 | Train Time: 6.170s | Train Loss: 0.001014 |
INFO:root:| Epoch: 073/100 | Train Time: 6.192s | Train Loss: 0.001010 |
INFO:root:| Epoch: 074/100 | Train Time: 6.291s | Train Loss: 0.001006 |
INFO:root:| Epoch: 075/100 | Train Time: 6.154s | Train Loss: 0.001003 |
INFO:root:| Epoch: 076/100 | Train Time: 6.152s | Train Loss: 0.000998 |
INFO:root:| Epoch: 077/100 | Train Time: 6.158s | Train Loss: 0.000996 |
INFO:root:| Epoch: 078/100 | Train Time: 6.146s | Train Loss: 0.000993 |
INFO:root:| Epoch: 079/100 | Train Time: 6.157s | Train Loss: 0.000985 |
INFO:root:| Epoch: 080/100 | Train Time: 6.170s | Train Loss: 0.000987 |
INFO:root:| Epoch: 081/100 | Train Time: 6.165s | Train Loss: 0.000985 |
INFO:root:| Epoch: 082/100 | Train Time: 6.174s | Train Loss: 0.000981 |
INFO:root:| Epoch: 083/100 | Train Time: 6.168s | Train Loss: 0.000977 |
INFO:root:| Epoch: 084/100 | Train Time: 6.174s | Train Loss: 0.000975 |
INFO:root:| Epoch: 085/100 | Train Time: 6.322s | Train Loss: 0.000972 |
INFO:root:| Epoch: 086/100 | Train Time: 6.174s | Train Loss: 0.000969 |
INFO:root:| Epoch: 087/100 | Train Time: 6.156s | Train Loss: 0.000971 |
INFO:root:| Epoch: 088/100 | Train Time: 6.155s | Train Loss: 0.000963 |
INFO:root:| Epoch: 089/100 | Train Time: 6.155s | Train Loss: 0.000961 |
INFO:root:| Epoch: 090/100 | Train Time: 6.154s | Train Loss: 0.000958 |
INFO:root:| Epoch: 091/100 | Train Time: 6.161s | Train Loss: 0.000956 |
INFO:root:| Epoch: 092/100 | Train Time: 6.162s | Train Loss: 0.000953 |
INFO:root:| Epoch: 093/100 | Train Time: 6.155s | Train Loss: 0.000954 |
INFO:root:| Epoch: 094/100 | Train Time: 6.158s | Train Loss: 0.000951 |
INFO:root:| Epoch: 095/100 | Train Time: 6.176s | Train Loss: 0.000949 |
INFO:root:| Epoch: 096/100 | Train Time: 6.294s | Train Loss: 0.000944 |
INFO:root:| Epoch: 097/100 | Train Time: 6.208s | Train Loss: 0.000944 |
INFO:root:| Epoch: 098/100 | Train Time: 6.174s | Train Loss: 0.000940 |
INFO:root:| Epoch: 099/100 | Train Time: 6.170s | Train Loss: 0.000940 |
INFO:root:| Epoch: 100/100 | Train Time: 6.174s | Train Loss: 0.000938 |
INFO:root:Pretraining Time: 617.331s
INFO:root:Finished pretraining.
INFO:root:Testing autoencoder...
INFO:root:Test Loss: 0.123912
INFO:root:Test AUC: 65.55%
INFO:root:Test Time: 1.515s
INFO:root:Finished testing autoencoder.
INFO:root:Training optimizer: adam
INFO:root:Training learning rate: 0.0001
INFO:root:Training epochs: 150
INFO:root:Training learning rate scheduler milestones: (50,)
INFO:root:Training batch size: 128
INFO:root:Training weight decay: 5e-07
INFO:root:Initializing center c...
INFO:root:Center c initialized.
INFO:root:Starting training...
/home/xysong/.conda/envs/OoD/lib/python3.9/site-packages/torch/optim/lr_scheduler.py:131: UserWarning: Detected call of `lr_scheduler.step()` before `optimizer.step()`. In PyTorch 1.1.0 and later, you should call them in the opposite order: `optimizer.step()` before `lr_scheduler.step()`.  Failure to do this will result in PyTorch skipping the first value of the learning rate schedule. See more details at https://pytorch.org/docs/stable/optim.html#how-to-adjust-learning-rate
  warnings.warn("Detected call of `lr_scheduler.step()` before `optimizer.step()`. "
INFO:root:| Epoch: 001/150 | Train Time: 5.222s | Train Loss: 0.912260 |
INFO:root:| Epoch: 002/150 | Train Time: 5.211s | Train Loss: 0.146321 |
INFO:root:| Epoch: 003/150 | Train Time: 5.212s | Train Loss: 0.095631 |
INFO:root:| Epoch: 004/150 | Train Time: 5.214s | Train Loss: 0.073978 |
INFO:root:| Epoch: 005/150 | Train Time: 5.214s | Train Loss: 0.063469 |
INFO:root:| Epoch: 006/150 | Train Time: 5.237s | Train Loss: 0.055391 |
INFO:root:| Epoch: 007/150 | Train Time: 5.323s | Train Loss: 0.048214 |
INFO:root:| Epoch: 008/150 | Train Time: 5.320s | Train Loss: 0.044797 |
INFO:root:| Epoch: 009/150 | Train Time: 5.230s | Train Loss: 0.044565 |
INFO:root:| Epoch: 010/150 | Train Time: 5.224s | Train Loss: 0.038262 |
INFO:root:| Epoch: 011/150 | Train Time: 5.223s | Train Loss: 0.037430 |
INFO:root:| Epoch: 012/150 | Train Time: 5.227s | Train Loss: 0.033113 |
INFO:root:| Epoch: 013/150 | Train Time: 5.229s | Train Loss: 0.032237 |
INFO:root:| Epoch: 014/150 | Train Time: 5.212s | Train Loss: 0.031585 |
INFO:root:| Epoch: 015/150 | Train Time: 5.211s | Train Loss: 0.029099 |
INFO:root:| Epoch: 016/150 | Train Time: 5.214s | Train Loss: 0.028318 |
INFO:root:| Epoch: 017/150 | Train Time: 5.215s | Train Loss: 0.026958 |
INFO:root:| Epoch: 018/150 | Train Time: 5.216s | Train Loss: 0.025901 |
INFO:root:| Epoch: 019/150 | Train Time: 5.227s | Train Loss: 0.024327 |
INFO:root:| Epoch: 020/150 | Train Time: 5.274s | Train Loss: 0.024662 |
INFO:root:| Epoch: 021/150 | Train Time: 5.340s | Train Loss: 0.022910 |
INFO:root:| Epoch: 022/150 | Train Time: 5.216s | Train Loss: 0.021382 |
INFO:root:| Epoch: 023/150 | Train Time: 5.218s | Train Loss: 0.022130 |
INFO:root:| Epoch: 024/150 | Train Time: 5.222s | Train Loss: 0.022067 |
INFO:root:| Epoch: 025/150 | Train Time: 5.228s | Train Loss: 0.019567 |
INFO:root:| Epoch: 026/150 | Train Time: 5.233s | Train Loss: 0.018286 |
INFO:root:| Epoch: 027/150 | Train Time: 5.237s | Train Loss: 0.019171 |
INFO:root:| Epoch: 028/150 | Train Time: 5.235s | Train Loss: 0.017069 |
INFO:root:| Epoch: 029/150 | Train Time: 5.217s | Train Loss: 0.018735 |
INFO:root:| Epoch: 030/150 | Train Time: 5.217s | Train Loss: 0.016760 |
INFO:root:| Epoch: 031/150 | Train Time: 5.214s | Train Loss: 0.018075 |
INFO:root:| Epoch: 032/150 | Train Time: 5.231s | Train Loss: 0.016471 |
INFO:root:| Epoch: 033/150 | Train Time: 5.243s | Train Loss: 0.016947 |
INFO:root:| Epoch: 034/150 | Train Time: 5.371s | Train Loss: 0.018147 |
INFO:root:| Epoch: 035/150 | Train Time: 5.225s | Train Loss: 0.015363 |
INFO:root:| Epoch: 036/150 | Train Time: 5.214s | Train Loss: 0.015561 |
INFO:root:| Epoch: 037/150 | Train Time: 5.212s | Train Loss: 0.016632 |
INFO:root:| Epoch: 038/150 | Train Time: 5.212s | Train Loss: 0.015614 |
INFO:root:| Epoch: 039/150 | Train Time: 5.212s | Train Loss: 0.016779 |
INFO:root:| Epoch: 040/150 | Train Time: 5.220s | Train Loss: 0.015168 |
INFO:root:| Epoch: 041/150 | Train Time: 5.217s | Train Loss: 0.018313 |
INFO:root:| Epoch: 042/150 | Train Time: 5.216s | Train Loss: 0.015708 |
INFO:root:| Epoch: 043/150 | Train Time: 5.210s | Train Loss: 0.016241 |
INFO:root:| Epoch: 044/150 | Train Time: 5.213s | Train Loss: 0.014889 |
INFO:root:| Epoch: 045/150 | Train Time: 5.214s | Train Loss: 0.013894 |
INFO:root:| Epoch: 046/150 | Train Time: 5.245s | Train Loss: 0.016211 |
INFO:root:| Epoch: 047/150 | Train Time: 5.387s | Train Loss: 0.014397 |
INFO:root:| Epoch: 048/150 | Train Time: 5.230s | Train Loss: 0.015112 |
INFO:root:| Epoch: 049/150 | Train Time: 5.218s | Train Loss: 0.015195 |
INFO:root:| Epoch: 050/150 | Train Time: 5.220s | Train Loss: 0.013547 |
/home/xysong/.conda/envs/OoD/lib/python3.9/site-packages/torch/optim/lr_scheduler.py:418: UserWarning: To get the last learning rate computed by the scheduler, please use `get_last_lr()`.
  warnings.warn("To get the last learning rate computed by the scheduler, "
INFO:root:  LR scheduler: new learning rate is 1e-05
INFO:root:| Epoch: 051/150 | Train Time: 5.227s | Train Loss: 0.012896 |
INFO:root:| Epoch: 052/150 | Train Time: 5.232s | Train Loss: 0.013084 |
INFO:root:| Epoch: 053/150 | Train Time: 5.228s | Train Loss: 0.013194 |
INFO:root:| Epoch: 054/150 | Train Time: 5.232s | Train Loss: 0.013023 |
INFO:root:| Epoch: 055/150 | Train Time: 5.236s | Train Loss: 0.012994 |
INFO:root:| Epoch: 056/150 | Train Time: 5.237s | Train Loss: 0.013421 |
INFO:root:| Epoch: 057/150 | Train Time: 5.242s | Train Loss: 0.013342 |
INFO:root:| Epoch: 058/150 | Train Time: 5.270s | Train Loss: 0.013031 |
INFO:root:| Epoch: 059/150 | Train Time: 5.375s | Train Loss: 0.013004 |
INFO:root:| Epoch: 060/150 | Train Time: 5.252s | Train Loss: 0.013132 |
INFO:root:| Epoch: 061/150 | Train Time: 5.225s | Train Loss: 0.012509 |
INFO:root:| Epoch: 062/150 | Train Time: 5.227s | Train Loss: 0.012883 |
INFO:root:| Epoch: 063/150 | Train Time: 5.230s | Train Loss: 0.013068 |
INFO:root:| Epoch: 064/150 | Train Time: 5.229s | Train Loss: 0.012469 |
INFO:root:| Epoch: 065/150 | Train Time: 5.224s | Train Loss: 0.012946 |
INFO:root:| Epoch: 066/150 | Train Time: 5.232s | Train Loss: 0.013236 |
INFO:root:| Epoch: 067/150 | Train Time: 5.234s | Train Loss: 0.013232 |
INFO:root:| Epoch: 068/150 | Train Time: 5.246s | Train Loss: 0.012809 |
INFO:root:| Epoch: 069/150 | Train Time: 5.239s | Train Loss: 0.013215 |
INFO:root:| Epoch: 070/150 | Train Time: 5.257s | Train Loss: 0.012801 |
INFO:root:| Epoch: 071/150 | Train Time: 5.370s | Train Loss: 0.013186 |
INFO:root:| Epoch: 072/150 | Train Time: 5.289s | Train Loss: 0.013009 |
INFO:root:| Epoch: 073/150 | Train Time: 5.244s | Train Loss: 0.012870 |
INFO:root:| Epoch: 074/150 | Train Time: 5.246s | Train Loss: 0.013051 |
INFO:root:| Epoch: 075/150 | Train Time: 5.232s | Train Loss: 0.012994 |
INFO:root:| Epoch: 076/150 | Train Time: 5.223s | Train Loss: 0.012900 |
INFO:root:| Epoch: 077/150 | Train Time: 5.222s | Train Loss: 0.013130 |
INFO:root:| Epoch: 078/150 | Train Time: 5.229s | Train Loss: 0.013084 |
INFO:root:| Epoch: 079/150 | Train Time: 5.231s | Train Loss: 0.012902 |
INFO:root:| Epoch: 080/150 | Train Time: 5.230s | Train Loss: 0.013091 |
INFO:root:| Epoch: 081/150 | Train Time: 5.235s | Train Loss: 0.013011 |
INFO:root:| Epoch: 082/150 | Train Time: 5.253s | Train Loss: 0.013121 |
INFO:root:| Epoch: 083/150 | Train Time: 5.341s | Train Loss: 0.012684 |
INFO:root:| Epoch: 084/150 | Train Time: 5.301s | Train Loss: 0.013155 |
INFO:root:| Epoch: 085/150 | Train Time: 5.232s | Train Loss: 0.012761 |
INFO:root:| Epoch: 086/150 | Train Time: 5.230s | Train Loss: 0.012847 |
INFO:root:| Epoch: 087/150 | Train Time: 5.223s | Train Loss: 0.012737 |
INFO:root:| Epoch: 088/150 | Train Time: 5.221s | Train Loss: 0.012858 |
INFO:root:| Epoch: 089/150 | Train Time: 5.225s | Train Loss: 0.013047 |
INFO:root:| Epoch: 090/150 | Train Time: 5.230s | Train Loss: 0.012620 |
INFO:root:| Epoch: 091/150 | Train Time: 5.234s | Train Loss: 0.013256 |
INFO:root:| Epoch: 092/150 | Train Time: 5.244s | Train Loss: 0.012788 |
INFO:root:| Epoch: 093/150 | Train Time: 5.233s | Train Loss: 0.012925 |
INFO:root:| Epoch: 094/150 | Train Time: 5.267s | Train Loss: 0.012999 |
INFO:root:| Epoch: 095/150 | Train Time: 5.333s | Train Loss: 0.012865 |
INFO:root:| Epoch: 096/150 | Train Time: 5.345s | Train Loss: 0.013002 |
INFO:root:| Epoch: 097/150 | Train Time: 5.246s | Train Loss: 0.012787 |
INFO:root:| Epoch: 098/150 | Train Time: 5.231s | Train Loss: 0.012784 |
INFO:root:| Epoch: 099/150 | Train Time: 5.219s | Train Loss: 0.012905 |
INFO:root:| Epoch: 100/150 | Train Time: 5.219s | Train Loss: 0.012787 |
INFO:root:| Epoch: 101/150 | Train Time: 5.224s | Train Loss: 0.012985 |
INFO:root:| Epoch: 102/150 | Train Time: 5.225s | Train Loss: 0.013045 |
INFO:root:| Epoch: 103/150 | Train Time: 5.227s | Train Loss: 0.012749 |
INFO:root:| Epoch: 104/150 | Train Time: 5.231s | Train Loss: 0.012823 |
INFO:root:| Epoch: 105/150 | Train Time: 5.223s | Train Loss: 0.012626 |
INFO:root:| Epoch: 106/150 | Train Time: 5.246s | Train Loss: 0.012944 |
INFO:root:| Epoch: 107/150 | Train Time: 5.293s | Train Loss: 0.012841 |
INFO:root:| Epoch: 108/150 | Train Time: 5.343s | Train Loss: 0.012727 |
INFO:root:| Epoch: 109/150 | Train Time: 5.237s | Train Loss: 0.012818 |
INFO:root:| Epoch: 110/150 | Train Time: 5.228s | Train Loss: 0.012885 |
INFO:root:| Epoch: 111/150 | Train Time: 5.225s | Train Loss: 0.013074 |
INFO:root:| Epoch: 112/150 | Train Time: 5.230s | Train Loss: 0.012858 |
INFO:root:| Epoch: 113/150 | Train Time: 5.222s | Train Loss: 0.012804 |
INFO:root:| Epoch: 114/150 | Train Time: 5.227s | Train Loss: 0.012811 |
INFO:root:| Epoch: 115/150 | Train Time: 5.232s | Train Loss: 0.013036 |
INFO:root:| Epoch: 116/150 | Train Time: 5.227s | Train Loss: 0.012642 |
INFO:root:| Epoch: 117/150 | Train Time: 5.231s | Train Loss: 0.012785 |
INFO:root:| Epoch: 118/150 | Train Time: 5.255s | Train Loss: 0.012743 |
INFO:root:| Epoch: 119/150 | Train Time: 5.250s | Train Loss: 0.012555 |
INFO:root:| Epoch: 120/150 | Train Time: 5.293s | Train Loss: 0.012708 |
INFO:root:| Epoch: 121/150 | Train Time: 5.381s | Train Loss: 0.012673 |
INFO:root:| Epoch: 122/150 | Train Time: 5.245s | Train Loss: 0.012838 |
INFO:root:| Epoch: 123/150 | Train Time: 5.241s | Train Loss: 0.012453 |
INFO:root:| Epoch: 124/150 | Train Time: 5.258s | Train Loss: 0.012517 |
INFO:root:| Epoch: 125/150 | Train Time: 5.237s | Train Loss: 0.012570 |
INFO:root:| Epoch: 126/150 | Train Time: 5.242s | Train Loss: 0.012526 |
INFO:root:| Epoch: 127/150 | Train Time: 5.242s | Train Loss: 0.012932 |
INFO:root:| Epoch: 128/150 | Train Time: 5.247s | Train Loss: 0.012298 |
INFO:root:| Epoch: 129/150 | Train Time: 5.242s | Train Loss: 0.012594 |
INFO:root:| Epoch: 130/150 | Train Time: 5.241s | Train Loss: 0.012603 |
INFO:root:| Epoch: 131/150 | Train Time: 5.255s | Train Loss: 0.012774 |
INFO:root:| Epoch: 132/150 | Train Time: 5.251s | Train Loss: 0.012605 |
INFO:root:| Epoch: 133/150 | Train Time: 5.235s | Train Loss: 0.012678 |
INFO:root:| Epoch: 134/150 | Train Time: 5.289s | Train Loss: 0.012883 |
INFO:root:| Epoch: 135/150 | Train Time: 5.365s | Train Loss: 0.012710 |
INFO:root:| Epoch: 136/150 | Train Time: 5.245s | Train Loss: 0.012781 |
INFO:root:| Epoch: 137/150 | Train Time: 5.241s | Train Loss: 0.012680 |
INFO:root:| Epoch: 138/150 | Train Time: 5.246s | Train Loss: 0.012692 |
INFO:root:| Epoch: 139/150 | Train Time: 5.242s | Train Loss: 0.012834 |
INFO:root:| Epoch: 140/150 | Train Time: 5.243s | Train Loss: 0.012397 |
INFO:root:| Epoch: 141/150 | Train Time: 5.249s | Train Loss: 0.012674 |
INFO:root:| Epoch: 142/150 | Train Time: 5.251s | Train Loss: 0.012527 |
INFO:root:| Epoch: 143/150 | Train Time: 5.239s | Train Loss: 0.012682 |
INFO:root:| Epoch: 144/150 | Train Time: 5.230s | Train Loss: 0.012961 |
INFO:root:| Epoch: 145/150 | Train Time: 5.248s | Train Loss: 0.012666 |
INFO:root:| Epoch: 146/150 | Train Time: 5.251s | Train Loss: 0.012573 |
INFO:root:| Epoch: 147/150 | Train Time: 5.235s | Train Loss: 0.012648 |
INFO:root:| Epoch: 148/150 | Train Time: 5.291s | Train Loss: 0.012690 |
INFO:root:| Epoch: 149/150 | Train Time: 5.364s | Train Loss: 0.012454 |
INFO:root:| Epoch: 150/150 | Train Time: 5.233s | Train Loss: 0.012480 |
INFO:root:Training Time: 786.880s
INFO:root:Finished training.
INFO:root:Starting testing...
INFO:root:Testing TPR95: 0.5797
INFO:root:Testing TPR99: 0.4798
INFO:root:Test Loss: 65.715838
INFO:root:Test AUC: 83.42%
INFO:root:Test Time: 1.447s
INFO:root:Finished testing.
InD Train set shape: torch.Size([60000, 28, 28]), InD Test set shape: torch.Size([10000, 28, 28])
OoD Test set shape: torch.Size([10000, 28, 28])
Using number-pre-sampled sampler
Train set shape: torch.Size([60000, 28, 28])
Train set size: 60256
Train targets size: 60256
Train semi-targets size: 60256
Counter({1: 6742, 7: 6265, 3: 6131, 9: 6077, 8: 5979, 2: 5958, 0: 5923, 6: 5918, 4: 5842, 5: 5421})
Test set size: 20000
Test targets: Counter({0.0: 10000, 1.0: 10000})
InD Test Size: 10000, OoD Test Size: 10000, TPR95: 0.5797
InD Test Size: 10000, OoD Test Size: 10000, TPR99: 0.4798
