mkdir: cannot create directory ‘log/DeepSAD’: File exists
INFO:root:Log file is ../log/DeepSAD/mnist-fashionmnist-Balanced-2048/log.txt
INFO:root:Data path is ../data
INFO:root:Export path is ../log/DeepSAD/mnist-fashionmnist-Balanced-2048
INFO:root:Dataset: mnist-fashionmnist
INFO:root:Normal class: [0, 1, 2, 3, 4, 5, 6, 7]
INFO:root:Ratio of labeled normal train samples: 0.00
INFO:root:Ratio of labeled anomalous samples: 0.01
INFO:root:Pollution ratio of unlabeled train data: 0.10
INFO:root:Known anomaly class: 1
INFO:root:Network: mnist_LeNet
INFO:root:Eta-parameter: 1.00
INFO:root:Set seed to 999.
INFO:root:Computation device: cuda
INFO:root:Number of threads: 0
INFO:root:Number of dataloader workers: 0
INFO:root:Pretraining: True
INFO:root:Pretraining optimizer: adam
INFO:root:Pretraining learning rate: 0.001
INFO:root:Pretraining epochs: 100
INFO:root:Pretraining learning rate scheduler milestones: (0,)
INFO:root:Pretraining batch size: 128
INFO:root:Pretraining weight decay: 1e-06
Traceback (most recent call last):
  File "/gpfs/accounts/sunwbgt_root/sunwbgt98/xysong/Deep-SAD-PyTorch/src/main.py", line 251, in <module>
    main()
  File "/home/xysong/.conda/envs/OoD/lib/python3.9/site-packages/click/core.py", line 1130, in __call__
    return self.main(*args, **kwargs)
  File "/home/xysong/.conda/envs/OoD/lib/python3.9/site-packages/click/core.py", line 1055, in main
    rv = self.invoke(ctx)
  File "/home/xysong/.conda/envs/OoD/lib/python3.9/site-packages/click/core.py", line 1404, in invoke
    return ctx.invoke(self.callback, **ctx.params)
  File "/home/xysong/.conda/envs/OoD/lib/python3.9/site-packages/click/core.py", line 760, in invoke
    return __callback(*args, **kwargs)
  File "/gpfs/accounts/sunwbgt_root/sunwbgt98/xysong/Deep-SAD-PyTorch/src/main.py", line 184, in main
    deepSAD.pretrain(dataset,
  File "/gpfs/accounts/sunwbgt_root/sunwbgt98/xysong/Deep-SAD-PyTorch/src/DeepSAD.py", line 101, in pretrain
    self.ae_net = self.ae_trainer.train(dataset, self.ae_net)
  File "/gpfs/accounts/sunwbgt_root/sunwbgt98/xysong/Deep-SAD-PyTorch/src/optim/ae_trainer.py", line 30, in train
    train_loader, _ = dataset.loaders(batch_size=self.batch_size, num_workers=self.n_jobs_dataloader)
AttributeError: 'NoneType' object has no attribute 'loaders'
