mkdir: cannot create directory ‘log/DeepSAD’: File exists
mkdir: cannot create directory ‘log/DeepSAD/mnist-fashionmnist-Balanced-64’: File exists
INFO:root:Log file is ../log/DeepSAD/mnist-fashionmnist-Balanced-64/log.txt
INFO:root:Data path is ../data
INFO:root:Export path is ../log/DeepSAD/mnist-fashionmnist-Balanced-64
INFO:root:Dataset: mnist-fashionmnist
INFO:root:Normal class: [0, 1, 2, 3, 4, 5, 6, 7]
INFO:root:Ratio of labeled normal train samples: 0.00
INFO:root:Ratio of labeled anomalous samples: 0.01
INFO:root:Pollution ratio of unlabeled train data: 0.10
INFO:root:Known anomaly class: 1
INFO:root:Network: mnist_LeNet
INFO:root:Eta-parameter: 1.00
INFO:root:Set seed to 999.
INFO:root:Computation device: cuda
INFO:root:Number of threads: 0
INFO:root:Number of dataloader workers: 0
/home/xysong/.conda/envs/OoD/lib/python3.9/site-packages/torchvision/datasets/mnist.py:75: UserWarning: train_data has been renamed data
  warnings.warn("train_data has been renamed data")
/home/xysong/.conda/envs/OoD/lib/python3.9/site-packages/torchvision/datasets/mnist.py:80: UserWarning: test_data has been renamed data
  warnings.warn("test_data has been renamed data")
INFO:root:Pretraining: True
INFO:root:Pretraining optimizer: adam
INFO:root:Pretraining learning rate: 0.001
INFO:root:Pretraining epochs: 100
INFO:root:Pretraining learning rate scheduler milestones: (0,)
INFO:root:Pretraining batch size: 128
INFO:root:Pretraining weight decay: 1e-06
INFO:root:Starting pretraining...
/home/xysong/.conda/envs/OoD/lib/python3.9/site-packages/torch/optim/lr_scheduler.py:131: UserWarning: Detected call of `lr_scheduler.step()` before `optimizer.step()`. In PyTorch 1.1.0 and later, you should call them in the opposite order: `optimizer.step()` before `lr_scheduler.step()`.  Failure to do this will result in PyTorch skipping the first value of the learning rate schedule. See more details at https://pytorch.org/docs/stable/optim.html#how-to-adjust-learning-rate
  warnings.warn("Detected call of `lr_scheduler.step()` before `optimizer.step()`. "
/home/xysong/.conda/envs/OoD/lib/python3.9/site-packages/torch/optim/lr_scheduler.py:418: UserWarning: To get the last learning rate computed by the scheduler, please use `get_last_lr()`.
  warnings.warn("To get the last learning rate computed by the scheduler, "
INFO:root:  LR scheduler: new learning rate is 0.0001
INFO:root:| Epoch: 001/100 | Train Time: 7.326s | Train Loss: 0.059394 |
INFO:root:| Epoch: 002/100 | Train Time: 6.959s | Train Loss: 0.010034 |
INFO:root:| Epoch: 003/100 | Train Time: 7.013s | Train Loss: 0.006844 |
INFO:root:| Epoch: 004/100 | Train Time: 6.918s | Train Loss: 0.005883 |
INFO:root:| Epoch: 005/100 | Train Time: 6.990s | Train Loss: 0.005321 |
INFO:root:| Epoch: 006/100 | Train Time: 6.986s | Train Loss: 0.004811 |
INFO:root:| Epoch: 007/100 | Train Time: 6.917s | Train Loss: 0.004323 |
INFO:root:| Epoch: 008/100 | Train Time: 6.923s | Train Loss: 0.003948 |
INFO:root:| Epoch: 009/100 | Train Time: 7.059s | Train Loss: 0.003630 |
INFO:root:| Epoch: 010/100 | Train Time: 6.931s | Train Loss: 0.003337 |
INFO:root:| Epoch: 011/100 | Train Time: 6.946s | Train Loss: 0.003041 |
INFO:root:| Epoch: 012/100 | Train Time: 6.957s | Train Loss: 0.002771 |
INFO:root:| Epoch: 013/100 | Train Time: 7.037s | Train Loss: 0.002556 |
INFO:root:| Epoch: 014/100 | Train Time: 7.018s | Train Loss: 0.002371 |
INFO:root:| Epoch: 015/100 | Train Time: 6.950s | Train Loss: 0.002211 |
INFO:root:| Epoch: 016/100 | Train Time: 6.961s | Train Loss: 0.002085 |
INFO:root:| Epoch: 017/100 | Train Time: 6.959s | Train Loss: 0.001969 |
INFO:root:| Epoch: 018/100 | Train Time: 6.944s | Train Loss: 0.001870 |
INFO:root:| Epoch: 019/100 | Train Time: 7.038s | Train Loss: 0.001782 |
INFO:root:| Epoch: 020/100 | Train Time: 7.000s | Train Loss: 0.001705 |
INFO:root:| Epoch: 021/100 | Train Time: 6.951s | Train Loss: 0.001636 |
INFO:root:| Epoch: 022/100 | Train Time: 6.943s | Train Loss: 0.001579 |
INFO:root:| Epoch: 023/100 | Train Time: 6.937s | Train Loss: 0.001534 |
INFO:root:| Epoch: 024/100 | Train Time: 6.939s | Train Loss: 0.001494 |
INFO:root:| Epoch: 025/100 | Train Time: 6.943s | Train Loss: 0.001460 |
INFO:root:| Epoch: 026/100 | Train Time: 6.945s | Train Loss: 0.001427 |
INFO:root:| Epoch: 027/100 | Train Time: 7.098s | Train Loss: 0.001399 |
INFO:root:| Epoch: 028/100 | Train Time: 6.965s | Train Loss: 0.001372 |
INFO:root:| Epoch: 029/100 | Train Time: 6.966s | Train Loss: 0.001346 |
INFO:root:| Epoch: 030/100 | Train Time: 6.946s | Train Loss: 0.001322 |
INFO:root:| Epoch: 031/100 | Train Time: 6.944s | Train Loss: 0.001298 |
INFO:root:| Epoch: 032/100 | Train Time: 6.950s | Train Loss: 0.001274 |
INFO:root:| Epoch: 033/100 | Train Time: 6.952s | Train Loss: 0.001252 |
INFO:root:| Epoch: 034/100 | Train Time: 6.955s | Train Loss: 0.001231 |
INFO:root:| Epoch: 035/100 | Train Time: 6.946s | Train Loss: 0.001212 |
INFO:root:| Epoch: 036/100 | Train Time: 6.997s | Train Loss: 0.001195 |
INFO:root:| Epoch: 037/100 | Train Time: 7.052s | Train Loss: 0.001179 |
INFO:root:| Epoch: 038/100 | Train Time: 6.958s | Train Loss: 0.001163 |
INFO:root:| Epoch: 039/100 | Train Time: 6.950s | Train Loss: 0.001149 |
INFO:root:| Epoch: 040/100 | Train Time: 6.952s | Train Loss: 0.001134 |
INFO:root:| Epoch: 041/100 | Train Time: 6.947s | Train Loss: 0.001121 |
INFO:root:| Epoch: 042/100 | Train Time: 6.955s | Train Loss: 0.001107 |
INFO:root:| Epoch: 043/100 | Train Time: 6.953s | Train Loss: 0.001096 |
INFO:root:| Epoch: 044/100 | Train Time: 6.945s | Train Loss: 0.001083 |
INFO:root:| Epoch: 045/100 | Train Time: 6.950s | Train Loss: 0.001075 |
INFO:root:| Epoch: 046/100 | Train Time: 6.998s | Train Loss: 0.001058 |
INFO:root:| Epoch: 047/100 | Train Time: 7.068s | Train Loss: 0.001051 |
INFO:root:| Epoch: 048/100 | Train Time: 6.953s | Train Loss: 0.001038 |
INFO:root:| Epoch: 049/100 | Train Time: 6.984s | Train Loss: 0.001029 |
INFO:root:| Epoch: 050/100 | Train Time: 6.974s | Train Loss: 0.001021 |
INFO:root:| Epoch: 051/100 | Train Time: 6.981s | Train Loss: 0.001006 |
INFO:root:| Epoch: 052/100 | Train Time: 6.969s | Train Loss: 0.000998 |
INFO:root:| Epoch: 053/100 | Train Time: 6.965s | Train Loss: 0.000991 |
INFO:root:| Epoch: 054/100 | Train Time: 6.961s | Train Loss: 0.000979 |
INFO:root:| Epoch: 055/100 | Train Time: 6.958s | Train Loss: 0.000975 |
INFO:root:| Epoch: 056/100 | Train Time: 7.004s | Train Loss: 0.000964 |
INFO:root:| Epoch: 057/100 | Train Time: 7.076s | Train Loss: 0.000958 |
INFO:root:| Epoch: 058/100 | Train Time: 6.963s | Train Loss: 0.000955 |
INFO:root:| Epoch: 059/100 | Train Time: 6.963s | Train Loss: 0.000945 |
INFO:root:| Epoch: 060/100 | Train Time: 6.965s | Train Loss: 0.000939 |
INFO:root:| Epoch: 061/100 | Train Time: 6.960s | Train Loss: 0.000932 |
INFO:root:| Epoch: 062/100 | Train Time: 6.973s | Train Loss: 0.000927 |
INFO:root:| Epoch: 063/100 | Train Time: 6.967s | Train Loss: 0.000919 |
INFO:root:| Epoch: 064/100 | Train Time: 6.960s | Train Loss: 0.000913 |
INFO:root:| Epoch: 065/100 | Train Time: 6.957s | Train Loss: 0.000908 |
INFO:root:| Epoch: 066/100 | Train Time: 6.991s | Train Loss: 0.000902 |
INFO:root:| Epoch: 067/100 | Train Time: 7.092s | Train Loss: 0.000895 |
INFO:root:| Epoch: 068/100 | Train Time: 6.981s | Train Loss: 0.000891 |
INFO:root:| Epoch: 069/100 | Train Time: 6.977s | Train Loss: 0.000886 |
INFO:root:| Epoch: 070/100 | Train Time: 6.959s | Train Loss: 0.000880 |
INFO:root:| Epoch: 071/100 | Train Time: 6.968s | Train Loss: 0.000875 |
INFO:root:| Epoch: 072/100 | Train Time: 6.962s | Train Loss: 0.000869 |
INFO:root:| Epoch: 073/100 | Train Time: 6.965s | Train Loss: 0.000868 |
INFO:root:| Epoch: 074/100 | Train Time: 6.964s | Train Loss: 0.000862 |
INFO:root:| Epoch: 075/100 | Train Time: 6.969s | Train Loss: 0.000858 |
INFO:root:| Epoch: 076/100 | Train Time: 6.994s | Train Loss: 0.000855 |
INFO:root:| Epoch: 077/100 | Train Time: 7.084s | Train Loss: 0.000850 |
INFO:root:| Epoch: 078/100 | Train Time: 6.960s | Train Loss: 0.000843 |
INFO:root:| Epoch: 079/100 | Train Time: 6.964s | Train Loss: 0.000842 |
INFO:root:| Epoch: 080/100 | Train Time: 6.965s | Train Loss: 0.000839 |
INFO:root:| Epoch: 081/100 | Train Time: 6.974s | Train Loss: 0.000835 |
INFO:root:| Epoch: 082/100 | Train Time: 6.981s | Train Loss: 0.000830 |
INFO:root:| Epoch: 083/100 | Train Time: 6.976s | Train Loss: 0.000827 |
INFO:root:| Epoch: 084/100 | Train Time: 6.984s | Train Loss: 0.000824 |
INFO:root:| Epoch: 085/100 | Train Time: 6.986s | Train Loss: 0.000826 |
INFO:root:| Epoch: 086/100 | Train Time: 7.014s | Train Loss: 0.000819 |
INFO:root:| Epoch: 087/100 | Train Time: 7.105s | Train Loss: 0.000816 |
INFO:root:| Epoch: 088/100 | Train Time: 6.973s | Train Loss: 0.000813 |
INFO:root:| Epoch: 089/100 | Train Time: 6.970s | Train Loss: 0.000812 |
INFO:root:| Epoch: 090/100 | Train Time: 6.972s | Train Loss: 0.000808 |
INFO:root:| Epoch: 091/100 | Train Time: 6.971s | Train Loss: 0.000807 |
INFO:root:| Epoch: 092/100 | Train Time: 6.964s | Train Loss: 0.000804 |
INFO:root:| Epoch: 093/100 | Train Time: 6.969s | Train Loss: 0.000802 |
INFO:root:| Epoch: 094/100 | Train Time: 6.966s | Train Loss: 0.000800 |
INFO:root:| Epoch: 095/100 | Train Time: 6.967s | Train Loss: 0.000799 |
INFO:root:| Epoch: 096/100 | Train Time: 7.023s | Train Loss: 0.000793 |
INFO:root:| Epoch: 097/100 | Train Time: 7.109s | Train Loss: 0.000795 |
INFO:root:| Epoch: 098/100 | Train Time: 6.991s | Train Loss: 0.000791 |
INFO:root:| Epoch: 099/100 | Train Time: 6.969s | Train Loss: 0.000794 |
INFO:root:| Epoch: 100/100 | Train Time: 6.969s | Train Loss: 0.000788 |
INFO:root:Pretraining Time: 698.152s
INFO:root:Finished pretraining.
INFO:root:Testing autoencoder...
INFO:root:Test Loss: 0.132537
INFO:root:Test AUC: 68.91%
INFO:root:Test Time: 1.781s
INFO:root:Finished testing autoencoder.
INFO:root:Training optimizer: adam
INFO:root:Training learning rate: 0.0001
INFO:root:Training epochs: 150
INFO:root:Training learning rate scheduler milestones: (50,)
INFO:root:Training batch size: 128
INFO:root:Training weight decay: 5e-07
INFO:root:Initializing center c...
INFO:root:Center c initialized.
INFO:root:Starting training...
/home/xysong/.conda/envs/OoD/lib/python3.9/site-packages/torch/optim/lr_scheduler.py:131: UserWarning: Detected call of `lr_scheduler.step()` before `optimizer.step()`. In PyTorch 1.1.0 and later, you should call them in the opposite order: `optimizer.step()` before `lr_scheduler.step()`.  Failure to do this will result in PyTorch skipping the first value of the learning rate schedule. See more details at https://pytorch.org/docs/stable/optim.html#how-to-adjust-learning-rate
  warnings.warn("Detected call of `lr_scheduler.step()` before `optimizer.step()`. "
INFO:root:| Epoch: 001/150 | Train Time: 6.051s | Train Loss: 0.905909 |
INFO:root:| Epoch: 002/150 | Train Time: 6.050s | Train Loss: 0.140342 |
INFO:root:| Epoch: 003/150 | Train Time: 6.047s | Train Loss: 0.091561 |
INFO:root:| Epoch: 004/150 | Train Time: 6.046s | Train Loss: 0.067867 |
INFO:root:| Epoch: 005/150 | Train Time: 6.067s | Train Loss: 0.058662 |
INFO:root:| Epoch: 006/150 | Train Time: 6.127s | Train Loss: 0.043902 |
INFO:root:| Epoch: 007/150 | Train Time: 6.123s | Train Loss: 0.048426 |
INFO:root:| Epoch: 008/150 | Train Time: 6.055s | Train Loss: 0.033247 |
INFO:root:| Epoch: 009/150 | Train Time: 6.051s | Train Loss: 0.040491 |
INFO:root:| Epoch: 010/150 | Train Time: 6.056s | Train Loss: 0.030538 |
INFO:root:| Epoch: 011/150 | Train Time: 6.058s | Train Loss: 0.026733 |
INFO:root:| Epoch: 012/150 | Train Time: 6.065s | Train Loss: 0.029760 |
INFO:root:| Epoch: 013/150 | Train Time: 6.070s | Train Loss: 0.031136 |
INFO:root:| Epoch: 014/150 | Train Time: 6.052s | Train Loss: 0.031073 |
INFO:root:| Epoch: 015/150 | Train Time: 6.050s | Train Loss: 0.025910 |
INFO:root:| Epoch: 016/150 | Train Time: 6.048s | Train Loss: 0.020387 |
INFO:root:| Epoch: 017/150 | Train Time: 6.076s | Train Loss: 0.035413 |
INFO:root:| Epoch: 018/150 | Train Time: 6.185s | Train Loss: 0.019780 |
INFO:root:| Epoch: 019/150 | Train Time: 6.052s | Train Loss: 0.016776 |
INFO:root:| Epoch: 020/150 | Train Time: 6.053s | Train Loss: 0.038842 |
INFO:root:| Epoch: 021/150 | Train Time: 6.050s | Train Loss: 0.017150 |
INFO:root:| Epoch: 022/150 | Train Time: 6.076s | Train Loss: 0.017284 |
INFO:root:| Epoch: 023/150 | Train Time: 6.046s | Train Loss: 0.016860 |
INFO:root:| Epoch: 024/150 | Train Time: 6.063s | Train Loss: 0.017590 |
INFO:root:| Epoch: 025/150 | Train Time: 6.045s | Train Loss: 0.016248 |
INFO:root:| Epoch: 026/150 | Train Time: 6.056s | Train Loss: 0.014429 |
INFO:root:| Epoch: 027/150 | Train Time: 6.060s | Train Loss: 0.040154 |
INFO:root:| Epoch: 028/150 | Train Time: 6.069s | Train Loss: 0.013326 |
INFO:root:| Epoch: 029/150 | Train Time: 6.168s | Train Loss: 0.013993 |
INFO:root:| Epoch: 030/150 | Train Time: 6.108s | Train Loss: 0.014477 |
INFO:root:| Epoch: 031/150 | Train Time: 6.074s | Train Loss: 0.013557 |
INFO:root:| Epoch: 032/150 | Train Time: 6.061s | Train Loss: 0.011381 |
INFO:root:| Epoch: 033/150 | Train Time: 6.064s | Train Loss: 0.025395 |
INFO:root:| Epoch: 034/150 | Train Time: 6.064s | Train Loss: 0.012103 |
INFO:root:| Epoch: 035/150 | Train Time: 6.066s | Train Loss: 0.012707 |
INFO:root:| Epoch: 036/150 | Train Time: 6.070s | Train Loss: 0.013797 |
INFO:root:| Epoch: 037/150 | Train Time: 6.055s | Train Loss: 0.012256 |
INFO:root:| Epoch: 038/150 | Train Time: 6.057s | Train Loss: 0.013380 |
INFO:root:| Epoch: 039/150 | Train Time: 6.074s | Train Loss: 0.016306 |
INFO:root:| Epoch: 040/150 | Train Time: 6.103s | Train Loss: 0.010963 |
INFO:root:| Epoch: 041/150 | Train Time: 6.159s | Train Loss: 0.010650 |
INFO:root:| Epoch: 042/150 | Train Time: 6.056s | Train Loss: 0.027750 |
INFO:root:| Epoch: 043/150 | Train Time: 6.053s | Train Loss: 0.012171 |
INFO:root:| Epoch: 044/150 | Train Time: 6.050s | Train Loss: 0.010151 |
INFO:root:| Epoch: 045/150 | Train Time: 6.050s | Train Loss: 0.011300 |
INFO:root:| Epoch: 046/150 | Train Time: 6.056s | Train Loss: 0.010110 |
INFO:root:| Epoch: 047/150 | Train Time: 6.050s | Train Loss: 0.010140 |
INFO:root:| Epoch: 048/150 | Train Time: 6.052s | Train Loss: 0.011774 |
INFO:root:| Epoch: 049/150 | Train Time: 6.052s | Train Loss: 0.010836 |
INFO:root:| Epoch: 050/150 | Train Time: 6.052s | Train Loss: 0.009123 |
/home/xysong/.conda/envs/OoD/lib/python3.9/site-packages/torch/optim/lr_scheduler.py:418: UserWarning: To get the last learning rate computed by the scheduler, please use `get_last_lr()`.
  warnings.warn("To get the last learning rate computed by the scheduler, "
INFO:root:  LR scheduler: new learning rate is 1e-05
INFO:root:| Epoch: 051/150 | Train Time: 6.079s | Train Loss: 0.008950 |
INFO:root:| Epoch: 052/150 | Train Time: 6.073s | Train Loss: 0.008649 |
INFO:root:| Epoch: 053/150 | Train Time: 6.188s | Train Loss: 0.008882 |
INFO:root:| Epoch: 054/150 | Train Time: 6.066s | Train Loss: 0.008911 |
INFO:root:| Epoch: 055/150 | Train Time: 6.056s | Train Loss: 0.008862 |
INFO:root:| Epoch: 056/150 | Train Time: 6.064s | Train Loss: 0.007989 |
INFO:root:| Epoch: 057/150 | Train Time: 6.059s | Train Loss: 0.009234 |
INFO:root:| Epoch: 058/150 | Train Time: 6.062s | Train Loss: 0.009165 |
INFO:root:| Epoch: 059/150 | Train Time: 6.055s | Train Loss: 0.009145 |
INFO:root:| Epoch: 060/150 | Train Time: 6.060s | Train Loss: 0.008720 |
INFO:root:| Epoch: 061/150 | Train Time: 6.067s | Train Loss: 0.009034 |
INFO:root:| Epoch: 062/150 | Train Time: 6.086s | Train Loss: 0.008586 |
INFO:root:| Epoch: 063/150 | Train Time: 6.155s | Train Loss: 0.009045 |
INFO:root:| Epoch: 064/150 | Train Time: 6.128s | Train Loss: 0.008676 |
INFO:root:| Epoch: 065/150 | Train Time: 6.071s | Train Loss: 0.009174 |
INFO:root:| Epoch: 066/150 | Train Time: 6.072s | Train Loss: 0.008654 |
INFO:root:| Epoch: 067/150 | Train Time: 6.073s | Train Loss: 0.008673 |
INFO:root:| Epoch: 068/150 | Train Time: 6.065s | Train Loss: 0.008424 |
INFO:root:| Epoch: 069/150 | Train Time: 6.058s | Train Loss: 0.008607 |
INFO:root:| Epoch: 070/150 | Train Time: 6.054s | Train Loss: 0.008776 |
INFO:root:| Epoch: 071/150 | Train Time: 6.065s | Train Loss: 0.008694 |
INFO:root:| Epoch: 072/150 | Train Time: 6.059s | Train Loss: 0.008725 |
INFO:root:| Epoch: 073/150 | Train Time: 6.081s | Train Loss: 0.008505 |
INFO:root:| Epoch: 074/150 | Train Time: 6.206s | Train Loss: 0.008892 |
INFO:root:| Epoch: 075/150 | Train Time: 6.069s | Train Loss: 0.008581 |
INFO:root:| Epoch: 076/150 | Train Time: 6.073s | Train Loss: 0.008588 |
INFO:root:| Epoch: 077/150 | Train Time: 6.065s | Train Loss: 0.008835 |
INFO:root:| Epoch: 078/150 | Train Time: 6.060s | Train Loss: 0.008860 |
INFO:root:| Epoch: 079/150 | Train Time: 6.070s | Train Loss: 0.008663 |
INFO:root:| Epoch: 080/150 | Train Time: 6.070s | Train Loss: 0.008440 |
INFO:root:| Epoch: 081/150 | Train Time: 6.062s | Train Loss: 0.008323 |
INFO:root:| Epoch: 082/150 | Train Time: 6.063s | Train Loss: 0.008227 |
INFO:root:| Epoch: 083/150 | Train Time: 6.086s | Train Loss: 0.008805 |
INFO:root:| Epoch: 084/150 | Train Time: 6.161s | Train Loss: 0.008405 |
INFO:root:| Epoch: 085/150 | Train Time: 6.137s | Train Loss: 0.008519 |
INFO:root:| Epoch: 086/150 | Train Time: 6.068s | Train Loss: 0.008481 |
INFO:root:| Epoch: 087/150 | Train Time: 6.058s | Train Loss: 0.008613 |
INFO:root:| Epoch: 088/150 | Train Time: 6.055s | Train Loss: 0.008564 |
INFO:root:| Epoch: 089/150 | Train Time: 6.057s | Train Loss: 0.008519 |
INFO:root:| Epoch: 090/150 | Train Time: 6.061s | Train Loss: 0.008397 |
INFO:root:| Epoch: 091/150 | Train Time: 6.065s | Train Loss: 0.008780 |
INFO:root:| Epoch: 092/150 | Train Time: 6.064s | Train Loss: 0.008518 |
INFO:root:| Epoch: 093/150 | Train Time: 6.060s | Train Loss: 0.007904 |
INFO:root:| Epoch: 094/150 | Train Time: 6.082s | Train Loss: 0.008364 |
INFO:root:| Epoch: 095/150 | Train Time: 6.202s | Train Loss: 0.008216 |
INFO:root:| Epoch: 096/150 | Train Time: 6.088s | Train Loss: 0.008813 |
INFO:root:| Epoch: 097/150 | Train Time: 6.075s | Train Loss: 0.008193 |
INFO:root:| Epoch: 098/150 | Train Time: 6.067s | Train Loss: 0.008328 |
INFO:root:| Epoch: 099/150 | Train Time: 6.071s | Train Loss: 0.008312 |
INFO:root:| Epoch: 100/150 | Train Time: 6.081s | Train Loss: 0.008414 |
INFO:root:| Epoch: 101/150 | Train Time: 6.061s | Train Loss: 0.007923 |
INFO:root:| Epoch: 102/150 | Train Time: 6.055s | Train Loss: 0.008285 |
INFO:root:| Epoch: 103/150 | Train Time: 6.064s | Train Loss: 0.008601 |
INFO:root:| Epoch: 104/150 | Train Time: 6.089s | Train Loss: 0.008552 |
INFO:root:| Epoch: 105/150 | Train Time: 6.145s | Train Loss: 0.008240 |
INFO:root:| Epoch: 106/150 | Train Time: 6.135s | Train Loss: 0.008198 |
INFO:root:| Epoch: 107/150 | Train Time: 6.059s | Train Loss: 0.008459 |
INFO:root:| Epoch: 108/150 | Train Time: 6.062s | Train Loss: 0.008300 |
INFO:root:| Epoch: 109/150 | Train Time: 6.057s | Train Loss: 0.008448 |
INFO:root:| Epoch: 110/150 | Train Time: 6.066s | Train Loss: 0.008495 |
INFO:root:| Epoch: 111/150 | Train Time: 6.061s | Train Loss: 0.008375 |
INFO:root:| Epoch: 112/150 | Train Time: 6.058s | Train Loss: 0.008208 |
INFO:root:| Epoch: 113/150 | Train Time: 6.062s | Train Loss: 0.008406 |
INFO:root:| Epoch: 114/150 | Train Time: 6.069s | Train Loss: 0.008168 |
INFO:root:| Epoch: 115/150 | Train Time: 6.097s | Train Loss: 0.007811 |
INFO:root:| Epoch: 116/150 | Train Time: 6.099s | Train Loss: 0.008048 |
INFO:root:| Epoch: 117/150 | Train Time: 6.197s | Train Loss: 0.008244 |
INFO:root:| Epoch: 118/150 | Train Time: 6.075s | Train Loss: 0.008171 |
INFO:root:| Epoch: 119/150 | Train Time: 6.070s | Train Loss: 0.008272 |
INFO:root:| Epoch: 120/150 | Train Time: 6.078s | Train Loss: 0.008087 |
INFO:root:| Epoch: 121/150 | Train Time: 6.067s | Train Loss: 0.008147 |
INFO:root:| Epoch: 122/150 | Train Time: 6.077s | Train Loss: 0.008285 |
INFO:root:| Epoch: 123/150 | Train Time: 6.079s | Train Loss: 0.008183 |
INFO:root:| Epoch: 124/150 | Train Time: 6.096s | Train Loss: 0.008097 |
INFO:root:| Epoch: 125/150 | Train Time: 6.074s | Train Loss: 0.008298 |
INFO:root:| Epoch: 126/150 | Train Time: 6.083s | Train Loss: 0.008475 |
INFO:root:| Epoch: 127/150 | Train Time: 6.067s | Train Loss: 0.007601 |
INFO:root:| Epoch: 128/150 | Train Time: 6.183s | Train Loss: 0.008268 |
INFO:root:| Epoch: 129/150 | Train Time: 6.091s | Train Loss: 0.008040 |
INFO:root:| Epoch: 130/150 | Train Time: 6.074s | Train Loss: 0.008367 |
INFO:root:| Epoch: 131/150 | Train Time: 6.081s | Train Loss: 0.008254 |
INFO:root:| Epoch: 132/150 | Train Time: 6.077s | Train Loss: 0.008456 |
INFO:root:| Epoch: 133/150 | Train Time: 6.073s | Train Loss: 0.008052 |
INFO:root:| Epoch: 134/150 | Train Time: 6.072s | Train Loss: 0.008012 |
INFO:root:| Epoch: 135/150 | Train Time: 6.077s | Train Loss: 0.008617 |
INFO:root:| Epoch: 136/150 | Train Time: 6.079s | Train Loss: 0.008050 |
INFO:root:| Epoch: 137/150 | Train Time: 6.103s | Train Loss: 0.008208 |
INFO:root:| Epoch: 138/150 | Train Time: 6.103s | Train Loss: 0.008175 |
INFO:root:| Epoch: 139/150 | Train Time: 6.158s | Train Loss: 0.007873 |
INFO:root:| Epoch: 140/150 | Train Time: 6.146s | Train Loss: 0.008055 |
INFO:root:| Epoch: 141/150 | Train Time: 6.078s | Train Loss: 0.007725 |
INFO:root:| Epoch: 142/150 | Train Time: 6.074s | Train Loss: 0.007999 |
INFO:root:| Epoch: 143/150 | Train Time: 6.071s | Train Loss: 0.008222 |
INFO:root:| Epoch: 144/150 | Train Time: 6.071s | Train Loss: 0.008199 |
INFO:root:| Epoch: 145/150 | Train Time: 6.069s | Train Loss: 0.007934 |
INFO:root:| Epoch: 146/150 | Train Time: 6.064s | Train Loss: 0.007578 |
INFO:root:| Epoch: 147/150 | Train Time: 6.066s | Train Loss: 0.008657 |
INFO:root:| Epoch: 148/150 | Train Time: 6.065s | Train Loss: 0.007825 |
INFO:root:| Epoch: 149/150 | Train Time: 6.091s | Train Loss: 0.008375 |
INFO:root:| Epoch: 150/150 | Train Time: 6.105s | Train Loss: 0.007675 |
INFO:root:Training Time: 911.825s
INFO:root:Finished training.
INFO:root:Starting testing...
INFO:root:Testing TPR95: 0.3553
INFO:root:Testing TPR99: 0.2429
INFO:root:Test Loss: 5.676093
INFO:root:Test AUC: 69.22%
INFO:root:Test Time: 1.716s
INFO:root:Finished testing.
InD Train set shape: torch.Size([60000, 28, 28]), InD Test set shape: torch.Size([10000, 28, 28])
OoD Test set shape: torch.Size([10000, 28, 28])
Using number-pre-sampled sampler
Train set shape: torch.Size([60000, 28, 28])
Train set size: 60128
Train targets size: 60128
Train semi-targets size: 60128
Counter({1: 6742, 7: 6265, 3: 6131, 9: 6013, 2: 5958, 0: 5923, 6: 5918, 8: 5915, 4: 5842, 5: 5421})
Test set size: 20000
Test targets: Counter({0.0: 10000, 1.0: 10000})
InD Test Size: 10000, OoD Test Size: 10000, TPR95: 0.3553
InD Test Size: 10000, OoD Test Size: 10000, TPR99: 0.2429
