mkdir: cannot create directory ‘log/DeepSAD’: File exists
mkdir: cannot create directory ‘log/DeepSAD/fmnist-R2-Imbalanced-128’: File exists
INFO:root:Log file is ../log/DeepSAD/fmnist-R2-Imbalanced-128/log.txt
INFO:root:Data path is ../data
INFO:root:Export path is ../log/DeepSAD/fmnist-R2-Imbalanced-128
INFO:root:Dataset: fmnist-R2
INFO:root:Normal class: [0, 1, 2, 3, 4, 5, 6, 7]
INFO:root:Ratio of labeled normal train samples: 0.00
INFO:root:Ratio of labeled anomalous samples: 0.01
INFO:root:Pollution ratio of unlabeled train data: 0.10
INFO:root:Known anomaly class: 1
INFO:root:Network: mnist_LeNet
INFO:root:Eta-parameter: 1.00
INFO:root:Set seed to 999.
INFO:root:Computation device: cuda
INFO:root:Number of threads: 0
INFO:root:Number of dataloader workers: 0
INFO:root:Pretraining: True
INFO:root:Pretraining optimizer: adam
INFO:root:Pretraining learning rate: 0.001
INFO:root:Pretraining epochs: 100
INFO:root:Pretraining learning rate scheduler milestones: (0,)
INFO:root:Pretraining batch size: 128
INFO:root:Pretraining weight decay: 1e-06
INFO:root:Starting pretraining...
/home/xysong/.conda/envs/OoD/lib/python3.9/site-packages/torch/optim/lr_scheduler.py:131: UserWarning: Detected call of `lr_scheduler.step()` before `optimizer.step()`. In PyTorch 1.1.0 and later, you should call them in the opposite order: `optimizer.step()` before `lr_scheduler.step()`.  Failure to do this will result in PyTorch skipping the first value of the learning rate schedule. See more details at https://pytorch.org/docs/stable/optim.html#how-to-adjust-learning-rate
  warnings.warn("Detected call of `lr_scheduler.step()` before `optimizer.step()`. "
/home/xysong/.conda/envs/OoD/lib/python3.9/site-packages/torch/optim/lr_scheduler.py:418: UserWarning: To get the last learning rate computed by the scheduler, please use `get_last_lr()`.
  warnings.warn("To get the last learning rate computed by the scheduler, "
INFO:root:  LR scheduler: new learning rate is 0.0001
INFO:root:| Epoch: 001/100 | Train Time: 5.559s | Train Loss: 0.066090 |
INFO:root:| Epoch: 002/100 | Train Time: 5.182s | Train Loss: 0.022950 |
INFO:root:| Epoch: 003/100 | Train Time: 5.291s | Train Loss: 0.018476 |
INFO:root:| Epoch: 004/100 | Train Time: 5.207s | Train Loss: 0.015199 |
INFO:root:| Epoch: 005/100 | Train Time: 5.192s | Train Loss: 0.013304 |
INFO:root:| Epoch: 006/100 | Train Time: 5.193s | Train Loss: 0.012186 |
INFO:root:| Epoch: 007/100 | Train Time: 5.309s | Train Loss: 0.011462 |
INFO:root:| Epoch: 008/100 | Train Time: 5.182s | Train Loss: 0.010944 |
INFO:root:| Epoch: 009/100 | Train Time: 5.182s | Train Loss: 0.010541 |
INFO:root:| Epoch: 010/100 | Train Time: 5.189s | Train Loss: 0.010206 |
INFO:root:| Epoch: 011/100 | Train Time: 5.246s | Train Loss: 0.009909 |
INFO:root:| Epoch: 012/100 | Train Time: 5.250s | Train Loss: 0.009660 |
INFO:root:| Epoch: 013/100 | Train Time: 5.182s | Train Loss: 0.009435 |
INFO:root:| Epoch: 014/100 | Train Time: 5.188s | Train Loss: 0.009251 |
INFO:root:| Epoch: 015/100 | Train Time: 5.187s | Train Loss: 0.009094 |
INFO:root:| Epoch: 016/100 | Train Time: 5.196s | Train Loss: 0.008930 |
INFO:root:| Epoch: 017/100 | Train Time: 5.254s | Train Loss: 0.008786 |
INFO:root:| Epoch: 018/100 | Train Time: 5.261s | Train Loss: 0.008661 |
INFO:root:| Epoch: 019/100 | Train Time: 5.199s | Train Loss: 0.008555 |
INFO:root:| Epoch: 020/100 | Train Time: 5.201s | Train Loss: 0.008426 |
INFO:root:| Epoch: 021/100 | Train Time: 5.205s | Train Loss: 0.008330 |
INFO:root:| Epoch: 022/100 | Train Time: 5.198s | Train Loss: 0.008260 |
INFO:root:| Epoch: 023/100 | Train Time: 5.197s | Train Loss: 0.008169 |
INFO:root:| Epoch: 024/100 | Train Time: 5.201s | Train Loss: 0.008115 |
INFO:root:| Epoch: 025/100 | Train Time: 5.296s | Train Loss: 0.008054 |
INFO:root:| Epoch: 026/100 | Train Time: 5.227s | Train Loss: 0.007989 |
INFO:root:| Epoch: 027/100 | Train Time: 5.202s | Train Loss: 0.007948 |
INFO:root:| Epoch: 028/100 | Train Time: 5.201s | Train Loss: 0.007893 |
INFO:root:| Epoch: 029/100 | Train Time: 5.199s | Train Loss: 0.007852 |
INFO:root:| Epoch: 030/100 | Train Time: 5.196s | Train Loss: 0.007816 |
INFO:root:| Epoch: 031/100 | Train Time: 5.193s | Train Loss: 0.007770 |
INFO:root:| Epoch: 032/100 | Train Time: 5.196s | Train Loss: 0.007734 |
INFO:root:| Epoch: 033/100 | Train Time: 5.202s | Train Loss: 0.007694 |
INFO:root:| Epoch: 034/100 | Train Time: 5.219s | Train Loss: 0.007679 |
INFO:root:| Epoch: 035/100 | Train Time: 5.304s | Train Loss: 0.007633 |
INFO:root:| Epoch: 036/100 | Train Time: 5.234s | Train Loss: 0.007606 |
INFO:root:| Epoch: 037/100 | Train Time: 5.196s | Train Loss: 0.007577 |
INFO:root:| Epoch: 038/100 | Train Time: 5.193s | Train Loss: 0.007549 |
INFO:root:| Epoch: 039/100 | Train Time: 5.200s | Train Loss: 0.007529 |
INFO:root:| Epoch: 040/100 | Train Time: 5.191s | Train Loss: 0.007501 |
INFO:root:| Epoch: 041/100 | Train Time: 5.191s | Train Loss: 0.007477 |
INFO:root:| Epoch: 042/100 | Train Time: 5.191s | Train Loss: 0.007457 |
INFO:root:| Epoch: 043/100 | Train Time: 5.192s | Train Loss: 0.007429 |
INFO:root:| Epoch: 044/100 | Train Time: 5.196s | Train Loss: 0.007410 |
INFO:root:| Epoch: 045/100 | Train Time: 5.205s | Train Loss: 0.007388 |
INFO:root:| Epoch: 046/100 | Train Time: 5.207s | Train Loss: 0.007357 |
INFO:root:| Epoch: 047/100 | Train Time: 5.221s | Train Loss: 0.007332 |
INFO:root:| Epoch: 048/100 | Train Time: 5.318s | Train Loss: 0.007323 |
INFO:root:| Epoch: 049/100 | Train Time: 5.236s | Train Loss: 0.007289 |
INFO:root:| Epoch: 050/100 | Train Time: 5.212s | Train Loss: 0.007271 |
INFO:root:| Epoch: 051/100 | Train Time: 5.214s | Train Loss: 0.007270 |
INFO:root:| Epoch: 052/100 | Train Time: 5.207s | Train Loss: 0.007247 |
INFO:root:| Epoch: 053/100 | Train Time: 5.210s | Train Loss: 0.007217 |
INFO:root:| Epoch: 054/100 | Train Time: 5.209s | Train Loss: 0.007207 |
INFO:root:| Epoch: 055/100 | Train Time: 5.213s | Train Loss: 0.007193 |
INFO:root:| Epoch: 056/100 | Train Time: 5.209s | Train Loss: 0.007164 |
INFO:root:| Epoch: 057/100 | Train Time: 5.208s | Train Loss: 0.007148 |
INFO:root:| Epoch: 058/100 | Train Time: 5.201s | Train Loss: 0.007123 |
INFO:root:| Epoch: 059/100 | Train Time: 5.202s | Train Loss: 0.007100 |
INFO:root:| Epoch: 060/100 | Train Time: 5.210s | Train Loss: 0.007085 |
INFO:root:| Epoch: 061/100 | Train Time: 5.284s | Train Loss: 0.007076 |
INFO:root:| Epoch: 062/100 | Train Time: 5.255s | Train Loss: 0.007058 |
INFO:root:| Epoch: 063/100 | Train Time: 5.211s | Train Loss: 0.007036 |
INFO:root:| Epoch: 064/100 | Train Time: 5.202s | Train Loss: 0.007032 |
INFO:root:| Epoch: 065/100 | Train Time: 5.207s | Train Loss: 0.007011 |
INFO:root:| Epoch: 066/100 | Train Time: 5.209s | Train Loss: 0.007000 |
INFO:root:| Epoch: 067/100 | Train Time: 5.217s | Train Loss: 0.006975 |
INFO:root:| Epoch: 068/100 | Train Time: 5.210s | Train Loss: 0.006971 |
INFO:root:| Epoch: 069/100 | Train Time: 5.205s | Train Loss: 0.006958 |
INFO:root:| Epoch: 070/100 | Train Time: 5.221s | Train Loss: 0.006940 |
INFO:root:| Epoch: 071/100 | Train Time: 5.222s | Train Loss: 0.006931 |
INFO:root:| Epoch: 072/100 | Train Time: 5.215s | Train Loss: 0.006908 |
INFO:root:| Epoch: 073/100 | Train Time: 5.222s | Train Loss: 0.006887 |
INFO:root:| Epoch: 074/100 | Train Time: 5.264s | Train Loss: 0.006873 |
INFO:root:| Epoch: 075/100 | Train Time: 5.297s | Train Loss: 0.006851 |
INFO:root:| Epoch: 076/100 | Train Time: 5.223s | Train Loss: 0.006827 |
INFO:root:| Epoch: 077/100 | Train Time: 5.215s | Train Loss: 0.006815 |
INFO:root:| Epoch: 078/100 | Train Time: 5.218s | Train Loss: 0.006818 |
INFO:root:| Epoch: 079/100 | Train Time: 5.221s | Train Loss: 0.006790 |
INFO:root:| Epoch: 080/100 | Train Time: 5.212s | Train Loss: 0.006773 |
INFO:root:| Epoch: 081/100 | Train Time: 5.211s | Train Loss: 0.006760 |
INFO:root:| Epoch: 082/100 | Train Time: 5.210s | Train Loss: 0.006761 |
INFO:root:| Epoch: 083/100 | Train Time: 5.214s | Train Loss: 0.006750 |
INFO:root:| Epoch: 084/100 | Train Time: 5.212s | Train Loss: 0.006735 |
INFO:root:| Epoch: 085/100 | Train Time: 5.215s | Train Loss: 0.006718 |
INFO:root:| Epoch: 086/100 | Train Time: 5.219s | Train Loss: 0.006715 |
INFO:root:| Epoch: 087/100 | Train Time: 5.228s | Train Loss: 0.006699 |
INFO:root:| Epoch: 088/100 | Train Time: 5.320s | Train Loss: 0.006691 |
INFO:root:| Epoch: 089/100 | Train Time: 5.225s | Train Loss: 0.006688 |
INFO:root:| Epoch: 090/100 | Train Time: 5.230s | Train Loss: 0.006679 |
INFO:root:| Epoch: 091/100 | Train Time: 5.224s | Train Loss: 0.006665 |
INFO:root:| Epoch: 092/100 | Train Time: 5.224s | Train Loss: 0.006650 |
INFO:root:| Epoch: 093/100 | Train Time: 5.222s | Train Loss: 0.006655 |
INFO:root:| Epoch: 094/100 | Train Time: 5.212s | Train Loss: 0.006639 |
INFO:root:| Epoch: 095/100 | Train Time: 5.212s | Train Loss: 0.006636 |
INFO:root:| Epoch: 096/100 | Train Time: 5.213s | Train Loss: 0.006629 |
INFO:root:| Epoch: 097/100 | Train Time: 5.217s | Train Loss: 0.006617 |
INFO:root:| Epoch: 098/100 | Train Time: 5.207s | Train Loss: 0.006605 |
INFO:root:| Epoch: 099/100 | Train Time: 5.209s | Train Loss: 0.006594 |
INFO:root:| Epoch: 100/100 | Train Time: 5.225s | Train Loss: 0.006596 |
INFO:root:Pretraining Time: 522.156s
INFO:root:Finished pretraining.
INFO:root:Testing autoencoder...
INFO:root:Test Loss: 0.190672
INFO:root:Test AUC: 63.24%
INFO:root:Test Time: 0.860s
INFO:root:Finished testing autoencoder.
INFO:root:Training optimizer: adam
INFO:root:Training learning rate: 0.0001
INFO:root:Training epochs: 150
INFO:root:Training learning rate scheduler milestones: (50,)
INFO:root:Training batch size: 128
INFO:root:Training weight decay: 5e-07
INFO:root:Initializing center c...
INFO:root:Center c initialized.
INFO:root:Starting training...
/home/xysong/.conda/envs/OoD/lib/python3.9/site-packages/torch/optim/lr_scheduler.py:131: UserWarning: Detected call of `lr_scheduler.step()` before `optimizer.step()`. In PyTorch 1.1.0 and later, you should call them in the opposite order: `optimizer.step()` before `lr_scheduler.step()`.  Failure to do this will result in PyTorch skipping the first value of the learning rate schedule. See more details at https://pytorch.org/docs/stable/optim.html#how-to-adjust-learning-rate
  warnings.warn("Detected call of `lr_scheduler.step()` before `optimizer.step()`. "
INFO:root:| Epoch: 001/150 | Train Time: 4.466s | Train Loss: 1.178715 |
INFO:root:| Epoch: 002/150 | Train Time: 4.458s | Train Loss: 0.236499 |
INFO:root:| Epoch: 003/150 | Train Time: 4.462s | Train Loss: 0.175047 |
INFO:root:| Epoch: 004/150 | Train Time: 4.468s | Train Loss: 0.123339 |
INFO:root:| Epoch: 005/150 | Train Time: 4.456s | Train Loss: 0.106826 |
INFO:root:| Epoch: 006/150 | Train Time: 4.452s | Train Loss: 0.094783 |
INFO:root:| Epoch: 007/150 | Train Time: 4.456s | Train Loss: 0.110888 |
INFO:root:| Epoch: 008/150 | Train Time: 4.453s | Train Loss: 0.077167 |
INFO:root:| Epoch: 009/150 | Train Time: 4.444s | Train Loss: 0.057633 |
INFO:root:| Epoch: 010/150 | Train Time: 4.448s | Train Loss: 0.055845 |
INFO:root:| Epoch: 011/150 | Train Time: 4.447s | Train Loss: 0.077568 |
INFO:root:| Epoch: 012/150 | Train Time: 4.457s | Train Loss: 0.070630 |
INFO:root:| Epoch: 013/150 | Train Time: 4.451s | Train Loss: 0.043436 |
INFO:root:| Epoch: 014/150 | Train Time: 4.470s | Train Loss: 0.043348 |
INFO:root:| Epoch: 015/150 | Train Time: 4.550s | Train Loss: 0.034546 |
INFO:root:| Epoch: 016/150 | Train Time: 4.508s | Train Loss: 0.055050 |
INFO:root:| Epoch: 017/150 | Train Time: 4.464s | Train Loss: 0.029402 |
INFO:root:| Epoch: 018/150 | Train Time: 4.466s | Train Loss: 0.043606 |
INFO:root:| Epoch: 019/150 | Train Time: 4.468s | Train Loss: 0.027138 |
INFO:root:| Epoch: 020/150 | Train Time: 4.458s | Train Loss: 0.029137 |
INFO:root:| Epoch: 021/150 | Train Time: 4.454s | Train Loss: 0.024413 |
INFO:root:| Epoch: 022/150 | Train Time: 4.455s | Train Loss: 0.026144 |
INFO:root:| Epoch: 023/150 | Train Time: 4.451s | Train Loss: 0.024853 |
INFO:root:| Epoch: 024/150 | Train Time: 4.457s | Train Loss: 0.026213 |
INFO:root:| Epoch: 025/150 | Train Time: 4.450s | Train Loss: 0.054005 |
INFO:root:| Epoch: 026/150 | Train Time: 4.452s | Train Loss: 0.019637 |
INFO:root:| Epoch: 027/150 | Train Time: 4.451s | Train Loss: 0.021847 |
INFO:root:| Epoch: 028/150 | Train Time: 4.455s | Train Loss: 0.019224 |
INFO:root:| Epoch: 029/150 | Train Time: 4.466s | Train Loss: 0.018964 |
INFO:root:| Epoch: 030/150 | Train Time: 4.492s | Train Loss: 0.024278 |
INFO:root:| Epoch: 031/150 | Train Time: 4.556s | Train Loss: 0.016389 |
INFO:root:| Epoch: 032/150 | Train Time: 4.460s | Train Loss: 0.030344 |
INFO:root:| Epoch: 033/150 | Train Time: 4.468s | Train Loss: 0.015012 |
INFO:root:| Epoch: 034/150 | Train Time: 4.460s | Train Loss: 0.044355 |
INFO:root:| Epoch: 035/150 | Train Time: 4.456s | Train Loss: 0.016910 |
INFO:root:| Epoch: 036/150 | Train Time: 4.459s | Train Loss: 0.018271 |
INFO:root:| Epoch: 037/150 | Train Time: 4.451s | Train Loss: 0.017140 |
INFO:root:| Epoch: 038/150 | Train Time: 4.452s | Train Loss: 0.017509 |
INFO:root:| Epoch: 039/150 | Train Time: 4.448s | Train Loss: 0.035424 |
INFO:root:| Epoch: 040/150 | Train Time: 4.452s | Train Loss: 0.016149 |
INFO:root:| Epoch: 041/150 | Train Time: 4.449s | Train Loss: 0.017846 |
INFO:root:| Epoch: 042/150 | Train Time: 4.451s | Train Loss: 0.018056 |
INFO:root:| Epoch: 043/150 | Train Time: 4.460s | Train Loss: 0.017209 |
INFO:root:| Epoch: 044/150 | Train Time: 4.465s | Train Loss: 0.015319 |
INFO:root:| Epoch: 045/150 | Train Time: 4.570s | Train Loss: 0.027738 |
INFO:root:| Epoch: 046/150 | Train Time: 4.460s | Train Loss: 0.017093 |
INFO:root:| Epoch: 047/150 | Train Time: 4.456s | Train Loss: 0.017941 |
INFO:root:| Epoch: 048/150 | Train Time: 4.449s | Train Loss: 0.017415 |
INFO:root:| Epoch: 049/150 | Train Time: 4.457s | Train Loss: 0.016163 |
INFO:root:| Epoch: 050/150 | Train Time: 4.460s | Train Loss: 0.013956 |
/home/xysong/.conda/envs/OoD/lib/python3.9/site-packages/torch/optim/lr_scheduler.py:418: UserWarning: To get the last learning rate computed by the scheduler, please use `get_last_lr()`.
  warnings.warn("To get the last learning rate computed by the scheduler, "
INFO:root:  LR scheduler: new learning rate is 1e-05
INFO:root:| Epoch: 051/150 | Train Time: 4.453s | Train Loss: 0.013124 |
INFO:root:| Epoch: 052/150 | Train Time: 4.457s | Train Loss: 0.013364 |
INFO:root:| Epoch: 053/150 | Train Time: 4.459s | Train Loss: 0.013398 |
INFO:root:| Epoch: 054/150 | Train Time: 4.465s | Train Loss: 0.013643 |
INFO:root:| Epoch: 055/150 | Train Time: 4.464s | Train Loss: 0.013463 |
INFO:root:| Epoch: 056/150 | Train Time: 4.465s | Train Loss: 0.013375 |
INFO:root:| Epoch: 057/150 | Train Time: 4.482s | Train Loss: 0.013770 |
INFO:root:| Epoch: 058/150 | Train Time: 4.470s | Train Loss: 0.013630 |
INFO:root:| Epoch: 059/150 | Train Time: 4.581s | Train Loss: 0.013519 |
INFO:root:| Epoch: 060/150 | Train Time: 4.475s | Train Loss: 0.013267 |
INFO:root:| Epoch: 061/150 | Train Time: 4.453s | Train Loss: 0.013097 |
INFO:root:| Epoch: 062/150 | Train Time: 4.459s | Train Loss: 0.013662 |
INFO:root:| Epoch: 063/150 | Train Time: 4.461s | Train Loss: 0.013473 |
INFO:root:| Epoch: 064/150 | Train Time: 4.463s | Train Loss: 0.013536 |
INFO:root:| Epoch: 065/150 | Train Time: 4.457s | Train Loss: 0.013390 |
INFO:root:| Epoch: 066/150 | Train Time: 4.458s | Train Loss: 0.013406 |
INFO:root:| Epoch: 067/150 | Train Time: 4.457s | Train Loss: 0.013608 |
INFO:root:| Epoch: 068/150 | Train Time: 4.469s | Train Loss: 0.013300 |
INFO:root:| Epoch: 069/150 | Train Time: 4.474s | Train Loss: 0.013077 |
INFO:root:| Epoch: 070/150 | Train Time: 4.464s | Train Loss: 0.013029 |
INFO:root:| Epoch: 071/150 | Train Time: 4.467s | Train Loss: 0.013107 |
INFO:root:| Epoch: 072/150 | Train Time: 4.466s | Train Loss: 0.013382 |
INFO:root:| Epoch: 073/150 | Train Time: 4.479s | Train Loss: 0.013330 |
INFO:root:| Epoch: 074/150 | Train Time: 4.547s | Train Loss: 0.013176 |
INFO:root:| Epoch: 075/150 | Train Time: 4.529s | Train Loss: 0.013411 |
INFO:root:| Epoch: 076/150 | Train Time: 4.468s | Train Loss: 0.013048 |
INFO:root:| Epoch: 077/150 | Train Time: 4.467s | Train Loss: 0.013320 |
INFO:root:| Epoch: 078/150 | Train Time: 4.468s | Train Loss: 0.013105 |
INFO:root:| Epoch: 079/150 | Train Time: 4.460s | Train Loss: 0.013479 |
INFO:root:| Epoch: 080/150 | Train Time: 4.462s | Train Loss: 0.013462 |
INFO:root:| Epoch: 081/150 | Train Time: 4.461s | Train Loss: 0.013117 |
INFO:root:| Epoch: 082/150 | Train Time: 4.465s | Train Loss: 0.013371 |
INFO:root:| Epoch: 083/150 | Train Time: 4.456s | Train Loss: 0.012913 |
INFO:root:| Epoch: 084/150 | Train Time: 4.456s | Train Loss: 0.013257 |
INFO:root:| Epoch: 085/150 | Train Time: 4.460s | Train Loss: 0.012878 |
INFO:root:| Epoch: 086/150 | Train Time: 4.459s | Train Loss: 0.012758 |
INFO:root:| Epoch: 087/150 | Train Time: 4.475s | Train Loss: 0.012900 |
INFO:root:| Epoch: 088/150 | Train Time: 4.517s | Train Loss: 0.012620 |
INFO:root:| Epoch: 089/150 | Train Time: 4.535s | Train Loss: 0.012683 |
INFO:root:| Epoch: 090/150 | Train Time: 4.459s | Train Loss: 0.013447 |
INFO:root:| Epoch: 091/150 | Train Time: 4.460s | Train Loss: 0.012707 |
INFO:root:| Epoch: 092/150 | Train Time: 4.458s | Train Loss: 0.012736 |
INFO:root:| Epoch: 093/150 | Train Time: 4.453s | Train Loss: 0.012852 |
INFO:root:| Epoch: 094/150 | Train Time: 4.459s | Train Loss: 0.012610 |
INFO:root:| Epoch: 095/150 | Train Time: 4.464s | Train Loss: 0.012991 |
INFO:root:| Epoch: 096/150 | Train Time: 4.463s | Train Loss: 0.013108 |
INFO:root:| Epoch: 097/150 | Train Time: 4.458s | Train Loss: 0.013306 |
INFO:root:| Epoch: 098/150 | Train Time: 4.462s | Train Loss: 0.013028 |
INFO:root:| Epoch: 099/150 | Train Time: 4.458s | Train Loss: 0.013063 |
INFO:root:| Epoch: 100/150 | Train Time: 4.461s | Train Loss: 0.012877 |
INFO:root:| Epoch: 101/150 | Train Time: 4.481s | Train Loss: 0.013290 |
INFO:root:| Epoch: 102/150 | Train Time: 4.499s | Train Loss: 0.013233 |
INFO:root:| Epoch: 103/150 | Train Time: 4.563s | Train Loss: 0.012383 |
INFO:root:| Epoch: 104/150 | Train Time: 4.460s | Train Loss: 0.012796 |
INFO:root:| Epoch: 105/150 | Train Time: 4.464s | Train Loss: 0.012587 |
INFO:root:| Epoch: 106/150 | Train Time: 4.461s | Train Loss: 0.012970 |
INFO:root:| Epoch: 107/150 | Train Time: 4.459s | Train Loss: 0.012814 |
INFO:root:| Epoch: 108/150 | Train Time: 4.461s | Train Loss: 0.012571 |
INFO:root:| Epoch: 109/150 | Train Time: 4.462s | Train Loss: 0.012701 |
INFO:root:| Epoch: 110/150 | Train Time: 4.464s | Train Loss: 0.012475 |
INFO:root:| Epoch: 111/150 | Train Time: 4.460s | Train Loss: 0.012705 |
INFO:root:| Epoch: 112/150 | Train Time: 4.459s | Train Loss: 0.012808 |
INFO:root:| Epoch: 113/150 | Train Time: 4.458s | Train Loss: 0.012599 |
INFO:root:| Epoch: 114/150 | Train Time: 4.456s | Train Loss: 0.012944 |
INFO:root:| Epoch: 115/150 | Train Time: 4.478s | Train Loss: 0.012691 |
INFO:root:| Epoch: 116/150 | Train Time: 4.463s | Train Loss: 0.012581 |
INFO:root:| Epoch: 117/150 | Train Time: 4.593s | Train Loss: 0.013237 |
INFO:root:| Epoch: 118/150 | Train Time: 4.475s | Train Loss: 0.012184 |
INFO:root:| Epoch: 119/150 | Train Time: 4.472s | Train Loss: 0.012587 |
INFO:root:| Epoch: 120/150 | Train Time: 4.460s | Train Loss: 0.012731 |
INFO:root:| Epoch: 121/150 | Train Time: 4.465s | Train Loss: 0.012412 |
INFO:root:| Epoch: 122/150 | Train Time: 4.471s | Train Loss: 0.012207 |
INFO:root:| Epoch: 123/150 | Train Time: 4.465s | Train Loss: 0.012919 |
INFO:root:| Epoch: 124/150 | Train Time: 4.464s | Train Loss: 0.012510 |
INFO:root:| Epoch: 125/150 | Train Time: 4.464s | Train Loss: 0.012368 |
INFO:root:| Epoch: 126/150 | Train Time: 4.457s | Train Loss: 0.012423 |
INFO:root:| Epoch: 127/150 | Train Time: 4.469s | Train Loss: 0.012314 |
INFO:root:| Epoch: 128/150 | Train Time: 4.470s | Train Loss: 0.013439 |
INFO:root:| Epoch: 129/150 | Train Time: 4.484s | Train Loss: 0.012566 |
INFO:root:| Epoch: 130/150 | Train Time: 4.491s | Train Loss: 0.012180 |
INFO:root:| Epoch: 131/150 | Train Time: 4.586s | Train Loss: 0.012518 |
INFO:root:| Epoch: 132/150 | Train Time: 4.488s | Train Loss: 0.012226 |
INFO:root:| Epoch: 133/150 | Train Time: 4.468s | Train Loss: 0.012522 |
INFO:root:| Epoch: 134/150 | Train Time: 4.469s | Train Loss: 0.012269 |
INFO:root:| Epoch: 135/150 | Train Time: 4.472s | Train Loss: 0.012477 |
INFO:root:| Epoch: 136/150 | Train Time: 4.477s | Train Loss: 0.012491 |
INFO:root:| Epoch: 137/150 | Train Time: 4.470s | Train Loss: 0.012602 |
INFO:root:| Epoch: 138/150 | Train Time: 4.473s | Train Loss: 0.012445 |
INFO:root:| Epoch: 139/150 | Train Time: 4.466s | Train Loss: 0.012441 |
INFO:root:| Epoch: 140/150 | Train Time: 4.464s | Train Loss: 0.012335 |
INFO:root:| Epoch: 141/150 | Train Time: 4.470s | Train Loss: 0.012928 |
INFO:root:| Epoch: 142/150 | Train Time: 4.465s | Train Loss: 0.012099 |
INFO:root:| Epoch: 143/150 | Train Time: 4.465s | Train Loss: 0.012455 |
INFO:root:| Epoch: 144/150 | Train Time: 4.486s | Train Loss: 0.012390 |
INFO:root:| Epoch: 145/150 | Train Time: 4.578s | Train Loss: 0.012307 |
INFO:root:| Epoch: 146/150 | Train Time: 4.494s | Train Loss: 0.012243 |
INFO:root:| Epoch: 147/150 | Train Time: 4.464s | Train Loss: 0.012115 |
INFO:root:| Epoch: 148/150 | Train Time: 4.467s | Train Loss: 0.011868 |
INFO:root:| Epoch: 149/150 | Train Time: 4.475s | Train Loss: 0.011993 |
INFO:root:| Epoch: 150/150 | Train Time: 4.467s | Train Loss: 0.012632 |
INFO:root:Training Time: 670.711s
INFO:root:Finished training.
INFO:root:Starting testing...
INFO:root:Testing TPR95: 0.1380
INFO:root:Testing TPR99: 0.0385
INFO:root:Test Loss: 3.045548
INFO:root:Test AUC: 73.49%
INFO:root:Test Time: 0.825s
INFO:root:Finished testing.
Outlier classes: [8, 9]
Original training data size:  60000 torch.Size([60000, 28, 28])
Using number-pre-sampled sampler
Train set shape: torch.Size([48000, 28, 28])
Train set size: 48128
Train targets size: 48128
Train semi-targets size: 48128
Counter({0: 6000, 3: 6000, 2: 6000, 7: 6000, 5: 6000, 1: 6000, 6: 6000, 4: 6000, 8: 128})
InD Test Size: 8000, OoD Test Size: 2000, TPR95: 0.1380
InD Test Size: 8000, OoD Test Size: 2000, TPR99: 0.0385
