mkdir: cannot create directory ‘log/DeepSAD’: File exists
mkdir: cannot create directory ‘log/DeepSAD/fmnist-R2-Imbalanced-64’: File exists
INFO:root:Log file is ../log/DeepSAD/fmnist-R2-Imbalanced-64/log.txt
INFO:root:Data path is ../data
INFO:root:Export path is ../log/DeepSAD/fmnist-R2-Imbalanced-64
INFO:root:Dataset: fmnist-R2
INFO:root:Normal class: [0, 1, 2, 3, 4, 5, 6, 7]
INFO:root:Ratio of labeled normal train samples: 0.00
INFO:root:Ratio of labeled anomalous samples: 0.01
INFO:root:Pollution ratio of unlabeled train data: 0.10
INFO:root:Known anomaly class: 1
INFO:root:Network: mnist_LeNet
INFO:root:Eta-parameter: 1.00
INFO:root:Set seed to 999.
INFO:root:Computation device: cuda
INFO:root:Number of threads: 0
INFO:root:Number of dataloader workers: 0
INFO:root:Pretraining: True
INFO:root:Pretraining optimizer: adam
INFO:root:Pretraining learning rate: 0.001
INFO:root:Pretraining epochs: 100
INFO:root:Pretraining learning rate scheduler milestones: (0,)
INFO:root:Pretraining batch size: 128
INFO:root:Pretraining weight decay: 1e-06
INFO:root:Starting pretraining...
/home/xysong/.conda/envs/OoD/lib/python3.9/site-packages/torch/optim/lr_scheduler.py:131: UserWarning: Detected call of `lr_scheduler.step()` before `optimizer.step()`. In PyTorch 1.1.0 and later, you should call them in the opposite order: `optimizer.step()` before `lr_scheduler.step()`.  Failure to do this will result in PyTorch skipping the first value of the learning rate schedule. See more details at https://pytorch.org/docs/stable/optim.html#how-to-adjust-learning-rate
  warnings.warn("Detected call of `lr_scheduler.step()` before `optimizer.step()`. "
/home/xysong/.conda/envs/OoD/lib/python3.9/site-packages/torch/optim/lr_scheduler.py:418: UserWarning: To get the last learning rate computed by the scheduler, please use `get_last_lr()`.
  warnings.warn("To get the last learning rate computed by the scheduler, "
INFO:root:  LR scheduler: new learning rate is 0.0001
INFO:root:| Epoch: 001/100 | Train Time: 5.511s | Train Loss: 0.065887 |
INFO:root:| Epoch: 002/100 | Train Time: 5.140s | Train Loss: 0.022874 |
INFO:root:| Epoch: 003/100 | Train Time: 5.256s | Train Loss: 0.018453 |
INFO:root:| Epoch: 004/100 | Train Time: 5.154s | Train Loss: 0.015223 |
INFO:root:| Epoch: 005/100 | Train Time: 5.140s | Train Loss: 0.013376 |
INFO:root:| Epoch: 006/100 | Train Time: 5.187s | Train Loss: 0.012223 |
INFO:root:| Epoch: 007/100 | Train Time: 5.215s | Train Loss: 0.011477 |
INFO:root:| Epoch: 008/100 | Train Time: 5.128s | Train Loss: 0.010908 |
INFO:root:| Epoch: 009/100 | Train Time: 5.130s | Train Loss: 0.010464 |
INFO:root:| Epoch: 010/100 | Train Time: 5.129s | Train Loss: 0.010110 |
INFO:root:| Epoch: 011/100 | Train Time: 5.231s | Train Loss: 0.009803 |
INFO:root:| Epoch: 012/100 | Train Time: 5.168s | Train Loss: 0.009552 |
INFO:root:| Epoch: 013/100 | Train Time: 5.135s | Train Loss: 0.009355 |
INFO:root:| Epoch: 014/100 | Train Time: 5.132s | Train Loss: 0.009169 |
INFO:root:| Epoch: 015/100 | Train Time: 5.132s | Train Loss: 0.008996 |
INFO:root:| Epoch: 016/100 | Train Time: 5.136s | Train Loss: 0.008869 |
INFO:root:| Epoch: 017/100 | Train Time: 5.250s | Train Loss: 0.008711 |
INFO:root:| Epoch: 018/100 | Train Time: 5.189s | Train Loss: 0.008589 |
INFO:root:| Epoch: 019/100 | Train Time: 5.149s | Train Loss: 0.008477 |
INFO:root:| Epoch: 020/100 | Train Time: 5.152s | Train Loss: 0.008376 |
INFO:root:| Epoch: 021/100 | Train Time: 5.148s | Train Loss: 0.008300 |
INFO:root:| Epoch: 022/100 | Train Time: 5.148s | Train Loss: 0.008217 |
INFO:root:| Epoch: 023/100 | Train Time: 5.145s | Train Loss: 0.008148 |
INFO:root:| Epoch: 024/100 | Train Time: 5.145s | Train Loss: 0.008102 |
INFO:root:| Epoch: 025/100 | Train Time: 5.264s | Train Loss: 0.008043 |
INFO:root:| Epoch: 026/100 | Train Time: 5.160s | Train Loss: 0.007991 |
INFO:root:| Epoch: 027/100 | Train Time: 5.145s | Train Loss: 0.007958 |
INFO:root:| Epoch: 028/100 | Train Time: 5.150s | Train Loss: 0.007894 |
INFO:root:| Epoch: 029/100 | Train Time: 5.143s | Train Loss: 0.007852 |
INFO:root:| Epoch: 030/100 | Train Time: 5.145s | Train Loss: 0.007804 |
INFO:root:| Epoch: 031/100 | Train Time: 5.149s | Train Loss: 0.007753 |
INFO:root:| Epoch: 032/100 | Train Time: 5.147s | Train Loss: 0.007711 |
INFO:root:| Epoch: 033/100 | Train Time: 5.159s | Train Loss: 0.007666 |
INFO:root:| Epoch: 034/100 | Train Time: 5.173s | Train Loss: 0.007639 |
INFO:root:| Epoch: 035/100 | Train Time: 5.262s | Train Loss: 0.007596 |
INFO:root:| Epoch: 036/100 | Train Time: 5.197s | Train Loss: 0.007565 |
INFO:root:| Epoch: 037/100 | Train Time: 5.152s | Train Loss: 0.007534 |
INFO:root:| Epoch: 038/100 | Train Time: 5.147s | Train Loss: 0.007500 |
INFO:root:| Epoch: 039/100 | Train Time: 5.151s | Train Loss: 0.007471 |
INFO:root:| Epoch: 040/100 | Train Time: 5.152s | Train Loss: 0.007438 |
INFO:root:| Epoch: 041/100 | Train Time: 5.155s | Train Loss: 0.007430 |
INFO:root:| Epoch: 042/100 | Train Time: 5.149s | Train Loss: 0.007408 |
INFO:root:| Epoch: 043/100 | Train Time: 5.152s | Train Loss: 0.007362 |
INFO:root:| Epoch: 044/100 | Train Time: 5.152s | Train Loss: 0.007333 |
INFO:root:| Epoch: 045/100 | Train Time: 5.152s | Train Loss: 0.007319 |
INFO:root:| Epoch: 046/100 | Train Time: 5.156s | Train Loss: 0.007291 |
INFO:root:| Epoch: 047/100 | Train Time: 5.176s | Train Loss: 0.007280 |
INFO:root:| Epoch: 048/100 | Train Time: 5.275s | Train Loss: 0.007244 |
INFO:root:| Epoch: 049/100 | Train Time: 5.203s | Train Loss: 0.007238 |
INFO:root:| Epoch: 050/100 | Train Time: 5.169s | Train Loss: 0.007208 |
INFO:root:| Epoch: 051/100 | Train Time: 5.154s | Train Loss: 0.007187 |
INFO:root:| Epoch: 052/100 | Train Time: 5.153s | Train Loss: 0.007185 |
INFO:root:| Epoch: 053/100 | Train Time: 5.145s | Train Loss: 0.007152 |
INFO:root:| Epoch: 054/100 | Train Time: 5.149s | Train Loss: 0.007152 |
INFO:root:| Epoch: 055/100 | Train Time: 5.151s | Train Loss: 0.007130 |
INFO:root:| Epoch: 056/100 | Train Time: 5.151s | Train Loss: 0.007107 |
INFO:root:| Epoch: 057/100 | Train Time: 5.154s | Train Loss: 0.007090 |
INFO:root:| Epoch: 058/100 | Train Time: 5.155s | Train Loss: 0.007072 |
INFO:root:| Epoch: 059/100 | Train Time: 5.151s | Train Loss: 0.007059 |
INFO:root:| Epoch: 060/100 | Train Time: 5.164s | Train Loss: 0.007041 |
INFO:root:| Epoch: 061/100 | Train Time: 5.218s | Train Loss: 0.007022 |
INFO:root:| Epoch: 062/100 | Train Time: 5.241s | Train Loss: 0.007018 |
INFO:root:| Epoch: 063/100 | Train Time: 5.167s | Train Loss: 0.007004 |
INFO:root:| Epoch: 064/100 | Train Time: 5.173s | Train Loss: 0.006981 |
INFO:root:| Epoch: 065/100 | Train Time: 5.175s | Train Loss: 0.006964 |
INFO:root:| Epoch: 066/100 | Train Time: 5.174s | Train Loss: 0.006957 |
INFO:root:| Epoch: 067/100 | Train Time: 5.171s | Train Loss: 0.006940 |
INFO:root:| Epoch: 068/100 | Train Time: 5.167s | Train Loss: 0.006930 |
INFO:root:| Epoch: 069/100 | Train Time: 5.171s | Train Loss: 0.006916 |
INFO:root:| Epoch: 070/100 | Train Time: 5.170s | Train Loss: 0.006903 |
INFO:root:| Epoch: 071/100 | Train Time: 5.173s | Train Loss: 0.006890 |
INFO:root:| Epoch: 072/100 | Train Time: 5.171s | Train Loss: 0.006882 |
INFO:root:| Epoch: 073/100 | Train Time: 5.167s | Train Loss: 0.006872 |
INFO:root:| Epoch: 074/100 | Train Time: 5.164s | Train Loss: 0.006861 |
INFO:root:| Epoch: 075/100 | Train Time: 5.293s | Train Loss: 0.006851 |
INFO:root:| Epoch: 076/100 | Train Time: 5.163s | Train Loss: 0.006839 |
INFO:root:| Epoch: 077/100 | Train Time: 5.154s | Train Loss: 0.006835 |
INFO:root:| Epoch: 078/100 | Train Time: 5.158s | Train Loss: 0.006827 |
INFO:root:| Epoch: 079/100 | Train Time: 5.157s | Train Loss: 0.006817 |
INFO:root:| Epoch: 080/100 | Train Time: 5.161s | Train Loss: 0.006802 |
INFO:root:| Epoch: 081/100 | Train Time: 5.159s | Train Loss: 0.006795 |
INFO:root:| Epoch: 082/100 | Train Time: 5.159s | Train Loss: 0.006775 |
INFO:root:| Epoch: 083/100 | Train Time: 5.162s | Train Loss: 0.006772 |
INFO:root:| Epoch: 084/100 | Train Time: 5.161s | Train Loss: 0.006762 |
INFO:root:| Epoch: 085/100 | Train Time: 5.187s | Train Loss: 0.006748 |
INFO:root:| Epoch: 086/100 | Train Time: 5.189s | Train Loss: 0.006751 |
INFO:root:| Epoch: 087/100 | Train Time: 5.189s | Train Loss: 0.006737 |
INFO:root:| Epoch: 088/100 | Train Time: 5.283s | Train Loss: 0.006734 |
INFO:root:| Epoch: 089/100 | Train Time: 5.202s | Train Loss: 0.006717 |
INFO:root:| Epoch: 090/100 | Train Time: 5.163s | Train Loss: 0.006718 |
INFO:root:| Epoch: 091/100 | Train Time: 5.152s | Train Loss: 0.006717 |
INFO:root:| Epoch: 092/100 | Train Time: 5.159s | Train Loss: 0.006691 |
INFO:root:| Epoch: 093/100 | Train Time: 5.157s | Train Loss: 0.006685 |
INFO:root:| Epoch: 094/100 | Train Time: 5.156s | Train Loss: 0.006681 |
INFO:root:| Epoch: 095/100 | Train Time: 5.157s | Train Loss: 0.006676 |
INFO:root:| Epoch: 096/100 | Train Time: 5.164s | Train Loss: 0.006655 |
INFO:root:| Epoch: 097/100 | Train Time: 5.157s | Train Loss: 0.006655 |
INFO:root:| Epoch: 098/100 | Train Time: 5.171s | Train Loss: 0.006641 |
INFO:root:| Epoch: 099/100 | Train Time: 5.173s | Train Loss: 0.006635 |
INFO:root:| Epoch: 100/100 | Train Time: 5.179s | Train Loss: 0.006633 |
INFO:root:Pretraining Time: 517.310s
INFO:root:Finished pretraining.
INFO:root:Testing autoencoder...
INFO:root:Test Loss: 0.202377
INFO:root:Test AUC: 63.79%
INFO:root:Test Time: 0.848s
INFO:root:Finished testing autoencoder.
INFO:root:Training optimizer: adam
INFO:root:Training learning rate: 0.0001
INFO:root:Training epochs: 150
INFO:root:Training learning rate scheduler milestones: (50,)
INFO:root:Training batch size: 128
INFO:root:Training weight decay: 5e-07
INFO:root:Initializing center c...
INFO:root:Center c initialized.
INFO:root:Starting training...
/home/xysong/.conda/envs/OoD/lib/python3.9/site-packages/torch/optim/lr_scheduler.py:131: UserWarning: Detected call of `lr_scheduler.step()` before `optimizer.step()`. In PyTorch 1.1.0 and later, you should call them in the opposite order: `optimizer.step()` before `lr_scheduler.step()`.  Failure to do this will result in PyTorch skipping the first value of the learning rate schedule. See more details at https://pytorch.org/docs/stable/optim.html#how-to-adjust-learning-rate
  warnings.warn("Detected call of `lr_scheduler.step()` before `optimizer.step()`. "
INFO:root:| Epoch: 001/150 | Train Time: 4.498s | Train Loss: 1.191033 |
INFO:root:| Epoch: 002/150 | Train Time: 4.399s | Train Loss: 0.248640 |
INFO:root:| Epoch: 003/150 | Train Time: 4.403s | Train Loss: 0.152916 |
INFO:root:| Epoch: 004/150 | Train Time: 4.399s | Train Loss: 0.151985 |
INFO:root:| Epoch: 005/150 | Train Time: 4.398s | Train Loss: 0.095211 |
INFO:root:| Epoch: 006/150 | Train Time: 4.406s | Train Loss: 0.138838 |
INFO:root:| Epoch: 007/150 | Train Time: 4.411s | Train Loss: 0.072034 |
INFO:root:| Epoch: 008/150 | Train Time: 4.405s | Train Loss: 0.065702 |
INFO:root:| Epoch: 009/150 | Train Time: 4.411s | Train Loss: 0.061718 |
INFO:root:| Epoch: 010/150 | Train Time: 4.416s | Train Loss: 0.058440 |
INFO:root:| Epoch: 011/150 | Train Time: 4.416s | Train Loss: 0.065103 |
INFO:root:| Epoch: 012/150 | Train Time: 4.403s | Train Loss: 0.065301 |
INFO:root:| Epoch: 013/150 | Train Time: 4.401s | Train Loss: 0.041395 |
INFO:root:| Epoch: 014/150 | Train Time: 4.400s | Train Loss: 0.040298 |
INFO:root:| Epoch: 015/150 | Train Time: 4.417s | Train Loss: 0.042925 |
INFO:root:| Epoch: 016/150 | Train Time: 4.515s | Train Loss: 0.039065 |
INFO:root:| Epoch: 017/150 | Train Time: 4.431s | Train Loss: 0.035524 |
INFO:root:| Epoch: 018/150 | Train Time: 4.399s | Train Loss: 0.025434 |
INFO:root:| Epoch: 019/150 | Train Time: 4.401s | Train Loss: 0.122542 |
INFO:root:| Epoch: 020/150 | Train Time: 4.396s | Train Loss: 0.027124 |
INFO:root:| Epoch: 021/150 | Train Time: 4.400s | Train Loss: 0.018343 |
INFO:root:| Epoch: 022/150 | Train Time: 4.406s | Train Loss: 0.018330 |
INFO:root:| Epoch: 023/150 | Train Time: 4.412s | Train Loss: 0.019592 |
INFO:root:| Epoch: 024/150 | Train Time: 4.410s | Train Loss: 0.027393 |
INFO:root:| Epoch: 025/150 | Train Time: 4.409s | Train Loss: 0.017409 |
INFO:root:| Epoch: 026/150 | Train Time: 4.415s | Train Loss: 0.015922 |
INFO:root:| Epoch: 027/150 | Train Time: 4.419s | Train Loss: 0.022651 |
INFO:root:| Epoch: 028/150 | Train Time: 4.415s | Train Loss: 0.022347 |
INFO:root:| Epoch: 029/150 | Train Time: 4.420s | Train Loss: 0.014205 |
INFO:root:| Epoch: 030/150 | Train Time: 4.440s | Train Loss: 0.024138 |
INFO:root:| Epoch: 031/150 | Train Time: 4.452s | Train Loss: 0.015641 |
INFO:root:| Epoch: 032/150 | Train Time: 4.508s | Train Loss: 0.020001 |
INFO:root:| Epoch: 033/150 | Train Time: 4.411s | Train Loss: 0.019711 |
INFO:root:| Epoch: 034/150 | Train Time: 4.408s | Train Loss: 0.016715 |
INFO:root:| Epoch: 035/150 | Train Time: 4.406s | Train Loss: 0.014356 |
INFO:root:| Epoch: 036/150 | Train Time: 4.407s | Train Loss: 0.039193 |
INFO:root:| Epoch: 037/150 | Train Time: 4.406s | Train Loss: 0.014807 |
INFO:root:| Epoch: 038/150 | Train Time: 4.403s | Train Loss: 0.012715 |
INFO:root:| Epoch: 039/150 | Train Time: 4.403s | Train Loss: 0.012082 |
INFO:root:| Epoch: 040/150 | Train Time: 4.405s | Train Loss: 0.020689 |
INFO:root:| Epoch: 041/150 | Train Time: 4.404s | Train Loss: 0.012755 |
INFO:root:| Epoch: 042/150 | Train Time: 4.406s | Train Loss: 0.012878 |
INFO:root:| Epoch: 043/150 | Train Time: 4.402s | Train Loss: 0.042850 |
INFO:root:| Epoch: 044/150 | Train Time: 4.422s | Train Loss: 0.017128 |
INFO:root:| Epoch: 045/150 | Train Time: 4.411s | Train Loss: 0.011579 |
INFO:root:| Epoch: 046/150 | Train Time: 4.435s | Train Loss: 0.012517 |
INFO:root:| Epoch: 047/150 | Train Time: 4.520s | Train Loss: 0.010837 |
INFO:root:| Epoch: 048/150 | Train Time: 4.445s | Train Loss: 0.018901 |
INFO:root:| Epoch: 049/150 | Train Time: 4.398s | Train Loss: 0.015570 |
INFO:root:| Epoch: 050/150 | Train Time: 4.411s | Train Loss: 0.010215 |
/home/xysong/.conda/envs/OoD/lib/python3.9/site-packages/torch/optim/lr_scheduler.py:418: UserWarning: To get the last learning rate computed by the scheduler, please use `get_last_lr()`.
  warnings.warn("To get the last learning rate computed by the scheduler, "
INFO:root:  LR scheduler: new learning rate is 1e-05
INFO:root:| Epoch: 051/150 | Train Time: 4.400s | Train Loss: 0.010372 |
INFO:root:| Epoch: 052/150 | Train Time: 4.400s | Train Loss: 0.010133 |
INFO:root:| Epoch: 053/150 | Train Time: 4.397s | Train Loss: 0.009890 |
INFO:root:| Epoch: 054/150 | Train Time: 4.397s | Train Loss: 0.009979 |
INFO:root:| Epoch: 055/150 | Train Time: 4.396s | Train Loss: 0.010022 |
INFO:root:| Epoch: 056/150 | Train Time: 4.396s | Train Loss: 0.009895 |
INFO:root:| Epoch: 057/150 | Train Time: 4.402s | Train Loss: 0.010137 |
INFO:root:| Epoch: 058/150 | Train Time: 4.412s | Train Loss: 0.010131 |
INFO:root:| Epoch: 059/150 | Train Time: 4.421s | Train Loss: 0.009775 |
INFO:root:| Epoch: 060/150 | Train Time: 4.413s | Train Loss: 0.010264 |
INFO:root:| Epoch: 061/150 | Train Time: 4.430s | Train Loss: 0.010551 |
INFO:root:| Epoch: 062/150 | Train Time: 4.444s | Train Loss: 0.010121 |
INFO:root:| Epoch: 063/150 | Train Time: 4.530s | Train Loss: 0.010040 |
INFO:root:| Epoch: 064/150 | Train Time: 4.424s | Train Loss: 0.010284 |
INFO:root:| Epoch: 065/150 | Train Time: 4.401s | Train Loss: 0.009844 |
INFO:root:| Epoch: 066/150 | Train Time: 4.400s | Train Loss: 0.009829 |
INFO:root:| Epoch: 067/150 | Train Time: 4.400s | Train Loss: 0.009813 |
INFO:root:| Epoch: 068/150 | Train Time: 4.403s | Train Loss: 0.010287 |
INFO:root:| Epoch: 069/150 | Train Time: 4.410s | Train Loss: 0.010106 |
INFO:root:| Epoch: 070/150 | Train Time: 4.404s | Train Loss: 0.010167 |
INFO:root:| Epoch: 071/150 | Train Time: 4.411s | Train Loss: 0.009832 |
INFO:root:| Epoch: 072/150 | Train Time: 4.408s | Train Loss: 0.009748 |
INFO:root:| Epoch: 073/150 | Train Time: 4.410s | Train Loss: 0.009655 |
INFO:root:| Epoch: 074/150 | Train Time: 4.414s | Train Loss: 0.010207 |
INFO:root:| Epoch: 075/150 | Train Time: 4.415s | Train Loss: 0.009816 |
INFO:root:| Epoch: 076/150 | Train Time: 4.407s | Train Loss: 0.010334 |
INFO:root:| Epoch: 077/150 | Train Time: 4.428s | Train Loss: 0.010293 |
INFO:root:| Epoch: 078/150 | Train Time: 4.515s | Train Loss: 0.009763 |
INFO:root:| Epoch: 079/150 | Train Time: 4.462s | Train Loss: 0.010024 |
INFO:root:| Epoch: 080/150 | Train Time: 4.420s | Train Loss: 0.009535 |
INFO:root:| Epoch: 081/150 | Train Time: 4.415s | Train Loss: 0.009969 |
INFO:root:| Epoch: 082/150 | Train Time: 4.408s | Train Loss: 0.009636 |
INFO:root:| Epoch: 083/150 | Train Time: 4.403s | Train Loss: 0.010308 |
INFO:root:| Epoch: 084/150 | Train Time: 4.410s | Train Loss: 0.009516 |
INFO:root:| Epoch: 085/150 | Train Time: 4.409s | Train Loss: 0.009814 |
INFO:root:| Epoch: 086/150 | Train Time: 4.402s | Train Loss: 0.009516 |
INFO:root:| Epoch: 087/150 | Train Time: 4.406s | Train Loss: 0.009339 |
INFO:root:| Epoch: 088/150 | Train Time: 4.404s | Train Loss: 0.009579 |
INFO:root:| Epoch: 089/150 | Train Time: 4.403s | Train Loss: 0.009318 |
INFO:root:| Epoch: 090/150 | Train Time: 4.406s | Train Loss: 0.010213 |
INFO:root:| Epoch: 091/150 | Train Time: 4.406s | Train Loss: 0.009489 |
INFO:root:| Epoch: 092/150 | Train Time: 4.416s | Train Loss: 0.009453 |
INFO:root:| Epoch: 093/150 | Train Time: 4.425s | Train Loss: 0.009720 |
INFO:root:| Epoch: 094/150 | Train Time: 4.516s | Train Loss: 0.009450 |
INFO:root:| Epoch: 095/150 | Train Time: 4.401s | Train Loss: 0.009853 |
INFO:root:| Epoch: 096/150 | Train Time: 4.401s | Train Loss: 0.009267 |
INFO:root:| Epoch: 097/150 | Train Time: 4.403s | Train Loss: 0.009847 |
INFO:root:| Epoch: 098/150 | Train Time: 4.406s | Train Loss: 0.009160 |
INFO:root:| Epoch: 099/150 | Train Time: 4.408s | Train Loss: 0.009686 |
INFO:root:| Epoch: 100/150 | Train Time: 4.404s | Train Loss: 0.009788 |
INFO:root:| Epoch: 101/150 | Train Time: 4.399s | Train Loss: 0.009531 |
INFO:root:| Epoch: 102/150 | Train Time: 4.414s | Train Loss: 0.010022 |
INFO:root:| Epoch: 103/150 | Train Time: 4.414s | Train Loss: 0.009279 |
INFO:root:| Epoch: 104/150 | Train Time: 4.407s | Train Loss: 0.009508 |
INFO:root:| Epoch: 105/150 | Train Time: 4.410s | Train Loss: 0.009650 |
INFO:root:| Epoch: 106/150 | Train Time: 4.406s | Train Loss: 0.009527 |
INFO:root:| Epoch: 107/150 | Train Time: 4.407s | Train Loss: 0.009521 |
INFO:root:| Epoch: 108/150 | Train Time: 4.422s | Train Loss: 0.009495 |
INFO:root:| Epoch: 109/150 | Train Time: 4.499s | Train Loss: 0.009119 |
INFO:root:| Epoch: 110/150 | Train Time: 4.465s | Train Loss: 0.009679 |
INFO:root:| Epoch: 111/150 | Train Time: 4.403s | Train Loss: 0.009938 |
INFO:root:| Epoch: 112/150 | Train Time: 4.406s | Train Loss: 0.009819 |
INFO:root:| Epoch: 113/150 | Train Time: 4.402s | Train Loss: 0.009458 |
INFO:root:| Epoch: 114/150 | Train Time: 4.403s | Train Loss: 0.009453 |
INFO:root:| Epoch: 115/150 | Train Time: 4.403s | Train Loss: 0.009228 |
INFO:root:| Epoch: 116/150 | Train Time: 4.406s | Train Loss: 0.009190 |
INFO:root:| Epoch: 117/150 | Train Time: 4.403s | Train Loss: 0.009749 |
INFO:root:| Epoch: 118/150 | Train Time: 4.410s | Train Loss: 0.009472 |
INFO:root:| Epoch: 119/150 | Train Time: 4.411s | Train Loss: 0.009164 |
INFO:root:| Epoch: 120/150 | Train Time: 4.407s | Train Loss: 0.009644 |
INFO:root:| Epoch: 121/150 | Train Time: 4.409s | Train Loss: 0.009882 |
INFO:root:| Epoch: 122/150 | Train Time: 4.404s | Train Loss: 0.009219 |
INFO:root:| Epoch: 123/150 | Train Time: 4.436s | Train Loss: 0.008847 |
INFO:root:| Epoch: 124/150 | Train Time: 4.436s | Train Loss: 0.009239 |
INFO:root:| Epoch: 125/150 | Train Time: 4.544s | Train Loss: 0.009652 |
INFO:root:| Epoch: 126/150 | Train Time: 4.423s | Train Loss: 0.009367 |
INFO:root:| Epoch: 127/150 | Train Time: 4.418s | Train Loss: 0.010080 |
INFO:root:| Epoch: 128/150 | Train Time: 4.421s | Train Loss: 0.008870 |
INFO:root:| Epoch: 129/150 | Train Time: 4.422s | Train Loss: 0.010017 |
INFO:root:| Epoch: 130/150 | Train Time: 4.410s | Train Loss: 0.009068 |
INFO:root:| Epoch: 131/150 | Train Time: 4.408s | Train Loss: 0.009526 |
INFO:root:| Epoch: 132/150 | Train Time: 4.412s | Train Loss: 0.009434 |
INFO:root:| Epoch: 133/150 | Train Time: 4.401s | Train Loss: 0.009398 |
INFO:root:| Epoch: 134/150 | Train Time: 4.402s | Train Loss: 0.009269 |
INFO:root:| Epoch: 135/150 | Train Time: 4.408s | Train Loss: 0.009263 |
INFO:root:| Epoch: 136/150 | Train Time: 4.413s | Train Loss: 0.009130 |
INFO:root:| Epoch: 137/150 | Train Time: 4.420s | Train Loss: 0.008992 |
INFO:root:| Epoch: 138/150 | Train Time: 4.421s | Train Loss: 0.009431 |
INFO:root:| Epoch: 139/150 | Train Time: 4.449s | Train Loss: 0.009488 |
INFO:root:| Epoch: 140/150 | Train Time: 4.516s | Train Loss: 0.009273 |
INFO:root:| Epoch: 141/150 | Train Time: 4.485s | Train Loss: 0.009382 |
INFO:root:| Epoch: 142/150 | Train Time: 4.421s | Train Loss: 0.009207 |
INFO:root:| Epoch: 143/150 | Train Time: 4.421s | Train Loss: 0.008812 |
INFO:root:| Epoch: 144/150 | Train Time: 4.421s | Train Loss: 0.009204 |
INFO:root:| Epoch: 145/150 | Train Time: 4.437s | Train Loss: 0.009629 |
INFO:root:| Epoch: 146/150 | Train Time: 4.424s | Train Loss: 0.009155 |
INFO:root:| Epoch: 147/150 | Train Time: 4.424s | Train Loss: 0.009316 |
INFO:root:| Epoch: 148/150 | Train Time: 4.407s | Train Loss: 0.009138 |
INFO:root:| Epoch: 149/150 | Train Time: 4.408s | Train Loss: 0.009517 |
INFO:root:| Epoch: 150/150 | Train Time: 4.407s | Train Loss: 0.009482 |
INFO:root:Training Time: 662.920s
INFO:root:Finished training.
INFO:root:Starting testing...
INFO:root:Testing TPR95: 0.0715
INFO:root:Testing TPR99: 0.0290
INFO:root:Test Loss: 0.503460
INFO:root:Test AUC: 67.32%
INFO:root:Test Time: 0.815s
INFO:root:Finished testing.
Outlier classes: [8, 9]
Original training data size:  60000 torch.Size([60000, 28, 28])
Using number-pre-sampled sampler
Train set shape: torch.Size([48000, 28, 28])
Train set size: 48064
Train targets size: 48064
Train semi-targets size: 48064
Counter({0: 6000, 3: 6000, 2: 6000, 7: 6000, 5: 6000, 1: 6000, 6: 6000, 4: 6000, 8: 64})
InD Test Size: 8000, OoD Test Size: 2000, TPR95: 0.0715
InD Test Size: 8000, OoD Test Size: 2000, TPR99: 0.0290
