mkdir: cannot create directory ‘log/DeepSAD’: File exists
INFO:root:Log file is ../log/DeepSAD/cifar10-svhn-Balanced-1024/log.txt
INFO:root:Data path is ../data
INFO:root:Export path is ../log/DeepSAD/cifar10-svhn-Balanced-1024
INFO:root:Dataset: cifar10-svhn
INFO:root:Normal class: [0, 1, 2, 3, 4, 5, 6, 7]
INFO:root:Ratio of labeled normal train samples: 0.00
INFO:root:Ratio of labeled anomalous samples: 0.01
INFO:root:Pollution ratio of unlabeled train data: 0.10
INFO:root:Known anomaly class: 1
INFO:root:Network: cifar10_LeNet
INFO:root:Eta-parameter: 1.00
INFO:root:Set seed to 999.
INFO:root:Computation device: cuda
INFO:root:Number of threads: 0
INFO:root:Number of dataloader workers: 0
INFO:root:Pretraining: True
INFO:root:Pretraining optimizer: adam
INFO:root:Pretraining learning rate: 0.001
INFO:root:Pretraining epochs: 100
INFO:root:Pretraining learning rate scheduler milestones: (0,)
INFO:root:Pretraining batch size: 128
INFO:root:Pretraining weight decay: 1e-06
INFO:root:Starting pretraining...
/home/xysong/.conda/envs/OoD/lib/python3.9/site-packages/torch/optim/lr_scheduler.py:131: UserWarning: Detected call of `lr_scheduler.step()` before `optimizer.step()`. In PyTorch 1.1.0 and later, you should call them in the opposite order: `optimizer.step()` before `lr_scheduler.step()`.  Failure to do this will result in PyTorch skipping the first value of the learning rate schedule. See more details at https://pytorch.org/docs/stable/optim.html#how-to-adjust-learning-rate
  warnings.warn("Detected call of `lr_scheduler.step()` before `optimizer.step()`. "
/home/xysong/.conda/envs/OoD/lib/python3.9/site-packages/torch/optim/lr_scheduler.py:418: UserWarning: To get the last learning rate computed by the scheduler, please use `get_last_lr()`.
  warnings.warn("To get the last learning rate computed by the scheduler, "
INFO:root:  LR scheduler: new learning rate is 0.0001
INFO:root:| Epoch: 001/100 | Train Time: 12.951s | Train Loss: 0.033266 |
INFO:root:| Epoch: 002/100 | Train Time: 12.683s | Train Loss: 0.024946 |
INFO:root:| Epoch: 003/100 | Train Time: 12.805s | Train Loss: 0.023153 |
INFO:root:| Epoch: 004/100 | Train Time: 12.681s | Train Loss: 0.022071 |
INFO:root:| Epoch: 005/100 | Train Time: 12.670s | Train Loss: 0.021305 |
INFO:root:| Epoch: 006/100 | Train Time: 12.779s | Train Loss: 0.020768 |
INFO:root:| Epoch: 007/100 | Train Time: 12.663s | Train Loss: 0.020326 |
INFO:root:| Epoch: 008/100 | Train Time: 12.649s | Train Loss: 0.019953 |
INFO:root:| Epoch: 009/100 | Train Time: 12.678s | Train Loss: 0.019659 |
INFO:root:| Epoch: 010/100 | Train Time: 12.763s | Train Loss: 0.019396 |
INFO:root:| Epoch: 011/100 | Train Time: 12.648s | Train Loss: 0.019105 |
INFO:root:| Epoch: 012/100 | Train Time: 12.644s | Train Loss: 0.018881 |
INFO:root:| Epoch: 013/100 | Train Time: 12.651s | Train Loss: 0.018670 |
INFO:root:| Epoch: 014/100 | Train Time: 12.725s | Train Loss: 0.018516 |
INFO:root:| Epoch: 015/100 | Train Time: 12.730s | Train Loss: 0.018306 |
INFO:root:| Epoch: 016/100 | Train Time: 12.667s | Train Loss: 0.018201 |
INFO:root:| Epoch: 017/100 | Train Time: 12.681s | Train Loss: 0.018049 |
INFO:root:| Epoch: 018/100 | Train Time: 12.668s | Train Loss: 0.017951 |
INFO:root:| Epoch: 019/100 | Train Time: 12.752s | Train Loss: 0.017858 |
INFO:root:| Epoch: 020/100 | Train Time: 12.743s | Train Loss: 0.017746 |
INFO:root:| Epoch: 021/100 | Train Time: 12.659s | Train Loss: 0.017645 |
INFO:root:| Epoch: 022/100 | Train Time: 12.674s | Train Loss: 0.017566 |
INFO:root:| Epoch: 023/100 | Train Time: 12.695s | Train Loss: 0.017482 |
INFO:root:| Epoch: 024/100 | Train Time: 12.811s | Train Loss: 0.017417 |
INFO:root:| Epoch: 025/100 | Train Time: 12.722s | Train Loss: 0.017361 |
INFO:root:| Epoch: 026/100 | Train Time: 12.661s | Train Loss: 0.017290 |
INFO:root:| Epoch: 027/100 | Train Time: 12.687s | Train Loss: 0.017282 |
INFO:root:| Epoch: 028/100 | Train Time: 12.674s | Train Loss: 0.017214 |
INFO:root:| Epoch: 029/100 | Train Time: 12.754s | Train Loss: 0.017129 |
INFO:root:| Epoch: 030/100 | Train Time: 12.735s | Train Loss: 0.017111 |
INFO:root:| Epoch: 031/100 | Train Time: 12.664s | Train Loss: 0.017034 |
INFO:root:| Epoch: 032/100 | Train Time: 12.687s | Train Loss: 0.017011 |
INFO:root:| Epoch: 033/100 | Train Time: 12.700s | Train Loss: 0.017032 |
INFO:root:| Epoch: 034/100 | Train Time: 12.772s | Train Loss: 0.016997 |
INFO:root:| Epoch: 035/100 | Train Time: 12.750s | Train Loss: 0.016969 |
INFO:root:| Epoch: 036/100 | Train Time: 12.674s | Train Loss: 0.016925 |
INFO:root:| Epoch: 037/100 | Train Time: 12.674s | Train Loss: 0.016902 |
INFO:root:| Epoch: 038/100 | Train Time: 12.672s | Train Loss: 0.016851 |
INFO:root:| Epoch: 039/100 | Train Time: 12.776s | Train Loss: 0.016847 |
INFO:root:| Epoch: 040/100 | Train Time: 12.728s | Train Loss: 0.016836 |
INFO:root:| Epoch: 041/100 | Train Time: 12.677s | Train Loss: 0.016800 |
INFO:root:| Epoch: 042/100 | Train Time: 12.692s | Train Loss: 0.016787 |
INFO:root:| Epoch: 043/100 | Train Time: 12.675s | Train Loss: 0.016762 |
INFO:root:| Epoch: 044/100 | Train Time: 12.782s | Train Loss: 0.016739 |
INFO:root:| Epoch: 045/100 | Train Time: 12.756s | Train Loss: 0.016723 |
INFO:root:| Epoch: 046/100 | Train Time: 12.702s | Train Loss: 0.016710 |
INFO:root:| Epoch: 047/100 | Train Time: 12.722s | Train Loss: 0.016702 |
INFO:root:| Epoch: 048/100 | Train Time: 12.693s | Train Loss: 0.016679 |
INFO:root:| Epoch: 049/100 | Train Time: 12.793s | Train Loss: 0.016666 |
INFO:root:| Epoch: 050/100 | Train Time: 12.745s | Train Loss: 0.016652 |
INFO:root:| Epoch: 051/100 | Train Time: 12.691s | Train Loss: 0.016639 |
INFO:root:| Epoch: 052/100 | Train Time: 12.688s | Train Loss: 0.016637 |
INFO:root:| Epoch: 053/100 | Train Time: 12.696s | Train Loss: 0.016632 |
INFO:root:| Epoch: 054/100 | Train Time: 12.808s | Train Loss: 0.016604 |
INFO:root:| Epoch: 055/100 | Train Time: 12.727s | Train Loss: 0.016587 |
INFO:root:| Epoch: 056/100 | Train Time: 12.685s | Train Loss: 0.016594 |
INFO:root:| Epoch: 057/100 | Train Time: 12.693s | Train Loss: 0.016568 |
INFO:root:| Epoch: 058/100 | Train Time: 12.705s | Train Loss: 0.016545 |
INFO:root:| Epoch: 059/100 | Train Time: 12.890s | Train Loss: 0.016527 |
INFO:root:| Epoch: 060/100 | Train Time: 12.751s | Train Loss: 0.016546 |
INFO:root:| Epoch: 061/100 | Train Time: 12.714s | Train Loss: 0.016507 |
INFO:root:| Epoch: 062/100 | Train Time: 12.719s | Train Loss: 0.016505 |
INFO:root:| Epoch: 063/100 | Train Time: 12.719s | Train Loss: 0.016492 |
INFO:root:| Epoch: 064/100 | Train Time: 12.827s | Train Loss: 0.016491 |
INFO:root:| Epoch: 065/100 | Train Time: 12.752s | Train Loss: 0.016477 |
INFO:root:| Epoch: 066/100 | Train Time: 12.717s | Train Loss: 0.016471 |
INFO:root:| Epoch: 067/100 | Train Time: 12.694s | Train Loss: 0.016453 |
INFO:root:| Epoch: 068/100 | Train Time: 12.702s | Train Loss: 0.016451 |
INFO:root:| Epoch: 069/100 | Train Time: 12.823s | Train Loss: 0.016440 |
INFO:root:| Epoch: 070/100 | Train Time: 12.740s | Train Loss: 0.016429 |
INFO:root:| Epoch: 071/100 | Train Time: 12.706s | Train Loss: 0.016412 |
INFO:root:| Epoch: 072/100 | Train Time: 12.689s | Train Loss: 0.016425 |
INFO:root:| Epoch: 073/100 | Train Time: 12.709s | Train Loss: 0.016392 |
INFO:root:| Epoch: 074/100 | Train Time: 12.808s | Train Loss: 0.016386 |
INFO:root:| Epoch: 075/100 | Train Time: 12.728s | Train Loss: 0.016385 |
INFO:root:| Epoch: 076/100 | Train Time: 12.699s | Train Loss: 0.016391 |
INFO:root:| Epoch: 077/100 | Train Time: 12.693s | Train Loss: 0.016367 |
INFO:root:| Epoch: 078/100 | Train Time: 12.684s | Train Loss: 0.016359 |
INFO:root:| Epoch: 079/100 | Train Time: 12.803s | Train Loss: 0.016348 |
INFO:root:| Epoch: 080/100 | Train Time: 12.728s | Train Loss: 0.016335 |
INFO:root:| Epoch: 081/100 | Train Time: 12.702s | Train Loss: 0.016350 |
INFO:root:| Epoch: 082/100 | Train Time: 12.701s | Train Loss: 0.016328 |
INFO:root:| Epoch: 083/100 | Train Time: 12.701s | Train Loss: 0.016334 |
INFO:root:| Epoch: 084/100 | Train Time: 12.832s | Train Loss: 0.016321 |
INFO:root:| Epoch: 085/100 | Train Time: 12.734s | Train Loss: 0.016305 |
INFO:root:| Epoch: 086/100 | Train Time: 12.708s | Train Loss: 0.016306 |
INFO:root:| Epoch: 087/100 | Train Time: 12.680s | Train Loss: 0.016279 |
INFO:root:| Epoch: 088/100 | Train Time: 12.685s | Train Loss: 0.016299 |
INFO:root:| Epoch: 089/100 | Train Time: 12.760s | Train Loss: 0.016277 |
INFO:root:| Epoch: 090/100 | Train Time: 12.777s | Train Loss: 0.016278 |
INFO:root:| Epoch: 091/100 | Train Time: 12.697s | Train Loss: 0.016267 |
INFO:root:| Epoch: 092/100 | Train Time: 12.693s | Train Loss: 0.016261 |
INFO:root:| Epoch: 093/100 | Train Time: 12.705s | Train Loss: 0.016266 |
INFO:root:| Epoch: 094/100 | Train Time: 12.761s | Train Loss: 0.016242 |
INFO:root:| Epoch: 095/100 | Train Time: 12.856s | Train Loss: 0.016239 |
INFO:root:| Epoch: 096/100 | Train Time: 12.708s | Train Loss: 0.016228 |
INFO:root:| Epoch: 097/100 | Train Time: 12.690s | Train Loss: 0.016224 |
INFO:root:| Epoch: 098/100 | Train Time: 12.720s | Train Loss: 0.016227 |
INFO:root:| Epoch: 099/100 | Train Time: 12.740s | Train Loss: 0.016226 |
INFO:root:| Epoch: 100/100 | Train Time: 12.825s | Train Loss: 0.016214 |
INFO:root:Pretraining Time: 1272.334s
INFO:root:Finished pretraining.
INFO:root:Testing autoencoder...
INFO:root:Test Loss: 0.002967
INFO:root:Test AUC: 3.90%
INFO:root:Test Time: 5.678s
INFO:root:Finished testing autoencoder.
INFO:root:Training optimizer: adam
INFO:root:Training learning rate: 0.0001
INFO:root:Training epochs: 150
INFO:root:Training learning rate scheduler milestones: (50,)
INFO:root:Training batch size: 128
INFO:root:Training weight decay: 5e-07
INFO:root:Initializing center c...
INFO:root:Center c initialized.
INFO:root:Starting training...
/home/xysong/.conda/envs/OoD/lib/python3.9/site-packages/torch/optim/lr_scheduler.py:131: UserWarning: Detected call of `lr_scheduler.step()` before `optimizer.step()`. In PyTorch 1.1.0 and later, you should call them in the opposite order: `optimizer.step()` before `lr_scheduler.step()`.  Failure to do this will result in PyTorch skipping the first value of the learning rate schedule. See more details at https://pytorch.org/docs/stable/optim.html#how-to-adjust-learning-rate
  warnings.warn("Detected call of `lr_scheduler.step()` before `optimizer.step()`. "
INFO:root:| Epoch: 001/150 | Train Time: 10.181s | Train Loss: 0.509332 |
INFO:root:| Epoch: 002/150 | Train Time: 10.183s | Train Loss: 0.034750 |
INFO:root:| Epoch: 003/150 | Train Time: 10.179s | Train Loss: 0.022238 |
INFO:root:| Epoch: 004/150 | Train Time: 10.188s | Train Loss: 0.019783 |
INFO:root:| Epoch: 005/150 | Train Time: 10.260s | Train Loss: 0.020098 |
INFO:root:| Epoch: 006/150 | Train Time: 10.241s | Train Loss: 0.015938 |
INFO:root:| Epoch: 007/150 | Train Time: 10.166s | Train Loss: 0.013183 |
INFO:root:| Epoch: 008/150 | Train Time: 10.165s | Train Loss: 0.011668 |
INFO:root:| Epoch: 009/150 | Train Time: 10.167s | Train Loss: 0.008497 |
INFO:root:| Epoch: 010/150 | Train Time: 10.170s | Train Loss: 0.008155 |
INFO:root:| Epoch: 011/150 | Train Time: 10.182s | Train Loss: 0.007044 |
INFO:root:| Epoch: 012/150 | Train Time: 10.341s | Train Loss: 0.005778 |
INFO:root:| Epoch: 013/150 | Train Time: 10.209s | Train Loss: 0.009043 |
INFO:root:| Epoch: 014/150 | Train Time: 10.199s | Train Loss: 0.006370 |
INFO:root:| Epoch: 015/150 | Train Time: 10.193s | Train Loss: 0.005826 |
INFO:root:| Epoch: 016/150 | Train Time: 10.168s | Train Loss: 0.005330 |
INFO:root:| Epoch: 017/150 | Train Time: 10.190s | Train Loss: 0.005599 |
INFO:root:| Epoch: 018/150 | Train Time: 10.222s | Train Loss: 0.004342 |
INFO:root:| Epoch: 019/150 | Train Time: 10.281s | Train Loss: 0.005036 |
INFO:root:| Epoch: 020/150 | Train Time: 10.179s | Train Loss: 0.006007 |
INFO:root:| Epoch: 021/150 | Train Time: 10.183s | Train Loss: 0.006032 |
INFO:root:| Epoch: 022/150 | Train Time: 10.173s | Train Loss: 0.005041 |
INFO:root:| Epoch: 023/150 | Train Time: 10.176s | Train Loss: 0.003878 |
INFO:root:| Epoch: 024/150 | Train Time: 10.178s | Train Loss: 0.007114 |
INFO:root:| Epoch: 025/150 | Train Time: 10.260s | Train Loss: 0.005350 |
INFO:root:| Epoch: 026/150 | Train Time: 10.209s | Train Loss: 0.003115 |
INFO:root:| Epoch: 027/150 | Train Time: 10.164s | Train Loss: 0.004464 |
INFO:root:| Epoch: 028/150 | Train Time: 10.158s | Train Loss: 0.003623 |
INFO:root:| Epoch: 029/150 | Train Time: 10.163s | Train Loss: 0.004110 |
INFO:root:| Epoch: 030/150 | Train Time: 10.173s | Train Loss: 0.002978 |
INFO:root:| Epoch: 031/150 | Train Time: 10.179s | Train Loss: 0.003036 |
INFO:root:| Epoch: 032/150 | Train Time: 10.310s | Train Loss: 0.002625 |
INFO:root:| Epoch: 033/150 | Train Time: 10.178s | Train Loss: 0.002706 |
INFO:root:| Epoch: 034/150 | Train Time: 10.172s | Train Loss: 0.002560 |
INFO:root:| Epoch: 035/150 | Train Time: 10.210s | Train Loss: 0.002161 |
INFO:root:| Epoch: 036/150 | Train Time: 10.235s | Train Loss: 0.002214 |
INFO:root:| Epoch: 037/150 | Train Time: 10.188s | Train Loss: 0.002799 |
INFO:root:| Epoch: 038/150 | Train Time: 10.225s | Train Loss: 0.002193 |
INFO:root:| Epoch: 039/150 | Train Time: 10.292s | Train Loss: 0.001487 |
INFO:root:| Epoch: 040/150 | Train Time: 10.180s | Train Loss: 0.001491 |
INFO:root:| Epoch: 041/150 | Train Time: 10.173s | Train Loss: 0.001479 |
INFO:root:| Epoch: 042/150 | Train Time: 10.186s | Train Loss: 0.001250 |
INFO:root:| Epoch: 043/150 | Train Time: 10.178s | Train Loss: 0.001862 |
INFO:root:| Epoch: 044/150 | Train Time: 10.200s | Train Loss: 0.001374 |
INFO:root:| Epoch: 045/150 | Train Time: 10.292s | Train Loss: 0.001015 |
INFO:root:| Epoch: 046/150 | Train Time: 10.206s | Train Loss: 0.001020 |
INFO:root:| Epoch: 047/150 | Train Time: 10.175s | Train Loss: 0.000885 |
INFO:root:| Epoch: 048/150 | Train Time: 10.188s | Train Loss: 0.000916 |
INFO:root:| Epoch: 049/150 | Train Time: 10.183s | Train Loss: 0.001096 |
INFO:root:| Epoch: 050/150 | Train Time: 10.181s | Train Loss: 0.000419 |
/home/xysong/.conda/envs/OoD/lib/python3.9/site-packages/torch/optim/lr_scheduler.py:418: UserWarning: To get the last learning rate computed by the scheduler, please use `get_last_lr()`.
  warnings.warn("To get the last learning rate computed by the scheduler, "
INFO:root:  LR scheduler: new learning rate is 1e-05
INFO:root:| Epoch: 051/150 | Train Time: 10.192s | Train Loss: 0.000427 |
INFO:root:| Epoch: 052/150 | Train Time: 10.307s | Train Loss: 0.001661 |
INFO:root:| Epoch: 053/150 | Train Time: 10.193s | Train Loss: 0.000451 |
INFO:root:| Epoch: 054/150 | Train Time: 10.181s | Train Loss: 0.000429 |
INFO:root:| Epoch: 055/150 | Train Time: 10.191s | Train Loss: 0.000407 |
INFO:root:| Epoch: 056/150 | Train Time: 10.203s | Train Loss: 0.000358 |
INFO:root:| Epoch: 057/150 | Train Time: 10.191s | Train Loss: 0.000369 |
INFO:root:| Epoch: 058/150 | Train Time: 10.246s | Train Loss: 0.000363 |
INFO:root:| Epoch: 059/150 | Train Time: 10.265s | Train Loss: 0.000376 |
INFO:root:| Epoch: 060/150 | Train Time: 10.178s | Train Loss: 0.000371 |
INFO:root:| Epoch: 061/150 | Train Time: 10.170s | Train Loss: 0.000353 |
INFO:root:| Epoch: 062/150 | Train Time: 10.167s | Train Loss: 0.000352 |
INFO:root:| Epoch: 063/150 | Train Time: 10.181s | Train Loss: 0.000346 |
INFO:root:| Epoch: 064/150 | Train Time: 10.203s | Train Loss: 0.000327 |
INFO:root:| Epoch: 065/150 | Train Time: 10.287s | Train Loss: 0.000302 |
INFO:root:| Epoch: 066/150 | Train Time: 10.221s | Train Loss: 0.000343 |
INFO:root:| Epoch: 067/150 | Train Time: 10.199s | Train Loss: 0.000296 |
INFO:root:| Epoch: 068/150 | Train Time: 10.203s | Train Loss: 0.000275 |
INFO:root:| Epoch: 069/150 | Train Time: 10.191s | Train Loss: 0.000307 |
INFO:root:| Epoch: 070/150 | Train Time: 10.189s | Train Loss: 0.000291 |
INFO:root:| Epoch: 071/150 | Train Time: 10.218s | Train Loss: 0.000299 |
INFO:root:| Epoch: 072/150 | Train Time: 10.332s | Train Loss: 0.000271 |
INFO:root:| Epoch: 073/150 | Train Time: 10.201s | Train Loss: 0.000294 |
INFO:root:| Epoch: 074/150 | Train Time: 10.193s | Train Loss: 0.000409 |
INFO:root:| Epoch: 075/150 | Train Time: 10.178s | Train Loss: 0.000265 |
INFO:root:| Epoch: 076/150 | Train Time: 10.187s | Train Loss: 0.000273 |
INFO:root:| Epoch: 077/150 | Train Time: 10.188s | Train Loss: 0.000256 |
INFO:root:| Epoch: 078/150 | Train Time: 10.273s | Train Loss: 0.000279 |
INFO:root:| Epoch: 079/150 | Train Time: 10.306s | Train Loss: 0.000269 |
INFO:root:| Epoch: 080/150 | Train Time: 10.243s | Train Loss: 0.000256 |
INFO:root:| Epoch: 081/150 | Train Time: 10.179s | Train Loss: 0.000247 |
INFO:root:| Epoch: 082/150 | Train Time: 10.177s | Train Loss: 0.000247 |
INFO:root:| Epoch: 083/150 | Train Time: 10.161s | Train Loss: 0.000258 |
INFO:root:| Epoch: 084/150 | Train Time: 10.191s | Train Loss: 0.000238 |
INFO:root:| Epoch: 085/150 | Train Time: 10.300s | Train Loss: 0.000254 |
INFO:root:| Epoch: 086/150 | Train Time: 10.194s | Train Loss: 0.000242 |
INFO:root:| Epoch: 087/150 | Train Time: 10.184s | Train Loss: 0.000415 |
INFO:root:| Epoch: 088/150 | Train Time: 10.190s | Train Loss: 0.000312 |
INFO:root:| Epoch: 089/150 | Train Time: 10.181s | Train Loss: 0.000231 |
INFO:root:| Epoch: 090/150 | Train Time: 10.188s | Train Loss: 0.000237 |
INFO:root:| Epoch: 091/150 | Train Time: 10.208s | Train Loss: 0.000229 |
INFO:root:| Epoch: 092/150 | Train Time: 10.328s | Train Loss: 0.000242 |
INFO:root:| Epoch: 093/150 | Train Time: 10.198s | Train Loss: 0.000236 |
INFO:root:| Epoch: 094/150 | Train Time: 10.204s | Train Loss: 0.000215 |
INFO:root:| Epoch: 095/150 | Train Time: 10.201s | Train Loss: 0.000216 |
INFO:root:| Epoch: 096/150 | Train Time: 10.198s | Train Loss: 0.000237 |
INFO:root:| Epoch: 097/150 | Train Time: 10.211s | Train Loss: 0.000208 |
INFO:root:| Epoch: 098/150 | Train Time: 10.300s | Train Loss: 0.000272 |
INFO:root:| Epoch: 099/150 | Train Time: 10.263s | Train Loss: 0.000200 |
INFO:root:| Epoch: 100/150 | Train Time: 10.199s | Train Loss: 0.000235 |
INFO:root:| Epoch: 101/150 | Train Time: 10.199s | Train Loss: 0.000207 |
INFO:root:| Epoch: 102/150 | Train Time: 10.190s | Train Loss: 0.000190 |
INFO:root:| Epoch: 103/150 | Train Time: 10.186s | Train Loss: 0.000200 |
INFO:root:| Epoch: 104/150 | Train Time: 10.203s | Train Loss: 0.000193 |
INFO:root:| Epoch: 105/150 | Train Time: 10.318s | Train Loss: 0.000186 |
INFO:root:| Epoch: 106/150 | Train Time: 10.196s | Train Loss: 0.000202 |
INFO:root:| Epoch: 107/150 | Train Time: 10.192s | Train Loss: 0.000193 |
INFO:root:| Epoch: 108/150 | Train Time: 10.183s | Train Loss: 0.000178 |
INFO:root:| Epoch: 109/150 | Train Time: 10.185s | Train Loss: 0.000185 |
INFO:root:| Epoch: 110/150 | Train Time: 10.186s | Train Loss: 0.000200 |
INFO:root:| Epoch: 111/150 | Train Time: 10.220s | Train Loss: 0.000213 |
INFO:root:| Epoch: 112/150 | Train Time: 10.288s | Train Loss: 0.000186 |
INFO:root:| Epoch: 113/150 | Train Time: 10.165s | Train Loss: 0.000190 |
INFO:root:| Epoch: 114/150 | Train Time: 10.177s | Train Loss: 0.000436 |
INFO:root:| Epoch: 115/150 | Train Time: 10.183s | Train Loss: 0.000194 |
INFO:root:| Epoch: 116/150 | Train Time: 10.190s | Train Loss: 0.000171 |
INFO:root:| Epoch: 117/150 | Train Time: 10.194s | Train Loss: 0.000172 |
INFO:root:| Epoch: 118/150 | Train Time: 10.293s | Train Loss: 0.000307 |
INFO:root:| Epoch: 119/150 | Train Time: 10.246s | Train Loss: 0.000212 |
INFO:root:| Epoch: 120/150 | Train Time: 10.205s | Train Loss: 0.000172 |
INFO:root:| Epoch: 121/150 | Train Time: 10.215s | Train Loss: 0.000179 |
INFO:root:| Epoch: 122/150 | Train Time: 10.217s | Train Loss: 0.000178 |
INFO:root:| Epoch: 123/150 | Train Time: 10.232s | Train Loss: 0.000174 |
INFO:root:| Epoch: 124/150 | Train Time: 10.285s | Train Loss: 0.000164 |
INFO:root:| Epoch: 125/150 | Train Time: 10.330s | Train Loss: 0.000182 |
INFO:root:| Epoch: 126/150 | Train Time: 10.203s | Train Loss: 0.000161 |
INFO:root:| Epoch: 127/150 | Train Time: 10.204s | Train Loss: 0.000161 |
INFO:root:| Epoch: 128/150 | Train Time: 10.200s | Train Loss: 0.000155 |
INFO:root:| Epoch: 129/150 | Train Time: 10.205s | Train Loss: 0.000161 |
INFO:root:| Epoch: 130/150 | Train Time: 10.198s | Train Loss: 0.000172 |
INFO:root:| Epoch: 131/150 | Train Time: 10.261s | Train Loss: 0.000233 |
INFO:root:| Epoch: 132/150 | Train Time: 10.277s | Train Loss: 0.000163 |
INFO:root:| Epoch: 133/150 | Train Time: 10.179s | Train Loss: 0.000222 |
INFO:root:| Epoch: 134/150 | Train Time: 10.174s | Train Loss: 0.000159 |
INFO:root:| Epoch: 135/150 | Train Time: 10.182s | Train Loss: 0.000180 |
INFO:root:| Epoch: 136/150 | Train Time: 10.181s | Train Loss: 0.000163 |
INFO:root:| Epoch: 137/150 | Train Time: 10.183s | Train Loss: 0.000152 |
INFO:root:| Epoch: 138/150 | Train Time: 10.306s | Train Loss: 0.000159 |
INFO:root:| Epoch: 139/150 | Train Time: 10.223s | Train Loss: 0.000155 |
INFO:root:| Epoch: 140/150 | Train Time: 10.192s | Train Loss: 0.000135 |
INFO:root:| Epoch: 141/150 | Train Time: 10.192s | Train Loss: 0.000149 |
INFO:root:| Epoch: 142/150 | Train Time: 10.177s | Train Loss: 0.000151 |
INFO:root:| Epoch: 143/150 | Train Time: 10.176s | Train Loss: 0.000240 |
INFO:root:| Epoch: 144/150 | Train Time: 10.223s | Train Loss: 0.000193 |
INFO:root:| Epoch: 145/150 | Train Time: 10.335s | Train Loss: 0.000152 |
INFO:root:| Epoch: 146/150 | Train Time: 10.219s | Train Loss: 0.000151 |
INFO:root:| Epoch: 147/150 | Train Time: 10.198s | Train Loss: 0.000371 |
INFO:root:| Epoch: 148/150 | Train Time: 10.212s | Train Loss: 0.000153 |
INFO:root:| Epoch: 149/150 | Train Time: 10.203s | Train Loss: 0.000136 |
INFO:root:| Epoch: 150/150 | Train Time: 10.218s | Train Loss: 0.000143 |
INFO:root:Training Time: 1531.604s
INFO:root:Finished training.
INFO:root:Starting testing...
INFO:root:Testing TPR95: 0.0020
INFO:root:Testing TPR99: 0.0001
INFO:root:Test Loss: 0.000049
INFO:root:Test AUC: 25.87%
INFO:root:Test Time: 5.042s
INFO:root:Finished testing.
Files already downloaded and verified
Files already downloaded and verified
InD Train set shape: (50000, 32, 32, 3), InD Test set shape: (10000, 32, 32, 3)
(10240, 32, 32, 3)
Using downloaded and verified file: ../data/test_32x32.mat
OoD Test set shape: (26032, 32, 32, 3)
Using number-pre-sampled sampler
Train set shape: (50000, 32, 32, 3)
Train set size: 60240
Train targets size: 60240
Train semi-targets size: 60240
Counter({6: 6024, 9: 6024, 4: 6024, 1: 6024, 2: 6024, 7: 6024, 8: 6024, 3: 6024, 5: 6024, 0: 6024})
Test set size: 36032
Test targets: Counter({1.0: 26032, 0.0: 10000})
InD Test Size: 10000, OoD Test Size: 26032, TPR95: 0.0020
InD Test Size: 10000, OoD Test Size: 26032, TPR99: 0.0001
