mkdir: cannot create directory ‘log/DeepSAD’: File exists
INFO:root:Log file is ../log/DeepSAD/cifar10-svhn-Balanced-128/log.txt
INFO:root:Data path is ../data
INFO:root:Export path is ../log/DeepSAD/cifar10-svhn-Balanced-128
INFO:root:Dataset: cifar10-svhn
INFO:root:Normal class: [0, 1, 2, 3, 4, 5, 6, 7]
INFO:root:Ratio of labeled normal train samples: 0.00
INFO:root:Ratio of labeled anomalous samples: 0.01
INFO:root:Pollution ratio of unlabeled train data: 0.10
INFO:root:Known anomaly class: 1
INFO:root:Network: cifar10_LeNet
INFO:root:Eta-parameter: 1.00
INFO:root:Set seed to 999.
INFO:root:Computation device: cuda
INFO:root:Number of threads: 0
INFO:root:Number of dataloader workers: 0
INFO:root:Pretraining: True
INFO:root:Pretraining optimizer: adam
INFO:root:Pretraining learning rate: 0.001
INFO:root:Pretraining epochs: 100
INFO:root:Pretraining learning rate scheduler milestones: (0,)
INFO:root:Pretraining batch size: 128
INFO:root:Pretraining weight decay: 1e-06
INFO:root:Starting pretraining...
/home/xysong/.conda/envs/OoD/lib/python3.9/site-packages/torch/optim/lr_scheduler.py:131: UserWarning: Detected call of `lr_scheduler.step()` before `optimizer.step()`. In PyTorch 1.1.0 and later, you should call them in the opposite order: `optimizer.step()` before `lr_scheduler.step()`.  Failure to do this will result in PyTorch skipping the first value of the learning rate schedule. See more details at https://pytorch.org/docs/stable/optim.html#how-to-adjust-learning-rate
  warnings.warn("Detected call of `lr_scheduler.step()` before `optimizer.step()`. "
/home/xysong/.conda/envs/OoD/lib/python3.9/site-packages/torch/optim/lr_scheduler.py:418: UserWarning: To get the last learning rate computed by the scheduler, please use `get_last_lr()`.
  warnings.warn("To get the last learning rate computed by the scheduler, "
INFO:root:  LR scheduler: new learning rate is 0.0001
INFO:root:| Epoch: 001/100 | Train Time: 11.031s | Train Loss: 0.025451 |
INFO:root:| Epoch: 002/100 | Train Time: 10.703s | Train Loss: 0.016680 |
INFO:root:| Epoch: 003/100 | Train Time: 10.760s | Train Loss: 0.014909 |
INFO:root:| Epoch: 004/100 | Train Time: 10.747s | Train Loss: 0.013908 |
INFO:root:| Epoch: 005/100 | Train Time: 10.714s | Train Loss: 0.013276 |
INFO:root:| Epoch: 006/100 | Train Time: 10.712s | Train Loss: 0.012718 |
INFO:root:| Epoch: 007/100 | Train Time: 10.803s | Train Loss: 0.012316 |
INFO:root:| Epoch: 008/100 | Train Time: 10.715s | Train Loss: 0.011983 |
INFO:root:| Epoch: 009/100 | Train Time: 10.698s | Train Loss: 0.011711 |
INFO:root:| Epoch: 010/100 | Train Time: 10.695s | Train Loss: 0.011457 |
INFO:root:| Epoch: 011/100 | Train Time: 10.756s | Train Loss: 0.011210 |
INFO:root:| Epoch: 012/100 | Train Time: 10.748s | Train Loss: 0.011023 |
INFO:root:| Epoch: 013/100 | Train Time: 10.706s | Train Loss: 0.010811 |
INFO:root:| Epoch: 014/100 | Train Time: 10.711s | Train Loss: 0.010699 |
INFO:root:| Epoch: 015/100 | Train Time: 10.715s | Train Loss: 0.010511 |
INFO:root:| Epoch: 016/100 | Train Time: 10.719s | Train Loss: 0.010407 |
INFO:root:| Epoch: 017/100 | Train Time: 10.797s | Train Loss: 0.010263 |
INFO:root:| Epoch: 018/100 | Train Time: 10.721s | Train Loss: 0.010170 |
INFO:root:| Epoch: 019/100 | Train Time: 10.714s | Train Loss: 0.010047 |
INFO:root:| Epoch: 020/100 | Train Time: 10.730s | Train Loss: 0.009894 |
INFO:root:| Epoch: 021/100 | Train Time: 10.723s | Train Loss: 0.009836 |
INFO:root:| Epoch: 022/100 | Train Time: 10.713s | Train Loss: 0.009793 |
INFO:root:| Epoch: 023/100 | Train Time: 10.814s | Train Loss: 0.009689 |
INFO:root:| Epoch: 024/100 | Train Time: 10.731s | Train Loss: 0.009607 |
INFO:root:| Epoch: 025/100 | Train Time: 10.731s | Train Loss: 0.009562 |
INFO:root:| Epoch: 026/100 | Train Time: 10.704s | Train Loss: 0.009495 |
INFO:root:| Epoch: 027/100 | Train Time: 10.687s | Train Loss: 0.009453 |
INFO:root:| Epoch: 028/100 | Train Time: 10.826s | Train Loss: 0.009400 |
INFO:root:| Epoch: 029/100 | Train Time: 10.837s | Train Loss: 0.009313 |
INFO:root:| Epoch: 030/100 | Train Time: 10.744s | Train Loss: 0.009258 |
INFO:root:| Epoch: 031/100 | Train Time: 10.748s | Train Loss: 0.009247 |
INFO:root:| Epoch: 032/100 | Train Time: 10.750s | Train Loss: 0.009222 |
INFO:root:| Epoch: 033/100 | Train Time: 10.755s | Train Loss: 0.009166 |
INFO:root:| Epoch: 034/100 | Train Time: 10.764s | Train Loss: 0.009147 |
INFO:root:| Epoch: 035/100 | Train Time: 10.833s | Train Loss: 0.009089 |
INFO:root:| Epoch: 036/100 | Train Time: 10.757s | Train Loss: 0.009070 |
INFO:root:| Epoch: 037/100 | Train Time: 10.751s | Train Loss: 0.009044 |
INFO:root:| Epoch: 038/100 | Train Time: 10.757s | Train Loss: 0.008977 |
INFO:root:| Epoch: 039/100 | Train Time: 10.772s | Train Loss: 0.008989 |
INFO:root:| Epoch: 040/100 | Train Time: 10.812s | Train Loss: 0.008929 |
INFO:root:| Epoch: 041/100 | Train Time: 10.841s | Train Loss: 0.008960 |
INFO:root:| Epoch: 042/100 | Train Time: 10.767s | Train Loss: 0.008871 |
INFO:root:| Epoch: 043/100 | Train Time: 10.771s | Train Loss: 0.008883 |
INFO:root:| Epoch: 044/100 | Train Time: 10.770s | Train Loss: 0.008861 |
INFO:root:| Epoch: 045/100 | Train Time: 10.758s | Train Loss: 0.008847 |
INFO:root:| Epoch: 046/100 | Train Time: 10.820s | Train Loss: 0.008819 |
INFO:root:| Epoch: 047/100 | Train Time: 10.803s | Train Loss: 0.008841 |
INFO:root:| Epoch: 048/100 | Train Time: 10.753s | Train Loss: 0.008794 |
INFO:root:| Epoch: 049/100 | Train Time: 10.758s | Train Loss: 0.008776 |
INFO:root:| Epoch: 050/100 | Train Time: 10.766s | Train Loss: 0.008760 |
INFO:root:| Epoch: 051/100 | Train Time: 10.753s | Train Loss: 0.008760 |
INFO:root:| Epoch: 052/100 | Train Time: 10.839s | Train Loss: 0.008746 |
INFO:root:| Epoch: 053/100 | Train Time: 10.817s | Train Loss: 0.008714 |
INFO:root:| Epoch: 054/100 | Train Time: 10.801s | Train Loss: 0.008750 |
INFO:root:| Epoch: 055/100 | Train Time: 10.779s | Train Loss: 0.008711 |
INFO:root:| Epoch: 056/100 | Train Time: 10.791s | Train Loss: 0.008696 |
INFO:root:| Epoch: 057/100 | Train Time: 10.785s | Train Loss: 0.008665 |
INFO:root:| Epoch: 058/100 | Train Time: 10.867s | Train Loss: 0.008684 |
INFO:root:| Epoch: 059/100 | Train Time: 10.814s | Train Loss: 0.008672 |
INFO:root:| Epoch: 060/100 | Train Time: 10.795s | Train Loss: 0.008639 |
INFO:root:| Epoch: 061/100 | Train Time: 10.805s | Train Loss: 0.008614 |
INFO:root:| Epoch: 062/100 | Train Time: 10.796s | Train Loss: 0.008650 |
INFO:root:| Epoch: 063/100 | Train Time: 10.793s | Train Loss: 0.008638 |
INFO:root:| Epoch: 064/100 | Train Time: 10.874s | Train Loss: 0.008625 |
INFO:root:| Epoch: 065/100 | Train Time: 10.796s | Train Loss: 0.008614 |
INFO:root:| Epoch: 066/100 | Train Time: 10.792s | Train Loss: 0.008586 |
INFO:root:| Epoch: 067/100 | Train Time: 10.793s | Train Loss: 0.008572 |
INFO:root:| Epoch: 068/100 | Train Time: 10.788s | Train Loss: 0.008561 |
INFO:root:| Epoch: 069/100 | Train Time: 10.788s | Train Loss: 0.008574 |
INFO:root:| Epoch: 070/100 | Train Time: 10.876s | Train Loss: 0.008579 |
INFO:root:| Epoch: 071/100 | Train Time: 10.773s | Train Loss: 0.008556 |
INFO:root:| Epoch: 072/100 | Train Time: 10.792s | Train Loss: 0.008550 |
INFO:root:| Epoch: 073/100 | Train Time: 10.783s | Train Loss: 0.008525 |
INFO:root:| Epoch: 074/100 | Train Time: 10.788s | Train Loss: 0.008509 |
INFO:root:| Epoch: 075/100 | Train Time: 10.793s | Train Loss: 0.008510 |
INFO:root:| Epoch: 076/100 | Train Time: 10.876s | Train Loss: 0.008504 |
INFO:root:| Epoch: 077/100 | Train Time: 10.782s | Train Loss: 0.008520 |
INFO:root:| Epoch: 078/100 | Train Time: 10.790s | Train Loss: 0.008491 |
INFO:root:| Epoch: 079/100 | Train Time: 10.794s | Train Loss: 0.008488 |
INFO:root:| Epoch: 080/100 | Train Time: 10.797s | Train Loss: 0.008490 |
INFO:root:| Epoch: 081/100 | Train Time: 10.830s | Train Loss: 0.008475 |
INFO:root:| Epoch: 082/100 | Train Time: 10.852s | Train Loss: 0.008486 |
INFO:root:| Epoch: 083/100 | Train Time: 10.791s | Train Loss: 0.008471 |
INFO:root:| Epoch: 084/100 | Train Time: 10.790s | Train Loss: 0.008455 |
INFO:root:| Epoch: 085/100 | Train Time: 10.794s | Train Loss: 0.008467 |
INFO:root:| Epoch: 086/100 | Train Time: 10.791s | Train Loss: 0.008444 |
INFO:root:| Epoch: 087/100 | Train Time: 10.837s | Train Loss: 0.008430 |
INFO:root:| Epoch: 088/100 | Train Time: 10.832s | Train Loss: 0.008427 |
INFO:root:| Epoch: 089/100 | Train Time: 10.790s | Train Loss: 0.008433 |
INFO:root:| Epoch: 090/100 | Train Time: 10.788s | Train Loss: 0.008423 |
INFO:root:| Epoch: 091/100 | Train Time: 10.789s | Train Loss: 0.008381 |
INFO:root:| Epoch: 092/100 | Train Time: 10.788s | Train Loss: 0.008424 |
INFO:root:| Epoch: 093/100 | Train Time: 10.884s | Train Loss: 0.008400 |
INFO:root:| Epoch: 094/100 | Train Time: 10.849s | Train Loss: 0.008400 |
INFO:root:| Epoch: 095/100 | Train Time: 10.807s | Train Loss: 0.008403 |
INFO:root:| Epoch: 096/100 | Train Time: 10.808s | Train Loss: 0.008408 |
INFO:root:| Epoch: 097/100 | Train Time: 10.807s | Train Loss: 0.008389 |
INFO:root:| Epoch: 098/100 | Train Time: 10.815s | Train Loss: 0.008392 |
INFO:root:| Epoch: 099/100 | Train Time: 10.877s | Train Loss: 0.008354 |
INFO:root:| Epoch: 100/100 | Train Time: 10.828s | Train Loss: 0.008364 |
INFO:root:Pretraining Time: 1078.407s
INFO:root:Finished pretraining.
INFO:root:Testing autoencoder...
INFO:root:Test Loss: 0.003092
INFO:root:Test AUC: 4.13%
INFO:root:Test Time: 5.644s
INFO:root:Finished testing autoencoder.
INFO:root:Training optimizer: adam
INFO:root:Training learning rate: 0.0001
INFO:root:Training epochs: 150
INFO:root:Training learning rate scheduler milestones: (50,)
INFO:root:Training batch size: 128
INFO:root:Training weight decay: 5e-07
INFO:root:Initializing center c...
INFO:root:Center c initialized.
INFO:root:Starting training...
/home/xysong/.conda/envs/OoD/lib/python3.9/site-packages/torch/optim/lr_scheduler.py:131: UserWarning: Detected call of `lr_scheduler.step()` before `optimizer.step()`. In PyTorch 1.1.0 and later, you should call them in the opposite order: `optimizer.step()` before `lr_scheduler.step()`.  Failure to do this will result in PyTorch skipping the first value of the learning rate schedule. See more details at https://pytorch.org/docs/stable/optim.html#how-to-adjust-learning-rate
  warnings.warn("Detected call of `lr_scheduler.step()` before `optimizer.step()`. "
INFO:root:| Epoch: 001/150 | Train Time: 8.644s | Train Loss: 1.234817 |
INFO:root:| Epoch: 002/150 | Train Time: 8.622s | Train Loss: 0.126357 |
INFO:root:| Epoch: 003/150 | Train Time: 8.621s | Train Loss: 0.079356 |
INFO:root:| Epoch: 004/150 | Train Time: 8.657s | Train Loss: 0.056487 |
INFO:root:| Epoch: 005/150 | Train Time: 8.682s | Train Loss: 0.047338 |
INFO:root:| Epoch: 006/150 | Train Time: 8.616s | Train Loss: 0.038467 |
INFO:root:| Epoch: 007/150 | Train Time: 8.620s | Train Loss: 0.033042 |
INFO:root:| Epoch: 008/150 | Train Time: 8.617s | Train Loss: 0.026156 |
INFO:root:| Epoch: 009/150 | Train Time: 8.627s | Train Loss: 0.025030 |
INFO:root:| Epoch: 010/150 | Train Time: 8.643s | Train Loss: 0.023544 |
INFO:root:| Epoch: 011/150 | Train Time: 8.637s | Train Loss: 0.018918 |
INFO:root:| Epoch: 012/150 | Train Time: 8.696s | Train Loss: 0.248707 |
INFO:root:| Epoch: 013/150 | Train Time: 8.676s | Train Loss: 0.065055 |
INFO:root:| Epoch: 014/150 | Train Time: 8.620s | Train Loss: 0.012341 |
INFO:root:| Epoch: 015/150 | Train Time: 8.629s | Train Loss: 0.026689 |
INFO:root:| Epoch: 016/150 | Train Time: 8.623s | Train Loss: 0.041133 |
INFO:root:| Epoch: 017/150 | Train Time: 8.633s | Train Loss: 0.026531 |
INFO:root:| Epoch: 018/150 | Train Time: 8.626s | Train Loss: 0.079709 |
INFO:root:| Epoch: 019/150 | Train Time: 8.648s | Train Loss: 0.046933 |
INFO:root:| Epoch: 020/150 | Train Time: 8.698s | Train Loss: 0.016721 |
INFO:root:| Epoch: 021/150 | Train Time: 8.628s | Train Loss: 0.081117 |
INFO:root:| Epoch: 022/150 | Train Time: 8.649s | Train Loss: 0.019228 |
INFO:root:| Epoch: 023/150 | Train Time: 8.634s | Train Loss: 0.043163 |
INFO:root:| Epoch: 024/150 | Train Time: 8.631s | Train Loss: 0.008214 |
INFO:root:| Epoch: 025/150 | Train Time: 8.635s | Train Loss: 0.043303 |
INFO:root:| Epoch: 026/150 | Train Time: 8.650s | Train Loss: 0.093889 |
INFO:root:| Epoch: 027/150 | Train Time: 8.729s | Train Loss: 0.087291 |
INFO:root:| Epoch: 028/150 | Train Time: 8.642s | Train Loss: 0.020938 |
INFO:root:| Epoch: 029/150 | Train Time: 8.622s | Train Loss: 0.066918 |
INFO:root:| Epoch: 030/150 | Train Time: 8.629s | Train Loss: 0.006172 |
INFO:root:| Epoch: 031/150 | Train Time: 8.630s | Train Loss: 0.024011 |
INFO:root:| Epoch: 032/150 | Train Time: 8.624s | Train Loss: 0.033434 |
INFO:root:| Epoch: 033/150 | Train Time: 8.638s | Train Loss: 0.077022 |
INFO:root:| Epoch: 034/150 | Train Time: 8.691s | Train Loss: 0.024286 |
INFO:root:| Epoch: 035/150 | Train Time: 8.661s | Train Loss: 0.003747 |
INFO:root:| Epoch: 036/150 | Train Time: 8.626s | Train Loss: 0.005254 |
INFO:root:| Epoch: 037/150 | Train Time: 8.620s | Train Loss: 0.059385 |
INFO:root:| Epoch: 038/150 | Train Time: 8.635s | Train Loss: 0.005157 |
INFO:root:| Epoch: 039/150 | Train Time: 8.632s | Train Loss: 0.012970 |
INFO:root:| Epoch: 040/150 | Train Time: 8.636s | Train Loss: 0.104830 |
INFO:root:| Epoch: 041/150 | Train Time: 8.679s | Train Loss: 0.013241 |
INFO:root:| Epoch: 042/150 | Train Time: 8.701s | Train Loss: 0.008327 |
INFO:root:| Epoch: 043/150 | Train Time: 8.649s | Train Loss: 0.257784 |
INFO:root:| Epoch: 044/150 | Train Time: 8.646s | Train Loss: 0.008288 |
INFO:root:| Epoch: 045/150 | Train Time: 8.658s | Train Loss: 0.006201 |
INFO:root:| Epoch: 046/150 | Train Time: 8.637s | Train Loss: 0.009593 |
INFO:root:| Epoch: 047/150 | Train Time: 8.646s | Train Loss: 0.003149 |
INFO:root:| Epoch: 048/150 | Train Time: 8.650s | Train Loss: 0.011884 |
INFO:root:| Epoch: 049/150 | Train Time: 8.728s | Train Loss: 0.024476 |
INFO:root:| Epoch: 050/150 | Train Time: 8.634s | Train Loss: 0.001823 |
/home/xysong/.conda/envs/OoD/lib/python3.9/site-packages/torch/optim/lr_scheduler.py:418: UserWarning: To get the last learning rate computed by the scheduler, please use `get_last_lr()`.
  warnings.warn("To get the last learning rate computed by the scheduler, "
INFO:root:  LR scheduler: new learning rate is 1e-05
INFO:root:| Epoch: 051/150 | Train Time: 8.638s | Train Loss: 0.001532 |
INFO:root:| Epoch: 052/150 | Train Time: 8.634s | Train Loss: 0.001136 |
INFO:root:| Epoch: 053/150 | Train Time: 8.642s | Train Loss: 0.001134 |
INFO:root:| Epoch: 054/150 | Train Time: 8.634s | Train Loss: 0.001114 |
INFO:root:| Epoch: 055/150 | Train Time: 8.647s | Train Loss: 0.001317 |
INFO:root:| Epoch: 056/150 | Train Time: 8.717s | Train Loss: 0.000975 |
INFO:root:| Epoch: 057/150 | Train Time: 8.655s | Train Loss: 0.001036 |
INFO:root:| Epoch: 058/150 | Train Time: 8.632s | Train Loss: 0.001096 |
INFO:root:| Epoch: 059/150 | Train Time: 8.634s | Train Loss: 0.001071 |
INFO:root:| Epoch: 060/150 | Train Time: 8.631s | Train Loss: 0.001102 |
INFO:root:| Epoch: 061/150 | Train Time: 8.634s | Train Loss: 0.001235 |
INFO:root:| Epoch: 062/150 | Train Time: 8.658s | Train Loss: 0.001138 |
INFO:root:| Epoch: 063/150 | Train Time: 8.707s | Train Loss: 0.000936 |
INFO:root:| Epoch: 064/150 | Train Time: 8.695s | Train Loss: 0.002443 |
INFO:root:| Epoch: 065/150 | Train Time: 8.642s | Train Loss: 0.001218 |
INFO:root:| Epoch: 066/150 | Train Time: 8.646s | Train Loss: 0.000870 |
INFO:root:| Epoch: 067/150 | Train Time: 8.660s | Train Loss: 0.001030 |
INFO:root:| Epoch: 068/150 | Train Time: 8.663s | Train Loss: 0.001296 |
INFO:root:| Epoch: 069/150 | Train Time: 8.679s | Train Loss: 0.000990 |
INFO:root:| Epoch: 070/150 | Train Time: 8.704s | Train Loss: 0.000756 |
INFO:root:| Epoch: 071/150 | Train Time: 8.761s | Train Loss: 0.000958 |
INFO:root:| Epoch: 072/150 | Train Time: 8.697s | Train Loss: 0.001316 |
INFO:root:| Epoch: 073/150 | Train Time: 8.690s | Train Loss: 0.000709 |
INFO:root:| Epoch: 074/150 | Train Time: 8.699s | Train Loss: 0.001660 |
INFO:root:| Epoch: 075/150 | Train Time: 8.694s | Train Loss: 0.000841 |
INFO:root:| Epoch: 076/150 | Train Time: 8.689s | Train Loss: 0.000806 |
INFO:root:| Epoch: 077/150 | Train Time: 8.697s | Train Loss: 0.000733 |
INFO:root:| Epoch: 078/150 | Train Time: 8.742s | Train Loss: 0.000804 |
INFO:root:| Epoch: 079/150 | Train Time: 8.738s | Train Loss: 0.001002 |
INFO:root:| Epoch: 080/150 | Train Time: 8.684s | Train Loss: 0.001339 |
INFO:root:| Epoch: 081/150 | Train Time: 8.666s | Train Loss: 0.000734 |
INFO:root:| Epoch: 082/150 | Train Time: 8.667s | Train Loss: 0.000647 |
INFO:root:| Epoch: 083/150 | Train Time: 8.673s | Train Loss: 0.000694 |
INFO:root:| Epoch: 084/150 | Train Time: 8.670s | Train Loss: 0.001453 |
INFO:root:| Epoch: 085/150 | Train Time: 8.688s | Train Loss: 0.000504 |
INFO:root:| Epoch: 086/150 | Train Time: 8.736s | Train Loss: 0.000615 |
INFO:root:| Epoch: 087/150 | Train Time: 8.700s | Train Loss: 0.000725 |
INFO:root:| Epoch: 088/150 | Train Time: 8.685s | Train Loss: 0.000427 |
INFO:root:| Epoch: 089/150 | Train Time: 8.690s | Train Loss: 0.000582 |
INFO:root:| Epoch: 090/150 | Train Time: 8.683s | Train Loss: 0.001288 |
INFO:root:| Epoch: 091/150 | Train Time: 8.703s | Train Loss: 0.000507 |
INFO:root:| Epoch: 092/150 | Train Time: 8.706s | Train Loss: 0.000571 |
INFO:root:| Epoch: 093/150 | Train Time: 8.691s | Train Loss: 0.000688 |
INFO:root:| Epoch: 094/150 | Train Time: 8.770s | Train Loss: 0.000564 |
INFO:root:| Epoch: 095/150 | Train Time: 8.695s | Train Loss: 0.000675 |
INFO:root:| Epoch: 096/150 | Train Time: 8.685s | Train Loss: 0.000675 |
INFO:root:| Epoch: 097/150 | Train Time: 8.704s | Train Loss: 0.000882 |
INFO:root:| Epoch: 098/150 | Train Time: 8.690s | Train Loss: 0.000932 |
INFO:root:| Epoch: 099/150 | Train Time: 8.681s | Train Loss: 0.000402 |
INFO:root:| Epoch: 100/150 | Train Time: 8.688s | Train Loss: 0.000404 |
INFO:root:| Epoch: 101/150 | Train Time: 8.701s | Train Loss: 0.000639 |
INFO:root:| Epoch: 102/150 | Train Time: 8.782s | Train Loss: 0.001264 |
INFO:root:| Epoch: 103/150 | Train Time: 8.677s | Train Loss: 0.000648 |
INFO:root:| Epoch: 104/150 | Train Time: 8.673s | Train Loss: 0.000338 |
INFO:root:| Epoch: 105/150 | Train Time: 8.675s | Train Loss: 0.000874 |
INFO:root:| Epoch: 106/150 | Train Time: 8.670s | Train Loss: 0.000451 |
INFO:root:| Epoch: 107/150 | Train Time: 8.680s | Train Loss: 0.000409 |
INFO:root:| Epoch: 108/150 | Train Time: 8.694s | Train Loss: 0.000763 |
INFO:root:| Epoch: 109/150 | Train Time: 8.705s | Train Loss: 0.001676 |
INFO:root:| Epoch: 110/150 | Train Time: 8.758s | Train Loss: 0.000570 |
INFO:root:| Epoch: 111/150 | Train Time: 8.667s | Train Loss: 0.000403 |
INFO:root:| Epoch: 112/150 | Train Time: 8.688s | Train Loss: 0.000451 |
INFO:root:| Epoch: 113/150 | Train Time: 8.677s | Train Loss: 0.000577 |
INFO:root:| Epoch: 114/150 | Train Time: 8.677s | Train Loss: 0.000412 |
INFO:root:| Epoch: 115/150 | Train Time: 8.671s | Train Loss: 0.000628 |
INFO:root:| Epoch: 116/150 | Train Time: 8.685s | Train Loss: 0.000363 |
INFO:root:| Epoch: 117/150 | Train Time: 8.715s | Train Loss: 0.000431 |
INFO:root:| Epoch: 118/150 | Train Time: 8.729s | Train Loss: 0.000571 |
INFO:root:| Epoch: 119/150 | Train Time: 8.665s | Train Loss: 0.000404 |
INFO:root:| Epoch: 120/150 | Train Time: 8.677s | Train Loss: 0.001031 |
INFO:root:| Epoch: 121/150 | Train Time: 8.692s | Train Loss: 0.000707 |
INFO:root:| Epoch: 122/150 | Train Time: 8.683s | Train Loss: 0.000389 |
INFO:root:| Epoch: 123/150 | Train Time: 8.683s | Train Loss: 0.000586 |
INFO:root:| Epoch: 124/150 | Train Time: 8.691s | Train Loss: 0.000396 |
INFO:root:| Epoch: 125/150 | Train Time: 8.757s | Train Loss: 0.000375 |
INFO:root:| Epoch: 126/150 | Train Time: 8.734s | Train Loss: 0.000571 |
INFO:root:| Epoch: 127/150 | Train Time: 8.696s | Train Loss: 0.000431 |
INFO:root:| Epoch: 128/150 | Train Time: 8.681s | Train Loss: 0.000462 |
INFO:root:| Epoch: 129/150 | Train Time: 8.697s | Train Loss: 0.000406 |
INFO:root:| Epoch: 130/150 | Train Time: 8.702s | Train Loss: 0.000623 |
INFO:root:| Epoch: 131/150 | Train Time: 8.688s | Train Loss: 0.000537 |
INFO:root:| Epoch: 132/150 | Train Time: 8.699s | Train Loss: 0.000361 |
INFO:root:| Epoch: 133/150 | Train Time: 8.767s | Train Loss: 0.001250 |
INFO:root:| Epoch: 134/150 | Train Time: 8.689s | Train Loss: 0.000430 |
INFO:root:| Epoch: 135/150 | Train Time: 8.676s | Train Loss: 0.000379 |
INFO:root:| Epoch: 136/150 | Train Time: 8.686s | Train Loss: 0.000304 |
INFO:root:| Epoch: 137/150 | Train Time: 8.684s | Train Loss: 0.000271 |
INFO:root:| Epoch: 138/150 | Train Time: 8.684s | Train Loss: 0.000814 |
INFO:root:| Epoch: 139/150 | Train Time: 8.703s | Train Loss: 0.001231 |
INFO:root:| Epoch: 140/150 | Train Time: 8.717s | Train Loss: 0.000343 |
INFO:root:| Epoch: 141/150 | Train Time: 8.802s | Train Loss: 0.000246 |
INFO:root:| Epoch: 142/150 | Train Time: 8.688s | Train Loss: 0.000360 |
INFO:root:| Epoch: 143/150 | Train Time: 8.698s | Train Loss: 0.000346 |
INFO:root:| Epoch: 144/150 | Train Time: 8.702s | Train Loss: 0.000358 |
INFO:root:| Epoch: 145/150 | Train Time: 8.694s | Train Loss: 0.000511 |
INFO:root:| Epoch: 146/150 | Train Time: 8.697s | Train Loss: 0.001153 |
INFO:root:| Epoch: 147/150 | Train Time: 8.712s | Train Loss: 0.000277 |
INFO:root:| Epoch: 148/150 | Train Time: 8.719s | Train Loss: 0.000397 |
INFO:root:| Epoch: 149/150 | Train Time: 8.780s | Train Loss: 0.000345 |
INFO:root:| Epoch: 150/150 | Train Time: 8.701s | Train Loss: 0.000754 |
INFO:root:Training Time: 1301.528s
INFO:root:Finished training.
INFO:root:Starting testing...
INFO:root:Testing TPR95: 0.0302
INFO:root:Testing TPR99: 0.0026
INFO:root:Test Loss: 0.000614
INFO:root:Test AUC: 60.52%
INFO:root:Test Time: 5.013s
INFO:root:Finished testing.
Files already downloaded and verified
Files already downloaded and verified
InD Train set shape: (50000, 32, 32, 3), InD Test set shape: (10000, 32, 32, 3)
(1280, 32, 32, 3)
Using downloaded and verified file: ../data/test_32x32.mat
OoD Test set shape: (26032, 32, 32, 3)
Using number-pre-sampled sampler
Train set shape: (50000, 32, 32, 3)
Train set size: 51280
Train targets size: 51280
Train semi-targets size: 51280
Counter({6: 5128, 9: 5128, 4: 5128, 1: 5128, 2: 5128, 7: 5128, 8: 5128, 3: 5128, 5: 5128, 0: 5128})
Test set size: 36032
Test targets: Counter({1.0: 26032, 0.0: 10000})
InD Test Size: 10000, OoD Test Size: 26032, TPR95: 0.0302
InD Test Size: 10000, OoD Test Size: 26032, TPR99: 0.0026
