mkdir: cannot create directory ‘log/DeepSAD’: File exists
INFO:root:Log file is ../log/DeepSAD/cifar10-svhn-Balanced-256/log.txt
INFO:root:Data path is ../data
INFO:root:Export path is ../log/DeepSAD/cifar10-svhn-Balanced-256
INFO:root:Dataset: cifar10-svhn
INFO:root:Normal class: [0, 1, 2, 3, 4, 5, 6, 7]
INFO:root:Ratio of labeled normal train samples: 0.00
INFO:root:Ratio of labeled anomalous samples: 0.01
INFO:root:Pollution ratio of unlabeled train data: 0.10
INFO:root:Known anomaly class: 1
INFO:root:Network: cifar10_LeNet
INFO:root:Eta-parameter: 1.00
INFO:root:Set seed to 999.
INFO:root:Computation device: cuda
INFO:root:Number of threads: 0
INFO:root:Number of dataloader workers: 0
INFO:root:Pretraining: True
INFO:root:Pretraining optimizer: adam
INFO:root:Pretraining learning rate: 0.001
INFO:root:Pretraining epochs: 100
INFO:root:Pretraining learning rate scheduler milestones: (0,)
INFO:root:Pretraining batch size: 128
INFO:root:Pretraining weight decay: 1e-06
INFO:root:Starting pretraining...
/home/xysong/.conda/envs/OoD/lib/python3.9/site-packages/torch/optim/lr_scheduler.py:131: UserWarning: Detected call of `lr_scheduler.step()` before `optimizer.step()`. In PyTorch 1.1.0 and later, you should call them in the opposite order: `optimizer.step()` before `lr_scheduler.step()`.  Failure to do this will result in PyTorch skipping the first value of the learning rate schedule. See more details at https://pytorch.org/docs/stable/optim.html#how-to-adjust-learning-rate
  warnings.warn("Detected call of `lr_scheduler.step()` before `optimizer.step()`. "
/home/xysong/.conda/envs/OoD/lib/python3.9/site-packages/torch/optim/lr_scheduler.py:418: UserWarning: To get the last learning rate computed by the scheduler, please use `get_last_lr()`.
  warnings.warn("To get the last learning rate computed by the scheduler, "
INFO:root:  LR scheduler: new learning rate is 0.0001
INFO:root:| Epoch: 001/100 | Train Time: 11.502s | Train Loss: 0.027174 |
INFO:root:| Epoch: 002/100 | Train Time: 11.094s | Train Loss: 0.018143 |
INFO:root:| Epoch: 003/100 | Train Time: 11.201s | Train Loss: 0.016439 |
INFO:root:| Epoch: 004/100 | Train Time: 11.145s | Train Loss: 0.015396 |
INFO:root:| Epoch: 005/100 | Train Time: 11.115s | Train Loss: 0.014699 |
INFO:root:| Epoch: 006/100 | Train Time: 11.147s | Train Loss: 0.014184 |
INFO:root:| Epoch: 007/100 | Train Time: 11.217s | Train Loss: 0.013762 |
INFO:root:| Epoch: 008/100 | Train Time: 11.119s | Train Loss: 0.013411 |
INFO:root:| Epoch: 009/100 | Train Time: 11.119s | Train Loss: 0.013099 |
INFO:root:| Epoch: 010/100 | Train Time: 11.125s | Train Loss: 0.012879 |
INFO:root:| Epoch: 011/100 | Train Time: 11.247s | Train Loss: 0.012625 |
INFO:root:| Epoch: 012/100 | Train Time: 11.111s | Train Loss: 0.012453 |
INFO:root:| Epoch: 013/100 | Train Time: 11.105s | Train Loss: 0.012271 |
INFO:root:| Epoch: 014/100 | Train Time: 11.116s | Train Loss: 0.012109 |
INFO:root:| Epoch: 015/100 | Train Time: 11.121s | Train Loss: 0.011967 |
INFO:root:| Epoch: 016/100 | Train Time: 11.202s | Train Loss: 0.011843 |
INFO:root:| Epoch: 017/100 | Train Time: 11.157s | Train Loss: 0.011677 |
INFO:root:| Epoch: 018/100 | Train Time: 11.113s | Train Loss: 0.011603 |
INFO:root:| Epoch: 019/100 | Train Time: 11.127s | Train Loss: 0.011496 |
INFO:root:| Epoch: 020/100 | Train Time: 11.120s | Train Loss: 0.011360 |
INFO:root:| Epoch: 021/100 | Train Time: 11.136s | Train Loss: 0.011317 |
INFO:root:| Epoch: 022/100 | Train Time: 11.247s | Train Loss: 0.011241 |
INFO:root:| Epoch: 023/100 | Train Time: 11.139s | Train Loss: 0.011192 |
INFO:root:| Epoch: 024/100 | Train Time: 11.135s | Train Loss: 0.011079 |
INFO:root:| Epoch: 025/100 | Train Time: 11.112s | Train Loss: 0.011033 |
INFO:root:| Epoch: 026/100 | Train Time: 11.122s | Train Loss: 0.010987 |
INFO:root:| Epoch: 027/100 | Train Time: 11.141s | Train Loss: 0.010971 |
INFO:root:| Epoch: 028/100 | Train Time: 11.225s | Train Loss: 0.010883 |
INFO:root:| Epoch: 029/100 | Train Time: 11.108s | Train Loss: 0.010917 |
INFO:root:| Epoch: 030/100 | Train Time: 11.121s | Train Loss: 0.010773 |
INFO:root:| Epoch: 031/100 | Train Time: 11.134s | Train Loss: 0.010757 |
INFO:root:| Epoch: 032/100 | Train Time: 11.135s | Train Loss: 0.010728 |
INFO:root:| Epoch: 033/100 | Train Time: 11.228s | Train Loss: 0.010704 |
INFO:root:| Epoch: 034/100 | Train Time: 11.186s | Train Loss: 0.010683 |
INFO:root:| Epoch: 035/100 | Train Time: 11.147s | Train Loss: 0.010629 |
INFO:root:| Epoch: 036/100 | Train Time: 11.126s | Train Loss: 0.010602 |
INFO:root:| Epoch: 037/100 | Train Time: 11.134s | Train Loss: 0.010573 |
INFO:root:| Epoch: 038/100 | Train Time: 11.143s | Train Loss: 0.010565 |
INFO:root:| Epoch: 039/100 | Train Time: 11.257s | Train Loss: 0.010550 |
INFO:root:| Epoch: 040/100 | Train Time: 11.151s | Train Loss: 0.010548 |
INFO:root:| Epoch: 041/100 | Train Time: 11.145s | Train Loss: 0.010495 |
INFO:root:| Epoch: 042/100 | Train Time: 11.144s | Train Loss: 0.010445 |
INFO:root:| Epoch: 043/100 | Train Time: 11.165s | Train Loss: 0.010474 |
INFO:root:| Epoch: 044/100 | Train Time: 11.194s | Train Loss: 0.010436 |
INFO:root:| Epoch: 045/100 | Train Time: 11.271s | Train Loss: 0.010412 |
INFO:root:| Epoch: 046/100 | Train Time: 11.166s | Train Loss: 0.010404 |
INFO:root:| Epoch: 047/100 | Train Time: 11.166s | Train Loss: 0.010377 |
INFO:root:| Epoch: 048/100 | Train Time: 11.171s | Train Loss: 0.010360 |
INFO:root:| Epoch: 049/100 | Train Time: 11.168s | Train Loss: 0.010349 |
INFO:root:| Epoch: 050/100 | Train Time: 11.263s | Train Loss: 0.010355 |
INFO:root:| Epoch: 051/100 | Train Time: 11.205s | Train Loss: 0.010329 |
INFO:root:| Epoch: 052/100 | Train Time: 11.155s | Train Loss: 0.010333 |
INFO:root:| Epoch: 053/100 | Train Time: 11.166s | Train Loss: 0.010312 |
INFO:root:| Epoch: 054/100 | Train Time: 11.146s | Train Loss: 0.010296 |
INFO:root:| Epoch: 055/100 | Train Time: 11.159s | Train Loss: 0.010285 |
INFO:root:| Epoch: 056/100 | Train Time: 11.296s | Train Loss: 0.010279 |
INFO:root:| Epoch: 057/100 | Train Time: 11.168s | Train Loss: 0.010256 |
INFO:root:| Epoch: 058/100 | Train Time: 11.180s | Train Loss: 0.010262 |
INFO:root:| Epoch: 059/100 | Train Time: 11.177s | Train Loss: 0.010252 |
INFO:root:| Epoch: 060/100 | Train Time: 11.151s | Train Loss: 0.010223 |
INFO:root:| Epoch: 061/100 | Train Time: 11.195s | Train Loss: 0.010220 |
INFO:root:| Epoch: 062/100 | Train Time: 11.258s | Train Loss: 0.010214 |
INFO:root:| Epoch: 063/100 | Train Time: 11.150s | Train Loss: 0.010199 |
INFO:root:| Epoch: 064/100 | Train Time: 11.151s | Train Loss: 0.010218 |
INFO:root:| Epoch: 065/100 | Train Time: 11.151s | Train Loss: 0.010202 |
INFO:root:| Epoch: 066/100 | Train Time: 11.160s | Train Loss: 0.010190 |
INFO:root:| Epoch: 067/100 | Train Time: 11.258s | Train Loss: 0.010169 |
INFO:root:| Epoch: 068/100 | Train Time: 11.194s | Train Loss: 0.010176 |
INFO:root:| Epoch: 069/100 | Train Time: 11.159s | Train Loss: 0.010168 |
INFO:root:| Epoch: 070/100 | Train Time: 11.142s | Train Loss: 0.010149 |
INFO:root:| Epoch: 071/100 | Train Time: 11.143s | Train Loss: 0.010145 |
INFO:root:| Epoch: 072/100 | Train Time: 11.172s | Train Loss: 0.010126 |
INFO:root:| Epoch: 073/100 | Train Time: 11.294s | Train Loss: 0.010135 |
INFO:root:| Epoch: 074/100 | Train Time: 11.165s | Train Loss: 0.010126 |
INFO:root:| Epoch: 075/100 | Train Time: 11.154s | Train Loss: 0.010128 |
INFO:root:| Epoch: 076/100 | Train Time: 11.154s | Train Loss: 0.010127 |
INFO:root:| Epoch: 077/100 | Train Time: 11.143s | Train Loss: 0.010101 |
INFO:root:| Epoch: 078/100 | Train Time: 11.190s | Train Loss: 0.010096 |
INFO:root:| Epoch: 079/100 | Train Time: 11.240s | Train Loss: 0.010101 |
INFO:root:| Epoch: 080/100 | Train Time: 11.134s | Train Loss: 0.010084 |
INFO:root:| Epoch: 081/100 | Train Time: 11.142s | Train Loss: 0.010077 |
INFO:root:| Epoch: 082/100 | Train Time: 11.150s | Train Loss: 0.010084 |
INFO:root:| Epoch: 083/100 | Train Time: 11.144s | Train Loss: 0.010068 |
INFO:root:| Epoch: 084/100 | Train Time: 11.235s | Train Loss: 0.010061 |
INFO:root:| Epoch: 085/100 | Train Time: 11.182s | Train Loss: 0.010079 |
INFO:root:| Epoch: 086/100 | Train Time: 11.144s | Train Loss: 0.010041 |
INFO:root:| Epoch: 087/100 | Train Time: 11.148s | Train Loss: 0.010048 |
INFO:root:| Epoch: 088/100 | Train Time: 11.157s | Train Loss: 0.010038 |
INFO:root:| Epoch: 089/100 | Train Time: 11.151s | Train Loss: 0.010035 |
INFO:root:| Epoch: 090/100 | Train Time: 11.263s | Train Loss: 0.010041 |
INFO:root:| Epoch: 091/100 | Train Time: 11.153s | Train Loss: 0.010039 |
INFO:root:| Epoch: 092/100 | Train Time: 11.142s | Train Loss: 0.010023 |
INFO:root:| Epoch: 093/100 | Train Time: 11.142s | Train Loss: 0.010015 |
INFO:root:| Epoch: 094/100 | Train Time: 11.132s | Train Loss: 0.010015 |
INFO:root:| Epoch: 095/100 | Train Time: 11.184s | Train Loss: 0.009997 |
INFO:root:| Epoch: 096/100 | Train Time: 11.250s | Train Loss: 0.010002 |
INFO:root:| Epoch: 097/100 | Train Time: 11.142s | Train Loss: 0.010013 |
INFO:root:| Epoch: 098/100 | Train Time: 11.167s | Train Loss: 0.010012 |
INFO:root:| Epoch: 099/100 | Train Time: 11.174s | Train Loss: 0.009998 |
INFO:root:| Epoch: 100/100 | Train Time: 11.157s | Train Loss: 0.009976 |
INFO:root:Pretraining Time: 1116.989s
INFO:root:Finished pretraining.
INFO:root:Testing autoencoder...
INFO:root:Test Loss: 0.003022
INFO:root:Test AUC: 4.23%
INFO:root:Test Time: 5.741s
INFO:root:Finished testing autoencoder.
INFO:root:Training optimizer: adam
INFO:root:Training learning rate: 0.0001
INFO:root:Training epochs: 150
INFO:root:Training learning rate scheduler milestones: (50,)
INFO:root:Training batch size: 128
INFO:root:Training weight decay: 5e-07
INFO:root:Initializing center c...
INFO:root:Center c initialized.
INFO:root:Starting training...
/home/xysong/.conda/envs/OoD/lib/python3.9/site-packages/torch/optim/lr_scheduler.py:131: UserWarning: Detected call of `lr_scheduler.step()` before `optimizer.step()`. In PyTorch 1.1.0 and later, you should call them in the opposite order: `optimizer.step()` before `lr_scheduler.step()`.  Failure to do this will result in PyTorch skipping the first value of the learning rate schedule. See more details at https://pytorch.org/docs/stable/optim.html#how-to-adjust-learning-rate
  warnings.warn("Detected call of `lr_scheduler.step()` before `optimizer.step()`. "
INFO:root:| Epoch: 001/150 | Train Time: 8.956s | Train Loss: 1.019680 |
INFO:root:| Epoch: 002/150 | Train Time: 8.938s | Train Loss: 0.090863 |
INFO:root:| Epoch: 003/150 | Train Time: 8.930s | Train Loss: 0.062943 |
INFO:root:| Epoch: 004/150 | Train Time: 8.933s | Train Loss: 0.044777 |
INFO:root:| Epoch: 005/150 | Train Time: 8.938s | Train Loss: 0.056734 |
INFO:root:| Epoch: 006/150 | Train Time: 8.930s | Train Loss: 0.042383 |
INFO:root:| Epoch: 007/150 | Train Time: 9.007s | Train Loss: 0.021651 |
INFO:root:| Epoch: 008/150 | Train Time: 9.016s | Train Loss: 0.021160 |
INFO:root:| Epoch: 009/150 | Train Time: 8.933s | Train Loss: 0.014696 |
INFO:root:| Epoch: 010/150 | Train Time: 8.925s | Train Loss: 0.036785 |
INFO:root:| Epoch: 011/150 | Train Time: 8.928s | Train Loss: 0.011011 |
INFO:root:| Epoch: 012/150 | Train Time: 8.938s | Train Loss: 0.008346 |
INFO:root:| Epoch: 013/150 | Train Time: 8.954s | Train Loss: 0.017369 |
INFO:root:| Epoch: 014/150 | Train Time: 8.948s | Train Loss: 0.019585 |
INFO:root:| Epoch: 015/150 | Train Time: 9.064s | Train Loss: 0.026066 |
INFO:root:| Epoch: 016/150 | Train Time: 8.955s | Train Loss: 0.024123 |
INFO:root:| Epoch: 017/150 | Train Time: 8.940s | Train Loss: 0.033426 |
INFO:root:| Epoch: 018/150 | Train Time: 8.935s | Train Loss: 0.071169 |
INFO:root:| Epoch: 019/150 | Train Time: 8.926s | Train Loss: 0.046956 |
INFO:root:| Epoch: 020/150 | Train Time: 8.934s | Train Loss: 0.005530 |
INFO:root:| Epoch: 021/150 | Train Time: 8.946s | Train Loss: 0.003834 |
INFO:root:| Epoch: 022/150 | Train Time: 9.063s | Train Loss: 0.003012 |
INFO:root:| Epoch: 023/150 | Train Time: 8.947s | Train Loss: 0.003974 |
INFO:root:| Epoch: 024/150 | Train Time: 8.920s | Train Loss: 0.003000 |
INFO:root:| Epoch: 025/150 | Train Time: 8.920s | Train Loss: 0.002632 |
INFO:root:| Epoch: 026/150 | Train Time: 8.920s | Train Loss: 0.004131 |
INFO:root:| Epoch: 027/150 | Train Time: 8.926s | Train Loss: 0.271311 |
INFO:root:| Epoch: 028/150 | Train Time: 8.940s | Train Loss: 0.072763 |
INFO:root:| Epoch: 029/150 | Train Time: 9.051s | Train Loss: 0.009156 |
INFO:root:| Epoch: 030/150 | Train Time: 8.955s | Train Loss: 0.004735 |
INFO:root:| Epoch: 031/150 | Train Time: 8.930s | Train Loss: 0.004601 |
INFO:root:| Epoch: 032/150 | Train Time: 8.929s | Train Loss: 0.004154 |
INFO:root:| Epoch: 033/150 | Train Time: 8.931s | Train Loss: 0.003841 |
INFO:root:| Epoch: 034/150 | Train Time: 8.935s | Train Loss: 0.003251 |
INFO:root:| Epoch: 035/150 | Train Time: 8.944s | Train Loss: 0.002861 |
INFO:root:| Epoch: 036/150 | Train Time: 9.062s | Train Loss: 0.003371 |
INFO:root:| Epoch: 037/150 | Train Time: 8.952s | Train Loss: 0.004182 |
INFO:root:| Epoch: 038/150 | Train Time: 8.924s | Train Loss: 0.294007 |
INFO:root:| Epoch: 039/150 | Train Time: 8.940s | Train Loss: 0.167244 |
INFO:root:| Epoch: 040/150 | Train Time: 8.946s | Train Loss: 0.023494 |
INFO:root:| Epoch: 041/150 | Train Time: 8.969s | Train Loss: 0.013208 |
INFO:root:| Epoch: 042/150 | Train Time: 8.970s | Train Loss: 0.003689 |
INFO:root:| Epoch: 043/150 | Train Time: 9.065s | Train Loss: 0.002482 |
INFO:root:| Epoch: 044/150 | Train Time: 8.981s | Train Loss: 0.048181 |
INFO:root:| Epoch: 045/150 | Train Time: 8.949s | Train Loss: 0.007115 |
INFO:root:| Epoch: 046/150 | Train Time: 8.951s | Train Loss: 0.062319 |
INFO:root:| Epoch: 047/150 | Train Time: 8.940s | Train Loss: 0.096064 |
INFO:root:| Epoch: 048/150 | Train Time: 8.934s | Train Loss: 0.018456 |
INFO:root:| Epoch: 049/150 | Train Time: 8.939s | Train Loss: 0.003792 |
INFO:root:| Epoch: 050/150 | Train Time: 8.959s | Train Loss: 0.017062 |
/home/xysong/.conda/envs/OoD/lib/python3.9/site-packages/torch/optim/lr_scheduler.py:418: UserWarning: To get the last learning rate computed by the scheduler, please use `get_last_lr()`.
  warnings.warn("To get the last learning rate computed by the scheduler, "
INFO:root:  LR scheduler: new learning rate is 1e-05
INFO:root:| Epoch: 051/150 | Train Time: 9.060s | Train Loss: 0.002373 |
INFO:root:| Epoch: 052/150 | Train Time: 8.947s | Train Loss: 0.002600 |
INFO:root:| Epoch: 053/150 | Train Time: 8.937s | Train Loss: 0.008726 |
INFO:root:| Epoch: 054/150 | Train Time: 8.945s | Train Loss: 0.005568 |
INFO:root:| Epoch: 055/150 | Train Time: 8.945s | Train Loss: 0.005328 |
INFO:root:| Epoch: 056/150 | Train Time: 8.948s | Train Loss: 0.002339 |
INFO:root:| Epoch: 057/150 | Train Time: 8.961s | Train Loss: 0.005477 |
INFO:root:| Epoch: 058/150 | Train Time: 9.077s | Train Loss: 0.005368 |
INFO:root:| Epoch: 059/150 | Train Time: 8.943s | Train Loss: 0.007854 |
INFO:root:| Epoch: 060/150 | Train Time: 8.929s | Train Loss: 0.006143 |
INFO:root:| Epoch: 061/150 | Train Time: 8.932s | Train Loss: 0.001924 |
INFO:root:| Epoch: 062/150 | Train Time: 8.933s | Train Loss: 0.001605 |
INFO:root:| Epoch: 063/150 | Train Time: 8.940s | Train Loss: 0.005150 |
INFO:root:| Epoch: 064/150 | Train Time: 8.952s | Train Loss: 0.004644 |
INFO:root:| Epoch: 065/150 | Train Time: 9.046s | Train Loss: 0.001527 |
INFO:root:| Epoch: 066/150 | Train Time: 8.998s | Train Loss: 0.001532 |
INFO:root:| Epoch: 067/150 | Train Time: 8.959s | Train Loss: 0.006507 |
INFO:root:| Epoch: 068/150 | Train Time: 8.966s | Train Loss: 0.003685 |
INFO:root:| Epoch: 069/150 | Train Time: 8.971s | Train Loss: 0.001788 |
INFO:root:| Epoch: 070/150 | Train Time: 8.959s | Train Loss: 0.001633 |
INFO:root:| Epoch: 071/150 | Train Time: 8.965s | Train Loss: 0.002334 |
INFO:root:| Epoch: 072/150 | Train Time: 8.982s | Train Loss: 0.002773 |
INFO:root:| Epoch: 073/150 | Train Time: 9.081s | Train Loss: 0.004112 |
INFO:root:| Epoch: 074/150 | Train Time: 8.948s | Train Loss: 0.003313 |
INFO:root:| Epoch: 075/150 | Train Time: 8.944s | Train Loss: 0.001520 |
INFO:root:| Epoch: 076/150 | Train Time: 8.948s | Train Loss: 0.002180 |
INFO:root:| Epoch: 077/150 | Train Time: 8.945s | Train Loss: 0.004349 |
INFO:root:| Epoch: 078/150 | Train Time: 8.943s | Train Loss: 0.001281 |
INFO:root:| Epoch: 079/150 | Train Time: 8.966s | Train Loss: 0.001224 |
INFO:root:| Epoch: 080/150 | Train Time: 9.047s | Train Loss: 0.001229 |
INFO:root:| Epoch: 081/150 | Train Time: 9.028s | Train Loss: 0.001224 |
INFO:root:| Epoch: 082/150 | Train Time: 8.955s | Train Loss: 0.003323 |
INFO:root:| Epoch: 083/150 | Train Time: 8.950s | Train Loss: 0.002810 |
INFO:root:| Epoch: 084/150 | Train Time: 8.947s | Train Loss: 0.002400 |
INFO:root:| Epoch: 085/150 | Train Time: 8.963s | Train Loss: 0.005876 |
INFO:root:| Epoch: 086/150 | Train Time: 8.958s | Train Loss: 0.001075 |
INFO:root:| Epoch: 087/150 | Train Time: 8.982s | Train Loss: 0.001050 |
INFO:root:| Epoch: 088/150 | Train Time: 9.115s | Train Loss: 0.003941 |
INFO:root:| Epoch: 089/150 | Train Time: 8.984s | Train Loss: 0.002688 |
INFO:root:| Epoch: 090/150 | Train Time: 8.979s | Train Loss: 0.001005 |
INFO:root:| Epoch: 091/150 | Train Time: 8.969s | Train Loss: 0.000932 |
INFO:root:| Epoch: 092/150 | Train Time: 8.988s | Train Loss: 0.004675 |
INFO:root:| Epoch: 093/150 | Train Time: 8.982s | Train Loss: 0.001226 |
INFO:root:| Epoch: 094/150 | Train Time: 8.979s | Train Loss: 0.000855 |
INFO:root:| Epoch: 095/150 | Train Time: 9.046s | Train Loss: 0.000986 |
INFO:root:| Epoch: 096/150 | Train Time: 9.025s | Train Loss: 0.002270 |
INFO:root:| Epoch: 097/150 | Train Time: 8.949s | Train Loss: 0.001758 |
INFO:root:| Epoch: 098/150 | Train Time: 8.944s | Train Loss: 0.004101 |
INFO:root:| Epoch: 099/150 | Train Time: 8.958s | Train Loss: 0.002509 |
INFO:root:| Epoch: 100/150 | Train Time: 8.961s | Train Loss: 0.001015 |
INFO:root:| Epoch: 101/150 | Train Time: 8.957s | Train Loss: 0.000848 |
INFO:root:| Epoch: 102/150 | Train Time: 8.971s | Train Loss: 0.000820 |
INFO:root:| Epoch: 103/150 | Train Time: 9.071s | Train Loss: 0.000791 |
INFO:root:| Epoch: 104/150 | Train Time: 8.965s | Train Loss: 0.000766 |
INFO:root:| Epoch: 105/150 | Train Time: 8.950s | Train Loss: 0.004764 |
INFO:root:| Epoch: 106/150 | Train Time: 8.955s | Train Loss: 0.004054 |
INFO:root:| Epoch: 107/150 | Train Time: 8.965s | Train Loss: 0.000875 |
INFO:root:| Epoch: 108/150 | Train Time: 8.963s | Train Loss: 0.000915 |
INFO:root:| Epoch: 109/150 | Train Time: 8.959s | Train Loss: 0.000907 |
INFO:root:| Epoch: 110/150 | Train Time: 9.002s | Train Loss: 0.001540 |
INFO:root:| Epoch: 111/150 | Train Time: 9.044s | Train Loss: 0.000970 |
INFO:root:| Epoch: 112/150 | Train Time: 8.950s | Train Loss: 0.002790 |
INFO:root:| Epoch: 113/150 | Train Time: 8.947s | Train Loss: 0.001187 |
INFO:root:| Epoch: 114/150 | Train Time: 8.972s | Train Loss: 0.000934 |
INFO:root:| Epoch: 115/150 | Train Time: 8.953s | Train Loss: 0.000873 |
INFO:root:| Epoch: 116/150 | Train Time: 8.944s | Train Loss: 0.000788 |
INFO:root:| Epoch: 117/150 | Train Time: 8.968s | Train Loss: 0.001793 |
INFO:root:| Epoch: 118/150 | Train Time: 9.090s | Train Loss: 0.001525 |
INFO:root:| Epoch: 119/150 | Train Time: 8.970s | Train Loss: 0.003106 |
INFO:root:| Epoch: 120/150 | Train Time: 8.945s | Train Loss: 0.000969 |
INFO:root:| Epoch: 121/150 | Train Time: 8.956s | Train Loss: 0.000852 |
INFO:root:| Epoch: 122/150 | Train Time: 8.967s | Train Loss: 0.000696 |
INFO:root:| Epoch: 123/150 | Train Time: 8.983s | Train Loss: 0.001708 |
INFO:root:| Epoch: 124/150 | Train Time: 8.994s | Train Loss: 0.001359 |
INFO:root:| Epoch: 125/150 | Train Time: 9.014s | Train Loss: 0.001722 |
INFO:root:| Epoch: 126/150 | Train Time: 9.100s | Train Loss: 0.001877 |
INFO:root:| Epoch: 127/150 | Train Time: 8.976s | Train Loss: 0.002246 |
INFO:root:| Epoch: 128/150 | Train Time: 8.958s | Train Loss: 0.001128 |
INFO:root:| Epoch: 129/150 | Train Time: 8.949s | Train Loss: 0.001698 |
INFO:root:| Epoch: 130/150 | Train Time: 8.943s | Train Loss: 0.003100 |
INFO:root:| Epoch: 131/150 | Train Time: 8.947s | Train Loss: 0.003431 |
INFO:root:| Epoch: 132/150 | Train Time: 8.962s | Train Loss: 0.002087 |
INFO:root:| Epoch: 133/150 | Train Time: 9.055s | Train Loss: 0.001161 |
INFO:root:| Epoch: 134/150 | Train Time: 8.992s | Train Loss: 0.001120 |
INFO:root:| Epoch: 135/150 | Train Time: 8.943s | Train Loss: 0.000585 |
INFO:root:| Epoch: 136/150 | Train Time: 8.953s | Train Loss: 0.000654 |
INFO:root:| Epoch: 137/150 | Train Time: 8.948s | Train Loss: 0.004728 |
INFO:root:| Epoch: 138/150 | Train Time: 8.949s | Train Loss: 0.001202 |
INFO:root:| Epoch: 139/150 | Train Time: 8.956s | Train Loss: 0.001268 |
INFO:root:| Epoch: 140/150 | Train Time: 8.957s | Train Loss: 0.000712 |
INFO:root:| Epoch: 141/150 | Train Time: 9.095s | Train Loss: 0.001483 |
INFO:root:| Epoch: 142/150 | Train Time: 8.951s | Train Loss: 0.000740 |
INFO:root:| Epoch: 143/150 | Train Time: 8.960s | Train Loss: 0.000710 |
INFO:root:| Epoch: 144/150 | Train Time: 8.963s | Train Loss: 0.000711 |
INFO:root:| Epoch: 145/150 | Train Time: 8.958s | Train Loss: 0.000564 |
INFO:root:| Epoch: 146/150 | Train Time: 8.969s | Train Loss: 0.001006 |
INFO:root:| Epoch: 147/150 | Train Time: 8.972s | Train Loss: 0.002429 |
INFO:root:| Epoch: 148/150 | Train Time: 9.061s | Train Loss: 0.000828 |
INFO:root:| Epoch: 149/150 | Train Time: 9.001s | Train Loss: 0.001394 |
INFO:root:| Epoch: 150/150 | Train Time: 8.947s | Train Loss: 0.000645 |
INFO:root:Training Time: 1345.506s
INFO:root:Finished training.
INFO:root:Starting testing...
INFO:root:Testing TPR95: 0.0033
INFO:root:Testing TPR99: 0.0000
INFO:root:Test Loss: 0.000147
INFO:root:Test AUC: 20.97%
INFO:root:Test Time: 5.075s
INFO:root:Finished testing.
Files already downloaded and verified
Files already downloaded and verified
InD Train set shape: (50000, 32, 32, 3), InD Test set shape: (10000, 32, 32, 3)
(2560, 32, 32, 3)
Using downloaded and verified file: ../data/test_32x32.mat
OoD Test set shape: (26032, 32, 32, 3)
Using number-pre-sampled sampler
Train set shape: (50000, 32, 32, 3)
Train set size: 52560
Train targets size: 52560
Train semi-targets size: 52560
Counter({6: 5256, 9: 5256, 4: 5256, 1: 5256, 2: 5256, 7: 5256, 8: 5256, 3: 5256, 5: 5256, 0: 5256})
Test set size: 36032
Test targets: Counter({1.0: 26032, 0.0: 10000})
InD Test Size: 10000, OoD Test Size: 26032, TPR95: 0.0033
InD Test Size: 10000, OoD Test Size: 26032, TPR99: 0.0000
