mkdir: cannot create directory ‘log/DeepSAD’: File exists
INFO:root:Log file is ../log/DeepSAD/cifar10-svhn-Balanced-64/log.txt
INFO:root:Data path is ../data
INFO:root:Export path is ../log/DeepSAD/cifar10-svhn-Balanced-64
INFO:root:Dataset: cifar10-svhn
INFO:root:Normal class: [0, 1, 2, 3, 4, 5, 6, 7]
INFO:root:Ratio of labeled normal train samples: 0.00
INFO:root:Ratio of labeled anomalous samples: 0.01
INFO:root:Pollution ratio of unlabeled train data: 0.10
INFO:root:Known anomaly class: 1
INFO:root:Network: cifar10_LeNet
INFO:root:Eta-parameter: 1.00
INFO:root:Set seed to 999.
INFO:root:Computation device: cuda
INFO:root:Number of threads: 0
INFO:root:Number of dataloader workers: 0
INFO:root:Pretraining: True
INFO:root:Pretraining optimizer: adam
INFO:root:Pretraining learning rate: 0.001
INFO:root:Pretraining epochs: 100
INFO:root:Pretraining learning rate scheduler milestones: (0,)
INFO:root:Pretraining batch size: 128
INFO:root:Pretraining weight decay: 1e-06
INFO:root:Starting pretraining...
/home/xysong/.conda/envs/OoD/lib/python3.9/site-packages/torch/optim/lr_scheduler.py:131: UserWarning: Detected call of `lr_scheduler.step()` before `optimizer.step()`. In PyTorch 1.1.0 and later, you should call them in the opposite order: `optimizer.step()` before `lr_scheduler.step()`.  Failure to do this will result in PyTorch skipping the first value of the learning rate schedule. See more details at https://pytorch.org/docs/stable/optim.html#how-to-adjust-learning-rate
  warnings.warn("Detected call of `lr_scheduler.step()` before `optimizer.step()`. "
/home/xysong/.conda/envs/OoD/lib/python3.9/site-packages/torch/optim/lr_scheduler.py:418: UserWarning: To get the last learning rate computed by the scheduler, please use `get_last_lr()`.
  warnings.warn("To get the last learning rate computed by the scheduler, "
INFO:root:  LR scheduler: new learning rate is 0.0001
INFO:root:| Epoch: 001/100 | Train Time: 11.139s | Train Loss: 0.024804 |
INFO:root:| Epoch: 002/100 | Train Time: 10.691s | Train Loss: 0.015886 |
INFO:root:| Epoch: 003/100 | Train Time: 10.763s | Train Loss: 0.014218 |
INFO:root:| Epoch: 004/100 | Train Time: 10.746s | Train Loss: 0.013278 |
INFO:root:| Epoch: 005/100 | Train Time: 10.725s | Train Loss: 0.012526 |
INFO:root:| Epoch: 006/100 | Train Time: 10.680s | Train Loss: 0.012089 |
INFO:root:| Epoch: 007/100 | Train Time: 10.801s | Train Loss: 0.011726 |
INFO:root:| Epoch: 008/100 | Train Time: 10.680s | Train Loss: 0.011358 |
INFO:root:| Epoch: 009/100 | Train Time: 10.675s | Train Loss: 0.011011 |
INFO:root:| Epoch: 010/100 | Train Time: 10.675s | Train Loss: 0.010784 |
INFO:root:| Epoch: 011/100 | Train Time: 10.767s | Train Loss: 0.010513 |
INFO:root:| Epoch: 012/100 | Train Time: 10.728s | Train Loss: 0.010327 |
INFO:root:| Epoch: 013/100 | Train Time: 10.683s | Train Loss: 0.010154 |
INFO:root:| Epoch: 014/100 | Train Time: 10.675s | Train Loss: 0.009954 |
INFO:root:| Epoch: 015/100 | Train Time: 10.690s | Train Loss: 0.009829 |
INFO:root:| Epoch: 016/100 | Train Time: 10.687s | Train Loss: 0.009672 |
INFO:root:| Epoch: 017/100 | Train Time: 10.809s | Train Loss: 0.009550 |
INFO:root:| Epoch: 018/100 | Train Time: 10.704s | Train Loss: 0.009439 |
INFO:root:| Epoch: 019/100 | Train Time: 10.708s | Train Loss: 0.009357 |
INFO:root:| Epoch: 020/100 | Train Time: 10.710s | Train Loss: 0.009235 |
INFO:root:| Epoch: 021/100 | Train Time: 10.703s | Train Loss: 0.009187 |
INFO:root:| Epoch: 022/100 | Train Time: 10.711s | Train Loss: 0.009103 |
INFO:root:| Epoch: 023/100 | Train Time: 10.815s | Train Loss: 0.009013 |
INFO:root:| Epoch: 024/100 | Train Time: 10.708s | Train Loss: 0.008959 |
INFO:root:| Epoch: 025/100 | Train Time: 10.693s | Train Loss: 0.008893 |
INFO:root:| Epoch: 026/100 | Train Time: 10.689s | Train Loss: 0.008769 |
INFO:root:| Epoch: 027/100 | Train Time: 10.704s | Train Loss: 0.008751 |
INFO:root:| Epoch: 028/100 | Train Time: 10.704s | Train Loss: 0.008689 |
INFO:root:| Epoch: 029/100 | Train Time: 10.824s | Train Loss: 0.008620 |
INFO:root:| Epoch: 030/100 | Train Time: 10.709s | Train Loss: 0.008595 |
INFO:root:| Epoch: 031/100 | Train Time: 10.712s | Train Loss: 0.008546 |
INFO:root:| Epoch: 032/100 | Train Time: 10.710s | Train Loss: 0.008487 |
INFO:root:| Epoch: 033/100 | Train Time: 10.716s | Train Loss: 0.008495 |
INFO:root:| Epoch: 034/100 | Train Time: 10.720s | Train Loss: 0.008398 |
INFO:root:| Epoch: 035/100 | Train Time: 10.822s | Train Loss: 0.008393 |
INFO:root:| Epoch: 036/100 | Train Time: 10.713s | Train Loss: 0.008325 |
INFO:root:| Epoch: 037/100 | Train Time: 10.706s | Train Loss: 0.008283 |
INFO:root:| Epoch: 038/100 | Train Time: 10.709s | Train Loss: 0.008267 |
INFO:root:| Epoch: 039/100 | Train Time: 10.714s | Train Loss: 0.008220 |
INFO:root:| Epoch: 040/100 | Train Time: 10.754s | Train Loss: 0.008181 |
INFO:root:| Epoch: 041/100 | Train Time: 10.810s | Train Loss: 0.008154 |
INFO:root:| Epoch: 042/100 | Train Time: 10.724s | Train Loss: 0.008154 |
INFO:root:| Epoch: 043/100 | Train Time: 10.719s | Train Loss: 0.008122 |
INFO:root:| Epoch: 044/100 | Train Time: 10.743s | Train Loss: 0.008093 |
INFO:root:| Epoch: 045/100 | Train Time: 10.733s | Train Loss: 0.008059 |
INFO:root:| Epoch: 046/100 | Train Time: 10.802s | Train Loss: 0.008070 |
INFO:root:| Epoch: 047/100 | Train Time: 10.817s | Train Loss: 0.007984 |
INFO:root:| Epoch: 048/100 | Train Time: 10.729s | Train Loss: 0.008001 |
INFO:root:| Epoch: 049/100 | Train Time: 10.724s | Train Loss: 0.007986 |
INFO:root:| Epoch: 050/100 | Train Time: 10.728s | Train Loss: 0.007985 |
INFO:root:| Epoch: 051/100 | Train Time: 10.721s | Train Loss: 0.007947 |
INFO:root:| Epoch: 052/100 | Train Time: 10.795s | Train Loss: 0.007944 |
INFO:root:| Epoch: 053/100 | Train Time: 10.767s | Train Loss: 0.007922 |
INFO:root:| Epoch: 054/100 | Train Time: 10.715s | Train Loss: 0.007897 |
INFO:root:| Epoch: 055/100 | Train Time: 10.721s | Train Loss: 0.007891 |
INFO:root:| Epoch: 056/100 | Train Time: 10.703s | Train Loss: 0.007892 |
INFO:root:| Epoch: 057/100 | Train Time: 10.732s | Train Loss: 0.007851 |
INFO:root:| Epoch: 058/100 | Train Time: 10.820s | Train Loss: 0.007870 |
INFO:root:| Epoch: 059/100 | Train Time: 10.759s | Train Loss: 0.007820 |
INFO:root:| Epoch: 060/100 | Train Time: 10.723s | Train Loss: 0.007827 |
INFO:root:| Epoch: 061/100 | Train Time: 10.731s | Train Loss: 0.007842 |
INFO:root:| Epoch: 062/100 | Train Time: 10.739s | Train Loss: 0.007794 |
INFO:root:| Epoch: 063/100 | Train Time: 10.741s | Train Loss: 0.007800 |
INFO:root:| Epoch: 064/100 | Train Time: 10.837s | Train Loss: 0.007803 |
INFO:root:| Epoch: 065/100 | Train Time: 10.753s | Train Loss: 0.007773 |
INFO:root:| Epoch: 066/100 | Train Time: 10.747s | Train Loss: 0.007774 |
INFO:root:| Epoch: 067/100 | Train Time: 10.741s | Train Loss: 0.007758 |
INFO:root:| Epoch: 068/100 | Train Time: 10.747s | Train Loss: 0.007730 |
INFO:root:| Epoch: 069/100 | Train Time: 10.751s | Train Loss: 0.007744 |
INFO:root:| Epoch: 070/100 | Train Time: 10.833s | Train Loss: 0.007727 |
INFO:root:| Epoch: 071/100 | Train Time: 10.736s | Train Loss: 0.007757 |
INFO:root:| Epoch: 072/100 | Train Time: 10.735s | Train Loss: 0.007700 |
INFO:root:| Epoch: 073/100 | Train Time: 10.729s | Train Loss: 0.007721 |
INFO:root:| Epoch: 074/100 | Train Time: 10.736s | Train Loss: 0.007712 |
INFO:root:| Epoch: 075/100 | Train Time: 10.725s | Train Loss: 0.007681 |
INFO:root:| Epoch: 076/100 | Train Time: 10.843s | Train Loss: 0.007708 |
INFO:root:| Epoch: 077/100 | Train Time: 10.722s | Train Loss: 0.007704 |
INFO:root:| Epoch: 078/100 | Train Time: 10.712s | Train Loss: 0.007662 |
INFO:root:| Epoch: 079/100 | Train Time: 10.720s | Train Loss: 0.007667 |
INFO:root:| Epoch: 080/100 | Train Time: 10.719s | Train Loss: 0.007654 |
INFO:root:| Epoch: 081/100 | Train Time: 10.730s | Train Loss: 0.007642 |
INFO:root:| Epoch: 082/100 | Train Time: 10.846s | Train Loss: 0.007645 |
INFO:root:| Epoch: 083/100 | Train Time: 10.718s | Train Loss: 0.007650 |
INFO:root:| Epoch: 084/100 | Train Time: 10.723s | Train Loss: 0.007626 |
INFO:root:| Epoch: 085/100 | Train Time: 10.717s | Train Loss: 0.007637 |
INFO:root:| Epoch: 086/100 | Train Time: 10.734s | Train Loss: 0.007605 |
INFO:root:| Epoch: 087/100 | Train Time: 10.752s | Train Loss: 0.007620 |
INFO:root:| Epoch: 088/100 | Train Time: 10.839s | Train Loss: 0.007605 |
INFO:root:| Epoch: 089/100 | Train Time: 10.722s | Train Loss: 0.007609 |
INFO:root:| Epoch: 090/100 | Train Time: 10.716s | Train Loss: 0.007597 |
INFO:root:| Epoch: 091/100 | Train Time: 10.717s | Train Loss: 0.007574 |
INFO:root:| Epoch: 092/100 | Train Time: 10.724s | Train Loss: 0.007577 |
INFO:root:| Epoch: 093/100 | Train Time: 10.829s | Train Loss: 0.007574 |
INFO:root:| Epoch: 094/100 | Train Time: 10.741s | Train Loss: 0.007574 |
INFO:root:| Epoch: 095/100 | Train Time: 10.722s | Train Loss: 0.007570 |
INFO:root:| Epoch: 096/100 | Train Time: 10.728s | Train Loss: 0.007557 |
INFO:root:| Epoch: 097/100 | Train Time: 10.725s | Train Loss: 0.007532 |
INFO:root:| Epoch: 098/100 | Train Time: 10.789s | Train Loss: 0.007559 |
INFO:root:| Epoch: 099/100 | Train Time: 10.818s | Train Loss: 0.007555 |
INFO:root:| Epoch: 100/100 | Train Time: 10.733s | Train Loss: 0.007517 |
INFO:root:Pretraining Time: 1074.311s
INFO:root:Finished pretraining.
INFO:root:Testing autoencoder...
INFO:root:Test Loss: 0.002888
INFO:root:Test AUC: 4.02%
INFO:root:Test Time: 5.711s
INFO:root:Finished testing autoencoder.
INFO:root:Training optimizer: adam
INFO:root:Training learning rate: 0.0001
INFO:root:Training epochs: 150
INFO:root:Training learning rate scheduler milestones: (50,)
INFO:root:Training batch size: 128
INFO:root:Training weight decay: 5e-07
INFO:root:Initializing center c...
INFO:root:Center c initialized.
INFO:root:Starting training...
/home/xysong/.conda/envs/OoD/lib/python3.9/site-packages/torch/optim/lr_scheduler.py:131: UserWarning: Detected call of `lr_scheduler.step()` before `optimizer.step()`. In PyTorch 1.1.0 and later, you should call them in the opposite order: `optimizer.step()` before `lr_scheduler.step()`.  Failure to do this will result in PyTorch skipping the first value of the learning rate schedule. See more details at https://pytorch.org/docs/stable/optim.html#how-to-adjust-learning-rate
  warnings.warn("Detected call of `lr_scheduler.step()` before `optimizer.step()`. "
INFO:root:| Epoch: 001/150 | Train Time: 8.614s | Train Loss: 1.323439 |
INFO:root:| Epoch: 002/150 | Train Time: 8.630s | Train Loss: 0.136634 |
INFO:root:| Epoch: 003/150 | Train Time: 8.710s | Train Loss: 0.078976 |
INFO:root:| Epoch: 004/150 | Train Time: 8.665s | Train Loss: 0.057502 |
INFO:root:| Epoch: 005/150 | Train Time: 8.617s | Train Loss: 0.048304 |
INFO:root:| Epoch: 006/150 | Train Time: 8.613s | Train Loss: 0.042332 |
INFO:root:| Epoch: 007/150 | Train Time: 8.606s | Train Loss: 0.037004 |
INFO:root:| Epoch: 008/150 | Train Time: 8.607s | Train Loss: 0.040124 |
INFO:root:| Epoch: 009/150 | Train Time: 8.611s | Train Loss: 0.032572 |
INFO:root:| Epoch: 010/150 | Train Time: 8.615s | Train Loss: 0.033903 |
INFO:root:| Epoch: 011/150 | Train Time: 8.721s | Train Loss: 0.029184 |
INFO:root:| Epoch: 012/150 | Train Time: 8.640s | Train Loss: 0.026729 |
INFO:root:| Epoch: 013/150 | Train Time: 8.619s | Train Loss: 0.024620 |
INFO:root:| Epoch: 014/150 | Train Time: 8.619s | Train Loss: 0.022436 |
INFO:root:| Epoch: 015/150 | Train Time: 8.618s | Train Loss: 0.028424 |
INFO:root:| Epoch: 016/150 | Train Time: 8.625s | Train Loss: 0.019961 |
INFO:root:| Epoch: 017/150 | Train Time: 8.628s | Train Loss: 0.019170 |
INFO:root:| Epoch: 018/150 | Train Time: 8.738s | Train Loss: 0.022963 |
INFO:root:| Epoch: 019/150 | Train Time: 8.620s | Train Loss: 0.028795 |
INFO:root:| Epoch: 020/150 | Train Time: 8.611s | Train Loss: 0.019879 |
INFO:root:| Epoch: 021/150 | Train Time: 8.606s | Train Loss: 0.017430 |
INFO:root:| Epoch: 022/150 | Train Time: 8.609s | Train Loss: 0.018999 |
INFO:root:| Epoch: 023/150 | Train Time: 8.619s | Train Loss: 0.020334 |
INFO:root:| Epoch: 024/150 | Train Time: 8.627s | Train Loss: 0.013453 |
INFO:root:| Epoch: 025/150 | Train Time: 8.730s | Train Loss: 0.015174 |
INFO:root:| Epoch: 026/150 | Train Time: 8.648s | Train Loss: 0.023193 |
INFO:root:| Epoch: 027/150 | Train Time: 8.626s | Train Loss: 0.106451 |
INFO:root:| Epoch: 028/150 | Train Time: 8.635s | Train Loss: 0.058236 |
INFO:root:| Epoch: 029/150 | Train Time: 8.632s | Train Loss: 0.016904 |
INFO:root:| Epoch: 030/150 | Train Time: 8.618s | Train Loss: 0.087240 |
INFO:root:| Epoch: 031/150 | Train Time: 8.611s | Train Loss: 0.022122 |
INFO:root:| Epoch: 032/150 | Train Time: 8.693s | Train Loss: 0.183500 |
INFO:root:| Epoch: 033/150 | Train Time: 8.672s | Train Loss: 0.020901 |
INFO:root:| Epoch: 034/150 | Train Time: 8.604s | Train Loss: 0.033561 |
INFO:root:| Epoch: 035/150 | Train Time: 8.605s | Train Loss: 0.006256 |
INFO:root:| Epoch: 036/150 | Train Time: 8.608s | Train Loss: 0.041436 |
INFO:root:| Epoch: 037/150 | Train Time: 8.600s | Train Loss: 0.005253 |
INFO:root:| Epoch: 038/150 | Train Time: 8.606s | Train Loss: 0.020076 |
INFO:root:| Epoch: 039/150 | Train Time: 8.626s | Train Loss: 0.070570 |
INFO:root:| Epoch: 040/150 | Train Time: 8.737s | Train Loss: 0.015685 |
INFO:root:| Epoch: 041/150 | Train Time: 8.621s | Train Loss: 0.062082 |
INFO:root:| Epoch: 042/150 | Train Time: 8.621s | Train Loss: 0.007990 |
INFO:root:| Epoch: 043/150 | Train Time: 8.621s | Train Loss: 0.073249 |
INFO:root:| Epoch: 044/150 | Train Time: 8.627s | Train Loss: 0.044648 |
INFO:root:| Epoch: 045/150 | Train Time: 8.631s | Train Loss: 0.005456 |
INFO:root:| Epoch: 046/150 | Train Time: 8.645s | Train Loss: 0.060898 |
INFO:root:| Epoch: 047/150 | Train Time: 8.755s | Train Loss: 0.056888 |
INFO:root:| Epoch: 048/150 | Train Time: 8.642s | Train Loss: 0.014923 |
INFO:root:| Epoch: 049/150 | Train Time: 8.627s | Train Loss: 0.044617 |
INFO:root:| Epoch: 050/150 | Train Time: 8.618s | Train Loss: 0.013321 |
/home/xysong/.conda/envs/OoD/lib/python3.9/site-packages/torch/optim/lr_scheduler.py:418: UserWarning: To get the last learning rate computed by the scheduler, please use `get_last_lr()`.
  warnings.warn("To get the last learning rate computed by the scheduler, "
INFO:root:  LR scheduler: new learning rate is 1e-05
INFO:root:| Epoch: 051/150 | Train Time: 8.612s | Train Loss: 0.003729 |
INFO:root:| Epoch: 052/150 | Train Time: 8.613s | Train Loss: 0.003096 |
INFO:root:| Epoch: 053/150 | Train Time: 8.620s | Train Loss: 0.002931 |
INFO:root:| Epoch: 054/150 | Train Time: 8.713s | Train Loss: 0.002771 |
INFO:root:| Epoch: 055/150 | Train Time: 8.659s | Train Loss: 0.002888 |
INFO:root:| Epoch: 056/150 | Train Time: 8.615s | Train Loss: 0.002795 |
INFO:root:| Epoch: 057/150 | Train Time: 8.618s | Train Loss: 0.002509 |
INFO:root:| Epoch: 058/150 | Train Time: 8.617s | Train Loss: 0.002960 |
INFO:root:| Epoch: 059/150 | Train Time: 8.622s | Train Loss: 0.002535 |
INFO:root:| Epoch: 060/150 | Train Time: 8.630s | Train Loss: 0.002367 |
INFO:root:| Epoch: 061/150 | Train Time: 8.741s | Train Loss: 0.002288 |
INFO:root:| Epoch: 062/150 | Train Time: 8.658s | Train Loss: 0.002258 |
INFO:root:| Epoch: 063/150 | Train Time: 8.623s | Train Loss: 0.001803 |
INFO:root:| Epoch: 064/150 | Train Time: 8.626s | Train Loss: 0.002243 |
INFO:root:| Epoch: 065/150 | Train Time: 8.627s | Train Loss: 0.002486 |
INFO:root:| Epoch: 066/150 | Train Time: 8.625s | Train Loss: 0.002345 |
INFO:root:| Epoch: 067/150 | Train Time: 8.634s | Train Loss: 0.002730 |
INFO:root:| Epoch: 068/150 | Train Time: 8.752s | Train Loss: 0.001660 |
INFO:root:| Epoch: 069/150 | Train Time: 8.626s | Train Loss: 0.001840 |
INFO:root:| Epoch: 070/150 | Train Time: 8.618s | Train Loss: 0.001882 |
INFO:root:| Epoch: 071/150 | Train Time: 8.636s | Train Loss: 0.002191 |
INFO:root:| Epoch: 072/150 | Train Time: 8.645s | Train Loss: 0.001646 |
INFO:root:| Epoch: 073/150 | Train Time: 8.633s | Train Loss: 0.001514 |
INFO:root:| Epoch: 074/150 | Train Time: 8.716s | Train Loss: 0.001572 |
INFO:root:| Epoch: 075/150 | Train Time: 8.712s | Train Loss: 0.001725 |
INFO:root:| Epoch: 076/150 | Train Time: 8.634s | Train Loss: 0.001563 |
INFO:root:| Epoch: 077/150 | Train Time: 8.626s | Train Loss: 0.001496 |
INFO:root:| Epoch: 078/150 | Train Time: 8.631s | Train Loss: 0.001308 |
INFO:root:| Epoch: 079/150 | Train Time: 8.630s | Train Loss: 0.001366 |
INFO:root:| Epoch: 080/150 | Train Time: 8.646s | Train Loss: 0.001365 |
INFO:root:| Epoch: 081/150 | Train Time: 8.633s | Train Loss: 0.001557 |
INFO:root:| Epoch: 082/150 | Train Time: 8.755s | Train Loss: 0.001494 |
INFO:root:| Epoch: 083/150 | Train Time: 8.626s | Train Loss: 0.001456 |
INFO:root:| Epoch: 084/150 | Train Time: 8.638s | Train Loss: 0.001237 |
INFO:root:| Epoch: 085/150 | Train Time: 8.641s | Train Loss: 0.001233 |
INFO:root:| Epoch: 086/150 | Train Time: 8.640s | Train Loss: 0.001240 |
INFO:root:| Epoch: 087/150 | Train Time: 8.648s | Train Loss: 0.001350 |
INFO:root:| Epoch: 088/150 | Train Time: 8.653s | Train Loss: 0.001366 |
INFO:root:| Epoch: 089/150 | Train Time: 8.762s | Train Loss: 0.001123 |
INFO:root:| Epoch: 090/150 | Train Time: 8.650s | Train Loss: 0.001237 |
INFO:root:| Epoch: 091/150 | Train Time: 8.644s | Train Loss: 0.001823 |
INFO:root:| Epoch: 092/150 | Train Time: 8.639s | Train Loss: 0.001146 |
INFO:root:| Epoch: 093/150 | Train Time: 8.641s | Train Loss: 0.001100 |
INFO:root:| Epoch: 094/150 | Train Time: 8.645s | Train Loss: 0.000958 |
INFO:root:| Epoch: 095/150 | Train Time: 8.653s | Train Loss: 0.001230 |
INFO:root:| Epoch: 096/150 | Train Time: 8.721s | Train Loss: 0.001015 |
INFO:root:| Epoch: 097/150 | Train Time: 8.680s | Train Loss: 0.001952 |
INFO:root:| Epoch: 098/150 | Train Time: 8.622s | Train Loss: 0.001706 |
INFO:root:| Epoch: 099/150 | Train Time: 8.629s | Train Loss: 0.000865 |
INFO:root:| Epoch: 100/150 | Train Time: 8.639s | Train Loss: 0.000912 |
INFO:root:| Epoch: 101/150 | Train Time: 8.619s | Train Loss: 0.000879 |
INFO:root:| Epoch: 102/150 | Train Time: 8.640s | Train Loss: 0.001078 |
INFO:root:| Epoch: 103/150 | Train Time: 8.668s | Train Loss: 0.000937 |
INFO:root:| Epoch: 104/150 | Train Time: 8.714s | Train Loss: 0.001029 |
INFO:root:| Epoch: 105/150 | Train Time: 8.626s | Train Loss: 0.000948 |
INFO:root:| Epoch: 106/150 | Train Time: 8.637s | Train Loss: 0.000860 |
INFO:root:| Epoch: 107/150 | Train Time: 8.628s | Train Loss: 0.001089 |
INFO:root:| Epoch: 108/150 | Train Time: 8.635s | Train Loss: 0.000876 |
INFO:root:| Epoch: 109/150 | Train Time: 8.630s | Train Loss: 0.001215 |
INFO:root:| Epoch: 110/150 | Train Time: 8.639s | Train Loss: 0.000859 |
INFO:root:| Epoch: 111/150 | Train Time: 8.746s | Train Loss: 0.000897 |
INFO:root:| Epoch: 112/150 | Train Time: 8.626s | Train Loss: 0.001082 |
INFO:root:| Epoch: 113/150 | Train Time: 8.613s | Train Loss: 0.000770 |
INFO:root:| Epoch: 114/150 | Train Time: 8.623s | Train Loss: 0.000808 |
INFO:root:| Epoch: 115/150 | Train Time: 8.621s | Train Loss: 0.001067 |
INFO:root:| Epoch: 116/150 | Train Time: 8.627s | Train Loss: 0.000846 |
INFO:root:| Epoch: 117/150 | Train Time: 8.645s | Train Loss: 0.000827 |
INFO:root:| Epoch: 118/150 | Train Time: 8.737s | Train Loss: 0.000858 |
INFO:root:| Epoch: 119/150 | Train Time: 8.652s | Train Loss: 0.000945 |
INFO:root:| Epoch: 120/150 | Train Time: 8.641s | Train Loss: 0.000838 |
INFO:root:| Epoch: 121/150 | Train Time: 8.632s | Train Loss: 0.000670 |
INFO:root:| Epoch: 122/150 | Train Time: 8.632s | Train Loss: 0.000765 |
INFO:root:| Epoch: 123/150 | Train Time: 8.639s | Train Loss: 0.000747 |
INFO:root:| Epoch: 124/150 | Train Time: 8.672s | Train Loss: 0.000927 |
INFO:root:| Epoch: 125/150 | Train Time: 8.734s | Train Loss: 0.000680 |
INFO:root:| Epoch: 126/150 | Train Time: 8.707s | Train Loss: 0.000971 |
INFO:root:| Epoch: 127/150 | Train Time: 8.664s | Train Loss: 0.000608 |
INFO:root:| Epoch: 128/150 | Train Time: 8.643s | Train Loss: 0.001528 |
INFO:root:| Epoch: 129/150 | Train Time: 8.633s | Train Loss: 0.000880 |
INFO:root:| Epoch: 130/150 | Train Time: 8.641s | Train Loss: 0.000581 |
INFO:root:| Epoch: 131/150 | Train Time: 8.666s | Train Loss: 0.000795 |
INFO:root:| Epoch: 132/150 | Train Time: 8.677s | Train Loss: 0.000651 |
INFO:root:| Epoch: 133/150 | Train Time: 8.770s | Train Loss: 0.000653 |
INFO:root:| Epoch: 134/150 | Train Time: 8.648s | Train Loss: 0.000745 |
INFO:root:| Epoch: 135/150 | Train Time: 8.647s | Train Loss: 0.000695 |
INFO:root:| Epoch: 136/150 | Train Time: 8.642s | Train Loss: 0.000846 |
INFO:root:| Epoch: 137/150 | Train Time: 8.630s | Train Loss: 0.000948 |
INFO:root:| Epoch: 138/150 | Train Time: 8.632s | Train Loss: 0.000607 |
INFO:root:| Epoch: 139/150 | Train Time: 8.652s | Train Loss: 0.000605 |
INFO:root:| Epoch: 140/150 | Train Time: 8.756s | Train Loss: 0.000760 |
INFO:root:| Epoch: 141/150 | Train Time: 8.647s | Train Loss: 0.000637 |
INFO:root:| Epoch: 142/150 | Train Time: 8.632s | Train Loss: 0.001043 |
INFO:root:| Epoch: 143/150 | Train Time: 8.646s | Train Loss: 0.000630 |
INFO:root:| Epoch: 144/150 | Train Time: 8.651s | Train Loss: 0.000630 |
INFO:root:| Epoch: 145/150 | Train Time: 8.637s | Train Loss: 0.000600 |
INFO:root:| Epoch: 146/150 | Train Time: 8.659s | Train Loss: 0.000818 |
INFO:root:| Epoch: 147/150 | Train Time: 8.739s | Train Loss: 0.000688 |
INFO:root:| Epoch: 148/150 | Train Time: 8.682s | Train Loss: 0.000626 |
INFO:root:| Epoch: 149/150 | Train Time: 8.647s | Train Loss: 0.000588 |
INFO:root:| Epoch: 150/150 | Train Time: 8.659s | Train Loss: 0.000575 |
INFO:root:Training Time: 1297.292s
INFO:root:Finished training.
INFO:root:Starting testing...
INFO:root:Testing TPR95: 0.0055
INFO:root:Testing TPR99: 0.0003
INFO:root:Test Loss: 0.000531
INFO:root:Test AUC: 33.66%
INFO:root:Test Time: 5.080s
INFO:root:Finished testing.
Files already downloaded and verified
Files already downloaded and verified
InD Train set shape: (50000, 32, 32, 3), InD Test set shape: (10000, 32, 32, 3)
(640, 32, 32, 3)
Using downloaded and verified file: ../data/test_32x32.mat
OoD Test set shape: (26032, 32, 32, 3)
Using number-pre-sampled sampler
Train set shape: (50000, 32, 32, 3)
Train set size: 50640
Train targets size: 50640
Train semi-targets size: 50640
Counter({6: 5064, 9: 5064, 4: 5064, 1: 5064, 2: 5064, 7: 5064, 8: 5064, 3: 5064, 5: 5064, 0: 5064})
Test set size: 36032
Test targets: Counter({1.0: 26032, 0.0: 10000})
InD Test Size: 10000, OoD Test Size: 26032, TPR95: 0.0055
InD Test Size: 10000, OoD Test Size: 26032, TPR99: 0.0003
