mkdir: cannot create directory ‘log/DeepSAD’: File exists
INFO:root:Log file is ../log/DeepSAD/cifar10-svhn-Balanced-8/log.txt
INFO:root:Data path is ../data
INFO:root:Export path is ../log/DeepSAD/cifar10-svhn-Balanced-8
INFO:root:Dataset: cifar10-svhn
INFO:root:Normal class: [0, 1, 2, 3, 4, 5, 6, 7]
INFO:root:Ratio of labeled normal train samples: 0.00
INFO:root:Ratio of labeled anomalous samples: 0.01
INFO:root:Pollution ratio of unlabeled train data: 0.10
INFO:root:Known anomaly class: 1
INFO:root:Network: cifar10_LeNet
INFO:root:Eta-parameter: 1.00
INFO:root:Set seed to 999.
INFO:root:Computation device: cuda
INFO:root:Number of threads: 0
INFO:root:Number of dataloader workers: 0
INFO:root:Pretraining: True
INFO:root:Pretraining optimizer: adam
INFO:root:Pretraining learning rate: 0.001
INFO:root:Pretraining epochs: 100
INFO:root:Pretraining learning rate scheduler milestones: (0,)
INFO:root:Pretraining batch size: 128
INFO:root:Pretraining weight decay: 1e-06
INFO:root:Starting pretraining...
/home/xysong/.conda/envs/OoD/lib/python3.9/site-packages/torch/optim/lr_scheduler.py:131: UserWarning: Detected call of `lr_scheduler.step()` before `optimizer.step()`. In PyTorch 1.1.0 and later, you should call them in the opposite order: `optimizer.step()` before `lr_scheduler.step()`.  Failure to do this will result in PyTorch skipping the first value of the learning rate schedule. See more details at https://pytorch.org/docs/stable/optim.html#how-to-adjust-learning-rate
  warnings.warn("Detected call of `lr_scheduler.step()` before `optimizer.step()`. "
/home/xysong/.conda/envs/OoD/lib/python3.9/site-packages/torch/optim/lr_scheduler.py:418: UserWarning: To get the last learning rate computed by the scheduler, please use `get_last_lr()`.
  warnings.warn("To get the last learning rate computed by the scheduler, "
INFO:root:  LR scheduler: new learning rate is 0.0001
INFO:root:| Epoch: 001/100 | Train Time: 11.184s | Train Loss: 0.024298 |
INFO:root:| Epoch: 002/100 | Train Time: 10.703s | Train Loss: 0.015364 |
INFO:root:| Epoch: 003/100 | Train Time: 10.765s | Train Loss: 0.013728 |
INFO:root:| Epoch: 004/100 | Train Time: 10.740s | Train Loss: 0.012738 |
INFO:root:| Epoch: 005/100 | Train Time: 10.696s | Train Loss: 0.012074 |
INFO:root:| Epoch: 006/100 | Train Time: 10.692s | Train Loss: 0.011543 |
INFO:root:| Epoch: 007/100 | Train Time: 10.804s | Train Loss: 0.011107 |
INFO:root:| Epoch: 008/100 | Train Time: 10.694s | Train Loss: 0.010743 |
INFO:root:| Epoch: 009/100 | Train Time: 10.693s | Train Loss: 0.010464 |
INFO:root:| Epoch: 010/100 | Train Time: 10.688s | Train Loss: 0.010163 |
INFO:root:| Epoch: 011/100 | Train Time: 10.779s | Train Loss: 0.009993 |
INFO:root:| Epoch: 012/100 | Train Time: 10.730s | Train Loss: 0.009728 |
INFO:root:| Epoch: 013/100 | Train Time: 10.691s | Train Loss: 0.009609 |
INFO:root:| Epoch: 014/100 | Train Time: 10.689s | Train Loss: 0.009454 |
INFO:root:| Epoch: 015/100 | Train Time: 10.694s | Train Loss: 0.009273 |
INFO:root:| Epoch: 016/100 | Train Time: 10.705s | Train Loss: 0.009170 |
INFO:root:| Epoch: 017/100 | Train Time: 10.812s | Train Loss: 0.009007 |
INFO:root:| Epoch: 018/100 | Train Time: 10.710s | Train Loss: 0.008934 |
INFO:root:| Epoch: 019/100 | Train Time: 10.710s | Train Loss: 0.008824 |
INFO:root:| Epoch: 020/100 | Train Time: 10.691s | Train Loss: 0.008744 |
INFO:root:| Epoch: 021/100 | Train Time: 10.699s | Train Loss: 0.008645 |
INFO:root:| Epoch: 022/100 | Train Time: 10.695s | Train Loss: 0.008552 |
INFO:root:| Epoch: 023/100 | Train Time: 10.811s | Train Loss: 0.008484 |
INFO:root:| Epoch: 024/100 | Train Time: 10.697s | Train Loss: 0.008406 |
INFO:root:| Epoch: 025/100 | Train Time: 10.715s | Train Loss: 0.008362 |
INFO:root:| Epoch: 026/100 | Train Time: 10.696s | Train Loss: 0.008241 |
INFO:root:| Epoch: 027/100 | Train Time: 10.703s | Train Loss: 0.008189 |
INFO:root:| Epoch: 028/100 | Train Time: 10.715s | Train Loss: 0.008114 |
INFO:root:| Epoch: 029/100 | Train Time: 10.814s | Train Loss: 0.008069 |
INFO:root:| Epoch: 030/100 | Train Time: 10.722s | Train Loss: 0.008033 |
INFO:root:| Epoch: 031/100 | Train Time: 10.703s | Train Loss: 0.007999 |
INFO:root:| Epoch: 032/100 | Train Time: 10.716s | Train Loss: 0.007948 |
INFO:root:| Epoch: 033/100 | Train Time: 10.729s | Train Loss: 0.007925 |
INFO:root:| Epoch: 034/100 | Train Time: 10.755s | Train Loss: 0.007852 |
INFO:root:| Epoch: 035/100 | Train Time: 10.811s | Train Loss: 0.007849 |
INFO:root:| Epoch: 036/100 | Train Time: 10.716s | Train Loss: 0.007808 |
INFO:root:| Epoch: 037/100 | Train Time: 10.712s | Train Loss: 0.007785 |
INFO:root:| Epoch: 038/100 | Train Time: 10.707s | Train Loss: 0.007730 |
INFO:root:| Epoch: 039/100 | Train Time: 10.720s | Train Loss: 0.007739 |
INFO:root:| Epoch: 040/100 | Train Time: 10.776s | Train Loss: 0.007675 |
INFO:root:| Epoch: 041/100 | Train Time: 10.783s | Train Loss: 0.007672 |
INFO:root:| Epoch: 042/100 | Train Time: 10.704s | Train Loss: 0.007623 |
INFO:root:| Epoch: 043/100 | Train Time: 10.710s | Train Loss: 0.007621 |
INFO:root:| Epoch: 044/100 | Train Time: 10.708s | Train Loss: 0.007615 |
INFO:root:| Epoch: 045/100 | Train Time: 10.712s | Train Loss: 0.007590 |
INFO:root:| Epoch: 046/100 | Train Time: 10.791s | Train Loss: 0.007546 |
INFO:root:| Epoch: 047/100 | Train Time: 10.786s | Train Loss: 0.007544 |
INFO:root:| Epoch: 048/100 | Train Time: 10.730s | Train Loss: 0.007513 |
INFO:root:| Epoch: 049/100 | Train Time: 10.732s | Train Loss: 0.007516 |
INFO:root:| Epoch: 050/100 | Train Time: 10.741s | Train Loss: 0.007477 |
INFO:root:| Epoch: 051/100 | Train Time: 10.738s | Train Loss: 0.007480 |
INFO:root:| Epoch: 052/100 | Train Time: 10.812s | Train Loss: 0.007476 |
INFO:root:| Epoch: 053/100 | Train Time: 10.764s | Train Loss: 0.007439 |
INFO:root:| Epoch: 054/100 | Train Time: 10.714s | Train Loss: 0.007440 |
INFO:root:| Epoch: 055/100 | Train Time: 10.729s | Train Loss: 0.007425 |
INFO:root:| Epoch: 056/100 | Train Time: 10.723s | Train Loss: 0.007414 |
INFO:root:| Epoch: 057/100 | Train Time: 10.725s | Train Loss: 0.007410 |
INFO:root:| Epoch: 058/100 | Train Time: 10.823s | Train Loss: 0.007395 |
INFO:root:| Epoch: 059/100 | Train Time: 10.748s | Train Loss: 0.007384 |
INFO:root:| Epoch: 060/100 | Train Time: 10.722s | Train Loss: 0.007341 |
INFO:root:| Epoch: 061/100 | Train Time: 10.731s | Train Loss: 0.007365 |
INFO:root:| Epoch: 062/100 | Train Time: 10.732s | Train Loss: 0.007335 |
INFO:root:| Epoch: 063/100 | Train Time: 10.728s | Train Loss: 0.007354 |
INFO:root:| Epoch: 064/100 | Train Time: 10.865s | Train Loss: 0.007335 |
INFO:root:| Epoch: 065/100 | Train Time: 10.768s | Train Loss: 0.007321 |
INFO:root:| Epoch: 066/100 | Train Time: 10.760s | Train Loss: 0.007301 |
INFO:root:| Epoch: 067/100 | Train Time: 10.738s | Train Loss: 0.007292 |
INFO:root:| Epoch: 068/100 | Train Time: 10.742s | Train Loss: 0.007296 |
INFO:root:| Epoch: 069/100 | Train Time: 10.758s | Train Loss: 0.007279 |
INFO:root:| Epoch: 070/100 | Train Time: 10.860s | Train Loss: 0.007271 |
INFO:root:| Epoch: 071/100 | Train Time: 10.750s | Train Loss: 0.007262 |
INFO:root:| Epoch: 072/100 | Train Time: 10.738s | Train Loss: 0.007260 |
INFO:root:| Epoch: 073/100 | Train Time: 10.724s | Train Loss: 0.007243 |
INFO:root:| Epoch: 074/100 | Train Time: 10.719s | Train Loss: 0.007248 |
INFO:root:| Epoch: 075/100 | Train Time: 10.737s | Train Loss: 0.007223 |
INFO:root:| Epoch: 076/100 | Train Time: 10.840s | Train Loss: 0.007240 |
INFO:root:| Epoch: 077/100 | Train Time: 10.727s | Train Loss: 0.007228 |
INFO:root:| Epoch: 078/100 | Train Time: 10.727s | Train Loss: 0.007210 |
INFO:root:| Epoch: 079/100 | Train Time: 10.735s | Train Loss: 0.007185 |
INFO:root:| Epoch: 080/100 | Train Time: 10.733s | Train Loss: 0.007179 |
INFO:root:| Epoch: 081/100 | Train Time: 10.765s | Train Loss: 0.007181 |
INFO:root:| Epoch: 082/100 | Train Time: 10.823s | Train Loss: 0.007197 |
INFO:root:| Epoch: 083/100 | Train Time: 10.750s | Train Loss: 0.007195 |
INFO:root:| Epoch: 084/100 | Train Time: 10.736s | Train Loss: 0.007153 |
INFO:root:| Epoch: 085/100 | Train Time: 10.738s | Train Loss: 0.007181 |
INFO:root:| Epoch: 086/100 | Train Time: 10.737s | Train Loss: 0.007168 |
INFO:root:| Epoch: 087/100 | Train Time: 10.780s | Train Loss: 0.007144 |
INFO:root:| Epoch: 088/100 | Train Time: 10.805s | Train Loss: 0.007146 |
INFO:root:| Epoch: 089/100 | Train Time: 10.734s | Train Loss: 0.007137 |
INFO:root:| Epoch: 090/100 | Train Time: 10.728s | Train Loss: 0.007151 |
INFO:root:| Epoch: 091/100 | Train Time: 10.724s | Train Loss: 0.007145 |
INFO:root:| Epoch: 092/100 | Train Time: 10.733s | Train Loss: 0.007128 |
INFO:root:| Epoch: 093/100 | Train Time: 10.809s | Train Loss: 0.007110 |
INFO:root:| Epoch: 094/100 | Train Time: 10.782s | Train Loss: 0.007126 |
INFO:root:| Epoch: 095/100 | Train Time: 10.725s | Train Loss: 0.007104 |
INFO:root:| Epoch: 096/100 | Train Time: 10.747s | Train Loss: 0.007131 |
INFO:root:| Epoch: 097/100 | Train Time: 10.745s | Train Loss: 0.007106 |
INFO:root:| Epoch: 098/100 | Train Time: 10.738s | Train Loss: 0.007082 |
INFO:root:| Epoch: 099/100 | Train Time: 10.850s | Train Loss: 0.007071 |
INFO:root:| Epoch: 100/100 | Train Time: 10.796s | Train Loss: 0.007078 |
INFO:root:Pretraining Time: 1074.771s
INFO:root:Finished pretraining.
INFO:root:Testing autoencoder...
INFO:root:Test Loss: 0.002939
INFO:root:Test AUC: 4.28%
INFO:root:Test Time: 5.807s
INFO:root:Finished testing autoencoder.
INFO:root:Training optimizer: adam
INFO:root:Training learning rate: 0.0001
INFO:root:Training epochs: 150
INFO:root:Training learning rate scheduler milestones: (50,)
INFO:root:Training batch size: 128
INFO:root:Training weight decay: 5e-07
INFO:root:Initializing center c...
INFO:root:Center c initialized.
INFO:root:Starting training...
/home/xysong/.conda/envs/OoD/lib/python3.9/site-packages/torch/optim/lr_scheduler.py:131: UserWarning: Detected call of `lr_scheduler.step()` before `optimizer.step()`. In PyTorch 1.1.0 and later, you should call them in the opposite order: `optimizer.step()` before `lr_scheduler.step()`.  Failure to do this will result in PyTorch skipping the first value of the learning rate schedule. See more details at https://pytorch.org/docs/stable/optim.html#how-to-adjust-learning-rate
  warnings.warn("Detected call of `lr_scheduler.step()` before `optimizer.step()`. "
INFO:root:| Epoch: 001/150 | Train Time: 8.655s | Train Loss: 1.365490 |
INFO:root:| Epoch: 002/150 | Train Time: 8.647s | Train Loss: 0.143149 |
INFO:root:| Epoch: 003/150 | Train Time: 8.658s | Train Loss: 0.083704 |
INFO:root:| Epoch: 004/150 | Train Time: 8.704s | Train Loss: 0.059169 |
INFO:root:| Epoch: 005/150 | Train Time: 8.808s | Train Loss: 0.044523 |
INFO:root:| Epoch: 006/150 | Train Time: 8.695s | Train Loss: 0.036703 |
INFO:root:| Epoch: 007/150 | Train Time: 8.647s | Train Loss: 0.030591 |
INFO:root:| Epoch: 008/150 | Train Time: 8.632s | Train Loss: 0.027868 |
INFO:root:| Epoch: 009/150 | Train Time: 8.634s | Train Loss: 0.024122 |
INFO:root:| Epoch: 010/150 | Train Time: 8.622s | Train Loss: 0.022577 |
INFO:root:| Epoch: 011/150 | Train Time: 8.632s | Train Loss: 0.020022 |
INFO:root:| Epoch: 012/150 | Train Time: 8.705s | Train Loss: 0.022826 |
INFO:root:| Epoch: 013/150 | Train Time: 8.707s | Train Loss: 0.022192 |
INFO:root:| Epoch: 014/150 | Train Time: 8.646s | Train Loss: 0.021190 |
INFO:root:| Epoch: 015/150 | Train Time: 8.634s | Train Loss: 0.017086 |
INFO:root:| Epoch: 016/150 | Train Time: 8.635s | Train Loss: 0.016630 |
INFO:root:| Epoch: 017/150 | Train Time: 8.625s | Train Loss: 0.013284 |
INFO:root:| Epoch: 018/150 | Train Time: 8.623s | Train Loss: 0.013150 |
INFO:root:| Epoch: 019/150 | Train Time: 8.644s | Train Loss: 0.012174 |
INFO:root:| Epoch: 020/150 | Train Time: 8.755s | Train Loss: 0.009949 |
INFO:root:| Epoch: 021/150 | Train Time: 8.636s | Train Loss: 0.008103 |
INFO:root:| Epoch: 022/150 | Train Time: 8.633s | Train Loss: 0.006444 |
INFO:root:| Epoch: 023/150 | Train Time: 8.630s | Train Loss: 0.005495 |
INFO:root:| Epoch: 024/150 | Train Time: 8.650s | Train Loss: 0.005331 |
INFO:root:| Epoch: 025/150 | Train Time: 8.639s | Train Loss: 0.005209 |
INFO:root:| Epoch: 026/150 | Train Time: 8.648s | Train Loss: 0.005316 |
INFO:root:| Epoch: 027/150 | Train Time: 8.739s | Train Loss: 0.004085 |
INFO:root:| Epoch: 028/150 | Train Time: 8.639s | Train Loss: 0.003757 |
INFO:root:| Epoch: 029/150 | Train Time: 8.631s | Train Loss: 0.003594 |
INFO:root:| Epoch: 030/150 | Train Time: 8.645s | Train Loss: 0.003400 |
INFO:root:| Epoch: 031/150 | Train Time: 8.620s | Train Loss: 0.003773 |
INFO:root:| Epoch: 032/150 | Train Time: 8.632s | Train Loss: 0.003181 |
INFO:root:| Epoch: 033/150 | Train Time: 8.632s | Train Loss: 0.003137 |
INFO:root:| Epoch: 034/150 | Train Time: 8.720s | Train Loss: 0.003855 |
INFO:root:| Epoch: 035/150 | Train Time: 8.679s | Train Loss: 0.002933 |
INFO:root:| Epoch: 036/150 | Train Time: 8.629s | Train Loss: 0.002661 |
INFO:root:| Epoch: 037/150 | Train Time: 8.620s | Train Loss: 0.002710 |
INFO:root:| Epoch: 038/150 | Train Time: 8.633s | Train Loss: 0.002349 |
INFO:root:| Epoch: 039/150 | Train Time: 8.645s | Train Loss: 0.002134 |
INFO:root:| Epoch: 040/150 | Train Time: 8.644s | Train Loss: 0.003019 |
INFO:root:| Epoch: 041/150 | Train Time: 8.700s | Train Loss: 0.002128 |
INFO:root:| Epoch: 042/150 | Train Time: 8.723s | Train Loss: 0.002407 |
INFO:root:| Epoch: 043/150 | Train Time: 8.633s | Train Loss: 0.002065 |
INFO:root:| Epoch: 044/150 | Train Time: 8.628s | Train Loss: 0.002250 |
INFO:root:| Epoch: 045/150 | Train Time: 8.626s | Train Loss: 0.001951 |
INFO:root:| Epoch: 046/150 | Train Time: 8.629s | Train Loss: 0.001885 |
INFO:root:| Epoch: 047/150 | Train Time: 8.633s | Train Loss: 0.002165 |
INFO:root:| Epoch: 048/150 | Train Time: 8.639s | Train Loss: 0.001813 |
INFO:root:| Epoch: 049/150 | Train Time: 8.740s | Train Loss: 0.002471 |
INFO:root:| Epoch: 050/150 | Train Time: 8.647s | Train Loss: 0.000594 |
/home/xysong/.conda/envs/OoD/lib/python3.9/site-packages/torch/optim/lr_scheduler.py:418: UserWarning: To get the last learning rate computed by the scheduler, please use `get_last_lr()`.
  warnings.warn("To get the last learning rate computed by the scheduler, "
INFO:root:  LR scheduler: new learning rate is 1e-05
INFO:root:| Epoch: 051/150 | Train Time: 8.633s | Train Loss: 0.000537 |
INFO:root:| Epoch: 052/150 | Train Time: 8.634s | Train Loss: 0.000520 |
INFO:root:| Epoch: 053/150 | Train Time: 8.613s | Train Loss: 0.000518 |
INFO:root:| Epoch: 054/150 | Train Time: 8.653s | Train Loss: 0.000524 |
INFO:root:| Epoch: 055/150 | Train Time: 8.641s | Train Loss: 0.000513 |
INFO:root:| Epoch: 056/150 | Train Time: 8.733s | Train Loss: 0.000499 |
INFO:root:| Epoch: 057/150 | Train Time: 8.673s | Train Loss: 0.000514 |
INFO:root:| Epoch: 058/150 | Train Time: 8.628s | Train Loss: 0.000511 |
INFO:root:| Epoch: 059/150 | Train Time: 8.621s | Train Loss: 0.000511 |
INFO:root:| Epoch: 060/150 | Train Time: 8.627s | Train Loss: 0.000504 |
INFO:root:| Epoch: 061/150 | Train Time: 8.625s | Train Loss: 0.000516 |
INFO:root:| Epoch: 062/150 | Train Time: 8.649s | Train Loss: 0.000479 |
INFO:root:| Epoch: 063/150 | Train Time: 8.714s | Train Loss: 0.000464 |
INFO:root:| Epoch: 064/150 | Train Time: 8.700s | Train Loss: 0.000516 |
INFO:root:| Epoch: 065/150 | Train Time: 8.644s | Train Loss: 0.000485 |
INFO:root:| Epoch: 066/150 | Train Time: 8.636s | Train Loss: 0.000465 |
INFO:root:| Epoch: 067/150 | Train Time: 8.625s | Train Loss: 0.000461 |
INFO:root:| Epoch: 068/150 | Train Time: 8.657s | Train Loss: 0.000464 |
INFO:root:| Epoch: 069/150 | Train Time: 8.639s | Train Loss: 0.000464 |
INFO:root:| Epoch: 070/150 | Train Time: 8.675s | Train Loss: 0.000457 |
INFO:root:| Epoch: 071/150 | Train Time: 8.751s | Train Loss: 0.000444 |
INFO:root:| Epoch: 072/150 | Train Time: 8.653s | Train Loss: 0.000447 |
INFO:root:| Epoch: 073/150 | Train Time: 8.648s | Train Loss: 0.000446 |
INFO:root:| Epoch: 074/150 | Train Time: 8.637s | Train Loss: 0.000425 |
INFO:root:| Epoch: 075/150 | Train Time: 8.634s | Train Loss: 0.000437 |
INFO:root:| Epoch: 076/150 | Train Time: 8.622s | Train Loss: 0.000414 |
INFO:root:| Epoch: 077/150 | Train Time: 8.642s | Train Loss: 0.000415 |
INFO:root:| Epoch: 078/150 | Train Time: 8.753s | Train Loss: 0.000412 |
INFO:root:| Epoch: 079/150 | Train Time: 8.640s | Train Loss: 0.000412 |
INFO:root:| Epoch: 080/150 | Train Time: 8.634s | Train Loss: 0.000411 |
INFO:root:| Epoch: 081/150 | Train Time: 8.637s | Train Loss: 0.000395 |
INFO:root:| Epoch: 082/150 | Train Time: 8.641s | Train Loss: 0.000381 |
INFO:root:| Epoch: 083/150 | Train Time: 8.632s | Train Loss: 0.000398 |
INFO:root:| Epoch: 084/150 | Train Time: 8.646s | Train Loss: 0.000373 |
INFO:root:| Epoch: 085/150 | Train Time: 8.639s | Train Loss: 0.000376 |
INFO:root:| Epoch: 086/150 | Train Time: 8.752s | Train Loss: 0.000391 |
INFO:root:| Epoch: 087/150 | Train Time: 8.638s | Train Loss: 0.000372 |
INFO:root:| Epoch: 088/150 | Train Time: 8.635s | Train Loss: 0.000374 |
INFO:root:| Epoch: 089/150 | Train Time: 8.636s | Train Loss: 0.000369 |
INFO:root:| Epoch: 090/150 | Train Time: 8.637s | Train Loss: 0.000357 |
INFO:root:| Epoch: 091/150 | Train Time: 8.651s | Train Loss: 0.000346 |
INFO:root:| Epoch: 092/150 | Train Time: 8.647s | Train Loss: 0.000351 |
INFO:root:| Epoch: 093/150 | Train Time: 8.695s | Train Loss: 0.000362 |
INFO:root:| Epoch: 094/150 | Train Time: 8.736s | Train Loss: 0.000330 |
INFO:root:| Epoch: 095/150 | Train Time: 8.651s | Train Loss: 0.000336 |
INFO:root:| Epoch: 096/150 | Train Time: 8.653s | Train Loss: 0.000358 |
INFO:root:| Epoch: 097/150 | Train Time: 8.642s | Train Loss: 0.000326 |
INFO:root:| Epoch: 098/150 | Train Time: 8.634s | Train Loss: 0.000373 |
INFO:root:| Epoch: 099/150 | Train Time: 8.631s | Train Loss: 0.000317 |
INFO:root:| Epoch: 100/150 | Train Time: 8.652s | Train Loss: 0.000313 |
INFO:root:| Epoch: 101/150 | Train Time: 8.719s | Train Loss: 0.000311 |
INFO:root:| Epoch: 102/150 | Train Time: 8.713s | Train Loss: 0.000316 |
INFO:root:| Epoch: 103/150 | Train Time: 8.644s | Train Loss: 0.000313 |
INFO:root:| Epoch: 104/150 | Train Time: 8.641s | Train Loss: 0.000295 |
INFO:root:| Epoch: 105/150 | Train Time: 8.647s | Train Loss: 0.000299 |
INFO:root:| Epoch: 106/150 | Train Time: 8.641s | Train Loss: 0.000296 |
INFO:root:| Epoch: 107/150 | Train Time: 8.643s | Train Loss: 0.000313 |
INFO:root:| Epoch: 108/150 | Train Time: 8.658s | Train Loss: 0.000305 |
INFO:root:| Epoch: 109/150 | Train Time: 8.718s | Train Loss: 0.000310 |
INFO:root:| Epoch: 110/150 | Train Time: 8.659s | Train Loss: 0.000282 |
INFO:root:| Epoch: 111/150 | Train Time: 8.627s | Train Loss: 0.000285 |
INFO:root:| Epoch: 112/150 | Train Time: 8.629s | Train Loss: 0.000284 |
INFO:root:| Epoch: 113/150 | Train Time: 8.635s | Train Loss: 0.000255 |
INFO:root:| Epoch: 114/150 | Train Time: 8.634s | Train Loss: 0.000267 |
INFO:root:| Epoch: 115/150 | Train Time: 8.643s | Train Loss: 0.000269 |
INFO:root:| Epoch: 116/150 | Train Time: 8.676s | Train Loss: 0.000262 |
INFO:root:| Epoch: 117/150 | Train Time: 8.761s | Train Loss: 0.000262 |
INFO:root:| Epoch: 118/150 | Train Time: 8.661s | Train Loss: 0.000277 |
INFO:root:| Epoch: 119/150 | Train Time: 8.656s | Train Loss: 0.000254 |
INFO:root:| Epoch: 120/150 | Train Time: 8.660s | Train Loss: 0.000252 |
INFO:root:| Epoch: 121/150 | Train Time: 8.659s | Train Loss: 0.000239 |
INFO:root:| Epoch: 122/150 | Train Time: 8.657s | Train Loss: 0.000256 |
INFO:root:| Epoch: 123/150 | Train Time: 8.662s | Train Loss: 0.000250 |
INFO:root:| Epoch: 124/150 | Train Time: 8.673s | Train Loss: 0.000256 |
INFO:root:| Epoch: 125/150 | Train Time: 8.775s | Train Loss: 0.000242 |
INFO:root:| Epoch: 126/150 | Train Time: 8.665s | Train Loss: 0.000245 |
INFO:root:| Epoch: 127/150 | Train Time: 8.670s | Train Loss: 0.000233 |
INFO:root:| Epoch: 128/150 | Train Time: 8.643s | Train Loss: 0.000215 |
INFO:root:| Epoch: 129/150 | Train Time: 8.642s | Train Loss: 0.000247 |
INFO:root:| Epoch: 130/150 | Train Time: 8.647s | Train Loss: 0.000220 |
INFO:root:| Epoch: 131/150 | Train Time: 8.656s | Train Loss: 0.000236 |
INFO:root:| Epoch: 132/150 | Train Time: 8.664s | Train Loss: 0.000223 |
INFO:root:| Epoch: 133/150 | Train Time: 8.742s | Train Loss: 0.000230 |
INFO:root:| Epoch: 134/150 | Train Time: 8.651s | Train Loss: 0.000220 |
INFO:root:| Epoch: 135/150 | Train Time: 8.648s | Train Loss: 0.000205 |
INFO:root:| Epoch: 136/150 | Train Time: 8.631s | Train Loss: 0.000207 |
INFO:root:| Epoch: 137/150 | Train Time: 8.628s | Train Loss: 0.000205 |
INFO:root:| Epoch: 138/150 | Train Time: 8.638s | Train Loss: 0.000213 |
INFO:root:| Epoch: 139/150 | Train Time: 8.657s | Train Loss: 0.000243 |
INFO:root:| Epoch: 140/150 | Train Time: 8.713s | Train Loss: 0.000187 |
INFO:root:| Epoch: 141/150 | Train Time: 8.709s | Train Loss: 0.000225 |
INFO:root:| Epoch: 142/150 | Train Time: 8.639s | Train Loss: 0.000205 |
INFO:root:| Epoch: 143/150 | Train Time: 8.645s | Train Loss: 0.000202 |
INFO:root:| Epoch: 144/150 | Train Time: 8.664s | Train Loss: 0.000215 |
INFO:root:| Epoch: 145/150 | Train Time: 8.642s | Train Loss: 0.000188 |
INFO:root:| Epoch: 146/150 | Train Time: 8.660s | Train Loss: 0.000191 |
INFO:root:| Epoch: 147/150 | Train Time: 8.682s | Train Loss: 0.000196 |
INFO:root:| Epoch: 148/150 | Train Time: 8.744s | Train Loss: 0.000195 |
INFO:root:| Epoch: 149/150 | Train Time: 8.707s | Train Loss: 0.000191 |
INFO:root:| Epoch: 150/150 | Train Time: 8.650s | Train Loss: 0.000192 |
INFO:root:Training Time: 1298.941s
INFO:root:Finished training.
INFO:root:Starting testing...
INFO:root:Testing TPR95: 0.0092
INFO:root:Testing TPR99: 0.0007
INFO:root:Test Loss: 0.000152
INFO:root:Test AUC: 46.33%
INFO:root:Test Time: 5.134s
INFO:root:Finished testing.
Files already downloaded and verified
Files already downloaded and verified
InD Train set shape: (50000, 32, 32, 3), InD Test set shape: (10000, 32, 32, 3)
(80, 32, 32, 3)
Using downloaded and verified file: ../data/test_32x32.mat
OoD Test set shape: (26032, 32, 32, 3)
Using number-pre-sampled sampler
Train set shape: (50000, 32, 32, 3)
Train set size: 50080
Train targets size: 50080
Train semi-targets size: 50080
Counter({6: 5008, 9: 5008, 4: 5008, 1: 5008, 2: 5008, 7: 5008, 8: 5008, 3: 5008, 5: 5008, 0: 5008})
Test set size: 36032
Test targets: Counter({1.0: 26032, 0.0: 10000})
InD Test Size: 10000, OoD Test Size: 26032, TPR95: 0.0092
InD Test Size: 10000, OoD Test Size: 26032, TPR99: 0.0007
