mkdir: cannot create directory ‘log/DeepSAD’: File exists
INFO:root:Log file is ../log/DeepSAD/svhn-R2-Imbalanced-128/log.txt
INFO:root:Data path is ../data
INFO:root:Export path is ../log/DeepSAD/svhn-R2-Imbalanced-128
INFO:root:Dataset: svhn-R2
INFO:root:Normal class: [0, 1, 2, 3, 4, 5, 6, 7]
INFO:root:Ratio of labeled normal train samples: 0.00
INFO:root:Ratio of labeled anomalous samples: 0.01
INFO:root:Pollution ratio of unlabeled train data: 0.10
INFO:root:Known anomaly class: 1
INFO:root:Network: cifar10_LeNet
INFO:root:Eta-parameter: 1.00
INFO:root:Set seed to 999.
INFO:root:Computation device: cuda
INFO:root:Number of threads: 0
INFO:root:Number of dataloader workers: 0
INFO:root:Pretraining: True
INFO:root:Pretraining optimizer: adam
INFO:root:Pretraining learning rate: 0.001
INFO:root:Pretraining epochs: 100
INFO:root:Pretraining learning rate scheduler milestones: (0,)
INFO:root:Pretraining batch size: 128
INFO:root:Pretraining weight decay: 1e-06
INFO:root:Starting pretraining...
/home/xysong/.conda/envs/OoD/lib/python3.9/site-packages/torch/optim/lr_scheduler.py:131: UserWarning: Detected call of `lr_scheduler.step()` before `optimizer.step()`. In PyTorch 1.1.0 and later, you should call them in the opposite order: `optimizer.step()` before `lr_scheduler.step()`.  Failure to do this will result in PyTorch skipping the first value of the learning rate schedule. See more details at https://pytorch.org/docs/stable/optim.html#how-to-adjust-learning-rate
  warnings.warn("Detected call of `lr_scheduler.step()` before `optimizer.step()`. "
/home/xysong/.conda/envs/OoD/lib/python3.9/site-packages/torch/optim/lr_scheduler.py:418: UserWarning: To get the last learning rate computed by the scheduler, please use `get_last_lr()`.
  warnings.warn("To get the last learning rate computed by the scheduler, "
INFO:root:  LR scheduler: new learning rate is 0.0001
INFO:root:| Epoch: 001/100 | Train Time: 14.268s | Train Loss: 0.010924 |
INFO:root:| Epoch: 002/100 | Train Time: 13.989s | Train Loss: 0.005695 |
INFO:root:| Epoch: 003/100 | Train Time: 13.917s | Train Loss: 0.004633 |
INFO:root:| Epoch: 004/100 | Train Time: 13.892s | Train Loss: 0.004097 |
INFO:root:| Epoch: 005/100 | Train Time: 13.913s | Train Loss: 0.003716 |
INFO:root:| Epoch: 006/100 | Train Time: 13.780s | Train Loss: 0.003472 |
INFO:root:| Epoch: 007/100 | Train Time: 13.782s | Train Loss: 0.003258 |
INFO:root:| Epoch: 008/100 | Train Time: 13.779s | Train Loss: 0.003138 |
INFO:root:| Epoch: 009/100 | Train Time: 13.850s | Train Loss: 0.003018 |
INFO:root:| Epoch: 010/100 | Train Time: 13.854s | Train Loss: 0.002947 |
INFO:root:| Epoch: 011/100 | Train Time: 13.809s | Train Loss: 0.002816 |
INFO:root:| Epoch: 012/100 | Train Time: 13.796s | Train Loss: 0.002725 |
INFO:root:| Epoch: 013/100 | Train Time: 13.810s | Train Loss: 0.002685 |
INFO:root:| Epoch: 014/100 | Train Time: 13.913s | Train Loss: 0.002611 |
INFO:root:| Epoch: 015/100 | Train Time: 13.802s | Train Loss: 0.002610 |
INFO:root:| Epoch: 016/100 | Train Time: 13.793s | Train Loss: 0.002560 |
INFO:root:| Epoch: 017/100 | Train Time: 13.787s | Train Loss: 0.002480 |
INFO:root:| Epoch: 018/100 | Train Time: 13.840s | Train Loss: 0.002437 |
INFO:root:| Epoch: 019/100 | Train Time: 13.899s | Train Loss: 0.002377 |
INFO:root:| Epoch: 020/100 | Train Time: 13.792s | Train Loss: 0.002367 |
INFO:root:| Epoch: 021/100 | Train Time: 13.802s | Train Loss: 0.002335 |
INFO:root:| Epoch: 022/100 | Train Time: 13.798s | Train Loss: 0.002327 |
INFO:root:| Epoch: 023/100 | Train Time: 13.905s | Train Loss: 0.002272 |
INFO:root:| Epoch: 024/100 | Train Time: 13.828s | Train Loss: 0.002276 |
INFO:root:| Epoch: 025/100 | Train Time: 13.809s | Train Loss: 0.002210 |
INFO:root:| Epoch: 026/100 | Train Time: 13.803s | Train Loss: 0.002190 |
INFO:root:| Epoch: 027/100 | Train Time: 13.820s | Train Loss: 0.002164 |
INFO:root:| Epoch: 028/100 | Train Time: 13.935s | Train Loss: 0.002175 |
INFO:root:| Epoch: 029/100 | Train Time: 13.872s | Train Loss: 0.002169 |
INFO:root:| Epoch: 030/100 | Train Time: 13.814s | Train Loss: 0.002162 |
INFO:root:| Epoch: 031/100 | Train Time: 13.812s | Train Loss: 0.002151 |
INFO:root:| Epoch: 032/100 | Train Time: 13.835s | Train Loss: 0.002107 |
INFO:root:| Epoch: 033/100 | Train Time: 13.915s | Train Loss: 0.002135 |
INFO:root:| Epoch: 034/100 | Train Time: 13.814s | Train Loss: 0.002113 |
INFO:root:| Epoch: 035/100 | Train Time: 13.817s | Train Loss: 0.002082 |
INFO:root:| Epoch: 036/100 | Train Time: 13.815s | Train Loss: 0.002080 |
INFO:root:| Epoch: 037/100 | Train Time: 13.917s | Train Loss: 0.002076 |
INFO:root:| Epoch: 038/100 | Train Time: 13.852s | Train Loss: 0.002057 |
INFO:root:| Epoch: 039/100 | Train Time: 13.827s | Train Loss: 0.002014 |
INFO:root:| Epoch: 040/100 | Train Time: 13.819s | Train Loss: 0.002028 |
INFO:root:| Epoch: 041/100 | Train Time: 13.832s | Train Loss: 0.002055 |
INFO:root:| Epoch: 042/100 | Train Time: 13.956s | Train Loss: 0.002059 |
INFO:root:| Epoch: 043/100 | Train Time: 13.835s | Train Loss: 0.002040 |
INFO:root:| Epoch: 044/100 | Train Time: 13.825s | Train Loss: 0.002022 |
INFO:root:| Epoch: 045/100 | Train Time: 13.832s | Train Loss: 0.002025 |
INFO:root:| Epoch: 046/100 | Train Time: 13.851s | Train Loss: 0.001981 |
INFO:root:| Epoch: 047/100 | Train Time: 13.978s | Train Loss: 0.002000 |
INFO:root:| Epoch: 048/100 | Train Time: 13.857s | Train Loss: 0.002005 |
INFO:root:| Epoch: 049/100 | Train Time: 13.852s | Train Loss: 0.002020 |
INFO:root:| Epoch: 050/100 | Train Time: 13.825s | Train Loss: 0.002013 |
INFO:root:| Epoch: 051/100 | Train Time: 13.926s | Train Loss: 0.001970 |
INFO:root:| Epoch: 052/100 | Train Time: 13.855s | Train Loss: 0.001966 |
INFO:root:| Epoch: 053/100 | Train Time: 13.816s | Train Loss: 0.002007 |
INFO:root:| Epoch: 054/100 | Train Time: 13.813s | Train Loss: 0.001943 |
INFO:root:| Epoch: 055/100 | Train Time: 13.821s | Train Loss: 0.001949 |
INFO:root:| Epoch: 056/100 | Train Time: 13.950s | Train Loss: 0.001960 |
INFO:root:| Epoch: 057/100 | Train Time: 13.821s | Train Loss: 0.001972 |
INFO:root:| Epoch: 058/100 | Train Time: 13.824s | Train Loss: 0.001935 |
INFO:root:| Epoch: 059/100 | Train Time: 13.861s | Train Loss: 0.001938 |
INFO:root:| Epoch: 060/100 | Train Time: 13.917s | Train Loss: 0.001946 |
INFO:root:| Epoch: 061/100 | Train Time: 13.883s | Train Loss: 0.001936 |
INFO:root:| Epoch: 062/100 | Train Time: 13.852s | Train Loss: 0.001921 |
INFO:root:| Epoch: 063/100 | Train Time: 13.851s | Train Loss: 0.001915 |
INFO:root:| Epoch: 064/100 | Train Time: 13.877s | Train Loss: 0.001929 |
INFO:root:| Epoch: 065/100 | Train Time: 13.969s | Train Loss: 0.001912 |
INFO:root:| Epoch: 066/100 | Train Time: 13.848s | Train Loss: 0.001890 |
INFO:root:| Epoch: 067/100 | Train Time: 13.847s | Train Loss: 0.001923 |
INFO:root:| Epoch: 068/100 | Train Time: 13.824s | Train Loss: 0.001929 |
INFO:root:| Epoch: 069/100 | Train Time: 13.888s | Train Loss: 0.001911 |
INFO:root:| Epoch: 070/100 | Train Time: 13.901s | Train Loss: 0.001884 |
INFO:root:| Epoch: 071/100 | Train Time: 13.829s | Train Loss: 0.001890 |
INFO:root:| Epoch: 072/100 | Train Time: 13.810s | Train Loss: 0.001888 |
INFO:root:| Epoch: 073/100 | Train Time: 13.826s | Train Loss: 0.001903 |
INFO:root:| Epoch: 074/100 | Train Time: 13.937s | Train Loss: 0.001878 |
INFO:root:| Epoch: 075/100 | Train Time: 13.834s | Train Loss: 0.001875 |
INFO:root:| Epoch: 076/100 | Train Time: 13.834s | Train Loss: 0.001888 |
INFO:root:| Epoch: 077/100 | Train Time: 13.829s | Train Loss: 0.001890 |
INFO:root:| Epoch: 078/100 | Train Time: 13.905s | Train Loss: 0.001843 |
INFO:root:| Epoch: 079/100 | Train Time: 13.967s | Train Loss: 0.001878 |
INFO:root:| Epoch: 080/100 | Train Time: 13.884s | Train Loss: 0.001868 |
INFO:root:| Epoch: 081/100 | Train Time: 13.865s | Train Loss: 0.001839 |
INFO:root:| Epoch: 082/100 | Train Time: 13.873s | Train Loss: 0.001870 |
INFO:root:| Epoch: 083/100 | Train Time: 13.964s | Train Loss: 0.001835 |
INFO:root:| Epoch: 084/100 | Train Time: 13.902s | Train Loss: 0.001838 |
INFO:root:| Epoch: 085/100 | Train Time: 13.851s | Train Loss: 0.001849 |
INFO:root:| Epoch: 086/100 | Train Time: 13.862s | Train Loss: 0.001849 |
INFO:root:| Epoch: 087/100 | Train Time: 13.885s | Train Loss: 0.001832 |
INFO:root:| Epoch: 088/100 | Train Time: 13.968s | Train Loss: 0.001820 |
INFO:root:| Epoch: 089/100 | Train Time: 13.860s | Train Loss: 0.001828 |
INFO:root:| Epoch: 090/100 | Train Time: 13.876s | Train Loss: 0.001841 |
INFO:root:| Epoch: 091/100 | Train Time: 13.850s | Train Loss: 0.001813 |
INFO:root:| Epoch: 092/100 | Train Time: 13.936s | Train Loss: 0.001827 |
INFO:root:| Epoch: 093/100 | Train Time: 13.872s | Train Loss: 0.001814 |
INFO:root:| Epoch: 094/100 | Train Time: 13.836s | Train Loss: 0.001821 |
INFO:root:| Epoch: 095/100 | Train Time: 13.850s | Train Loss: 0.001811 |
INFO:root:| Epoch: 096/100 | Train Time: 13.873s | Train Loss: 0.001814 |
INFO:root:| Epoch: 097/100 | Train Time: 13.979s | Train Loss: 0.001801 |
INFO:root:| Epoch: 098/100 | Train Time: 13.848s | Train Loss: 0.001768 |
INFO:root:| Epoch: 099/100 | Train Time: 13.850s | Train Loss: 0.001792 |
INFO:root:| Epoch: 100/100 | Train Time: 13.849s | Train Loss: 0.001791 |
INFO:root:Pretraining Time: 1386.430s
INFO:root:Finished pretraining.
INFO:root:Testing autoencoder...
INFO:root:Test Loss: 0.001409
INFO:root:Test AUC: 54.26%
INFO:root:Test Time: 4.265s
INFO:root:Finished testing autoencoder.
INFO:root:Training optimizer: adam
INFO:root:Training learning rate: 0.0001
INFO:root:Training epochs: 150
INFO:root:Training learning rate scheduler milestones: (50,)
INFO:root:Training batch size: 128
INFO:root:Training weight decay: 5e-07
INFO:root:Initializing center c...
INFO:root:Center c initialized.
INFO:root:Starting training...
/home/xysong/.conda/envs/OoD/lib/python3.9/site-packages/torch/optim/lr_scheduler.py:131: UserWarning: Detected call of `lr_scheduler.step()` before `optimizer.step()`. In PyTorch 1.1.0 and later, you should call them in the opposite order: `optimizer.step()` before `lr_scheduler.step()`.  Failure to do this will result in PyTorch skipping the first value of the learning rate schedule. See more details at https://pytorch.org/docs/stable/optim.html#how-to-adjust-learning-rate
  warnings.warn("Detected call of `lr_scheduler.step()` before `optimizer.step()`. "
INFO:root:| Epoch: 001/150 | Train Time: 11.287s | Train Loss: 0.748474 |
INFO:root:| Epoch: 002/150 | Train Time: 11.165s | Train Loss: 0.060471 |
INFO:root:| Epoch: 003/150 | Train Time: 11.158s | Train Loss: 0.038087 |
INFO:root:| Epoch: 004/150 | Train Time: 11.152s | Train Loss: 0.028338 |
INFO:root:| Epoch: 005/150 | Train Time: 11.162s | Train Loss: 0.025084 |
INFO:root:| Epoch: 006/150 | Train Time: 11.181s | Train Loss: 0.020594 |
INFO:root:| Epoch: 007/150 | Train Time: 11.261s | Train Loss: 0.019666 |
INFO:root:| Epoch: 008/150 | Train Time: 11.183s | Train Loss: 0.018193 |
INFO:root:| Epoch: 009/150 | Train Time: 11.148s | Train Loss: 0.018084 |
INFO:root:| Epoch: 010/150 | Train Time: 11.169s | Train Loss: 0.018860 |
INFO:root:| Epoch: 011/150 | Train Time: 11.157s | Train Loss: 0.016542 |
INFO:root:| Epoch: 012/150 | Train Time: 11.180s | Train Loss: 0.016485 |
INFO:root:| Epoch: 013/150 | Train Time: 11.313s | Train Loss: 0.016984 |
INFO:root:| Epoch: 014/150 | Train Time: 11.186s | Train Loss: 0.013236 |
INFO:root:| Epoch: 015/150 | Train Time: 11.163s | Train Loss: 0.014162 |
INFO:root:| Epoch: 016/150 | Train Time: 11.175s | Train Loss: 0.017944 |
INFO:root:| Epoch: 017/150 | Train Time: 11.171s | Train Loss: 0.013425 |
INFO:root:| Epoch: 018/150 | Train Time: 11.252s | Train Loss: 0.017265 |
INFO:root:| Epoch: 019/150 | Train Time: 11.233s | Train Loss: 0.012748 |
INFO:root:| Epoch: 020/150 | Train Time: 11.166s | Train Loss: 0.011977 |
INFO:root:| Epoch: 021/150 | Train Time: 11.173s | Train Loss: 0.012955 |
INFO:root:| Epoch: 022/150 | Train Time: 11.158s | Train Loss: 0.013108 |
INFO:root:| Epoch: 023/150 | Train Time: 11.162s | Train Loss: 0.012300 |
INFO:root:| Epoch: 024/150 | Train Time: 11.210s | Train Loss: 0.013098 |
INFO:root:| Epoch: 025/150 | Train Time: 11.227s | Train Loss: 0.011377 |
INFO:root:| Epoch: 026/150 | Train Time: 11.150s | Train Loss: 0.013481 |
INFO:root:| Epoch: 027/150 | Train Time: 11.163s | Train Loss: 0.012257 |
INFO:root:| Epoch: 028/150 | Train Time: 11.185s | Train Loss: 0.013672 |
INFO:root:| Epoch: 029/150 | Train Time: 11.190s | Train Loss: 0.013398 |
INFO:root:| Epoch: 030/150 | Train Time: 11.277s | Train Loss: 0.012163 |
INFO:root:| Epoch: 031/150 | Train Time: 11.188s | Train Loss: 0.011647 |
INFO:root:| Epoch: 032/150 | Train Time: 11.176s | Train Loss: 0.011313 |
INFO:root:| Epoch: 033/150 | Train Time: 11.167s | Train Loss: 0.010512 |
INFO:root:| Epoch: 034/150 | Train Time: 11.159s | Train Loss: 0.009904 |
INFO:root:| Epoch: 035/150 | Train Time: 11.186s | Train Loss: 0.010868 |
INFO:root:| Epoch: 036/150 | Train Time: 11.287s | Train Loss: 0.011062 |
INFO:root:| Epoch: 037/150 | Train Time: 11.132s | Train Loss: 0.010391 |
INFO:root:| Epoch: 038/150 | Train Time: 11.146s | Train Loss: 0.010701 |
INFO:root:| Epoch: 039/150 | Train Time: 11.136s | Train Loss: 0.009837 |
INFO:root:| Epoch: 040/150 | Train Time: 11.150s | Train Loss: 0.010244 |
INFO:root:| Epoch: 041/150 | Train Time: 11.190s | Train Loss: 0.007538 |
INFO:root:| Epoch: 042/150 | Train Time: 11.291s | Train Loss: 0.008350 |
INFO:root:| Epoch: 043/150 | Train Time: 11.158s | Train Loss: 0.006664 |
INFO:root:| Epoch: 044/150 | Train Time: 11.250s | Train Loss: 0.007000 |
INFO:root:| Epoch: 045/150 | Train Time: 11.315s | Train Loss: 0.006879 |
INFO:root:| Epoch: 046/150 | Train Time: 11.142s | Train Loss: 0.006599 |
INFO:root:| Epoch: 047/150 | Train Time: 11.278s | Train Loss: 0.007585 |
INFO:root:| Epoch: 048/150 | Train Time: 11.210s | Train Loss: 0.005890 |
INFO:root:| Epoch: 049/150 | Train Time: 11.149s | Train Loss: 0.006235 |
INFO:root:| Epoch: 050/150 | Train Time: 11.133s | Train Loss: 0.001644 |
/home/xysong/.conda/envs/OoD/lib/python3.9/site-packages/torch/optim/lr_scheduler.py:418: UserWarning: To get the last learning rate computed by the scheduler, please use `get_last_lr()`.
  warnings.warn("To get the last learning rate computed by the scheduler, "
INFO:root:  LR scheduler: new learning rate is 1e-05
INFO:root:| Epoch: 051/150 | Train Time: 11.131s | Train Loss: 0.001615 |
INFO:root:| Epoch: 052/150 | Train Time: 11.176s | Train Loss: 0.001674 |
INFO:root:| Epoch: 053/150 | Train Time: 11.276s | Train Loss: 0.001543 |
INFO:root:| Epoch: 054/150 | Train Time: 11.147s | Train Loss: 0.001620 |
INFO:root:| Epoch: 055/150 | Train Time: 11.137s | Train Loss: 0.001706 |
INFO:root:| Epoch: 056/150 | Train Time: 11.143s | Train Loss: 0.001698 |
INFO:root:| Epoch: 057/150 | Train Time: 11.158s | Train Loss: 0.001542 |
INFO:root:| Epoch: 058/150 | Train Time: 11.200s | Train Loss: 0.001632 |
INFO:root:| Epoch: 059/150 | Train Time: 11.250s | Train Loss: 0.001622 |
INFO:root:| Epoch: 060/150 | Train Time: 11.153s | Train Loss: 0.001624 |
INFO:root:| Epoch: 061/150 | Train Time: 11.179s | Train Loss: 0.001561 |
INFO:root:| Epoch: 062/150 | Train Time: 11.175s | Train Loss: 0.001483 |
INFO:root:| Epoch: 063/150 | Train Time: 11.162s | Train Loss: 0.001494 |
INFO:root:| Epoch: 064/150 | Train Time: 11.220s | Train Loss: 0.001419 |
INFO:root:| Epoch: 065/150 | Train Time: 11.280s | Train Loss: 0.001475 |
INFO:root:| Epoch: 066/150 | Train Time: 11.145s | Train Loss: 0.001448 |
INFO:root:| Epoch: 067/150 | Train Time: 11.170s | Train Loss: 0.001439 |
INFO:root:| Epoch: 068/150 | Train Time: 11.152s | Train Loss: 0.001427 |
INFO:root:| Epoch: 069/150 | Train Time: 11.135s | Train Loss: 0.001333 |
INFO:root:| Epoch: 070/150 | Train Time: 11.241s | Train Loss: 0.001261 |
INFO:root:| Epoch: 071/150 | Train Time: 11.192s | Train Loss: 0.001328 |
INFO:root:| Epoch: 072/150 | Train Time: 11.169s | Train Loss: 0.001226 |
INFO:root:| Epoch: 073/150 | Train Time: 11.163s | Train Loss: 0.001204 |
INFO:root:| Epoch: 074/150 | Train Time: 11.132s | Train Loss: 0.001255 |
INFO:root:| Epoch: 075/150 | Train Time: 11.184s | Train Loss: 0.001200 |
INFO:root:| Epoch: 076/150 | Train Time: 11.262s | Train Loss: 0.001184 |
INFO:root:| Epoch: 077/150 | Train Time: 11.149s | Train Loss: 0.001192 |
INFO:root:| Epoch: 078/150 | Train Time: 11.182s | Train Loss: 0.001255 |
INFO:root:| Epoch: 079/150 | Train Time: 11.161s | Train Loss: 0.001170 |
INFO:root:| Epoch: 080/150 | Train Time: 11.139s | Train Loss: 0.001137 |
INFO:root:| Epoch: 081/150 | Train Time: 11.230s | Train Loss: 0.001171 |
INFO:root:| Epoch: 082/150 | Train Time: 11.239s | Train Loss: 0.001167 |
INFO:root:| Epoch: 083/150 | Train Time: 11.140s | Train Loss: 0.001056 |
INFO:root:| Epoch: 084/150 | Train Time: 11.153s | Train Loss: 0.001050 |
INFO:root:| Epoch: 085/150 | Train Time: 11.142s | Train Loss: 0.001078 |
INFO:root:| Epoch: 086/150 | Train Time: 11.168s | Train Loss: 0.001030 |
INFO:root:| Epoch: 087/150 | Train Time: 11.186s | Train Loss: 0.001045 |
INFO:root:| Epoch: 088/150 | Train Time: 11.414s | Train Loss: 0.001058 |
INFO:root:| Epoch: 089/150 | Train Time: 11.193s | Train Loss: 0.001064 |
INFO:root:| Epoch: 090/150 | Train Time: 11.197s | Train Loss: 0.001014 |
INFO:root:| Epoch: 091/150 | Train Time: 11.198s | Train Loss: 0.000964 |
INFO:root:| Epoch: 092/150 | Train Time: 11.187s | Train Loss: 0.000997 |
INFO:root:| Epoch: 093/150 | Train Time: 11.273s | Train Loss: 0.000994 |
INFO:root:| Epoch: 094/150 | Train Time: 11.294s | Train Loss: 0.000951 |
INFO:root:| Epoch: 095/150 | Train Time: 11.213s | Train Loss: 0.000929 |
INFO:root:| Epoch: 096/150 | Train Time: 11.219s | Train Loss: 0.000892 |
INFO:root:| Epoch: 097/150 | Train Time: 11.222s | Train Loss: 0.000965 |
INFO:root:| Epoch: 098/150 | Train Time: 11.208s | Train Loss: 0.000945 |
INFO:root:| Epoch: 099/150 | Train Time: 11.313s | Train Loss: 0.000912 |
INFO:root:| Epoch: 100/150 | Train Time: 11.240s | Train Loss: 0.000892 |
INFO:root:| Epoch: 101/150 | Train Time: 11.194s | Train Loss: 0.000892 |
INFO:root:| Epoch: 102/150 | Train Time: 11.203s | Train Loss: 0.000922 |
INFO:root:| Epoch: 103/150 | Train Time: 11.201s | Train Loss: 0.000819 |
INFO:root:| Epoch: 104/150 | Train Time: 11.212s | Train Loss: 0.000850 |
INFO:root:| Epoch: 105/150 | Train Time: 11.302s | Train Loss: 0.000880 |
INFO:root:| Epoch: 106/150 | Train Time: 11.260s | Train Loss: 0.000847 |
INFO:root:| Epoch: 107/150 | Train Time: 11.212s | Train Loss: 0.000811 |
INFO:root:| Epoch: 108/150 | Train Time: 11.215s | Train Loss: 0.000842 |
INFO:root:| Epoch: 109/150 | Train Time: 11.225s | Train Loss: 0.000792 |
INFO:root:| Epoch: 110/150 | Train Time: 11.244s | Train Loss: 0.000811 |
INFO:root:| Epoch: 111/150 | Train Time: 11.361s | Train Loss: 0.000795 |
INFO:root:| Epoch: 112/150 | Train Time: 11.236s | Train Loss: 0.000850 |
INFO:root:| Epoch: 113/150 | Train Time: 11.235s | Train Loss: 0.000802 |
INFO:root:| Epoch: 114/150 | Train Time: 11.218s | Train Loss: 0.000747 |
INFO:root:| Epoch: 115/150 | Train Time: 11.231s | Train Loss: 0.000778 |
INFO:root:| Epoch: 116/150 | Train Time: 11.310s | Train Loss: 0.000760 |
INFO:root:| Epoch: 117/150 | Train Time: 11.316s | Train Loss: 0.000850 |
INFO:root:| Epoch: 118/150 | Train Time: 11.245s | Train Loss: 0.000797 |
INFO:root:| Epoch: 119/150 | Train Time: 11.230s | Train Loss: 0.000729 |
INFO:root:| Epoch: 120/150 | Train Time: 11.226s | Train Loss: 0.000759 |
INFO:root:| Epoch: 121/150 | Train Time: 11.248s | Train Loss: 0.000729 |
INFO:root:| Epoch: 122/150 | Train Time: 11.361s | Train Loss: 0.000729 |
INFO:root:| Epoch: 123/150 | Train Time: 11.270s | Train Loss: 0.000730 |
INFO:root:| Epoch: 124/150 | Train Time: 11.238s | Train Loss: 0.000733 |
INFO:root:| Epoch: 125/150 | Train Time: 11.224s | Train Loss: 0.000706 |
INFO:root:| Epoch: 126/150 | Train Time: 11.220s | Train Loss: 0.000739 |
INFO:root:| Epoch: 127/150 | Train Time: 11.237s | Train Loss: 0.000682 |
INFO:root:| Epoch: 128/150 | Train Time: 11.339s | Train Loss: 0.000742 |
INFO:root:| Epoch: 129/150 | Train Time: 11.256s | Train Loss: 0.000716 |
INFO:root:| Epoch: 130/150 | Train Time: 11.257s | Train Loss: 0.000703 |
INFO:root:| Epoch: 131/150 | Train Time: 11.232s | Train Loss: 0.000698 |
INFO:root:| Epoch: 132/150 | Train Time: 11.233s | Train Loss: 0.000667 |
INFO:root:| Epoch: 133/150 | Train Time: 11.269s | Train Loss: 0.000695 |
INFO:root:| Epoch: 134/150 | Train Time: 11.363s | Train Loss: 0.000662 |
INFO:root:| Epoch: 135/150 | Train Time: 11.251s | Train Loss: 0.000666 |
INFO:root:| Epoch: 136/150 | Train Time: 11.259s | Train Loss: 0.000692 |
INFO:root:| Epoch: 137/150 | Train Time: 11.251s | Train Loss: 0.000642 |
INFO:root:| Epoch: 138/150 | Train Time: 11.245s | Train Loss: 0.000672 |
INFO:root:| Epoch: 139/150 | Train Time: 11.360s | Train Loss: 0.000628 |
INFO:root:| Epoch: 140/150 | Train Time: 11.278s | Train Loss: 0.000651 |
INFO:root:| Epoch: 141/150 | Train Time: 11.237s | Train Loss: 0.000641 |
INFO:root:| Epoch: 142/150 | Train Time: 11.247s | Train Loss: 0.000635 |
INFO:root:| Epoch: 143/150 | Train Time: 11.253s | Train Loss: 0.000609 |
INFO:root:| Epoch: 144/150 | Train Time: 11.246s | Train Loss: 0.000647 |
INFO:root:| Epoch: 145/150 | Train Time: 11.368s | Train Loss: 0.000668 |
INFO:root:| Epoch: 146/150 | Train Time: 11.257s | Train Loss: 0.000634 |
INFO:root:| Epoch: 147/150 | Train Time: 11.255s | Train Loss: 0.000602 |
INFO:root:| Epoch: 148/150 | Train Time: 11.254s | Train Loss: 0.000607 |
INFO:root:| Epoch: 149/150 | Train Time: 11.256s | Train Loss: 0.000659 |
INFO:root:| Epoch: 150/150 | Train Time: 11.348s | Train Loss: 0.000629 |
INFO:root:Training Time: 1682.423s
INFO:root:Finished training.
INFO:root:Starting testing...
INFO:root:Testing TPR95: 0.0535
INFO:root:Testing TPR99: 0.0120
INFO:root:Test Loss: 0.000546
INFO:root:Test AUC: 51.01%
INFO:root:Test Time: 3.830s
INFO:root:Finished testing.
Outlier classes: [8, 9]
Using downloaded and verified file: ../data/train_32x32.mat
Original training data size:  73257 (73257, 3, 32, 32)
Using number-pre-sampled sampler
Train set shape: (63553, 32, 32, 3)
Train set size: 63681
Train targets size: 63681
Train semi-targets size: 63681
Counter({1: 13861, 2: 10585, 3: 8497, 4: 7458, 5: 6882, 6: 5727, 7: 5595, 0: 4948, 8: 128})
Using downloaded and verified file: ../data/train_32x32.mat
Using downloaded and verified file: ../data/test_32x32.mat
InD Test Size: 22777, OoD Test Size: 3255, TPR95: 0.0535
InD Test Size: 22777, OoD Test Size: 3255, TPR99: 0.0120
