mkdir: cannot create directory ‘log/DeepSAD’: File exists
INFO:root:Log file is ../log/DeepSAD/svhn-R2-Imbalanced-4096/log.txt
INFO:root:Data path is ../data
INFO:root:Export path is ../log/DeepSAD/svhn-R2-Imbalanced-4096
INFO:root:Dataset: svhn-R2
INFO:root:Normal class: [0, 1, 2, 3, 4, 5, 6, 7]
INFO:root:Ratio of labeled normal train samples: 0.00
INFO:root:Ratio of labeled anomalous samples: 0.01
INFO:root:Pollution ratio of unlabeled train data: 0.10
INFO:root:Known anomaly class: 1
INFO:root:Network: cifar10_LeNet
INFO:root:Eta-parameter: 1.00
INFO:root:Set seed to 999.
INFO:root:Computation device: cuda
INFO:root:Number of threads: 0
INFO:root:Number of dataloader workers: 0
INFO:root:Pretraining: True
INFO:root:Pretraining optimizer: adam
INFO:root:Pretraining learning rate: 0.001
INFO:root:Pretraining epochs: 100
INFO:root:Pretraining learning rate scheduler milestones: (0,)
INFO:root:Pretraining batch size: 128
INFO:root:Pretraining weight decay: 1e-06
INFO:root:Starting pretraining...
/home/xysong/.conda/envs/OoD/lib/python3.9/site-packages/torch/optim/lr_scheduler.py:131: UserWarning: Detected call of `lr_scheduler.step()` before `optimizer.step()`. In PyTorch 1.1.0 and later, you should call them in the opposite order: `optimizer.step()` before `lr_scheduler.step()`.  Failure to do this will result in PyTorch skipping the first value of the learning rate schedule. See more details at https://pytorch.org/docs/stable/optim.html#how-to-adjust-learning-rate
  warnings.warn("Detected call of `lr_scheduler.step()` before `optimizer.step()`. "
/home/xysong/.conda/envs/OoD/lib/python3.9/site-packages/torch/optim/lr_scheduler.py:418: UserWarning: To get the last learning rate computed by the scheduler, please use `get_last_lr()`.
  warnings.warn("To get the last learning rate computed by the scheduler, "
INFO:root:  LR scheduler: new learning rate is 0.0001
INFO:root:| Epoch: 001/100 | Train Time: 15.350s | Train Loss: 0.015106 |
INFO:root:| Epoch: 002/100 | Train Time: 15.176s | Train Loss: 0.009916 |
INFO:root:| Epoch: 003/100 | Train Time: 15.164s | Train Loss: 0.008772 |
INFO:root:| Epoch: 004/100 | Train Time: 15.080s | Train Loss: 0.008203 |
INFO:root:| Epoch: 005/100 | Train Time: 15.231s | Train Loss: 0.007764 |
INFO:root:| Epoch: 006/100 | Train Time: 15.097s | Train Loss: 0.007479 |
INFO:root:| Epoch: 007/100 | Train Time: 15.079s | Train Loss: 0.007182 |
INFO:root:| Epoch: 008/100 | Train Time: 15.256s | Train Loss: 0.007006 |
INFO:root:| Epoch: 009/100 | Train Time: 15.189s | Train Loss: 0.006828 |
INFO:root:| Epoch: 010/100 | Train Time: 15.102s | Train Loss: 0.006706 |
INFO:root:| Epoch: 011/100 | Train Time: 15.094s | Train Loss: 0.006600 |
INFO:root:| Epoch: 012/100 | Train Time: 15.269s | Train Loss: 0.006499 |
INFO:root:| Epoch: 013/100 | Train Time: 15.153s | Train Loss: 0.006445 |
INFO:root:| Epoch: 014/100 | Train Time: 15.118s | Train Loss: 0.006446 |
INFO:root:| Epoch: 015/100 | Train Time: 15.122s | Train Loss: 0.006279 |
INFO:root:| Epoch: 016/100 | Train Time: 15.220s | Train Loss: 0.006206 |
INFO:root:| Epoch: 017/100 | Train Time: 15.173s | Train Loss: 0.006191 |
INFO:root:| Epoch: 018/100 | Train Time: 15.110s | Train Loss: 0.006118 |
INFO:root:| Epoch: 019/100 | Train Time: 15.110s | Train Loss: 0.006027 |
INFO:root:| Epoch: 020/100 | Train Time: 15.202s | Train Loss: 0.005995 |
INFO:root:| Epoch: 021/100 | Train Time: 15.201s | Train Loss: 0.005935 |
INFO:root:| Epoch: 022/100 | Train Time: 15.105s | Train Loss: 0.005916 |
INFO:root:| Epoch: 023/100 | Train Time: 15.123s | Train Loss: 0.005862 |
INFO:root:| Epoch: 024/100 | Train Time: 15.155s | Train Loss: 0.005858 |
INFO:root:| Epoch: 025/100 | Train Time: 15.260s | Train Loss: 0.005801 |
INFO:root:| Epoch: 026/100 | Train Time: 15.129s | Train Loss: 0.005786 |
INFO:root:| Epoch: 027/100 | Train Time: 15.128s | Train Loss: 0.005740 |
INFO:root:| Epoch: 028/100 | Train Time: 15.137s | Train Loss: 0.005692 |
INFO:root:| Epoch: 029/100 | Train Time: 15.314s | Train Loss: 0.005654 |
INFO:root:| Epoch: 030/100 | Train Time: 15.139s | Train Loss: 0.005653 |
INFO:root:| Epoch: 031/100 | Train Time: 15.136s | Train Loss: 0.005635 |
INFO:root:| Epoch: 032/100 | Train Time: 15.132s | Train Loss: 0.005615 |
INFO:root:| Epoch: 033/100 | Train Time: 15.287s | Train Loss: 0.005587 |
INFO:root:| Epoch: 034/100 | Train Time: 15.122s | Train Loss: 0.005581 |
INFO:root:| Epoch: 035/100 | Train Time: 15.113s | Train Loss: 0.005541 |
INFO:root:| Epoch: 036/100 | Train Time: 15.139s | Train Loss: 0.005537 |
INFO:root:| Epoch: 037/100 | Train Time: 15.294s | Train Loss: 0.005528 |
INFO:root:| Epoch: 038/100 | Train Time: 15.219s | Train Loss: 0.005526 |
INFO:root:| Epoch: 039/100 | Train Time: 15.190s | Train Loss: 0.005459 |
INFO:root:| Epoch: 040/100 | Train Time: 15.133s | Train Loss: 0.005456 |
INFO:root:| Epoch: 041/100 | Train Time: 15.269s | Train Loss: 0.005455 |
INFO:root:| Epoch: 042/100 | Train Time: 15.189s | Train Loss: 0.005455 |
INFO:root:| Epoch: 043/100 | Train Time: 15.141s | Train Loss: 0.005447 |
INFO:root:| Epoch: 044/100 | Train Time: 15.136s | Train Loss: 0.005394 |
INFO:root:| Epoch: 045/100 | Train Time: 15.250s | Train Loss: 0.005382 |
INFO:root:| Epoch: 046/100 | Train Time: 15.237s | Train Loss: 0.005382 |
INFO:root:| Epoch: 047/100 | Train Time: 15.157s | Train Loss: 0.005380 |
INFO:root:| Epoch: 048/100 | Train Time: 15.162s | Train Loss: 0.005383 |
INFO:root:| Epoch: 049/100 | Train Time: 15.210s | Train Loss: 0.005336 |
INFO:root:| Epoch: 050/100 | Train Time: 15.279s | Train Loss: 0.005333 |
INFO:root:| Epoch: 051/100 | Train Time: 15.175s | Train Loss: 0.005331 |
INFO:root:| Epoch: 052/100 | Train Time: 15.170s | Train Loss: 0.005342 |
INFO:root:| Epoch: 053/100 | Train Time: 15.186s | Train Loss: 0.005337 |
INFO:root:| Epoch: 054/100 | Train Time: 15.318s | Train Loss: 0.005309 |
INFO:root:| Epoch: 055/100 | Train Time: 15.141s | Train Loss: 0.005319 |
INFO:root:| Epoch: 056/100 | Train Time: 15.160s | Train Loss: 0.005301 |
INFO:root:| Epoch: 057/100 | Train Time: 15.168s | Train Loss: 0.005278 |
INFO:root:| Epoch: 058/100 | Train Time: 15.312s | Train Loss: 0.005479 |
INFO:root:| Epoch: 059/100 | Train Time: 15.164s | Train Loss: 0.005294 |
INFO:root:| Epoch: 060/100 | Train Time: 15.142s | Train Loss: 0.005272 |
INFO:root:| Epoch: 061/100 | Train Time: 15.163s | Train Loss: 0.005271 |
INFO:root:| Epoch: 062/100 | Train Time: 15.315s | Train Loss: 0.005295 |
INFO:root:| Epoch: 063/100 | Train Time: 15.188s | Train Loss: 0.005251 |
INFO:root:| Epoch: 064/100 | Train Time: 15.146s | Train Loss: 0.005254 |
INFO:root:| Epoch: 065/100 | Train Time: 15.177s | Train Loss: 0.005261 |
INFO:root:| Epoch: 066/100 | Train Time: 15.308s | Train Loss: 0.005277 |
INFO:root:| Epoch: 067/100 | Train Time: 15.220s | Train Loss: 0.005226 |
INFO:root:| Epoch: 068/100 | Train Time: 15.259s | Train Loss: 0.005223 |
INFO:root:| Epoch: 069/100 | Train Time: 15.170s | Train Loss: 0.005231 |
INFO:root:| Epoch: 070/100 | Train Time: 15.247s | Train Loss: 0.005225 |
INFO:root:| Epoch: 071/100 | Train Time: 15.204s | Train Loss: 0.005212 |
INFO:root:| Epoch: 072/100 | Train Time: 15.133s | Train Loss: 0.005182 |
INFO:root:| Epoch: 073/100 | Train Time: 15.146s | Train Loss: 0.005184 |
INFO:root:| Epoch: 074/100 | Train Time: 15.215s | Train Loss: 0.005193 |
INFO:root:| Epoch: 075/100 | Train Time: 15.253s | Train Loss: 0.005179 |
INFO:root:| Epoch: 076/100 | Train Time: 15.138s | Train Loss: 0.005173 |
INFO:root:| Epoch: 077/100 | Train Time: 15.139s | Train Loss: 0.005170 |
INFO:root:| Epoch: 078/100 | Train Time: 15.190s | Train Loss: 0.005166 |
INFO:root:| Epoch: 079/100 | Train Time: 15.298s | Train Loss: 0.005154 |
INFO:root:| Epoch: 080/100 | Train Time: 15.134s | Train Loss: 0.005149 |
INFO:root:| Epoch: 081/100 | Train Time: 15.158s | Train Loss: 0.005146 |
INFO:root:| Epoch: 082/100 | Train Time: 15.159s | Train Loss: 0.005151 |
INFO:root:| Epoch: 083/100 | Train Time: 15.350s | Train Loss: 0.005253 |
INFO:root:| Epoch: 084/100 | Train Time: 15.176s | Train Loss: 0.005129 |
INFO:root:| Epoch: 085/100 | Train Time: 15.171s | Train Loss: 0.005146 |
INFO:root:| Epoch: 086/100 | Train Time: 15.170s | Train Loss: 0.005124 |
INFO:root:| Epoch: 087/100 | Train Time: 15.327s | Train Loss: 0.005138 |
INFO:root:| Epoch: 088/100 | Train Time: 15.161s | Train Loss: 0.005135 |
INFO:root:| Epoch: 089/100 | Train Time: 15.183s | Train Loss: 0.005142 |
INFO:root:| Epoch: 090/100 | Train Time: 15.170s | Train Loss: 0.005106 |
INFO:root:| Epoch: 091/100 | Train Time: 15.302s | Train Loss: 0.005111 |
INFO:root:| Epoch: 092/100 | Train Time: 15.186s | Train Loss: 0.005103 |
INFO:root:| Epoch: 093/100 | Train Time: 15.146s | Train Loss: 0.005090 |
INFO:root:| Epoch: 094/100 | Train Time: 15.152s | Train Loss: 0.005120 |
INFO:root:| Epoch: 095/100 | Train Time: 15.286s | Train Loss: 0.005098 |
INFO:root:| Epoch: 096/100 | Train Time: 15.221s | Train Loss: 0.005077 |
INFO:root:| Epoch: 097/100 | Train Time: 15.191s | Train Loss: 0.005169 |
INFO:root:| Epoch: 098/100 | Train Time: 15.221s | Train Loss: 0.005098 |
INFO:root:| Epoch: 099/100 | Train Time: 15.275s | Train Loss: 0.005079 |
INFO:root:| Epoch: 100/100 | Train Time: 15.248s | Train Loss: 0.005074 |
INFO:root:Pretraining Time: 1519.049s
INFO:root:Finished pretraining.
INFO:root:Testing autoencoder...
INFO:root:Test Loss: 0.001170
INFO:root:Test AUC: 53.75%
INFO:root:Test Time: 4.406s
INFO:root:Finished testing autoencoder.
INFO:root:Training optimizer: adam
INFO:root:Training learning rate: 0.0001
INFO:root:Training epochs: 150
INFO:root:Training learning rate scheduler milestones: (50,)
INFO:root:Training batch size: 128
INFO:root:Training weight decay: 5e-07
INFO:root:Initializing center c...
INFO:root:Center c initialized.
INFO:root:Starting training...
/home/xysong/.conda/envs/OoD/lib/python3.9/site-packages/torch/optim/lr_scheduler.py:131: UserWarning: Detected call of `lr_scheduler.step()` before `optimizer.step()`. In PyTorch 1.1.0 and later, you should call them in the opposite order: `optimizer.step()` before `lr_scheduler.step()`.  Failure to do this will result in PyTorch skipping the first value of the learning rate schedule. See more details at https://pytorch.org/docs/stable/optim.html#how-to-adjust-learning-rate
  warnings.warn("Detected call of `lr_scheduler.step()` before `optimizer.step()`. "
INFO:root:| Epoch: 001/150 | Train Time: 12.120s | Train Loss: 0.442476 |
INFO:root:| Epoch: 002/150 | Train Time: 12.117s | Train Loss: 0.036631 |
INFO:root:| Epoch: 003/150 | Train Time: 12.254s | Train Loss: 0.066134 |
INFO:root:| Epoch: 004/150 | Train Time: 12.147s | Train Loss: 0.018918 |
INFO:root:| Epoch: 005/150 | Train Time: 12.103s | Train Loss: 0.012634 |
INFO:root:| Epoch: 006/150 | Train Time: 12.089s | Train Loss: 0.011293 |
INFO:root:| Epoch: 007/150 | Train Time: 12.121s | Train Loss: 0.012106 |
INFO:root:| Epoch: 008/150 | Train Time: 12.121s | Train Loss: 0.013698 |
INFO:root:| Epoch: 009/150 | Train Time: 12.269s | Train Loss: 0.016394 |
INFO:root:| Epoch: 010/150 | Train Time: 12.126s | Train Loss: 0.103223 |
INFO:root:| Epoch: 011/150 | Train Time: 12.111s | Train Loss: 0.010796 |
INFO:root:| Epoch: 012/150 | Train Time: 12.121s | Train Loss: 0.006978 |
INFO:root:| Epoch: 013/150 | Train Time: 12.116s | Train Loss: 0.007435 |
INFO:root:| Epoch: 014/150 | Train Time: 12.263s | Train Loss: 0.005054 |
INFO:root:| Epoch: 015/150 | Train Time: 12.101s | Train Loss: 0.006716 |
INFO:root:| Epoch: 016/150 | Train Time: 12.088s | Train Loss: 0.005241 |
INFO:root:| Epoch: 017/150 | Train Time: 12.104s | Train Loss: 0.006971 |
INFO:root:| Epoch: 018/150 | Train Time: 12.118s | Train Loss: 0.003324 |
INFO:root:| Epoch: 019/150 | Train Time: 12.264s | Train Loss: 0.004974 |
INFO:root:| Epoch: 020/150 | Train Time: 12.125s | Train Loss: 0.079641 |
INFO:root:| Epoch: 021/150 | Train Time: 12.104s | Train Loss: 0.025248 |
INFO:root:| Epoch: 022/150 | Train Time: 12.112s | Train Loss: 0.004825 |
INFO:root:| Epoch: 023/150 | Train Time: 12.125s | Train Loss: 0.006357 |
INFO:root:| Epoch: 024/150 | Train Time: 12.265s | Train Loss: 0.003281 |
INFO:root:| Epoch: 025/150 | Train Time: 12.164s | Train Loss: 0.112471 |
INFO:root:| Epoch: 026/150 | Train Time: 12.118s | Train Loss: 0.020944 |
INFO:root:| Epoch: 027/150 | Train Time: 12.108s | Train Loss: 0.004088 |
INFO:root:| Epoch: 028/150 | Train Time: 12.131s | Train Loss: 0.005823 |
INFO:root:| Epoch: 029/150 | Train Time: 12.219s | Train Loss: 0.003170 |
INFO:root:| Epoch: 030/150 | Train Time: 12.194s | Train Loss: 0.002910 |
INFO:root:| Epoch: 031/150 | Train Time: 12.122s | Train Loss: 0.003758 |
INFO:root:| Epoch: 032/150 | Train Time: 12.118s | Train Loss: 0.001907 |
INFO:root:| Epoch: 033/150 | Train Time: 12.198s | Train Loss: 0.002278 |
INFO:root:| Epoch: 034/150 | Train Time: 12.188s | Train Loss: 0.001718 |
INFO:root:| Epoch: 035/150 | Train Time: 12.233s | Train Loss: 0.003939 |
INFO:root:| Epoch: 036/150 | Train Time: 12.120s | Train Loss: 0.002618 |
INFO:root:| Epoch: 037/150 | Train Time: 12.124s | Train Loss: 0.001787 |
INFO:root:| Epoch: 038/150 | Train Time: 12.089s | Train Loss: 0.001488 |
INFO:root:| Epoch: 039/150 | Train Time: 12.122s | Train Loss: 0.004277 |
INFO:root:| Epoch: 040/150 | Train Time: 12.264s | Train Loss: 0.001497 |
INFO:root:| Epoch: 041/150 | Train Time: 12.100s | Train Loss: 0.001196 |
INFO:root:| Epoch: 042/150 | Train Time: 12.096s | Train Loss: 0.001660 |
INFO:root:| Epoch: 043/150 | Train Time: 12.099s | Train Loss: 0.001483 |
INFO:root:| Epoch: 044/150 | Train Time: 12.124s | Train Loss: 0.001732 |
INFO:root:| Epoch: 045/150 | Train Time: 12.281s | Train Loss: 0.001419 |
INFO:root:| Epoch: 046/150 | Train Time: 12.136s | Train Loss: 0.096052 |
INFO:root:| Epoch: 047/150 | Train Time: 12.119s | Train Loss: 0.006639 |
INFO:root:| Epoch: 048/150 | Train Time: 12.124s | Train Loss: 0.004067 |
INFO:root:| Epoch: 049/150 | Train Time: 12.173s | Train Loss: 0.002458 |
INFO:root:| Epoch: 050/150 | Train Time: 12.231s | Train Loss: 0.085771 |
/home/xysong/.conda/envs/OoD/lib/python3.9/site-packages/torch/optim/lr_scheduler.py:418: UserWarning: To get the last learning rate computed by the scheduler, please use `get_last_lr()`.
  warnings.warn("To get the last learning rate computed by the scheduler, "
INFO:root:  LR scheduler: new learning rate is 1e-05
INFO:root:| Epoch: 051/150 | Train Time: 12.272s | Train Loss: 0.023756 |
INFO:root:| Epoch: 052/150 | Train Time: 12.113s | Train Loss: 0.002395 |
INFO:root:| Epoch: 053/150 | Train Time: 12.121s | Train Loss: 0.002055 |
INFO:root:| Epoch: 054/150 | Train Time: 12.141s | Train Loss: 0.001734 |
INFO:root:| Epoch: 055/150 | Train Time: 12.131s | Train Loss: 0.001389 |
INFO:root:| Epoch: 056/150 | Train Time: 12.261s | Train Loss: 0.001345 |
INFO:root:| Epoch: 057/150 | Train Time: 12.127s | Train Loss: 0.001073 |
INFO:root:| Epoch: 058/150 | Train Time: 12.109s | Train Loss: 0.001209 |
INFO:root:| Epoch: 059/150 | Train Time: 12.111s | Train Loss: 0.001000 |
INFO:root:| Epoch: 060/150 | Train Time: 12.115s | Train Loss: 0.018940 |
INFO:root:| Epoch: 061/150 | Train Time: 12.188s | Train Loss: 0.001230 |
INFO:root:| Epoch: 062/150 | Train Time: 12.298s | Train Loss: 0.001183 |
INFO:root:| Epoch: 063/150 | Train Time: 12.134s | Train Loss: 0.001075 |
INFO:root:| Epoch: 064/150 | Train Time: 12.133s | Train Loss: 0.001086 |
INFO:root:| Epoch: 065/150 | Train Time: 12.131s | Train Loss: 0.001067 |
INFO:root:| Epoch: 066/150 | Train Time: 12.145s | Train Loss: 0.000804 |
INFO:root:| Epoch: 067/150 | Train Time: 12.269s | Train Loss: 0.000855 |
INFO:root:| Epoch: 068/150 | Train Time: 12.175s | Train Loss: 0.000802 |
INFO:root:| Epoch: 069/150 | Train Time: 12.157s | Train Loss: 0.010133 |
INFO:root:| Epoch: 070/150 | Train Time: 12.219s | Train Loss: 0.000909 |
INFO:root:| Epoch: 071/150 | Train Time: 12.158s | Train Loss: 0.000760 |
INFO:root:| Epoch: 072/150 | Train Time: 12.141s | Train Loss: 0.000750 |
INFO:root:| Epoch: 073/150 | Train Time: 12.282s | Train Loss: 0.000702 |
INFO:root:| Epoch: 074/150 | Train Time: 12.121s | Train Loss: 0.000820 |
INFO:root:| Epoch: 075/150 | Train Time: 12.136s | Train Loss: 0.000648 |
INFO:root:| Epoch: 076/150 | Train Time: 12.139s | Train Loss: 0.000784 |
INFO:root:| Epoch: 077/150 | Train Time: 12.149s | Train Loss: 0.000622 |
INFO:root:| Epoch: 078/150 | Train Time: 12.230s | Train Loss: 0.000651 |
INFO:root:| Epoch: 079/150 | Train Time: 12.198s | Train Loss: 0.000519 |
INFO:root:| Epoch: 080/150 | Train Time: 12.118s | Train Loss: 0.000531 |
INFO:root:| Epoch: 081/150 | Train Time: 12.125s | Train Loss: 0.000486 |
INFO:root:| Epoch: 082/150 | Train Time: 12.126s | Train Loss: 0.000451 |
INFO:root:| Epoch: 083/150 | Train Time: 12.153s | Train Loss: 0.010805 |
INFO:root:| Epoch: 084/150 | Train Time: 12.303s | Train Loss: 0.000530 |
INFO:root:| Epoch: 085/150 | Train Time: 12.127s | Train Loss: 0.007967 |
INFO:root:| Epoch: 086/150 | Train Time: 12.116s | Train Loss: 0.001999 |
INFO:root:| Epoch: 087/150 | Train Time: 12.109s | Train Loss: 0.000512 |
INFO:root:| Epoch: 088/150 | Train Time: 12.128s | Train Loss: 0.000521 |
INFO:root:| Epoch: 089/150 | Train Time: 12.189s | Train Loss: 0.000432 |
INFO:root:| Epoch: 090/150 | Train Time: 12.235s | Train Loss: 0.000451 |
INFO:root:| Epoch: 091/150 | Train Time: 12.115s | Train Loss: 0.000672 |
INFO:root:| Epoch: 092/150 | Train Time: 12.118s | Train Loss: 0.000371 |
INFO:root:| Epoch: 093/150 | Train Time: 12.126s | Train Loss: 0.000442 |
INFO:root:| Epoch: 094/150 | Train Time: 12.145s | Train Loss: 0.000387 |
INFO:root:| Epoch: 095/150 | Train Time: 12.268s | Train Loss: 0.000410 |
INFO:root:| Epoch: 096/150 | Train Time: 12.150s | Train Loss: 0.000359 |
INFO:root:| Epoch: 097/150 | Train Time: 12.115s | Train Loss: 0.004491 |
INFO:root:| Epoch: 098/150 | Train Time: 12.107s | Train Loss: 0.000574 |
INFO:root:| Epoch: 099/150 | Train Time: 12.119s | Train Loss: 0.000531 |
INFO:root:| Epoch: 100/150 | Train Time: 12.162s | Train Loss: 0.000443 |
INFO:root:| Epoch: 101/150 | Train Time: 12.251s | Train Loss: 0.009584 |
INFO:root:| Epoch: 102/150 | Train Time: 12.117s | Train Loss: 0.011946 |
INFO:root:| Epoch: 103/150 | Train Time: 12.127s | Train Loss: 0.000370 |
INFO:root:| Epoch: 104/150 | Train Time: 12.125s | Train Loss: 0.000334 |
INFO:root:| Epoch: 105/150 | Train Time: 12.139s | Train Loss: 0.000317 |
INFO:root:| Epoch: 106/150 | Train Time: 12.285s | Train Loss: 0.000352 |
INFO:root:| Epoch: 107/150 | Train Time: 12.289s | Train Loss: 0.000392 |
INFO:root:| Epoch: 108/150 | Train Time: 12.152s | Train Loss: 0.003469 |
INFO:root:| Epoch: 109/150 | Train Time: 12.157s | Train Loss: 0.000409 |
INFO:root:| Epoch: 110/150 | Train Time: 12.150s | Train Loss: 0.000414 |
INFO:root:| Epoch: 111/150 | Train Time: 12.155s | Train Loss: 0.006292 |
INFO:root:| Epoch: 112/150 | Train Time: 12.306s | Train Loss: 0.000964 |
INFO:root:| Epoch: 113/150 | Train Time: 12.151s | Train Loss: 0.000463 |
INFO:root:| Epoch: 114/150 | Train Time: 12.134s | Train Loss: 0.000364 |
INFO:root:| Epoch: 115/150 | Train Time: 12.139s | Train Loss: 0.019728 |
INFO:root:| Epoch: 116/150 | Train Time: 12.143s | Train Loss: 0.000543 |
INFO:root:| Epoch: 117/150 | Train Time: 12.263s | Train Loss: 0.000339 |
INFO:root:| Epoch: 118/150 | Train Time: 12.225s | Train Loss: 0.000305 |
INFO:root:| Epoch: 119/150 | Train Time: 12.123s | Train Loss: 0.000324 |
INFO:root:| Epoch: 120/150 | Train Time: 12.132s | Train Loss: 0.009357 |
INFO:root:| Epoch: 121/150 | Train Time: 12.114s | Train Loss: 0.000270 |
INFO:root:| Epoch: 122/150 | Train Time: 12.143s | Train Loss: 0.000411 |
INFO:root:| Epoch: 123/150 | Train Time: 12.310s | Train Loss: 0.000403 |
INFO:root:| Epoch: 124/150 | Train Time: 12.168s | Train Loss: 0.004894 |
INFO:root:| Epoch: 125/150 | Train Time: 12.171s | Train Loss: 0.000390 |
INFO:root:| Epoch: 126/150 | Train Time: 12.153s | Train Loss: 0.000718 |
INFO:root:| Epoch: 127/150 | Train Time: 12.201s | Train Loss: 0.000276 |
INFO:root:| Epoch: 128/150 | Train Time: 12.242s | Train Loss: 0.000407 |
INFO:root:| Epoch: 129/150 | Train Time: 12.244s | Train Loss: 0.000278 |
INFO:root:| Epoch: 130/150 | Train Time: 12.143s | Train Loss: 0.000300 |
INFO:root:| Epoch: 131/150 | Train Time: 12.146s | Train Loss: 0.000302 |
INFO:root:| Epoch: 132/150 | Train Time: 12.137s | Train Loss: 0.000298 |
INFO:root:| Epoch: 133/150 | Train Time: 12.169s | Train Loss: 0.000289 |
INFO:root:| Epoch: 134/150 | Train Time: 12.298s | Train Loss: 0.000435 |
INFO:root:| Epoch: 135/150 | Train Time: 12.153s | Train Loss: 0.000341 |
INFO:root:| Epoch: 136/150 | Train Time: 12.139s | Train Loss: 0.000288 |
INFO:root:| Epoch: 137/150 | Train Time: 12.119s | Train Loss: 0.000274 |
INFO:root:| Epoch: 138/150 | Train Time: 12.132s | Train Loss: 0.000301 |
INFO:root:| Epoch: 139/150 | Train Time: 12.195s | Train Loss: 0.000283 |
INFO:root:| Epoch: 140/150 | Train Time: 12.250s | Train Loss: 0.002371 |
INFO:root:| Epoch: 141/150 | Train Time: 12.133s | Train Loss: 0.000912 |
INFO:root:| Epoch: 142/150 | Train Time: 12.180s | Train Loss: 0.000241 |
INFO:root:| Epoch: 143/150 | Train Time: 12.168s | Train Loss: 0.000241 |
INFO:root:| Epoch: 144/150 | Train Time: 12.240s | Train Loss: 0.000301 |
INFO:root:| Epoch: 145/150 | Train Time: 12.307s | Train Loss: 0.000326 |
INFO:root:| Epoch: 146/150 | Train Time: 12.189s | Train Loss: 0.000222 |
INFO:root:| Epoch: 147/150 | Train Time: 12.156s | Train Loss: 0.000424 |
INFO:root:| Epoch: 148/150 | Train Time: 12.143s | Train Loss: 0.000231 |
INFO:root:| Epoch: 149/150 | Train Time: 12.157s | Train Loss: 0.000249 |
INFO:root:| Epoch: 150/150 | Train Time: 12.193s | Train Loss: 0.000209 |
INFO:root:Training Time: 1824.640s
INFO:root:Finished training.
INFO:root:Starting testing...
INFO:root:Testing TPR95: 0.0519
INFO:root:Testing TPR99: 0.0095
INFO:root:Test Loss: 0.000090
INFO:root:Test AUC: 51.08%
INFO:root:Test Time: 3.928s
INFO:root:Finished testing.
Outlier classes: [8, 9]
Using downloaded and verified file: ../data/train_32x32.mat
Original training data size:  73257 (73257, 3, 32, 32)
Using number-pre-sampled sampler
Train set shape: (63553, 32, 32, 3)
Train set size: 67649
Train targets size: 67649
Train semi-targets size: 67649
Counter({1: 13861, 2: 10585, 3: 8497, 4: 7458, 5: 6882, 6: 5727, 7: 5595, 0: 4948, 8: 4096})
Using downloaded and verified file: ../data/train_32x32.mat
Using downloaded and verified file: ../data/test_32x32.mat
InD Test Size: 22777, OoD Test Size: 3255, TPR95: 0.0519
InD Test Size: 22777, OoD Test Size: 3255, TPR99: 0.0095
