mkdir: cannot create directory ‘log/DeepSAD’: File exists
INFO:root:Log file is ../log/DeepSAD/svhn-Balanced-1024/log.txt
INFO:root:Data path is ../data
INFO:root:Export path is ../log/DeepSAD/svhn-Balanced-1024
INFO:root:Dataset: svhn
INFO:root:Normal class: [0, 1, 2, 3, 4, 5, 6, 7]
INFO:root:Ratio of labeled normal train samples: 0.00
INFO:root:Ratio of labeled anomalous samples: 0.01
INFO:root:Pollution ratio of unlabeled train data: 0.10
INFO:root:Known anomaly class: 1
INFO:root:Network: cifar10_LeNet
INFO:root:Eta-parameter: 1.00
INFO:root:Set seed to 999.
INFO:root:Computation device: cuda
INFO:root:Number of threads: 0
INFO:root:Number of dataloader workers: 0
INFO:root:Pretraining: True
INFO:root:Pretraining optimizer: adam
INFO:root:Pretraining learning rate: 0.001
INFO:root:Pretraining epochs: 100
INFO:root:Pretraining learning rate scheduler milestones: (0,)
INFO:root:Pretraining batch size: 128
INFO:root:Pretraining weight decay: 1e-06
INFO:root:Starting pretraining...
/home/xysong/.conda/envs/OoD/lib/python3.9/site-packages/torch/optim/lr_scheduler.py:131: UserWarning: Detected call of `lr_scheduler.step()` before `optimizer.step()`. In PyTorch 1.1.0 and later, you should call them in the opposite order: `optimizer.step()` before `lr_scheduler.step()`.  Failure to do this will result in PyTorch skipping the first value of the learning rate schedule. See more details at https://pytorch.org/docs/stable/optim.html#how-to-adjust-learning-rate
  warnings.warn("Detected call of `lr_scheduler.step()` before `optimizer.step()`. "
/home/xysong/.conda/envs/OoD/lib/python3.9/site-packages/torch/optim/lr_scheduler.py:418: UserWarning: To get the last learning rate computed by the scheduler, please use `get_last_lr()`.
  warnings.warn("To get the last learning rate computed by the scheduler, "
INFO:root:  LR scheduler: new learning rate is 0.0001
INFO:root:| Epoch: 001/100 | Train Time: 13.971s | Train Loss: 0.013422 |
INFO:root:| Epoch: 002/100 | Train Time: 13.443s | Train Loss: 0.008060 |
INFO:root:| Epoch: 003/100 | Train Time: 13.535s | Train Loss: 0.006946 |
INFO:root:| Epoch: 004/100 | Train Time: 13.429s | Train Loss: 0.006307 |
INFO:root:| Epoch: 005/100 | Train Time: 13.467s | Train Loss: 0.005862 |
INFO:root:| Epoch: 006/100 | Train Time: 13.501s | Train Loss: 0.005570 |
INFO:root:| Epoch: 007/100 | Train Time: 13.411s | Train Loss: 0.005334 |
INFO:root:| Epoch: 008/100 | Train Time: 13.402s | Train Loss: 0.005214 |
INFO:root:| Epoch: 009/100 | Train Time: 13.547s | Train Loss: 0.005025 |
INFO:root:| Epoch: 010/100 | Train Time: 13.443s | Train Loss: 0.004875 |
INFO:root:| Epoch: 011/100 | Train Time: 13.432s | Train Loss: 0.004807 |
INFO:root:| Epoch: 012/100 | Train Time: 13.446s | Train Loss: 0.004655 |
INFO:root:| Epoch: 013/100 | Train Time: 13.526s | Train Loss: 0.004569 |
INFO:root:| Epoch: 014/100 | Train Time: 13.535s | Train Loss: 0.004481 |
INFO:root:| Epoch: 015/100 | Train Time: 13.456s | Train Loss: 0.004456 |
INFO:root:| Epoch: 016/100 | Train Time: 13.428s | Train Loss: 0.004379 |
INFO:root:| Epoch: 017/100 | Train Time: 13.426s | Train Loss: 0.004316 |
INFO:root:| Epoch: 018/100 | Train Time: 13.566s | Train Loss: 0.004307 |
INFO:root:| Epoch: 019/100 | Train Time: 13.460s | Train Loss: 0.004247 |
INFO:root:| Epoch: 020/100 | Train Time: 13.435s | Train Loss: 0.004198 |
INFO:root:| Epoch: 021/100 | Train Time: 13.439s | Train Loss: 0.004154 |
INFO:root:| Epoch: 022/100 | Train Time: 13.432s | Train Loss: 0.004140 |
INFO:root:| Epoch: 023/100 | Train Time: 13.583s | Train Loss: 0.004083 |
INFO:root:| Epoch: 024/100 | Train Time: 13.432s | Train Loss: 0.004083 |
INFO:root:| Epoch: 025/100 | Train Time: 13.441s | Train Loss: 0.004029 |
INFO:root:| Epoch: 026/100 | Train Time: 13.456s | Train Loss: 0.004016 |
INFO:root:| Epoch: 027/100 | Train Time: 13.568s | Train Loss: 0.003978 |
INFO:root:| Epoch: 028/100 | Train Time: 13.554s | Train Loss: 0.003954 |
INFO:root:| Epoch: 029/100 | Train Time: 13.478s | Train Loss: 0.003909 |
INFO:root:| Epoch: 030/100 | Train Time: 13.467s | Train Loss: 0.003913 |
INFO:root:| Epoch: 031/100 | Train Time: 13.464s | Train Loss: 0.003883 |
INFO:root:| Epoch: 032/100 | Train Time: 13.573s | Train Loss: 0.003878 |
INFO:root:| Epoch: 033/100 | Train Time: 13.472s | Train Loss: 0.003844 |
INFO:root:| Epoch: 034/100 | Train Time: 13.448s | Train Loss: 0.003831 |
INFO:root:| Epoch: 035/100 | Train Time: 13.473s | Train Loss: 0.003792 |
INFO:root:| Epoch: 036/100 | Train Time: 13.497s | Train Loss: 0.003811 |
INFO:root:| Epoch: 037/100 | Train Time: 13.588s | Train Loss: 0.003794 |
INFO:root:| Epoch: 038/100 | Train Time: 13.446s | Train Loss: 0.003766 |
INFO:root:| Epoch: 039/100 | Train Time: 13.454s | Train Loss: 0.003736 |
INFO:root:| Epoch: 040/100 | Train Time: 13.467s | Train Loss: 0.003733 |
INFO:root:| Epoch: 041/100 | Train Time: 13.557s | Train Loss: 0.003714 |
INFO:root:| Epoch: 042/100 | Train Time: 13.507s | Train Loss: 0.003719 |
INFO:root:| Epoch: 043/100 | Train Time: 13.487s | Train Loss: 0.003739 |
INFO:root:| Epoch: 044/100 | Train Time: 13.485s | Train Loss: 0.003686 |
INFO:root:| Epoch: 045/100 | Train Time: 13.454s | Train Loss: 0.003668 |
INFO:root:| Epoch: 046/100 | Train Time: 13.605s | Train Loss: 0.003688 |
INFO:root:| Epoch: 047/100 | Train Time: 13.487s | Train Loss: 0.003650 |
INFO:root:| Epoch: 048/100 | Train Time: 13.478s | Train Loss: 0.003661 |
INFO:root:| Epoch: 049/100 | Train Time: 13.500s | Train Loss: 0.003615 |
INFO:root:| Epoch: 050/100 | Train Time: 13.553s | Train Loss: 0.003634 |
INFO:root:| Epoch: 051/100 | Train Time: 13.605s | Train Loss: 0.003617 |
INFO:root:| Epoch: 052/100 | Train Time: 13.477s | Train Loss: 0.003629 |
INFO:root:| Epoch: 053/100 | Train Time: 13.485s | Train Loss: 0.003617 |
INFO:root:| Epoch: 054/100 | Train Time: 13.488s | Train Loss: 0.003633 |
INFO:root:| Epoch: 055/100 | Train Time: 13.601s | Train Loss: 0.003602 |
INFO:root:| Epoch: 056/100 | Train Time: 13.508s | Train Loss: 0.003593 |
INFO:root:| Epoch: 057/100 | Train Time: 13.471s | Train Loss: 0.003589 |
INFO:root:| Epoch: 058/100 | Train Time: 13.477s | Train Loss: 0.003581 |
INFO:root:| Epoch: 059/100 | Train Time: 13.477s | Train Loss: 0.003575 |
INFO:root:| Epoch: 060/100 | Train Time: 13.626s | Train Loss: 0.003585 |
INFO:root:| Epoch: 061/100 | Train Time: 13.467s | Train Loss: 0.003561 |
INFO:root:| Epoch: 062/100 | Train Time: 13.469s | Train Loss: 0.003544 |
INFO:root:| Epoch: 063/100 | Train Time: 13.475s | Train Loss: 0.003570 |
INFO:root:| Epoch: 064/100 | Train Time: 13.543s | Train Loss: 0.003553 |
INFO:root:| Epoch: 065/100 | Train Time: 13.589s | Train Loss: 0.003535 |
INFO:root:| Epoch: 066/100 | Train Time: 13.489s | Train Loss: 0.003525 |
INFO:root:| Epoch: 067/100 | Train Time: 13.473s | Train Loss: 0.003517 |
INFO:root:| Epoch: 068/100 | Train Time: 13.469s | Train Loss: 0.003514 |
INFO:root:| Epoch: 069/100 | Train Time: 13.598s | Train Loss: 0.003506 |
INFO:root:| Epoch: 070/100 | Train Time: 13.496s | Train Loss: 0.003498 |
INFO:root:| Epoch: 071/100 | Train Time: 13.465s | Train Loss: 0.003502 |
INFO:root:| Epoch: 072/100 | Train Time: 13.469s | Train Loss: 0.003495 |
INFO:root:| Epoch: 073/100 | Train Time: 13.472s | Train Loss: 0.003493 |
INFO:root:| Epoch: 074/100 | Train Time: 13.612s | Train Loss: 0.003478 |
INFO:root:| Epoch: 075/100 | Train Time: 13.463s | Train Loss: 0.003464 |
INFO:root:| Epoch: 076/100 | Train Time: 13.462s | Train Loss: 0.003496 |
INFO:root:| Epoch: 077/100 | Train Time: 13.459s | Train Loss: 0.003479 |
INFO:root:| Epoch: 078/100 | Train Time: 13.567s | Train Loss: 0.003469 |
INFO:root:| Epoch: 079/100 | Train Time: 13.575s | Train Loss: 0.003487 |
INFO:root:| Epoch: 080/100 | Train Time: 13.483s | Train Loss: 0.003498 |
INFO:root:| Epoch: 081/100 | Train Time: 13.487s | Train Loss: 0.003463 |
INFO:root:| Epoch: 082/100 | Train Time: 13.489s | Train Loss: 0.003453 |
INFO:root:| Epoch: 083/100 | Train Time: 13.608s | Train Loss: 0.003445 |
INFO:root:| Epoch: 084/100 | Train Time: 13.472s | Train Loss: 0.003427 |
INFO:root:| Epoch: 085/100 | Train Time: 13.463s | Train Loss: 0.003437 |
INFO:root:| Epoch: 086/100 | Train Time: 13.455s | Train Loss: 0.003431 |
INFO:root:| Epoch: 087/100 | Train Time: 13.483s | Train Loss: 0.003431 |
INFO:root:| Epoch: 088/100 | Train Time: 13.624s | Train Loss: 0.003427 |
INFO:root:| Epoch: 089/100 | Train Time: 13.475s | Train Loss: 0.003442 |
INFO:root:| Epoch: 090/100 | Train Time: 13.495s | Train Loss: 0.003441 |
INFO:root:| Epoch: 091/100 | Train Time: 13.469s | Train Loss: 0.003435 |
INFO:root:| Epoch: 092/100 | Train Time: 13.577s | Train Loss: 0.003426 |
INFO:root:| Epoch: 093/100 | Train Time: 13.544s | Train Loss: 0.003429 |
INFO:root:| Epoch: 094/100 | Train Time: 13.473s | Train Loss: 0.003405 |
INFO:root:| Epoch: 095/100 | Train Time: 13.475s | Train Loss: 0.003423 |
INFO:root:| Epoch: 096/100 | Train Time: 13.489s | Train Loss: 0.003402 |
INFO:root:| Epoch: 097/100 | Train Time: 13.614s | Train Loss: 0.003392 |
INFO:root:| Epoch: 098/100 | Train Time: 13.495s | Train Loss: 0.003407 |
INFO:root:| Epoch: 099/100 | Train Time: 13.501s | Train Loss: 0.003398 |
INFO:root:| Epoch: 100/100 | Train Time: 13.490s | Train Loss: 0.003411 |
INFO:root:Pretraining Time: 1350.243s
INFO:root:Finished pretraining.
INFO:root:Testing autoencoder...
INFO:root:Test Loss: 0.001235
INFO:root:Test AUC: 54.04%
INFO:root:Test Time: 3.977s
INFO:root:Finished testing autoencoder.
INFO:root:Training optimizer: adam
INFO:root:Training learning rate: 0.0001
INFO:root:Training epochs: 150
INFO:root:Training learning rate scheduler milestones: (50,)
INFO:root:Training batch size: 128
INFO:root:Training weight decay: 5e-07
INFO:root:Initializing center c...
INFO:root:Center c initialized.
INFO:root:Starting training...
/home/xysong/.conda/envs/OoD/lib/python3.9/site-packages/torch/optim/lr_scheduler.py:131: UserWarning: Detected call of `lr_scheduler.step()` before `optimizer.step()`. In PyTorch 1.1.0 and later, you should call them in the opposite order: `optimizer.step()` before `lr_scheduler.step()`.  Failure to do this will result in PyTorch skipping the first value of the learning rate schedule. See more details at https://pytorch.org/docs/stable/optim.html#how-to-adjust-learning-rate
  warnings.warn("Detected call of `lr_scheduler.step()` before `optimizer.step()`. "
INFO:root:| Epoch: 001/150 | Train Time: 10.900s | Train Loss: 0.592586 |
INFO:root:| Epoch: 002/150 | Train Time: 10.747s | Train Loss: 0.063633 |
INFO:root:| Epoch: 003/150 | Train Time: 10.747s | Train Loss: 0.048774 |
INFO:root:| Epoch: 004/150 | Train Time: 10.741s | Train Loss: 0.048222 |
INFO:root:| Epoch: 005/150 | Train Time: 10.727s | Train Loss: 0.035131 |
INFO:root:| Epoch: 006/150 | Train Time: 10.740s | Train Loss: 0.058779 |
INFO:root:| Epoch: 007/150 | Train Time: 10.877s | Train Loss: 0.019488 |
INFO:root:| Epoch: 008/150 | Train Time: 10.774s | Train Loss: 0.437613 |
INFO:root:| Epoch: 009/150 | Train Time: 10.729s | Train Loss: 0.046153 |
INFO:root:| Epoch: 010/150 | Train Time: 10.736s | Train Loss: 0.039966 |
INFO:root:| Epoch: 011/150 | Train Time: 10.746s | Train Loss: 0.031036 |
INFO:root:| Epoch: 012/150 | Train Time: 10.782s | Train Loss: 0.020578 |
INFO:root:| Epoch: 013/150 | Train Time: 10.914s | Train Loss: 0.205895 |
INFO:root:| Epoch: 014/150 | Train Time: 10.729s | Train Loss: 0.111693 |
INFO:root:| Epoch: 015/150 | Train Time: 10.731s | Train Loss: 0.027700 |
INFO:root:| Epoch: 016/150 | Train Time: 10.729s | Train Loss: 0.018668 |
INFO:root:| Epoch: 017/150 | Train Time: 10.753s | Train Loss: 0.189496 |
INFO:root:| Epoch: 018/150 | Train Time: 10.749s | Train Loss: 0.032380 |
INFO:root:| Epoch: 019/150 | Train Time: 10.881s | Train Loss: 0.015009 |
INFO:root:| Epoch: 020/150 | Train Time: 10.752s | Train Loss: 0.067379 |
INFO:root:| Epoch: 021/150 | Train Time: 10.743s | Train Loss: 0.026190 |
INFO:root:| Epoch: 022/150 | Train Time: 10.737s | Train Loss: 0.019906 |
INFO:root:| Epoch: 023/150 | Train Time: 10.738s | Train Loss: 0.140892 |
INFO:root:| Epoch: 024/150 | Train Time: 10.745s | Train Loss: 0.070188 |
INFO:root:| Epoch: 025/150 | Train Time: 10.864s | Train Loss: 0.047713 |
INFO:root:| Epoch: 026/150 | Train Time: 10.781s | Train Loss: 0.042848 |
INFO:root:| Epoch: 027/150 | Train Time: 10.749s | Train Loss: 0.090933 |
INFO:root:| Epoch: 028/150 | Train Time: 10.778s | Train Loss: 0.020626 |
INFO:root:| Epoch: 029/150 | Train Time: 10.744s | Train Loss: 0.122086 |
INFO:root:| Epoch: 030/150 | Train Time: 10.773s | Train Loss: 0.008240 |
INFO:root:| Epoch: 031/150 | Train Time: 10.853s | Train Loss: 0.006904 |
INFO:root:| Epoch: 032/150 | Train Time: 10.855s | Train Loss: 0.041012 |
INFO:root:| Epoch: 033/150 | Train Time: 10.764s | Train Loss: 0.279268 |
INFO:root:| Epoch: 034/150 | Train Time: 10.747s | Train Loss: 0.014539 |
INFO:root:| Epoch: 035/150 | Train Time: 10.759s | Train Loss: 0.025987 |
INFO:root:| Epoch: 036/150 | Train Time: 10.765s | Train Loss: 0.047496 |
INFO:root:| Epoch: 037/150 | Train Time: 10.798s | Train Loss: 0.064262 |
INFO:root:| Epoch: 038/150 | Train Time: 10.888s | Train Loss: 0.060880 |
INFO:root:| Epoch: 039/150 | Train Time: 10.749s | Train Loss: 0.048588 |
INFO:root:| Epoch: 040/150 | Train Time: 10.753s | Train Loss: 0.120293 |
INFO:root:| Epoch: 041/150 | Train Time: 10.754s | Train Loss: 0.053431 |
INFO:root:| Epoch: 042/150 | Train Time: 10.756s | Train Loss: 0.018491 |
INFO:root:| Epoch: 043/150 | Train Time: 10.777s | Train Loss: 0.523107 |
INFO:root:| Epoch: 044/150 | Train Time: 10.911s | Train Loss: 0.012674 |
INFO:root:| Epoch: 045/150 | Train Time: 10.763s | Train Loss: 0.011668 |
INFO:root:| Epoch: 046/150 | Train Time: 10.749s | Train Loss: 0.004952 |
INFO:root:| Epoch: 047/150 | Train Time: 10.753s | Train Loss: 0.052695 |
INFO:root:| Epoch: 048/150 | Train Time: 10.753s | Train Loss: 0.238290 |
INFO:root:| Epoch: 049/150 | Train Time: 10.768s | Train Loss: 0.308660 |
INFO:root:| Epoch: 050/150 | Train Time: 10.874s | Train Loss: 0.024079 |
/home/xysong/.conda/envs/OoD/lib/python3.9/site-packages/torch/optim/lr_scheduler.py:418: UserWarning: To get the last learning rate computed by the scheduler, please use `get_last_lr()`.
  warnings.warn("To get the last learning rate computed by the scheduler, "
INFO:root:  LR scheduler: new learning rate is 1e-05
INFO:root:| Epoch: 051/150 | Train Time: 10.785s | Train Loss: 0.007721 |
INFO:root:| Epoch: 052/150 | Train Time: 10.744s | Train Loss: 0.007651 |
INFO:root:| Epoch: 053/150 | Train Time: 10.747s | Train Loss: 0.007079 |
INFO:root:| Epoch: 054/150 | Train Time: 10.750s | Train Loss: 0.005023 |
INFO:root:| Epoch: 055/150 | Train Time: 10.771s | Train Loss: 0.004468 |
INFO:root:| Epoch: 056/150 | Train Time: 10.852s | Train Loss: 0.005896 |
INFO:root:| Epoch: 057/150 | Train Time: 10.838s | Train Loss: 0.004818 |
INFO:root:| Epoch: 058/150 | Train Time: 10.771s | Train Loss: 0.004302 |
INFO:root:| Epoch: 059/150 | Train Time: 10.764s | Train Loss: 0.003064 |
INFO:root:| Epoch: 060/150 | Train Time: 10.771s | Train Loss: 0.003353 |
INFO:root:| Epoch: 061/150 | Train Time: 10.787s | Train Loss: 0.005640 |
INFO:root:| Epoch: 062/150 | Train Time: 10.835s | Train Loss: 0.008374 |
INFO:root:| Epoch: 063/150 | Train Time: 10.889s | Train Loss: 0.003172 |
INFO:root:| Epoch: 064/150 | Train Time: 10.769s | Train Loss: 0.002473 |
INFO:root:| Epoch: 065/150 | Train Time: 10.758s | Train Loss: 0.004859 |
INFO:root:| Epoch: 066/150 | Train Time: 10.753s | Train Loss: 0.003600 |
INFO:root:| Epoch: 067/150 | Train Time: 10.760s | Train Loss: 0.003065 |
INFO:root:| Epoch: 068/150 | Train Time: 10.773s | Train Loss: 0.002833 |
INFO:root:| Epoch: 069/150 | Train Time: 10.925s | Train Loss: 0.002275 |
INFO:root:| Epoch: 070/150 | Train Time: 10.796s | Train Loss: 0.001595 |
INFO:root:| Epoch: 071/150 | Train Time: 10.784s | Train Loss: 0.003085 |
INFO:root:| Epoch: 072/150 | Train Time: 10.773s | Train Loss: 0.007001 |
INFO:root:| Epoch: 073/150 | Train Time: 10.794s | Train Loss: 0.003014 |
INFO:root:| Epoch: 074/150 | Train Time: 10.795s | Train Loss: 0.001538 |
INFO:root:| Epoch: 075/150 | Train Time: 10.933s | Train Loss: 0.002475 |
INFO:root:| Epoch: 076/150 | Train Time: 10.795s | Train Loss: 0.002313 |
INFO:root:| Epoch: 077/150 | Train Time: 10.778s | Train Loss: 0.005657 |
INFO:root:| Epoch: 078/150 | Train Time: 10.794s | Train Loss: 0.001281 |
INFO:root:| Epoch: 079/150 | Train Time: 10.789s | Train Loss: 0.002550 |
INFO:root:| Epoch: 080/150 | Train Time: 10.783s | Train Loss: 0.001994 |
INFO:root:| Epoch: 081/150 | Train Time: 10.895s | Train Loss: 0.001117 |
INFO:root:| Epoch: 082/150 | Train Time: 10.846s | Train Loss: 0.001929 |
INFO:root:| Epoch: 083/150 | Train Time: 10.776s | Train Loss: 0.001797 |
INFO:root:| Epoch: 084/150 | Train Time: 10.772s | Train Loss: 0.003332 |
INFO:root:| Epoch: 085/150 | Train Time: 10.766s | Train Loss: 0.002538 |
INFO:root:| Epoch: 086/150 | Train Time: 10.782s | Train Loss: 0.003640 |
INFO:root:| Epoch: 087/150 | Train Time: 10.821s | Train Loss: 0.001544 |
INFO:root:| Epoch: 088/150 | Train Time: 10.863s | Train Loss: 0.002992 |
INFO:root:| Epoch: 089/150 | Train Time: 10.773s | Train Loss: 0.001484 |
INFO:root:| Epoch: 090/150 | Train Time: 10.752s | Train Loss: 0.002319 |
INFO:root:| Epoch: 091/150 | Train Time: 10.769s | Train Loss: 0.002380 |
INFO:root:| Epoch: 092/150 | Train Time: 10.770s | Train Loss: 0.002206 |
INFO:root:| Epoch: 093/150 | Train Time: 10.795s | Train Loss: 0.001941 |
INFO:root:| Epoch: 094/150 | Train Time: 10.925s | Train Loss: 0.003010 |
INFO:root:| Epoch: 095/150 | Train Time: 10.775s | Train Loss: 0.001707 |
INFO:root:| Epoch: 096/150 | Train Time: 10.760s | Train Loss: 0.002677 |
INFO:root:| Epoch: 097/150 | Train Time: 10.758s | Train Loss: 0.001101 |
INFO:root:| Epoch: 098/150 | Train Time: 10.750s | Train Loss: 0.000783 |
INFO:root:| Epoch: 099/150 | Train Time: 10.778s | Train Loss: 0.004530 |
INFO:root:| Epoch: 100/150 | Train Time: 10.904s | Train Loss: 0.001633 |
INFO:root:| Epoch: 101/150 | Train Time: 10.784s | Train Loss: 0.002216 |
INFO:root:| Epoch: 102/150 | Train Time: 10.753s | Train Loss: 0.002988 |
INFO:root:| Epoch: 103/150 | Train Time: 10.758s | Train Loss: 0.005095 |
INFO:root:| Epoch: 104/150 | Train Time: 10.772s | Train Loss: 0.001378 |
INFO:root:| Epoch: 105/150 | Train Time: 10.783s | Train Loss: 0.001005 |
INFO:root:| Epoch: 106/150 | Train Time: 10.881s | Train Loss: 0.003001 |
INFO:root:| Epoch: 107/150 | Train Time: 10.793s | Train Loss: 0.001231 |
INFO:root:| Epoch: 108/150 | Train Time: 10.761s | Train Loss: 0.001325 |
INFO:root:| Epoch: 109/150 | Train Time: 10.761s | Train Loss: 0.001797 |
INFO:root:| Epoch: 110/150 | Train Time: 10.749s | Train Loss: 0.002980 |
INFO:root:| Epoch: 111/150 | Train Time: 10.775s | Train Loss: 0.001023 |
INFO:root:| Epoch: 112/150 | Train Time: 10.842s | Train Loss: 0.002009 |
INFO:root:| Epoch: 113/150 | Train Time: 10.871s | Train Loss: 0.002947 |
INFO:root:| Epoch: 114/150 | Train Time: 10.777s | Train Loss: 0.001204 |
INFO:root:| Epoch: 115/150 | Train Time: 10.788s | Train Loss: 0.001222 |
INFO:root:| Epoch: 116/150 | Train Time: 10.805s | Train Loss: 0.001752 |
INFO:root:| Epoch: 117/150 | Train Time: 10.802s | Train Loss: 0.004121 |
INFO:root:| Epoch: 118/150 | Train Time: 10.825s | Train Loss: 0.001488 |
INFO:root:| Epoch: 119/150 | Train Time: 10.944s | Train Loss: 0.001388 |
INFO:root:| Epoch: 120/150 | Train Time: 10.812s | Train Loss: 0.003822 |
INFO:root:| Epoch: 121/150 | Train Time: 10.800s | Train Loss: 0.000757 |
INFO:root:| Epoch: 122/150 | Train Time: 10.785s | Train Loss: 0.002238 |
INFO:root:| Epoch: 123/150 | Train Time: 10.803s | Train Loss: 0.000772 |
INFO:root:| Epoch: 124/150 | Train Time: 10.798s | Train Loss: 0.003393 |
INFO:root:| Epoch: 125/150 | Train Time: 10.918s | Train Loss: 0.001615 |
INFO:root:| Epoch: 126/150 | Train Time: 10.780s | Train Loss: 0.001409 |
INFO:root:| Epoch: 127/150 | Train Time: 10.771s | Train Loss: 0.002341 |
INFO:root:| Epoch: 128/150 | Train Time: 10.801s | Train Loss: 0.001954 |
INFO:root:| Epoch: 129/150 | Train Time: 10.782s | Train Loss: 0.001332 |
INFO:root:| Epoch: 130/150 | Train Time: 10.817s | Train Loss: 0.001365 |
INFO:root:| Epoch: 131/150 | Train Time: 10.929s | Train Loss: 0.001719 |
INFO:root:| Epoch: 132/150 | Train Time: 10.808s | Train Loss: 0.001033 |
INFO:root:| Epoch: 133/150 | Train Time: 10.815s | Train Loss: 0.003938 |
INFO:root:| Epoch: 134/150 | Train Time: 10.786s | Train Loss: 0.001203 |
INFO:root:| Epoch: 135/150 | Train Time: 10.801s | Train Loss: 0.001348 |
INFO:root:| Epoch: 136/150 | Train Time: 10.809s | Train Loss: 0.003411 |
INFO:root:| Epoch: 137/150 | Train Time: 10.875s | Train Loss: 0.001261 |
INFO:root:| Epoch: 138/150 | Train Time: 10.841s | Train Loss: 0.001468 |
INFO:root:| Epoch: 139/150 | Train Time: 10.789s | Train Loss: 0.001809 |
INFO:root:| Epoch: 140/150 | Train Time: 10.773s | Train Loss: 0.003079 |
INFO:root:| Epoch: 141/150 | Train Time: 10.769s | Train Loss: 0.000790 |
INFO:root:| Epoch: 142/150 | Train Time: 10.783s | Train Loss: 0.000783 |
INFO:root:| Epoch: 143/150 | Train Time: 10.830s | Train Loss: 0.004204 |
INFO:root:| Epoch: 144/150 | Train Time: 10.884s | Train Loss: 0.000964 |
INFO:root:| Epoch: 145/150 | Train Time: 10.758s | Train Loss: 0.000567 |
INFO:root:| Epoch: 146/150 | Train Time: 10.753s | Train Loss: 0.002860 |
INFO:root:| Epoch: 147/150 | Train Time: 10.762s | Train Loss: 0.002266 |
INFO:root:| Epoch: 148/150 | Train Time: 10.767s | Train Loss: 0.001167 |
INFO:root:| Epoch: 149/150 | Train Time: 10.807s | Train Loss: 0.002069 |
INFO:root:| Epoch: 150/150 | Train Time: 10.935s | Train Loss: 0.002316 |
INFO:root:Training Time: 1619.221s
INFO:root:Finished training.
INFO:root:Starting testing...
INFO:root:Testing TPR95: 0.0516
INFO:root:Testing TPR99: 0.0117
INFO:root:Test Loss: 0.000177
INFO:root:Test AUC: 51.06%
INFO:root:Test Time: 3.530s
INFO:root:Finished testing.
Outlier classes: [8, 9]
Using downloaded and verified file: ../data/train_32x32.mat
Original training data size:  73257 (73257, 3, 32, 32)
Using number-pre-sampled sampler
Train set shape: (63553, 32, 32, 3)
Train set size: 65601
Train targets size: 65601
Train semi-targets size: 65601
Counter({1: 13861, 2: 10585, 3: 8497, 4: 7458, 5: 6882, 6: 5727, 7: 5595, 0: 4948, 8: 1024, 9: 1024})
Using downloaded and verified file: ../data/train_32x32.mat
Using downloaded and verified file: ../data/test_32x32.mat
InD Test Size: 22777, OoD Test Size: 3255, TPR95: 0.0516
InD Test Size: 22777, OoD Test Size: 3255, TPR99: 0.0117
