mkdir: cannot create directory ‘log/DeepSAD’: File exists
mkdir: cannot create directory ‘log/DeepSAD/svhn-Balanced-256’: File exists
INFO:root:Log file is ../log/DeepSAD/svhn-Balanced-256/log.txt
INFO:root:Data path is ../data
INFO:root:Export path is ../log/DeepSAD/svhn-Balanced-256
INFO:root:Dataset: svhn
INFO:root:Normal class: [0, 1, 2, 3, 4, 5, 6, 7]
INFO:root:Ratio of labeled normal train samples: 0.00
INFO:root:Ratio of labeled anomalous samples: 0.01
INFO:root:Pollution ratio of unlabeled train data: 0.10
INFO:root:Known anomaly class: 1
INFO:root:Network: cifar10_LeNet
INFO:root:Eta-parameter: 1.00
INFO:root:Set seed to 999.
INFO:root:Computation device: cuda
INFO:root:Number of threads: 0
INFO:root:Number of dataloader workers: 0
INFO:root:Pretraining: True
INFO:root:Pretraining optimizer: adam
INFO:root:Pretraining learning rate: 0.001
INFO:root:Pretraining epochs: 100
INFO:root:Pretraining learning rate scheduler milestones: (0,)
INFO:root:Pretraining batch size: 128
INFO:root:Pretraining weight decay: 1e-06
INFO:root:Starting pretraining...
/home/xysong/.conda/envs/OoD/lib/python3.9/site-packages/torch/optim/lr_scheduler.py:131: UserWarning: Detected call of `lr_scheduler.step()` before `optimizer.step()`. In PyTorch 1.1.0 and later, you should call them in the opposite order: `optimizer.step()` before `lr_scheduler.step()`.  Failure to do this will result in PyTorch skipping the first value of the learning rate schedule. See more details at https://pytorch.org/docs/stable/optim.html#how-to-adjust-learning-rate
  warnings.warn("Detected call of `lr_scheduler.step()` before `optimizer.step()`. "
/home/xysong/.conda/envs/OoD/lib/python3.9/site-packages/torch/optim/lr_scheduler.py:418: UserWarning: To get the last learning rate computed by the scheduler, please use `get_last_lr()`.
  warnings.warn("To get the last learning rate computed by the scheduler, "
INFO:root:  LR scheduler: new learning rate is 0.0001
INFO:root:| Epoch: 001/100 | Train Time: 14.718s | Train Loss: 0.011538 |
INFO:root:| Epoch: 002/100 | Train Time: 14.406s | Train Loss: 0.006228 |
INFO:root:| Epoch: 003/100 | Train Time: 14.297s | Train Loss: 0.005160 |
INFO:root:| Epoch: 004/100 | Train Time: 14.382s | Train Loss: 0.004434 |
INFO:root:| Epoch: 005/100 | Train Time: 14.270s | Train Loss: 0.004088 |
INFO:root:| Epoch: 006/100 | Train Time: 14.415s | Train Loss: 0.003825 |
INFO:root:| Epoch: 007/100 | Train Time: 14.253s | Train Loss: 0.003628 |
INFO:root:| Epoch: 008/100 | Train Time: 14.329s | Train Loss: 0.003477 |
INFO:root:| Epoch: 009/100 | Train Time: 14.356s | Train Loss: 0.003330 |
INFO:root:| Epoch: 010/100 | Train Time: 14.253s | Train Loss: 0.003221 |
INFO:root:| Epoch: 011/100 | Train Time: 14.259s | Train Loss: 0.003159 |
INFO:root:| Epoch: 012/100 | Train Time: 14.424s | Train Loss: 0.003043 |
INFO:root:| Epoch: 013/100 | Train Time: 14.318s | Train Loss: 0.002990 |
INFO:root:| Epoch: 014/100 | Train Time: 14.280s | Train Loss: 0.002960 |
INFO:root:| Epoch: 015/100 | Train Time: 14.278s | Train Loss: 0.002875 |
INFO:root:| Epoch: 016/100 | Train Time: 14.331s | Train Loss: 0.002822 |
INFO:root:| Epoch: 017/100 | Train Time: 14.391s | Train Loss: 0.002768 |
INFO:root:| Epoch: 018/100 | Train Time: 14.270s | Train Loss: 0.002700 |
INFO:root:| Epoch: 019/100 | Train Time: 14.276s | Train Loss: 0.002685 |
INFO:root:| Epoch: 020/100 | Train Time: 14.274s | Train Loss: 0.002619 |
INFO:root:| Epoch: 021/100 | Train Time: 14.434s | Train Loss: 0.002602 |
INFO:root:| Epoch: 022/100 | Train Time: 14.296s | Train Loss: 0.002606 |
INFO:root:| Epoch: 023/100 | Train Time: 14.274s | Train Loss: 0.002535 |
INFO:root:| Epoch: 024/100 | Train Time: 14.290s | Train Loss: 0.002537 |
INFO:root:| Epoch: 025/100 | Train Time: 14.393s | Train Loss: 0.002511 |
INFO:root:| Epoch: 026/100 | Train Time: 14.377s | Train Loss: 0.002478 |
INFO:root:| Epoch: 027/100 | Train Time: 14.290s | Train Loss: 0.002462 |
INFO:root:| Epoch: 028/100 | Train Time: 14.293s | Train Loss: 0.002463 |
INFO:root:| Epoch: 029/100 | Train Time: 14.305s | Train Loss: 0.002431 |
INFO:root:| Epoch: 030/100 | Train Time: 14.458s | Train Loss: 0.002410 |
INFO:root:| Epoch: 031/100 | Train Time: 14.290s | Train Loss: 0.002381 |
INFO:root:| Epoch: 032/100 | Train Time: 14.292s | Train Loss: 0.002388 |
INFO:root:| Epoch: 033/100 | Train Time: 14.287s | Train Loss: 0.002366 |
INFO:root:| Epoch: 034/100 | Train Time: 14.424s | Train Loss: 0.002345 |
INFO:root:| Epoch: 035/100 | Train Time: 14.335s | Train Loss: 0.002349 |
INFO:root:| Epoch: 036/100 | Train Time: 14.300s | Train Loss: 0.002334 |
INFO:root:| Epoch: 037/100 | Train Time: 14.292s | Train Loss: 0.002298 |
INFO:root:| Epoch: 038/100 | Train Time: 14.348s | Train Loss: 0.002307 |
INFO:root:| Epoch: 039/100 | Train Time: 14.405s | Train Loss: 0.002278 |
INFO:root:| Epoch: 040/100 | Train Time: 14.300s | Train Loss: 0.002279 |
INFO:root:| Epoch: 041/100 | Train Time: 14.294s | Train Loss: 0.002252 |
INFO:root:| Epoch: 042/100 | Train Time: 14.294s | Train Loss: 0.002241 |
INFO:root:| Epoch: 043/100 | Train Time: 14.452s | Train Loss: 0.002243 |
INFO:root:| Epoch: 044/100 | Train Time: 14.300s | Train Loss: 0.002236 |
INFO:root:| Epoch: 045/100 | Train Time: 14.283s | Train Loss: 0.002270 |
INFO:root:| Epoch: 046/100 | Train Time: 14.297s | Train Loss: 0.002224 |
INFO:root:| Epoch: 047/100 | Train Time: 14.416s | Train Loss: 0.002191 |
INFO:root:| Epoch: 048/100 | Train Time: 14.369s | Train Loss: 0.002221 |
INFO:root:| Epoch: 049/100 | Train Time: 14.313s | Train Loss: 0.002226 |
INFO:root:| Epoch: 050/100 | Train Time: 14.318s | Train Loss: 0.002233 |
INFO:root:| Epoch: 051/100 | Train Time: 14.322s | Train Loss: 0.002203 |
INFO:root:| Epoch: 052/100 | Train Time: 14.470s | Train Loss: 0.002183 |
INFO:root:| Epoch: 053/100 | Train Time: 14.311s | Train Loss: 0.002165 |
INFO:root:| Epoch: 054/100 | Train Time: 14.321s | Train Loss: 0.002168 |
INFO:root:| Epoch: 055/100 | Train Time: 14.323s | Train Loss: 0.002167 |
INFO:root:| Epoch: 056/100 | Train Time: 14.459s | Train Loss: 0.002152 |
INFO:root:| Epoch: 057/100 | Train Time: 14.346s | Train Loss: 0.002170 |
INFO:root:| Epoch: 058/100 | Train Time: 14.305s | Train Loss: 0.002141 |
INFO:root:| Epoch: 059/100 | Train Time: 14.309s | Train Loss: 0.002142 |
INFO:root:| Epoch: 060/100 | Train Time: 14.375s | Train Loss: 0.002136 |
INFO:root:| Epoch: 061/100 | Train Time: 14.425s | Train Loss: 0.002176 |
INFO:root:| Epoch: 062/100 | Train Time: 14.317s | Train Loss: 0.002150 |
INFO:root:| Epoch: 063/100 | Train Time: 14.307s | Train Loss: 0.002120 |
INFO:root:| Epoch: 064/100 | Train Time: 14.309s | Train Loss: 0.002145 |
INFO:root:| Epoch: 065/100 | Train Time: 14.472s | Train Loss: 0.002134 |
INFO:root:| Epoch: 066/100 | Train Time: 14.327s | Train Loss: 0.002117 |
INFO:root:| Epoch: 067/100 | Train Time: 14.309s | Train Loss: 0.002123 |
INFO:root:| Epoch: 068/100 | Train Time: 14.318s | Train Loss: 0.002136 |
INFO:root:| Epoch: 069/100 | Train Time: 14.420s | Train Loss: 0.002102 |
INFO:root:| Epoch: 070/100 | Train Time: 14.386s | Train Loss: 0.002128 |
INFO:root:| Epoch: 071/100 | Train Time: 14.337s | Train Loss: 0.002124 |
INFO:root:| Epoch: 072/100 | Train Time: 14.313s | Train Loss: 0.002082 |
INFO:root:| Epoch: 073/100 | Train Time: 14.322s | Train Loss: 0.002105 |
INFO:root:| Epoch: 074/100 | Train Time: 14.475s | Train Loss: 0.002103 |
INFO:root:| Epoch: 075/100 | Train Time: 14.311s | Train Loss: 0.002098 |
INFO:root:| Epoch: 076/100 | Train Time: 14.302s | Train Loss: 0.002086 |
INFO:root:| Epoch: 077/100 | Train Time: 14.303s | Train Loss: 0.002083 |
INFO:root:| Epoch: 078/100 | Train Time: 14.450s | Train Loss: 0.002091 |
INFO:root:| Epoch: 079/100 | Train Time: 14.346s | Train Loss: 0.002111 |
INFO:root:| Epoch: 080/100 | Train Time: 14.311s | Train Loss: 0.002065 |
INFO:root:| Epoch: 081/100 | Train Time: 14.328s | Train Loss: 0.002085 |
INFO:root:| Epoch: 082/100 | Train Time: 14.381s | Train Loss: 0.002069 |
INFO:root:| Epoch: 083/100 | Train Time: 14.453s | Train Loss: 0.002052 |
INFO:root:| Epoch: 084/100 | Train Time: 14.315s | Train Loss: 0.002061 |
INFO:root:| Epoch: 085/100 | Train Time: 14.307s | Train Loss: 0.002044 |
INFO:root:| Epoch: 086/100 | Train Time: 14.308s | Train Loss: 0.002105 |
INFO:root:| Epoch: 087/100 | Train Time: 14.465s | Train Loss: 0.002063 |
INFO:root:| Epoch: 088/100 | Train Time: 14.335s | Train Loss: 0.002039 |
INFO:root:| Epoch: 089/100 | Train Time: 14.342s | Train Loss: 0.002043 |
INFO:root:| Epoch: 090/100 | Train Time: 14.326s | Train Loss: 0.002032 |
INFO:root:| Epoch: 091/100 | Train Time: 14.434s | Train Loss: 0.002027 |
INFO:root:| Epoch: 092/100 | Train Time: 14.389s | Train Loss: 0.002037 |
INFO:root:| Epoch: 093/100 | Train Time: 14.325s | Train Loss: 0.002070 |
INFO:root:| Epoch: 094/100 | Train Time: 14.321s | Train Loss: 0.002016 |
INFO:root:| Epoch: 095/100 | Train Time: 14.346s | Train Loss: 0.002024 |
INFO:root:| Epoch: 096/100 | Train Time: 14.519s | Train Loss: 0.002004 |
INFO:root:| Epoch: 097/100 | Train Time: 14.327s | Train Loss: 0.002022 |
INFO:root:| Epoch: 098/100 | Train Time: 14.324s | Train Loss: 0.002007 |
INFO:root:| Epoch: 099/100 | Train Time: 14.309s | Train Loss: 0.002020 |
INFO:root:| Epoch: 100/100 | Train Time: 14.477s | Train Loss: 0.001982 |
INFO:root:Pretraining Time: 1434.778s
INFO:root:Finished pretraining.
INFO:root:Testing autoencoder...
INFO:root:Test Loss: 0.001439
INFO:root:Test AUC: 53.69%
INFO:root:Test Time: 4.379s
INFO:root:Finished testing autoencoder.
INFO:root:Training optimizer: adam
INFO:root:Training learning rate: 0.0001
INFO:root:Training epochs: 150
INFO:root:Training learning rate scheduler milestones: (50,)
INFO:root:Training batch size: 128
INFO:root:Training weight decay: 5e-07
INFO:root:Initializing center c...
INFO:root:Center c initialized.
INFO:root:Starting training...
/home/xysong/.conda/envs/OoD/lib/python3.9/site-packages/torch/optim/lr_scheduler.py:131: UserWarning: Detected call of `lr_scheduler.step()` before `optimizer.step()`. In PyTorch 1.1.0 and later, you should call them in the opposite order: `optimizer.step()` before `lr_scheduler.step()`.  Failure to do this will result in PyTorch skipping the first value of the learning rate schedule. See more details at https://pytorch.org/docs/stable/optim.html#how-to-adjust-learning-rate
  warnings.warn("Detected call of `lr_scheduler.step()` before `optimizer.step()`. "
INFO:root:| Epoch: 001/150 | Train Time: 11.442s | Train Loss: 0.697611 |
INFO:root:| Epoch: 002/150 | Train Time: 11.425s | Train Loss: 0.060307 |
INFO:root:| Epoch: 003/150 | Train Time: 11.418s | Train Loss: 0.039295 |
INFO:root:| Epoch: 004/150 | Train Time: 11.564s | Train Loss: 0.034228 |
INFO:root:| Epoch: 005/150 | Train Time: 11.475s | Train Loss: 0.029504 |
INFO:root:| Epoch: 006/150 | Train Time: 11.428s | Train Loss: 0.026778 |
INFO:root:| Epoch: 007/150 | Train Time: 11.416s | Train Loss: 0.025191 |
INFO:root:| Epoch: 008/150 | Train Time: 11.419s | Train Loss: 0.020844 |
INFO:root:| Epoch: 009/150 | Train Time: 11.436s | Train Loss: 0.021711 |
INFO:root:| Epoch: 010/150 | Train Time: 11.586s | Train Loss: 0.019196 |
INFO:root:| Epoch: 011/150 | Train Time: 11.472s | Train Loss: 0.021144 |
INFO:root:| Epoch: 012/150 | Train Time: 11.436s | Train Loss: 0.021343 |
INFO:root:| Epoch: 013/150 | Train Time: 11.440s | Train Loss: 0.018353 |
INFO:root:| Epoch: 014/150 | Train Time: 11.421s | Train Loss: 0.016579 |
INFO:root:| Epoch: 015/150 | Train Time: 11.432s | Train Loss: 0.017192 |
INFO:root:| Epoch: 016/150 | Train Time: 11.573s | Train Loss: 0.019176 |
INFO:root:| Epoch: 017/150 | Train Time: 11.441s | Train Loss: 0.017247 |
INFO:root:| Epoch: 018/150 | Train Time: 11.417s | Train Loss: 0.016092 |
INFO:root:| Epoch: 019/150 | Train Time: 11.436s | Train Loss: 0.012970 |
INFO:root:| Epoch: 020/150 | Train Time: 11.421s | Train Loss: 0.017854 |
INFO:root:| Epoch: 021/150 | Train Time: 11.448s | Train Loss: 0.013032 |
INFO:root:| Epoch: 022/150 | Train Time: 11.618s | Train Loss: 0.015336 |
INFO:root:| Epoch: 023/150 | Train Time: 11.451s | Train Loss: 0.014597 |
INFO:root:| Epoch: 024/150 | Train Time: 11.433s | Train Loss: 0.015943 |
INFO:root:| Epoch: 025/150 | Train Time: 11.439s | Train Loss: 0.053133 |
INFO:root:| Epoch: 026/150 | Train Time: 11.445s | Train Loss: 0.058349 |
INFO:root:| Epoch: 027/150 | Train Time: 11.454s | Train Loss: 0.039365 |
INFO:root:| Epoch: 028/150 | Train Time: 11.612s | Train Loss: 0.048845 |
INFO:root:| Epoch: 029/150 | Train Time: 11.428s | Train Loss: 0.014819 |
INFO:root:| Epoch: 030/150 | Train Time: 11.419s | Train Loss: 0.043416 |
INFO:root:| Epoch: 031/150 | Train Time: 11.412s | Train Loss: 0.019356 |
INFO:root:| Epoch: 032/150 | Train Time: 11.426s | Train Loss: 0.035874 |
INFO:root:| Epoch: 033/150 | Train Time: 11.433s | Train Loss: 0.032015 |
INFO:root:| Epoch: 034/150 | Train Time: 11.603s | Train Loss: 0.076349 |
INFO:root:| Epoch: 035/150 | Train Time: 11.440s | Train Loss: 0.043335 |
INFO:root:| Epoch: 036/150 | Train Time: 11.433s | Train Loss: 0.016232 |
INFO:root:| Epoch: 037/150 | Train Time: 11.437s | Train Loss: 0.020580 |
INFO:root:| Epoch: 038/150 | Train Time: 11.439s | Train Loss: 0.085553 |
INFO:root:| Epoch: 039/150 | Train Time: 11.491s | Train Loss: 0.010544 |
INFO:root:| Epoch: 040/150 | Train Time: 11.578s | Train Loss: 0.022740 |
INFO:root:| Epoch: 041/150 | Train Time: 11.431s | Train Loss: 0.034051 |
INFO:root:| Epoch: 042/150 | Train Time: 11.422s | Train Loss: 0.042119 |
INFO:root:| Epoch: 043/150 | Train Time: 11.434s | Train Loss: 0.012514 |
INFO:root:| Epoch: 044/150 | Train Time: 11.425s | Train Loss: 0.066932 |
INFO:root:| Epoch: 045/150 | Train Time: 11.494s | Train Loss: 0.010437 |
INFO:root:| Epoch: 046/150 | Train Time: 11.542s | Train Loss: 0.008014 |
INFO:root:| Epoch: 047/150 | Train Time: 11.423s | Train Loss: 0.039599 |
INFO:root:| Epoch: 048/150 | Train Time: 11.417s | Train Loss: 0.048887 |
INFO:root:| Epoch: 049/150 | Train Time: 11.423s | Train Loss: 0.017107 |
INFO:root:| Epoch: 050/150 | Train Time: 11.427s | Train Loss: 0.002741 |
/home/xysong/.conda/envs/OoD/lib/python3.9/site-packages/torch/optim/lr_scheduler.py:418: UserWarning: To get the last learning rate computed by the scheduler, please use `get_last_lr()`.
  warnings.warn("To get the last learning rate computed by the scheduler, "
INFO:root:  LR scheduler: new learning rate is 1e-05
INFO:root:| Epoch: 051/150 | Train Time: 11.534s | Train Loss: 0.002262 |
INFO:root:| Epoch: 052/150 | Train Time: 11.537s | Train Loss: 0.002405 |
INFO:root:| Epoch: 053/150 | Train Time: 11.449s | Train Loss: 0.002222 |
INFO:root:| Epoch: 054/150 | Train Time: 11.415s | Train Loss: 0.002289 |
INFO:root:| Epoch: 055/150 | Train Time: 11.422s | Train Loss: 0.002315 |
INFO:root:| Epoch: 056/150 | Train Time: 11.422s | Train Loss: 0.002287 |
INFO:root:| Epoch: 057/150 | Train Time: 11.540s | Train Loss: 0.002642 |
INFO:root:| Epoch: 058/150 | Train Time: 11.518s | Train Loss: 0.002390 |
INFO:root:| Epoch: 059/150 | Train Time: 11.430s | Train Loss: 0.002424 |
INFO:root:| Epoch: 060/150 | Train Time: 11.431s | Train Loss: 0.002377 |
INFO:root:| Epoch: 061/150 | Train Time: 11.439s | Train Loss: 0.002522 |
INFO:root:| Epoch: 062/150 | Train Time: 11.444s | Train Loss: 0.002186 |
INFO:root:| Epoch: 063/150 | Train Time: 11.575s | Train Loss: 0.002423 |
INFO:root:| Epoch: 064/150 | Train Time: 11.493s | Train Loss: 0.001839 |
INFO:root:| Epoch: 065/150 | Train Time: 11.424s | Train Loss: 0.002135 |
INFO:root:| Epoch: 066/150 | Train Time: 11.426s | Train Loss: 0.001851 |
INFO:root:| Epoch: 067/150 | Train Time: 11.446s | Train Loss: 0.001682 |
INFO:root:| Epoch: 068/150 | Train Time: 11.440s | Train Loss: 0.001738 |
INFO:root:| Epoch: 069/150 | Train Time: 11.615s | Train Loss: 0.001694 |
INFO:root:| Epoch: 070/150 | Train Time: 11.474s | Train Loss: 0.001946 |
INFO:root:| Epoch: 071/150 | Train Time: 11.465s | Train Loss: 0.001617 |
INFO:root:| Epoch: 072/150 | Train Time: 11.422s | Train Loss: 0.001672 |
INFO:root:| Epoch: 073/150 | Train Time: 11.422s | Train Loss: 0.001910 |
INFO:root:| Epoch: 074/150 | Train Time: 11.454s | Train Loss: 0.001530 |
INFO:root:| Epoch: 075/150 | Train Time: 11.580s | Train Loss: 0.001632 |
INFO:root:| Epoch: 076/150 | Train Time: 11.441s | Train Loss: 0.001649 |
INFO:root:| Epoch: 077/150 | Train Time: 11.437s | Train Loss: 0.001458 |
INFO:root:| Epoch: 078/150 | Train Time: 11.434s | Train Loss: 0.001510 |
INFO:root:| Epoch: 079/150 | Train Time: 11.430s | Train Loss: 0.001592 |
INFO:root:| Epoch: 080/150 | Train Time: 11.451s | Train Loss: 0.001526 |
INFO:root:| Epoch: 081/150 | Train Time: 11.589s | Train Loss: 0.001400 |
INFO:root:| Epoch: 082/150 | Train Time: 11.439s | Train Loss: 0.001243 |
INFO:root:| Epoch: 083/150 | Train Time: 11.431s | Train Loss: 0.001552 |
INFO:root:| Epoch: 084/150 | Train Time: 11.440s | Train Loss: 0.001473 |
INFO:root:| Epoch: 085/150 | Train Time: 11.429s | Train Loss: 0.001221 |
INFO:root:| Epoch: 086/150 | Train Time: 11.449s | Train Loss: 0.001441 |
INFO:root:| Epoch: 087/150 | Train Time: 11.599s | Train Loss: 0.001300 |
INFO:root:| Epoch: 088/150 | Train Time: 11.426s | Train Loss: 0.001226 |
INFO:root:| Epoch: 089/150 | Train Time: 11.426s | Train Loss: 0.001284 |
INFO:root:| Epoch: 090/150 | Train Time: 11.434s | Train Loss: 0.001206 |
INFO:root:| Epoch: 091/150 | Train Time: 11.432s | Train Loss: 0.001272 |
INFO:root:| Epoch: 092/150 | Train Time: 11.439s | Train Loss: 0.001359 |
INFO:root:| Epoch: 093/150 | Train Time: 11.608s | Train Loss: 0.000985 |
INFO:root:| Epoch: 094/150 | Train Time: 11.429s | Train Loss: 0.001281 |
INFO:root:| Epoch: 095/150 | Train Time: 11.427s | Train Loss: 0.000988 |
INFO:root:| Epoch: 096/150 | Train Time: 11.439s | Train Loss: 0.001357 |
INFO:root:| Epoch: 097/150 | Train Time: 11.434s | Train Loss: 0.001175 |
INFO:root:| Epoch: 098/150 | Train Time: 11.489s | Train Loss: 0.000937 |
INFO:root:| Epoch: 099/150 | Train Time: 11.601s | Train Loss: 0.001150 |
INFO:root:| Epoch: 100/150 | Train Time: 11.450s | Train Loss: 0.001096 |
INFO:root:| Epoch: 101/150 | Train Time: 11.441s | Train Loss: 0.001152 |
INFO:root:| Epoch: 102/150 | Train Time: 11.433s | Train Loss: 0.000932 |
INFO:root:| Epoch: 103/150 | Train Time: 11.425s | Train Loss: 0.001145 |
INFO:root:| Epoch: 104/150 | Train Time: 11.518s | Train Loss: 0.000997 |
INFO:root:| Epoch: 105/150 | Train Time: 11.545s | Train Loss: 0.000834 |
INFO:root:| Epoch: 106/150 | Train Time: 11.437s | Train Loss: 0.000919 |
INFO:root:| Epoch: 107/150 | Train Time: 11.434s | Train Loss: 0.001256 |
INFO:root:| Epoch: 108/150 | Train Time: 11.442s | Train Loss: 0.000930 |
INFO:root:| Epoch: 109/150 | Train Time: 11.436s | Train Loss: 0.001078 |
INFO:root:| Epoch: 110/150 | Train Time: 11.538s | Train Loss: 0.000910 |
INFO:root:| Epoch: 111/150 | Train Time: 11.535s | Train Loss: 0.001133 |
INFO:root:| Epoch: 112/150 | Train Time: 11.429s | Train Loss: 0.000976 |
INFO:root:| Epoch: 113/150 | Train Time: 11.426s | Train Loss: 0.000941 |
INFO:root:| Epoch: 114/150 | Train Time: 11.435s | Train Loss: 0.000966 |
INFO:root:| Epoch: 115/150 | Train Time: 11.423s | Train Loss: 0.001031 |
INFO:root:| Epoch: 116/150 | Train Time: 11.557s | Train Loss: 0.000963 |
INFO:root:| Epoch: 117/150 | Train Time: 11.507s | Train Loss: 0.000650 |
INFO:root:| Epoch: 118/150 | Train Time: 11.442s | Train Loss: 0.000918 |
INFO:root:| Epoch: 119/150 | Train Time: 11.437s | Train Loss: 0.001035 |
INFO:root:| Epoch: 120/150 | Train Time: 11.431s | Train Loss: 0.000723 |
INFO:root:| Epoch: 121/150 | Train Time: 11.439s | Train Loss: 0.000957 |
INFO:root:| Epoch: 122/150 | Train Time: 11.594s | Train Loss: 0.000723 |
INFO:root:| Epoch: 123/150 | Train Time: 11.492s | Train Loss: 0.000647 |
INFO:root:| Epoch: 124/150 | Train Time: 11.438s | Train Loss: 0.000769 |
INFO:root:| Epoch: 125/150 | Train Time: 11.434s | Train Loss: 0.000837 |
INFO:root:| Epoch: 126/150 | Train Time: 11.436s | Train Loss: 0.000695 |
INFO:root:| Epoch: 127/150 | Train Time: 11.441s | Train Loss: 0.000754 |
INFO:root:| Epoch: 128/150 | Train Time: 11.579s | Train Loss: 0.000721 |
INFO:root:| Epoch: 129/150 | Train Time: 11.521s | Train Loss: 0.000799 |
INFO:root:| Epoch: 130/150 | Train Time: 11.455s | Train Loss: 0.000935 |
INFO:root:| Epoch: 131/150 | Train Time: 11.457s | Train Loss: 0.001485 |
INFO:root:| Epoch: 132/150 | Train Time: 11.454s | Train Loss: 0.000552 |
INFO:root:| Epoch: 133/150 | Train Time: 11.484s | Train Loss: 0.000643 |
INFO:root:| Epoch: 134/150 | Train Time: 11.617s | Train Loss: 0.000794 |
INFO:root:| Epoch: 135/150 | Train Time: 11.481s | Train Loss: 0.000726 |
INFO:root:| Epoch: 136/150 | Train Time: 11.487s | Train Loss: 0.000797 |
INFO:root:| Epoch: 137/150 | Train Time: 11.460s | Train Loss: 0.000613 |
INFO:root:| Epoch: 138/150 | Train Time: 11.429s | Train Loss: 0.000771 |
INFO:root:| Epoch: 139/150 | Train Time: 11.462s | Train Loss: 0.000907 |
INFO:root:| Epoch: 140/150 | Train Time: 11.607s | Train Loss: 0.000626 |
INFO:root:| Epoch: 141/150 | Train Time: 11.446s | Train Loss: 0.000610 |
INFO:root:| Epoch: 142/150 | Train Time: 11.448s | Train Loss: 0.000581 |
INFO:root:| Epoch: 143/150 | Train Time: 11.442s | Train Loss: 0.000629 |
INFO:root:| Epoch: 144/150 | Train Time: 11.445s | Train Loss: 0.001072 |
INFO:root:| Epoch: 145/150 | Train Time: 11.470s | Train Loss: 0.000528 |
INFO:root:| Epoch: 146/150 | Train Time: 11.623s | Train Loss: 0.000785 |
INFO:root:| Epoch: 147/150 | Train Time: 11.457s | Train Loss: 0.001156 |
INFO:root:| Epoch: 148/150 | Train Time: 11.456s | Train Loss: 0.000760 |
INFO:root:| Epoch: 149/150 | Train Time: 11.465s | Train Loss: 0.000597 |
INFO:root:| Epoch: 150/150 | Train Time: 11.467s | Train Loss: 0.000781 |
INFO:root:Training Time: 1720.201s
INFO:root:Finished training.
INFO:root:Starting testing...
INFO:root:Testing TPR95: 0.0618
INFO:root:Testing TPR99: 0.0132
INFO:root:Test Loss: 0.000315
INFO:root:Test AUC: 50.41%
INFO:root:Test Time: 3.900s
INFO:root:Finished testing.
Outlier classes: [8, 9]
Using downloaded and verified file: ../data/train_32x32.mat
Original training data size:  73257 (73257, 3, 32, 32)
Using number-pre-sampled sampler
Train set shape: (63553, 32, 32, 3)
Train set size: 64065
Train targets size: 64065
Train semi-targets size: 64065
Counter({1: 13861, 2: 10585, 3: 8497, 4: 7458, 5: 6882, 6: 5727, 7: 5595, 0: 4948, 8: 256, 9: 256})
Using downloaded and verified file: ../data/train_32x32.mat
Using downloaded and verified file: ../data/test_32x32.mat
InD Test Size: 22777, OoD Test Size: 3255, TPR95: 0.0618
InD Test Size: 22777, OoD Test Size: 3255, TPR99: 0.0132
