mkdir: cannot create directory ‘log/DeepSAD’: File exists
INFO:root:Log file is ../log/DeepSAD/svhn-Balanced-4096/log.txt
INFO:root:Data path is ../data
INFO:root:Export path is ../log/DeepSAD/svhn-Balanced-4096
INFO:root:Dataset: svhn
INFO:root:Normal class: [0, 1, 2, 3, 4, 5, 6, 7]
INFO:root:Ratio of labeled normal train samples: 0.00
INFO:root:Ratio of labeled anomalous samples: 0.01
INFO:root:Pollution ratio of unlabeled train data: 0.10
INFO:root:Known anomaly class: 1
INFO:root:Network: cifar10_LeNet
INFO:root:Eta-parameter: 1.00
INFO:root:Set seed to 999.
INFO:root:Computation device: cuda
INFO:root:Number of threads: 0
INFO:root:Number of dataloader workers: 0
INFO:root:Pretraining: True
INFO:root:Pretraining optimizer: adam
INFO:root:Pretraining learning rate: 0.001
INFO:root:Pretraining epochs: 100
INFO:root:Pretraining learning rate scheduler milestones: (0,)
INFO:root:Pretraining batch size: 128
INFO:root:Pretraining weight decay: 1e-06
INFO:root:Starting pretraining...
/home/xysong/.conda/envs/OoD/lib/python3.9/site-packages/torch/optim/lr_scheduler.py:131: UserWarning: Detected call of `lr_scheduler.step()` before `optimizer.step()`. In PyTorch 1.1.0 and later, you should call them in the opposite order: `optimizer.step()` before `lr_scheduler.step()`.  Failure to do this will result in PyTorch skipping the first value of the learning rate schedule. See more details at https://pytorch.org/docs/stable/optim.html#how-to-adjust-learning-rate
  warnings.warn("Detected call of `lr_scheduler.step()` before `optimizer.step()`. "
/home/xysong/.conda/envs/OoD/lib/python3.9/site-packages/torch/optim/lr_scheduler.py:418: UserWarning: To get the last learning rate computed by the scheduler, please use `get_last_lr()`.
  warnings.warn("To get the last learning rate computed by the scheduler, "
INFO:root:  LR scheduler: new learning rate is 0.0001
INFO:root:| Epoch: 001/100 | Train Time: 14.853s | Train Loss: 0.018549 |
INFO:root:| Epoch: 002/100 | Train Time: 14.574s | Train Loss: 0.013400 |
INFO:root:| Epoch: 003/100 | Train Time: 14.475s | Train Loss: 0.012246 |
INFO:root:| Epoch: 004/100 | Train Time: 14.513s | Train Loss: 0.011576 |
INFO:root:| Epoch: 005/100 | Train Time: 14.442s | Train Loss: 0.011145 |
INFO:root:| Epoch: 006/100 | Train Time: 14.546s | Train Loss: 0.010782 |
INFO:root:| Epoch: 007/100 | Train Time: 14.397s | Train Loss: 0.010515 |
INFO:root:| Epoch: 008/100 | Train Time: 14.522s | Train Loss: 0.010334 |
INFO:root:| Epoch: 009/100 | Train Time: 14.476s | Train Loss: 0.010139 |
INFO:root:| Epoch: 010/100 | Train Time: 14.414s | Train Loss: 0.009950 |
INFO:root:| Epoch: 011/100 | Train Time: 14.414s | Train Loss: 0.009854 |
INFO:root:| Epoch: 012/100 | Train Time: 14.618s | Train Loss: 0.009727 |
INFO:root:| Epoch: 013/100 | Train Time: 14.425s | Train Loss: 0.009622 |
INFO:root:| Epoch: 014/100 | Train Time: 14.431s | Train Loss: 0.009570 |
INFO:root:| Epoch: 015/100 | Train Time: 14.441s | Train Loss: 0.009488 |
INFO:root:| Epoch: 016/100 | Train Time: 14.513s | Train Loss: 0.009406 |
INFO:root:| Epoch: 017/100 | Train Time: 14.565s | Train Loss: 0.009340 |
INFO:root:| Epoch: 018/100 | Train Time: 14.438s | Train Loss: 0.009291 |
INFO:root:| Epoch: 019/100 | Train Time: 14.417s | Train Loss: 0.009189 |
INFO:root:| Epoch: 020/100 | Train Time: 14.435s | Train Loss: 0.009177 |
INFO:root:| Epoch: 021/100 | Train Time: 14.565s | Train Loss: 0.009089 |
INFO:root:| Epoch: 022/100 | Train Time: 14.495s | Train Loss: 0.009078 |
INFO:root:| Epoch: 023/100 | Train Time: 14.433s | Train Loss: 0.009036 |
INFO:root:| Epoch: 024/100 | Train Time: 14.443s | Train Loss: 0.008992 |
INFO:root:| Epoch: 025/100 | Train Time: 14.443s | Train Loss: 0.008959 |
INFO:root:| Epoch: 026/100 | Train Time: 14.627s | Train Loss: 0.008962 |
INFO:root:| Epoch: 027/100 | Train Time: 14.444s | Train Loss: 0.008940 |
INFO:root:| Epoch: 028/100 | Train Time: 14.433s | Train Loss: 0.008907 |
INFO:root:| Epoch: 029/100 | Train Time: 14.451s | Train Loss: 0.008880 |
INFO:root:| Epoch: 030/100 | Train Time: 14.508s | Train Loss: 0.008831 |
INFO:root:| Epoch: 031/100 | Train Time: 14.590s | Train Loss: 0.008821 |
INFO:root:| Epoch: 032/100 | Train Time: 14.464s | Train Loss: 0.008810 |
INFO:root:| Epoch: 033/100 | Train Time: 14.465s | Train Loss: 0.008787 |
INFO:root:| Epoch: 034/100 | Train Time: 14.461s | Train Loss: 0.008783 |
INFO:root:| Epoch: 035/100 | Train Time: 14.582s | Train Loss: 0.008735 |
INFO:root:| Epoch: 036/100 | Train Time: 14.498s | Train Loss: 0.008737 |
INFO:root:| Epoch: 037/100 | Train Time: 14.450s | Train Loss: 0.008708 |
INFO:root:| Epoch: 038/100 | Train Time: 14.445s | Train Loss: 0.008695 |
INFO:root:| Epoch: 039/100 | Train Time: 14.451s | Train Loss: 0.008671 |
INFO:root:| Epoch: 040/100 | Train Time: 14.608s | Train Loss: 0.008666 |
INFO:root:| Epoch: 041/100 | Train Time: 14.462s | Train Loss: 0.008634 |
INFO:root:| Epoch: 042/100 | Train Time: 14.471s | Train Loss: 0.008614 |
INFO:root:| Epoch: 043/100 | Train Time: 14.473s | Train Loss: 0.008625 |
INFO:root:| Epoch: 044/100 | Train Time: 14.521s | Train Loss: 0.008611 |
INFO:root:| Epoch: 045/100 | Train Time: 14.604s | Train Loss: 0.008578 |
INFO:root:| Epoch: 046/100 | Train Time: 14.467s | Train Loss: 0.008571 |
INFO:root:| Epoch: 047/100 | Train Time: 14.473s | Train Loss: 0.008576 |
INFO:root:| Epoch: 048/100 | Train Time: 14.469s | Train Loss: 0.008535 |
INFO:root:| Epoch: 049/100 | Train Time: 14.592s | Train Loss: 0.008531 |
INFO:root:| Epoch: 050/100 | Train Time: 14.504s | Train Loss: 0.008519 |
INFO:root:| Epoch: 051/100 | Train Time: 14.475s | Train Loss: 0.008522 |
INFO:root:| Epoch: 052/100 | Train Time: 14.470s | Train Loss: 0.008498 |
INFO:root:| Epoch: 053/100 | Train Time: 14.481s | Train Loss: 0.008495 |
INFO:root:| Epoch: 054/100 | Train Time: 14.652s | Train Loss: 0.008496 |
INFO:root:| Epoch: 055/100 | Train Time: 14.467s | Train Loss: 0.008488 |
INFO:root:| Epoch: 056/100 | Train Time: 14.448s | Train Loss: 0.008476 |
INFO:root:| Epoch: 057/100 | Train Time: 14.455s | Train Loss: 0.008460 |
INFO:root:| Epoch: 058/100 | Train Time: 14.539s | Train Loss: 0.008449 |
INFO:root:| Epoch: 059/100 | Train Time: 14.587s | Train Loss: 0.008460 |
INFO:root:| Epoch: 060/100 | Train Time: 14.453s | Train Loss: 0.008431 |
INFO:root:| Epoch: 061/100 | Train Time: 14.454s | Train Loss: 0.008453 |
INFO:root:| Epoch: 062/100 | Train Time: 14.458s | Train Loss: 0.008429 |
INFO:root:| Epoch: 063/100 | Train Time: 14.590s | Train Loss: 0.008434 |
INFO:root:| Epoch: 064/100 | Train Time: 14.513s | Train Loss: 0.008409 |
INFO:root:| Epoch: 065/100 | Train Time: 14.449s | Train Loss: 0.008410 |
INFO:root:| Epoch: 066/100 | Train Time: 14.474s | Train Loss: 0.008400 |
INFO:root:| Epoch: 067/100 | Train Time: 14.494s | Train Loss: 0.008401 |
INFO:root:| Epoch: 068/100 | Train Time: 14.660s | Train Loss: 0.008393 |
INFO:root:| Epoch: 069/100 | Train Time: 14.478s | Train Loss: 0.008376 |
INFO:root:| Epoch: 070/100 | Train Time: 14.471s | Train Loss: 0.008381 |
INFO:root:| Epoch: 071/100 | Train Time: 14.461s | Train Loss: 0.008391 |
INFO:root:| Epoch: 072/100 | Train Time: 14.520s | Train Loss: 0.008371 |
INFO:root:| Epoch: 073/100 | Train Time: 14.571s | Train Loss: 0.008372 |
INFO:root:| Epoch: 074/100 | Train Time: 14.452s | Train Loss: 0.008358 |
INFO:root:| Epoch: 075/100 | Train Time: 14.461s | Train Loss: 0.008355 |
INFO:root:| Epoch: 076/100 | Train Time: 14.462s | Train Loss: 0.008349 |
INFO:root:| Epoch: 077/100 | Train Time: 14.600s | Train Loss: 0.008358 |
INFO:root:| Epoch: 078/100 | Train Time: 14.499s | Train Loss: 0.008358 |
INFO:root:| Epoch: 079/100 | Train Time: 14.460s | Train Loss: 0.008343 |
INFO:root:| Epoch: 080/100 | Train Time: 14.456s | Train Loss: 0.008345 |
INFO:root:| Epoch: 081/100 | Train Time: 14.476s | Train Loss: 0.008335 |
INFO:root:| Epoch: 082/100 | Train Time: 14.659s | Train Loss: 0.008326 |
INFO:root:| Epoch: 083/100 | Train Time: 14.485s | Train Loss: 0.008333 |
INFO:root:| Epoch: 084/100 | Train Time: 14.480s | Train Loss: 0.008331 |
INFO:root:| Epoch: 085/100 | Train Time: 14.453s | Train Loss: 0.008316 |
INFO:root:| Epoch: 086/100 | Train Time: 14.545s | Train Loss: 0.008312 |
INFO:root:| Epoch: 087/100 | Train Time: 14.588s | Train Loss: 0.008313 |
INFO:root:| Epoch: 088/100 | Train Time: 14.466s | Train Loss: 0.008307 |
INFO:root:| Epoch: 089/100 | Train Time: 14.472s | Train Loss: 0.008310 |
INFO:root:| Epoch: 090/100 | Train Time: 14.464s | Train Loss: 0.008304 |
INFO:root:| Epoch: 091/100 | Train Time: 14.608s | Train Loss: 0.008301 |
INFO:root:| Epoch: 092/100 | Train Time: 14.495s | Train Loss: 0.008295 |
INFO:root:| Epoch: 093/100 | Train Time: 14.458s | Train Loss: 0.008278 |
INFO:root:| Epoch: 094/100 | Train Time: 14.452s | Train Loss: 0.008288 |
INFO:root:| Epoch: 095/100 | Train Time: 14.474s | Train Loss: 0.008303 |
INFO:root:| Epoch: 096/100 | Train Time: 14.632s | Train Loss: 0.008294 |
INFO:root:| Epoch: 097/100 | Train Time: 14.471s | Train Loss: 0.008261 |
INFO:root:| Epoch: 098/100 | Train Time: 14.462s | Train Loss: 0.008264 |
INFO:root:| Epoch: 099/100 | Train Time: 14.500s | Train Loss: 0.008260 |
INFO:root:| Epoch: 100/100 | Train Time: 14.592s | Train Loss: 0.008260 |
INFO:root:Pretraining Time: 1450.076s
INFO:root:Finished pretraining.
INFO:root:Testing autoencoder...
INFO:root:Test Loss: 0.001135
INFO:root:Test AUC: 53.74%
INFO:root:Test Time: 3.886s
INFO:root:Finished testing autoencoder.
INFO:root:Training optimizer: adam
INFO:root:Training learning rate: 0.0001
INFO:root:Training epochs: 150
INFO:root:Training learning rate scheduler milestones: (50,)
INFO:root:Training batch size: 128
INFO:root:Training weight decay: 5e-07
INFO:root:Initializing center c...
INFO:root:Center c initialized.
INFO:root:Starting training...
/home/xysong/.conda/envs/OoD/lib/python3.9/site-packages/torch/optim/lr_scheduler.py:131: UserWarning: Detected call of `lr_scheduler.step()` before `optimizer.step()`. In PyTorch 1.1.0 and later, you should call them in the opposite order: `optimizer.step()` before `lr_scheduler.step()`.  Failure to do this will result in PyTorch skipping the first value of the learning rate schedule. See more details at https://pytorch.org/docs/stable/optim.html#how-to-adjust-learning-rate
  warnings.warn("Detected call of `lr_scheduler.step()` before `optimizer.step()`. "
INFO:root:| Epoch: 001/150 | Train Time: 11.486s | Train Loss: 0.301268 |
INFO:root:| Epoch: 002/150 | Train Time: 11.490s | Train Loss: 0.021673 |
INFO:root:| Epoch: 003/150 | Train Time: 11.495s | Train Loss: 0.013813 |
INFO:root:| Epoch: 004/150 | Train Time: 11.513s | Train Loss: 0.009713 |
INFO:root:| Epoch: 005/150 | Train Time: 11.648s | Train Loss: 0.009001 |
INFO:root:| Epoch: 006/150 | Train Time: 11.519s | Train Loss: 0.009013 |
INFO:root:| Epoch: 007/150 | Train Time: 11.463s | Train Loss: 0.007030 |
INFO:root:| Epoch: 008/150 | Train Time: 11.461s | Train Loss: 0.005447 |
INFO:root:| Epoch: 009/150 | Train Time: 11.460s | Train Loss: 0.005493 |
INFO:root:| Epoch: 010/150 | Train Time: 11.499s | Train Loss: 0.004791 |
INFO:root:| Epoch: 011/150 | Train Time: 11.648s | Train Loss: 0.004983 |
INFO:root:| Epoch: 012/150 | Train Time: 11.499s | Train Loss: 0.003955 |
INFO:root:| Epoch: 013/150 | Train Time: 11.484s | Train Loss: 0.004830 |
INFO:root:| Epoch: 014/150 | Train Time: 11.464s | Train Loss: 0.006050 |
INFO:root:| Epoch: 015/150 | Train Time: 11.472s | Train Loss: 0.005641 |
INFO:root:| Epoch: 016/150 | Train Time: 11.479s | Train Loss: 0.005509 |
INFO:root:| Epoch: 017/150 | Train Time: 11.636s | Train Loss: 0.005868 |
INFO:root:| Epoch: 018/150 | Train Time: 11.467s | Train Loss: 0.004929 |
INFO:root:| Epoch: 019/150 | Train Time: 11.448s | Train Loss: 0.003291 |
INFO:root:| Epoch: 020/150 | Train Time: 11.436s | Train Loss: 0.008128 |
INFO:root:| Epoch: 021/150 | Train Time: 11.436s | Train Loss: 0.002976 |
INFO:root:| Epoch: 022/150 | Train Time: 11.459s | Train Loss: 0.003590 |
INFO:root:| Epoch: 023/150 | Train Time: 11.631s | Train Loss: 0.002764 |
INFO:root:| Epoch: 024/150 | Train Time: 11.436s | Train Loss: 0.003444 |
INFO:root:| Epoch: 025/150 | Train Time: 11.426s | Train Loss: 0.002773 |
INFO:root:| Epoch: 026/150 | Train Time: 11.448s | Train Loss: 0.004111 |
INFO:root:| Epoch: 027/150 | Train Time: 11.433s | Train Loss: 0.002332 |
INFO:root:| Epoch: 028/150 | Train Time: 11.501s | Train Loss: 0.002378 |
INFO:root:| Epoch: 029/150 | Train Time: 11.607s | Train Loss: 0.002018 |
INFO:root:| Epoch: 030/150 | Train Time: 11.455s | Train Loss: 0.001870 |
INFO:root:| Epoch: 031/150 | Train Time: 11.458s | Train Loss: 0.001635 |
INFO:root:| Epoch: 032/150 | Train Time: 11.452s | Train Loss: 0.001499 |
INFO:root:| Epoch: 033/150 | Train Time: 11.461s | Train Loss: 0.001283 |
INFO:root:| Epoch: 034/150 | Train Time: 11.550s | Train Loss: 0.001322 |
INFO:root:| Epoch: 035/150 | Train Time: 11.585s | Train Loss: 0.001765 |
INFO:root:| Epoch: 036/150 | Train Time: 11.481s | Train Loss: 0.001109 |
INFO:root:| Epoch: 037/150 | Train Time: 11.477s | Train Loss: 0.001076 |
INFO:root:| Epoch: 038/150 | Train Time: 11.476s | Train Loss: 0.001013 |
INFO:root:| Epoch: 039/150 | Train Time: 11.476s | Train Loss: 0.001114 |
INFO:root:| Epoch: 040/150 | Train Time: 11.599s | Train Loss: 0.000855 |
INFO:root:| Epoch: 041/150 | Train Time: 11.556s | Train Loss: 0.000797 |
INFO:root:| Epoch: 042/150 | Train Time: 11.488s | Train Loss: 0.001272 |
INFO:root:| Epoch: 043/150 | Train Time: 11.456s | Train Loss: 0.000728 |
INFO:root:| Epoch: 044/150 | Train Time: 11.474s | Train Loss: 0.000669 |
INFO:root:| Epoch: 045/150 | Train Time: 11.467s | Train Loss: 0.000674 |
INFO:root:| Epoch: 046/150 | Train Time: 11.615s | Train Loss: 0.000460 |
INFO:root:| Epoch: 047/150 | Train Time: 11.516s | Train Loss: 0.000806 |
INFO:root:| Epoch: 048/150 | Train Time: 11.469s | Train Loss: 0.000556 |
INFO:root:| Epoch: 049/150 | Train Time: 11.473s | Train Loss: 0.000453 |
INFO:root:| Epoch: 050/150 | Train Time: 11.473s | Train Loss: 0.000265 |
/home/xysong/.conda/envs/OoD/lib/python3.9/site-packages/torch/optim/lr_scheduler.py:418: UserWarning: To get the last learning rate computed by the scheduler, please use `get_last_lr()`.
  warnings.warn("To get the last learning rate computed by the scheduler, "
INFO:root:  LR scheduler: new learning rate is 1e-05
INFO:root:| Epoch: 051/150 | Train Time: 11.481s | Train Loss: 0.000203 |
INFO:root:| Epoch: 052/150 | Train Time: 11.637s | Train Loss: 0.000212 |
INFO:root:| Epoch: 053/150 | Train Time: 11.489s | Train Loss: 0.000198 |
INFO:root:| Epoch: 054/150 | Train Time: 11.458s | Train Loss: 0.000182 |
INFO:root:| Epoch: 055/150 | Train Time: 11.462s | Train Loss: 0.000211 |
INFO:root:| Epoch: 056/150 | Train Time: 11.455s | Train Loss: 0.000187 |
INFO:root:| Epoch: 057/150 | Train Time: 11.468s | Train Loss: 0.000248 |
INFO:root:| Epoch: 058/150 | Train Time: 11.651s | Train Loss: 0.000164 |
INFO:root:| Epoch: 059/150 | Train Time: 11.493s | Train Loss: 0.000160 |
INFO:root:| Epoch: 060/150 | Train Time: 11.484s | Train Loss: 0.000174 |
INFO:root:| Epoch: 061/150 | Train Time: 11.454s | Train Loss: 0.000166 |
INFO:root:| Epoch: 062/150 | Train Time: 11.489s | Train Loss: 0.000169 |
INFO:root:| Epoch: 063/150 | Train Time: 11.494s | Train Loss: 0.000237 |
INFO:root:| Epoch: 064/150 | Train Time: 11.670s | Train Loss: 0.000165 |
INFO:root:| Epoch: 065/150 | Train Time: 11.485s | Train Loss: 0.000152 |
INFO:root:| Epoch: 066/150 | Train Time: 11.456s | Train Loss: 0.000180 |
INFO:root:| Epoch: 067/150 | Train Time: 11.460s | Train Loss: 0.000148 |
INFO:root:| Epoch: 068/150 | Train Time: 11.469s | Train Loss: 0.000158 |
INFO:root:| Epoch: 069/150 | Train Time: 11.522s | Train Loss: 0.000139 |
INFO:root:| Epoch: 070/150 | Train Time: 11.617s | Train Loss: 0.000135 |
INFO:root:| Epoch: 071/150 | Train Time: 11.472s | Train Loss: 0.000134 |
INFO:root:| Epoch: 072/150 | Train Time: 11.477s | Train Loss: 0.000130 |
INFO:root:| Epoch: 073/150 | Train Time: 11.493s | Train Loss: 0.000135 |
INFO:root:| Epoch: 074/150 | Train Time: 11.470s | Train Loss: 0.000126 |
INFO:root:| Epoch: 075/150 | Train Time: 11.573s | Train Loss: 0.000128 |
INFO:root:| Epoch: 076/150 | Train Time: 11.598s | Train Loss: 0.000138 |
INFO:root:| Epoch: 077/150 | Train Time: 11.473s | Train Loss: 0.000143 |
INFO:root:| Epoch: 078/150 | Train Time: 11.499s | Train Loss: 0.000115 |
INFO:root:| Epoch: 079/150 | Train Time: 11.489s | Train Loss: 0.000131 |
INFO:root:| Epoch: 080/150 | Train Time: 11.472s | Train Loss: 0.000127 |
INFO:root:| Epoch: 081/150 | Train Time: 11.635s | Train Loss: 0.000108 |
INFO:root:| Epoch: 082/150 | Train Time: 11.564s | Train Loss: 0.000106 |
INFO:root:| Epoch: 083/150 | Train Time: 11.486s | Train Loss: 0.000116 |
INFO:root:| Epoch: 084/150 | Train Time: 11.477s | Train Loss: 0.000121 |
INFO:root:| Epoch: 085/150 | Train Time: 11.465s | Train Loss: 0.000104 |
INFO:root:| Epoch: 086/150 | Train Time: 11.477s | Train Loss: 0.000100 |
INFO:root:| Epoch: 087/150 | Train Time: 11.640s | Train Loss: 0.000104 |
INFO:root:| Epoch: 088/150 | Train Time: 11.537s | Train Loss: 0.000115 |
INFO:root:| Epoch: 089/150 | Train Time: 11.473s | Train Loss: 0.000103 |
INFO:root:| Epoch: 090/150 | Train Time: 11.470s | Train Loss: 0.000100 |
INFO:root:| Epoch: 091/150 | Train Time: 11.482s | Train Loss: 0.000140 |
INFO:root:| Epoch: 092/150 | Train Time: 11.500s | Train Loss: 0.000099 |
INFO:root:| Epoch: 093/150 | Train Time: 11.650s | Train Loss: 0.000106 |
INFO:root:| Epoch: 094/150 | Train Time: 11.499s | Train Loss: 0.000100 |
INFO:root:| Epoch: 095/150 | Train Time: 11.491s | Train Loss: 0.000197 |
INFO:root:| Epoch: 096/150 | Train Time: 11.494s | Train Loss: 0.000106 |
INFO:root:| Epoch: 097/150 | Train Time: 11.495s | Train Loss: 0.000096 |
INFO:root:| Epoch: 098/150 | Train Time: 11.506s | Train Loss: 0.000082 |
INFO:root:| Epoch: 099/150 | Train Time: 11.671s | Train Loss: 0.000101 |
INFO:root:| Epoch: 100/150 | Train Time: 11.490s | Train Loss: 0.000092 |
INFO:root:| Epoch: 101/150 | Train Time: 11.489s | Train Loss: 0.000087 |
INFO:root:| Epoch: 102/150 | Train Time: 11.511s | Train Loss: 0.000155 |
INFO:root:| Epoch: 103/150 | Train Time: 11.478s | Train Loss: 0.000096 |
INFO:root:| Epoch: 104/150 | Train Time: 11.519s | Train Loss: 0.000093 |
INFO:root:| Epoch: 105/150 | Train Time: 11.667s | Train Loss: 0.000086 |
INFO:root:| Epoch: 106/150 | Train Time: 11.470s | Train Loss: 0.000094 |
INFO:root:| Epoch: 107/150 | Train Time: 11.468s | Train Loss: 0.000096 |
INFO:root:| Epoch: 108/150 | Train Time: 11.469s | Train Loss: 0.000086 |
INFO:root:| Epoch: 109/150 | Train Time: 11.464s | Train Loss: 0.000078 |
INFO:root:| Epoch: 110/150 | Train Time: 11.541s | Train Loss: 0.000082 |
INFO:root:| Epoch: 111/150 | Train Time: 11.620s | Train Loss: 0.000081 |
INFO:root:| Epoch: 112/150 | Train Time: 11.486s | Train Loss: 0.000083 |
INFO:root:| Epoch: 113/150 | Train Time: 11.487s | Train Loss: 0.000081 |
INFO:root:| Epoch: 114/150 | Train Time: 11.514s | Train Loss: 0.000082 |
INFO:root:| Epoch: 115/150 | Train Time: 11.485s | Train Loss: 0.000074 |
INFO:root:| Epoch: 116/150 | Train Time: 11.605s | Train Loss: 0.000076 |
INFO:root:| Epoch: 117/150 | Train Time: 11.585s | Train Loss: 0.000073 |
INFO:root:| Epoch: 118/150 | Train Time: 11.487s | Train Loss: 0.000084 |
INFO:root:| Epoch: 119/150 | Train Time: 11.483s | Train Loss: 0.000080 |
INFO:root:| Epoch: 120/150 | Train Time: 11.493s | Train Loss: 0.000073 |
INFO:root:| Epoch: 121/150 | Train Time: 11.481s | Train Loss: 0.000082 |
INFO:root:| Epoch: 122/150 | Train Time: 11.631s | Train Loss: 0.000070 |
INFO:root:| Epoch: 123/150 | Train Time: 11.564s | Train Loss: 0.000068 |
INFO:root:| Epoch: 124/150 | Train Time: 11.512s | Train Loss: 0.000071 |
INFO:root:| Epoch: 125/150 | Train Time: 11.501s | Train Loss: 0.000093 |
INFO:root:| Epoch: 126/150 | Train Time: 11.482s | Train Loss: 0.000073 |
INFO:root:| Epoch: 127/150 | Train Time: 11.485s | Train Loss: 0.000076 |
INFO:root:| Epoch: 128/150 | Train Time: 11.675s | Train Loss: 0.000078 |
INFO:root:| Epoch: 129/150 | Train Time: 11.529s | Train Loss: 0.000078 |
INFO:root:| Epoch: 130/150 | Train Time: 11.500s | Train Loss: 0.000136 |
INFO:root:| Epoch: 131/150 | Train Time: 11.497s | Train Loss: 0.000070 |
INFO:root:| Epoch: 132/150 | Train Time: 11.490s | Train Loss: 0.000071 |
INFO:root:| Epoch: 133/150 | Train Time: 11.526s | Train Loss: 0.000069 |
INFO:root:| Epoch: 134/150 | Train Time: 11.667s | Train Loss: 0.000061 |
INFO:root:| Epoch: 135/150 | Train Time: 11.520s | Train Loss: 0.000065 |
INFO:root:| Epoch: 136/150 | Train Time: 11.488s | Train Loss: 0.000066 |
INFO:root:| Epoch: 137/150 | Train Time: 11.501s | Train Loss: 0.000067 |
INFO:root:| Epoch: 138/150 | Train Time: 11.499s | Train Loss: 0.000062 |
INFO:root:| Epoch: 139/150 | Train Time: 11.537s | Train Loss: 0.000069 |
INFO:root:| Epoch: 140/150 | Train Time: 11.676s | Train Loss: 0.000079 |
INFO:root:| Epoch: 141/150 | Train Time: 11.499s | Train Loss: 0.000075 |
INFO:root:| Epoch: 142/150 | Train Time: 11.498s | Train Loss: 0.000069 |
INFO:root:| Epoch: 143/150 | Train Time: 11.492s | Train Loss: 0.000064 |
INFO:root:| Epoch: 144/150 | Train Time: 11.475s | Train Loss: 0.000065 |
INFO:root:| Epoch: 145/150 | Train Time: 11.509s | Train Loss: 0.000759 |
INFO:root:| Epoch: 146/150 | Train Time: 11.645s | Train Loss: 0.000185 |
INFO:root:| Epoch: 147/150 | Train Time: 11.472s | Train Loss: 0.000062 |
INFO:root:| Epoch: 148/150 | Train Time: 11.492s | Train Loss: 0.000063 |
INFO:root:| Epoch: 149/150 | Train Time: 11.486s | Train Loss: 0.000070 |
INFO:root:| Epoch: 150/150 | Train Time: 11.479s | Train Loss: 0.000061 |
INFO:root:Training Time: 1726.788s
INFO:root:Finished training.
INFO:root:Starting testing...
INFO:root:Testing TPR95: 0.0467
INFO:root:Testing TPR99: 0.0068
INFO:root:Test Loss: 0.000019
INFO:root:Test AUC: 52.02%
INFO:root:Test Time: 3.410s
INFO:root:Finished testing.
Outlier classes: [8, 9]
Using downloaded and verified file: ../data/train_32x32.mat
Original training data size:  73257 (73257, 3, 32, 32)
Using number-pre-sampled sampler
Train set shape: (63553, 32, 32, 3)
Train set size: 71745
Train targets size: 71745
Train semi-targets size: 71745
Counter({1: 13861, 2: 10585, 3: 8497, 4: 7458, 5: 6882, 6: 5727, 7: 5595, 0: 4948, 8: 4096, 9: 4096})
Using downloaded and verified file: ../data/train_32x32.mat
Using downloaded and verified file: ../data/test_32x32.mat
InD Test Size: 22777, OoD Test Size: 3255, TPR95: 0.0467
InD Test Size: 22777, OoD Test Size: 3255, TPR99: 0.0068
